[2023-01-31 01:01:30,910] [util.py:209]               [INFO]     |====================================================================================================|
[2023-01-31 01:01:30,911] [util.py:216]               [INFO]     |                           Pirates of the Caribbean Collection in Movies                            |
[2023-01-31 01:01:30,911] [util.py:220]               [INFO]     |====================================================================================================|
[2023-01-31 01:01:30,912] [plex_meta_manager.py:750]  [INFO]     |                                                                                                    |
[2023-01-31 01:01:30,912] [util.py:216]               [INFO]     |========================== Validating Pirates of the Caribbean Attributes ==========================|
[2023-01-31 01:01:30,912] [builder.py:265]            [DEBUG]    |                                                                                                    |
[2023-01-31 01:01:30,913] [builder.py:266]            [DEBUG]    | Validating Method: template                                                                        |
[2023-01-31 01:01:30,913] [meta.py:83]                [DEBUG]    | Value: ordereddict([('name', 'Movie'), ('collection', 295), ('summary', 295), ('poster', 'https://theposterdb.com/api/assets/24255')]) |
[2023-01-31 01:01:30,913] [builder.py:330]            [DEBUG]    |                                                                                                    |
[2023-01-31 01:01:30,913] [builder.py:331]            [DEBUG]    | Validating Method: sync_mode                                                                       |
[2023-01-31 01:01:30,914] [builder.py:335]            [DEBUG]    | Value: sync                                                                                        |
[2023-01-31 01:01:30,914] [builder.py:453]            [DEBUG]    |                                                                                                    |
[2023-01-31 01:01:30,914] [builder.py:454]            [DEBUG]    | Validating Method: collection_order                                                                |
[2023-01-31 01:01:30,915] [builder.py:455]            [DEBUG]    | Value: release                                                                                     |
[2023-01-31 01:01:30,915] [builder.py:472]            [DEBUG]    |                                                                                                    |
[2023-01-31 01:01:30,915] [builder.py:473]            [DEBUG]    | Validating Method: url_poster                                                                      |
[2023-01-31 01:01:30,915] [builder.py:474]            [DEBUG]    | Value: https://theposterdb.com/api/assets/24255                                                    |
[2023-01-31 01:01:30,915] [builder.py:472]            [DEBUG]    |                                                                                                    |
[2023-01-31 01:01:30,916] [builder.py:473]            [DEBUG]    | Validating Method: tmdb_collection                                                                 |
[2023-01-31 01:01:30,916] [builder.py:474]            [DEBUG]    | Value: 295                                                                                         |
[2023-01-31 01:01:31,057] [builder.py:472]            [DEBUG]    |                                                                                                    |
[2023-01-31 01:01:31,058] [builder.py:473]            [DEBUG]    | Validating Method: tmdb_summary                                                                    |
[2023-01-31 01:01:31,058] [builder.py:474]            [DEBUG]    | Value: 295                                                                                         |
[2023-01-31 01:01:31,058] [builder.py:472]            [DEBUG]    |                                                                                                    |
[2023-01-31 01:01:31,058] [builder.py:473]            [DEBUG]    | Validating Method: sort_title                                                                      |
[2023-01-31 01:01:31,059] [builder.py:474]            [DEBUG]    | Value: 00000f_Pirates of the Caribbean                                                             |
[2023-01-31 01:01:31,059] [builder.py:472]            [DEBUG]    |                                                                                                    |
[2023-01-31 01:01:31,059] [builder.py:473]            [DEBUG]    | Validating Method: radarr_add_missing                                                              |
[2023-01-31 01:01:31,059] [builder.py:474]            [DEBUG]    | Value: True                                                                                        |
[2023-01-31 01:01:31,250] [builder.py:619]            [INFO]     |                                                                                                    |
[2023-01-31 01:01:31,251] [builder.py:620]            [INFO]     | Validation Successful                                                                              |
[2023-01-31 01:01:31,252] [plex_meta_manager.py:758]  [INFO]     |                                                                                                    |
[2023-01-31 01:01:31,252] [util.py:216]               [INFO]     |=========================== Running Pirates of the Caribbean Collection ============================|
[2023-01-31 01:01:31,252] [plex_meta_manager.py:773]  [INFO]     |                                                                                                    |
[2023-01-31 01:01:31,253] [plex_meta_manager.py:774]  [INFO]     | Sync Mode: sync                                                                                    |
[2023-01-31 01:01:31,253] [builder.py:1275]           [DEBUG]    |                                                                                                    |
[2023-01-31 01:01:31,253] [builder.py:1276]           [DEBUG]    | Builder: tmdb_collection: 295                                                                      |
[2023-01-31 01:01:31,253] [builder.py:1277]           [INFO]     |                                                                                                    |
[2023-01-31 01:01:31,254] [tmdb.py:323]               [INFO]     | Processing TMDb Collection: (295) Pirates of the Caribbean Collection (5 Items)                    |
[2023-01-31 01:01:31,254] [builder.py:1282]           [DEBUG]    |                                                                                                    |
[2023-01-31 01:01:31,254] [builder.py:1283]           [DEBUG]    | 5 IDs Found: [(22, 'tmdb'), (58, 'tmdb'), (285, 'tmdb'), (1865, 'tmdb'), (166426, 'tmdb')]         |
[2023-01-31 01:01:31,255] [builder.py:1284]           [DEBUG]    |                                                                                                    |
[2023-01-31 01:01:31,403] [builder.py:1697]           [INFO]     |                                                                                                    |
[2023-01-31 01:01:31,404] [util.py:216]               [INFO]     |========================== Adding to Pirates of the Caribbean Collection ===========================|
[2023-01-31 01:01:31,404] [builder.py:1699]           [INFO]     |                                                                                                    |
[2023-01-31 01:01:31,404] [builder.py:1709]           [INFO]     | 1/5 | Pirates of the Caribbean Collection | = | Pirates of the Caribbean: The Curse of the Black Pearl (2003) |
[2023-01-31 01:01:31,405] [builder.py:1709]           [INFO]     | 2/5 | Pirates of the Caribbean Collection | = | Pirates of the Caribbean: Dead Man's Chest (2006)  |
[2023-01-31 01:01:31,405] [builder.py:1709]           [INFO]     | 3/5 | Pirates of the Caribbean Collection | = | Pirates of the Caribbean: At World's End (2007)    |
[2023-01-31 01:01:31,405] [builder.py:1709]           [INFO]     | 4/5 | Pirates of the Caribbean Collection | = | Pirates of the Caribbean: On Stranger Tides (2011) |
[2023-01-31 01:01:31,406] [builder.py:1709]           [INFO]     | 5/5 | Pirates of the Caribbean Collection | = | Pirates of the Caribbean: Dead Men Tell No Tales (2017) |
[2023-01-31 01:01:31,407] [builder.py:1734]           [INFO]     |                                                                                                    |
[2023-01-31 01:01:31,407] [builder.py:1735]           [INFO]     | 5 Movies Processed                                                                                 |
[2023-01-31 01:01:31,411] [builder.py:2147]           [INFO]     |                                                                                                    |
[2023-01-31 01:01:31,411] [util.py:216]               [INFO]     |===================== Updating Details of Pirates of the Caribbean Collection ======================|
[2023-01-31 01:01:31,412] [builder.py:2149]           [INFO]     |                                                                                                    |
[2023-01-31 01:01:31,412] [builder.py:2156]           [INFO]     | Detail: tmdb_summary updated Collection Summary                                                    |
[2023-01-31 01:01:31,413] [builder.py:2258]           [DEBUG]    | 1 posters found:                                                                                   |
[2023-01-31 01:01:31,413] [builder.py:2260]           [DEBUG]    | Method: url_poster Poster: https://theposterdb.com/api/assets/24255                                |
[2023-01-31 01:01:31,413] [builder.py:2327]           [INFO]     | No background collection detail or asset folder found                                              |
[2023-01-31 01:01:31,414] [library.py:147]            [INFO]     | Detail: poster update not needed                                                                   |
[2023-01-31 01:01:31,605] [plex_meta_manager.py:880]  [INFO]     |                                                                                                    |
[2023-01-31 01:01:31,606] [util.py:209]               [INFO]     |====================================================================================================|
[2023-01-31 01:01:31,607] [util.py:216]               [INFO]     |                            Finished Pirates of the Caribbean Collection                            |
[2023-01-31 01:01:31,607] [util.py:216]               [INFO]     |                                    Collection Run Time: 0:00:00                                    |
[2023-01-31 01:01:31,607] [util.py:220]               [INFO]     |====================================================================================================|
