[2023-02-25 02:18:54,367] [util.py:209]               [INFO]     |====================================================================================================|
[2023-02-25 02:18:54,367] [util.py:216]               [INFO]     |                                 Adult Swim Collection in TV Shows                                  |
[2023-02-25 02:18:54,368] [util.py:220]               [INFO]     |====================================================================================================|
[2023-02-25 02:18:54,368] [plex_meta_manager.py:750]  [INFO]     |                                                                                                    |
[2023-02-25 02:18:54,368] [util.py:216]               [INFO]     |================================= Validating Adult Swim Attributes =================================|
[2023-02-25 02:18:54,369] [builder.py:265]            [DEBUG]    |                                                                                                    |
[2023-02-25 02:18:54,369] [builder.py:266]            [DEBUG]    | Validating Method: template                                                                        |
[2023-02-25 02:18:54,369] [meta.py:83]                [DEBUG]    | Value: ordereddict([('name', 'network'), ('network', 80), ('poster', 'https://theposterdb.com/api/assets/98825')]) |
[2023-02-25 02:18:54,370] [builder.py:330]            [DEBUG]    |                                                                                                    |
[2023-02-25 02:18:54,370] [builder.py:331]            [DEBUG]    | Validating Method: sync_mode                                                                       |
[2023-02-25 02:18:54,370] [builder.py:335]            [DEBUG]    | Value: sync                                                                                        |
[2023-02-25 02:18:54,370] [builder.py:453]            [DEBUG]    |                                                                                                    |
[2023-02-25 02:18:54,371] [builder.py:454]            [DEBUG]    | Validating Method: collection_order                                                                |
[2023-02-25 02:18:54,371] [builder.py:455]            [DEBUG]    | Value: alpha                                                                                       |
[2023-02-25 02:18:54,371] [builder.py:472]            [DEBUG]    |                                                                                                    |
[2023-02-25 02:18:54,371] [builder.py:473]            [DEBUG]    | Validating Method: tmdb_network                                                                    |
[2023-02-25 02:18:54,372] [builder.py:474]            [DEBUG]    | Value: 80                                                                                          |
[2023-02-25 02:18:54,493] [builder.py:472]            [DEBUG]    |                                                                                                    |
[2023-02-25 02:18:54,493] [builder.py:473]            [DEBUG]    | Validating Method: url_poster                                                                      |
[2023-02-25 02:18:54,494] [builder.py:474]            [DEBUG]    | Value: https://theposterdb.com/api/assets/98825                                                    |
[2023-02-25 02:18:54,494] [builder.py:472]            [DEBUG]    |                                                                                                    |
[2023-02-25 02:18:54,494] [builder.py:473]            [DEBUG]    | Validating Method: sort_title                                                                      |
[2023-02-25 02:18:54,494] [builder.py:474]            [DEBUG]    | Value: +4_Adult Swim                                                                               |
[2023-02-25 02:18:54,577] [builder.py:619]            [INFO]     |                                                                                                    |
[2023-02-25 02:18:54,578] [builder.py:620]            [INFO]     | Validation Successful                                                                              |
[2023-02-25 02:18:54,578] [plex_meta_manager.py:758]  [INFO]     |                                                                                                    |
[2023-02-25 02:18:54,579] [util.py:216]               [INFO]     |================================== Running Adult Swim Collection ===================================|
[2023-02-25 02:18:54,579] [plex_meta_manager.py:773]  [INFO]     |                                                                                                    |
[2023-02-25 02:18:54,579] [plex_meta_manager.py:774]  [INFO]     | Sync Mode: sync                                                                                    |
[2023-02-25 02:18:54,580] [builder.py:1275]           [DEBUG]    |                                                                                                    |
[2023-02-25 02:18:54,580] [builder.py:1276]           [DEBUG]    | Builder: tmdb_network: 80                                                                          |
[2023-02-25 02:18:54,580] [builder.py:1277]           [INFO]     |                                                                                                    |
[2023-02-25 02:18:55,486] [tmdb.py:282]               [INFO]     | Processing TMDb Network: (80) Adult Swim (125 Shows)                                               |
[2023-02-25 02:18:55,486] [builder.py:1282]           [DEBUG]    |                                                                                                    |
[2023-02-25 02:18:55,486] [builder.py:1283]           [DEBUG]    | 125 IDs Found: [(60625, 'tmdb_show'), (2723, 'tmdb_show'), (709, 'tmdb_show'), (2604, 'tmdb_show'), (84553, 'tmdb_show'), (89456, 'tmdb_show'), (61593, 'tmdb_show'), (74387, 'tmdb_show'), (251, 'tmdb_show'), (126506, 'tmdb_show'), (195382, 'tmdb_show'), (56590, 'tmdb_show'), (2418, 'tmdb_show'), (1229, 'tmdb_show'), (106925, 'tmdb_show'), (653, 'tmdb_show'), (38165, 'tmdb_show'), (41676, 'tmdb_show'), (539, 'tmdb_show'), (292, 'tmdb_show'), (5895, 'tmdb_show'), (2798, 'tmdb_show'), (334, 'tmdb_show'), (60874, 'tmdb_show'), (106480, 'tmdb_show'), (108891, 'tmdb_show'), (202282, 'tmdb_show'), (40064, 'tmdb_show'), (61949, 'tmdb_show'), (2274, 'tmdb_show'), (78672, 'tmdb_show'), (79356, 'tmdb_show'), (76345, 'tmdb_show'), (3108, 'tmdb_show'), (33056, 'tmdb_show'), (96372, 'tmdb_show'), (2073, 'tmdb_show'), (61161, 'tmdb_show'), (39106, 'tmdb_show'), (63214, 'tmdb_show'), (14769, 'tmdb_show'), (32612, 'tmdb_show'), (85000, 'tmdb_show'), (2718, 'tmdb_show'), (68380, 'tmdb_show'), (65520, 'tmdb_show'), (72874, 'tmdb_show'), (39479, 'tmdb_show'), (79864, 'tmdb_show'), (1542, 'tmdb_show'), (32752, 'tmdb_show'), (17425, 'tmdb_show'), (122486, 'tmdb_show'), (48000, 'tmdb_show'), (3043, 'tmdb_show'), (3511, 'tmdb_show'), (2590, 'tmdb_show'), (23475, 'tmdb_show'), (41821, 'tmdb_show'), (132922, 'tmdb_show'), (481, 'tmdb_show'), (272, 'tmdb_show'), (72031, 'tmdb_show'), (10646, 'tmdb_show'), (86501, 'tmdb_show'), (2980, 'tmdb_show'), (39680, 'tmdb_show'), (34002, 'tmdb_show'), (6318, 'tmdb_show'), (21554, 'tmdb_show'), (40520, 'tmdb_show'), (76246, 'tmdb_show'), (67352, 'tmdb_show'), (103243, 'tmdb_show'), (101252, 'tmdb_show'), (6991, 'tmdb_show'), (88477, 'tmdb_show'), (87234, 'tmdb_show'), (129221, 'tmdb_show'), (99858, 'tmdb_show'), (34255, 'tmdb_show'), (20942, 'tmdb_show'), (120516, 'tmdb_show'), (64643, 'tmdb_show'), (2166, 'tmdb_show'), (62077, 'tmdb_show'), (74501, 'tmdb_show'), (80810, 'tmdb_show'), (11936, 'tmdb_show'), (31548, 'tmdb_show'), (93241, 'tmdb_show'), (91731, 'tmdb_show'), (5124, 'tmdb_show'), (3185, 'tmdb_show'), (51658, 'tmdb_show'), (112954, 'tmdb_show'), (138883, 'tmdb_show'), (112923, 'tmdb_show'), (112921, 'tmdb_show'), (91219, 'tmdb_show'), (72786, 'tmdb_show'), (19755, 'tmdb_show'), (67083, 'tmdb_show'), (112870, 'tmdb_show'), (205504, 'tmdb_show'), (78407, 'tmdb_show'), (30736, 'tmdb_show'), (32661, 'tmdb_show'), (2788, 'tmdb_show'), (8778, 'tmdb_show'), (98620, 'tmdb_show'), (25426, 'tmdb_show'), (5070, 'tmdb_show'), (8188, 'tmdb_show'), (8151, 'tmdb_show'), (202284, 'tmdb_show'), (127477, 'tmdb_show'), (103796, 'tmdb_show'), (35368, 'tmdb_show'), (31550, 'tmdb_show'), (18369, 'tmdb_show'), (15475, 'tmdb_show'), (11417, 'tmdb_show'), (5415, 'tmdb_show'), (4649, 'tmdb_show')] |
[2023-02-25 02:18:55,487] [builder.py:1284]           [DEBUG]    |                                                                                                    |
[2023-02-25 02:18:55,830] [builder.py:1361]           [ERROR]    | Convert Error: No TVDb ID Found for TMDb ID: 132922                                                |
[2023-02-25 02:18:55,959] [builder.py:1361]           [ERROR]    | Convert Error: No TVDb ID Found for TMDb ID: 91731                                                 |
[2023-02-25 02:18:56,068] [builder.py:1361]           [ERROR]    | Convert Error: No TVDb ID Found for TMDb ID: 112921                                                |
[2023-02-25 02:18:56,180] [builder.py:1361]           [ERROR]    | Convert Error: No TVDb ID Found for TMDb ID: 19755                                                 |
[2023-02-25 02:18:56,284] [builder.py:1361]           [ERROR]    | Convert Error: No TVDb ID Found for TMDb ID: 67083                                                 |
[2023-02-25 02:18:56,389] [builder.py:1361]           [ERROR]    | Convert Error: No TVDb ID Found for TMDb ID: 112870                                                |
[2023-02-25 02:18:56,505] [builder.py:1361]           [ERROR]    | Convert Error: No TVDb ID Found for TMDb ID: 78407                                                 |
[2023-02-25 02:18:56,605] [builder.py:1361]           [ERROR]    | Convert Error: No TVDb ID Found for TMDb ID: 25426                                                 |
[2023-02-25 02:18:56,839] [builder.py:1361]           [ERROR]    | Convert Error: No TVDb ID Found for TMDb ID: 5415                                                  |
[2023-02-25 02:18:56,946] [builder.py:1361]           [ERROR]    | Convert Error: No TVDb ID Found for TMDb ID: 4649                                                  |
[2023-02-25 02:18:56,947] [builder.py:1697]           [INFO]     |                                                                                                    |
[2023-02-25 02:18:56,947] [util.py:216]               [INFO]     |================================= Adding to Adult Swim Collection ==================================|
[2023-02-25 02:18:56,948] [builder.py:1699]           [INFO]     |                                                                                                    |
[2023-02-25 02:18:56,948] [builder.py:1709]           [INFO]     | 1/3 | Adult Swim Collection | = | Rick and Morty                                                   |
[2023-02-25 02:18:56,948] [builder.py:1709]           [INFO]     | 2/3 | Adult Swim Collection | = | Samurai Jack                                                     |
[2023-02-25 02:18:56,948] [builder.py:1709]           [INFO]     | 3/3 | Adult Swim Collection | = | Primal                                                           |
[2023-02-25 02:18:56,949] [builder.py:1734]           [INFO]     |                                                                                                    |
[2023-02-25 02:18:56,949] [builder.py:1735]           [INFO]     | 3 Shows Processed                                                                                  |
[2023-02-25 02:18:56,949] [builder.py:1969]           [INFO]     |                                                                                                    |
[2023-02-25 02:18:56,950] [util.py:216]               [INFO]     |============================== Missing Shows from Library: Adult Swim ==============================|
[2023-02-25 02:18:56,950] [builder.py:1971]           [INFO]     |                                                                                                    |
[2023-02-25 02:18:57,708] [builder.py:1982]           [INFO]     | Adult Swim Collection | ? | Robot Chicken (TVDB: 75734)                                            |
[2023-02-25 02:18:58,141] [builder.py:1982]           [INFO]     | Adult Swim Collection | ? | The Boondocks (TVDB: 74413)                                            |
[2023-02-25 02:18:58,498] [builder.py:1982]           [INFO]     | Adult Swim Collection | ? | Blade Runner: Black Lotus (TVDB: 356155)                               |
[2023-02-25 02:18:58,823] [builder.py:1982]           [INFO]     | Adult Swim Collection | ? | Mr. Pickles (TVDB: 277953)                                             |
[2023-02-25 02:18:59,283] [builder.py:1982]           [INFO]     | Adult Swim Collection | ? | Final Space (TVDB: 332353)                                             |
[2023-02-25 02:18:59,940] [builder.py:1982]           [INFO]     | Adult Swim Collection | ? | Aqua Teen Hunger Force (TVDB: 77120)                                   |
[2023-02-25 02:19:00,158] [builder.py:1982]           [INFO]     | Adult Swim Collection | ? | Smiling Friends (TVDB: 379403)                                         |
[2023-02-25 02:19:00,390] [builder.py:1982]           [INFO]     | Adult Swim Collection | ? | Housing Complex C (TVDB: 420753)                                       |
[2023-02-25 02:19:00,679] [builder.py:1982]           [INFO]     | Adult Swim Collection | ? | The Eric André Show (TVDB: 259184)                                     |
[2023-02-25 02:19:01,247] [builder.py:1982]           [INFO]     | Adult Swim Collection | ? | The Venture Bros. (TVDB: 72306)                                        |
[2023-02-25 02:19:01,662] [builder.py:1982]           [INFO]     | Adult Swim Collection | ? | Tim and Eric Awesome Show, Great Job! (TVDB: 79905)                    |
[2023-02-25 02:19:01,884] [builder.py:1982]           [INFO]     | Adult Swim Collection | ? | YOLO (TVDB: 379568)                                                    |
[2023-02-25 02:19:02,344] [builder.py:1982]           [INFO]     | Adult Swim Collection | ? | Metalocalypse (TVDB: 79563)                                            |
[2023-02-25 02:19:02,619] [builder.py:1982]           [INFO]     | Adult Swim Collection | ? | ThunderCats (2011) (TVDB: 241431)                                      |
[2023-02-25 02:19:02,895] [builder.py:1982]           [INFO]     | Adult Swim Collection | ? | Beware the Batman (TVDB: 258331)                                       |
[2023-02-25 02:19:03,546] [builder.py:1982]           [INFO]     | Adult Swim Collection | ? | Squidbillies (TVDB: 79017)                                             |
[2023-02-25 02:19:03,874] [builder.py:1982]           [INFO]     | Adult Swim Collection | ? | Moral Orel (TVDB: 79302)                                               |
[2023-02-25 02:19:04,489] [builder.py:1982]           [INFO]     | Adult Swim Collection | ? | FLCL (TVDB: 78878)                                                     |
[2023-02-25 02:19:05,083] [builder.py:1982]           [INFO]     | Adult Swim Collection | ? | Space Ghost Coast to Coast (TVDB: 79171)                               |
[2023-02-25 02:19:05,545] [builder.py:1982]           [INFO]     | Adult Swim Collection | ? | Sealab 2021 (TVDB: 76884)                                              |
[2023-02-25 02:19:05,877] [builder.py:1982]           [INFO]     | Adult Swim Collection | ? | Space Dandy (TVDB: 272849)                                             |
[2023-02-25 02:19:06,165] [builder.py:1982]           [INFO]     | Adult Swim Collection | ? | Fena: Pirate Princess (TVDB: 386570)                                   |
[2023-02-25 02:19:06,417] [builder.py:1982]           [INFO]     | Adult Swim Collection | ? | Shenmue the Animation (TVDB: 402726)                                   |
[2023-02-25 02:19:06,598] [builder.py:1982]           [INFO]     | Adult Swim Collection | ? | Rick and Morty: The Anime (TVDB: 420279)                               |
[2023-02-25 02:19:06,928] [builder.py:1982]           [INFO]     | Adult Swim Collection | ? | Black Dynamite (TVDB: 250821)                                          |
[2023-02-25 02:19:07,202] [builder.py:1982]           [INFO]     | Adult Swim Collection | ? | Mike Tyson Mysteries (TVDB: 277954)                                    |
[2023-02-25 02:19:07,593] [builder.py:1982]           [INFO]     | Adult Swim Collection | ? | Home Movies (TVDB: 75318)                                              |
[2023-02-25 02:19:07,860] [builder.py:1982]           [INFO]     | Adult Swim Collection | ? | Ballmastrz: 9009 (TVDB: 344021)                                        |
[2023-02-25 02:19:08,107] [builder.py:1982]           [INFO]     | Adult Swim Collection | ? | Tuca & Bertie (TVDB: 361005)                                           |
[2023-02-25 02:19:08,533] [builder.py:1982]           [INFO]     | Adult Swim Collection | ? | On Cinema (TVDB: 272696)                                               |
[2023-02-25 02:19:08,860] [builder.py:1982]           [INFO]     | Adult Swim Collection | ? | Superjail! (TVDB: 83306)                                               |
[2023-02-25 02:19:09,269] [builder.py:1982]           [INFO]     | Adult Swim Collection | ? | Childrens Hospital (TVDB: 139941)                                      |
[2023-02-25 02:19:09,527] [builder.py:1982]           [INFO]     | Adult Swim Collection | ? | Momma Named Me Sheriff (TVDB: 372586)                                  |
[2023-02-25 02:19:09,803] [builder.py:1982]           [INFO]     | Adult Swim Collection | ? | Mission Hill (TVDB: 75255)                                             |
[2023-02-25 02:19:10,098] [builder.py:1982]           [INFO]     | Adult Swim Collection | ? | Black Jesus (TVDB: 282016)                                             |
[2023-02-25 02:19:10,376] [builder.py:1982]           [INFO]     | Adult Swim Collection | ? | NTSF:SD:SUV:: (TVDB: 248261)                                           |
[2023-02-25 02:19:10,700] [builder.py:1982]           [INFO]     | Adult Swim Collection | ? | SuperMansion (TVDB: 300147)                                            |
[2023-02-25 02:19:10,998] [builder.py:1982]           [INFO]     | Adult Swim Collection | ? | Xavier: Renegade Angel (TVDB: 80923)                                   |
[2023-02-25 02:19:11,303] [builder.py:1982]           [INFO]     | Adult Swim Collection | ? | Check It Out! with Dr. Steve Brule (TVDB: 163751)                      |
[2023-02-25 02:19:11,660] [builder.py:1982]           [INFO]     | Adult Swim Collection | ? | The Shivering Truth (TVDB: 353366)                                     |
[2023-02-25 02:19:11,912] [builder.py:1982]           [INFO]     | Adult Swim Collection | ? | Tom Goes to the Mayor (TVDB: 75221)                                    |
[2023-02-25 02:19:12,201] [builder.py:1982]           [INFO]     | Adult Swim Collection | ? | Dream Corp LLC (TVDB: 317998)                                          |
[2023-02-25 02:19:12,409] [builder.py:1982]           [INFO]     | Adult Swim Collection | ? | King Star King (TVDB: 277952)                                          |
[2023-02-25 02:19:12,685] [builder.py:1982]           [INFO]     | Adult Swim Collection | ? | Tim and Eric's Bedtime Stories (TVDB: 275104)                          |
[2023-02-25 02:19:13,042] [builder.py:1982]           [INFO]     | Adult Swim Collection | ? | Off the Air (TVDB: 249792)                                             |
[2023-02-25 02:19:13,449] [builder.py:1982]           [INFO]     | Adult Swim Collection | ? | Joe Pera Talks with You (TVDB: 347590)                                 |
[2023-02-25 02:19:13,789] [builder.py:1982]           [INFO]     | Adult Swim Collection | ? | Frisky Dingo (TVDB: 79930)                                             |
[2023-02-25 02:19:14,087] [builder.py:1982]           [INFO]     | Adult Swim Collection | ? | Eagleheart (TVDB: 228751)                                              |
[2023-02-25 02:19:14,374] [builder.py:1982]           [INFO]     | Adult Swim Collection | ? | Delocated (TVDB: 85190)                                                |
[2023-02-25 02:19:14,737] [builder.py:1982]           [INFO]     | Adult Swim Collection | ? | Birdgirl (TVDB: 398876)                                                |
[2023-02-25 02:19:15,070] [builder.py:1982]           [INFO]     | Adult Swim Collection | ? | Your Pretty Face is Going to Hell (TVDB: 268386)                       |
[2023-02-25 02:19:15,353] [builder.py:1982]           [INFO]     | Adult Swim Collection | ? | 12 oz. Mouse (TVDB: 79159)                                             |
[2023-02-25 02:19:15,611] [builder.py:1982]           [INFO]     | Adult Swim Collection | ? | God, The Devil and Bob (TVDB: 79594)                                   |
[2023-02-25 02:19:15,843] [builder.py:1982]           [INFO]     | Adult Swim Collection | ? | Stroker and Hoop (TVDB: 79207)                                         |
[2023-02-25 02:19:16,275] [builder.py:1982]           [INFO]     | Adult Swim Collection | ? | IGPX: Immortal Grand Prix (TVDB: 73011)                                |
[2023-02-25 02:19:16,541] [builder.py:1982]           [INFO]     | Adult Swim Collection | ? | The Heart, She Holler (TVDB: 252567)                                   |
[2023-02-25 02:19:16,829] [builder.py:1982]           [INFO]     | Adult Swim Collection | ? | The Brak Show (TVDB: 77118)                                            |
[2023-02-25 02:19:16,883] [builder.py:1977]           [ERROR]    | TVDb Error: Could not find a TVDb Series using TVDb Series ID: 79396                               |
[2023-02-25 02:19:17,232] [builder.py:1982]           [INFO]     | Adult Swim Collection | ? | Decker (TVDB: 285378)                                                  |
[2023-02-25 02:19:17,446] [builder.py:1982]           [INFO]     | Adult Swim Collection | ? | Gary & Mike (TVDB: 140891)                                             |
[2023-02-25 02:19:17,714] [builder.py:1982]           [INFO]     | Adult Swim Collection | ? | Tigtone (TVDB: 347654)                                                 |
[2023-02-25 02:19:17,924] [builder.py:1982]           [INFO]     | Adult Swim Collection | ? | Lucy, The Daughter of the Devil (TVDB: 79019)                          |
[2023-02-25 02:19:18,264] [builder.py:1982]           [INFO]     | Adult Swim Collection | ? | China, IL (TVDB: 251507)                                               |
[2023-02-25 02:19:18,457] [builder.py:1982]           [INFO]     | Adult Swim Collection | ? | Soul Quest Overdrive (TVDB: 249055)                                    |
[2023-02-25 02:19:18,749] [builder.py:1982]           [INFO]     | Adult Swim Collection | ? | Assy McGee (TVDB: 82661)                                               |
[2023-02-25 02:19:18,994] [builder.py:1982]           [INFO]     | Adult Swim Collection | ? | Titan Maximum (TVDB: 116421)                                           |
[2023-02-25 02:19:19,235] [builder.py:1982]           [INFO]     | Adult Swim Collection | ? | Loiter Squad (TVDB: 256596)                                            |
[2023-02-25 02:19:19,477] [builder.py:1982]           [INFO]     | Adult Swim Collection | ? | Hot Streets (TVDB: 339577)                                             |
[2023-02-25 02:19:19,716] [builder.py:1982]           [INFO]     | Adult Swim Collection | ? | Million Dollar Extreme Presents: World Peace (TVDB: 315254)            |
[2023-02-25 02:19:19,939] [builder.py:1982]           [INFO]     | Adult Swim Collection | ? | JJ Villard's Fairy Tales (TVDB: 379608)                                |
[2023-02-25 02:19:20,181] [builder.py:1982]           [INFO]     | Adult Swim Collection | ? | Beef House (TVDB: 377541)                                              |
[2023-02-25 02:19:20,439] [builder.py:1982]           [INFO]     | Adult Swim Collection | ? | The Drinky Crow Show (TVDB: 83931)                                     |
[2023-02-25 02:19:20,699] [builder.py:1982]           [INFO]     | Adult Swim Collection | ? | Lazor Wulf (TVDB: 361911)                                              |
[2023-02-25 02:19:20,933] [builder.py:1982]           [INFO]     | Adult Swim Collection | ? | Tropical Cop Tales (TVDB: 350875)                                      |
[2023-02-25 02:19:21,168] [builder.py:1982]           [INFO]     | Adult Swim Collection | ? | Sand Whale and Me (TVDB: 325357)                                       |
[2023-02-25 02:19:21,401] [builder.py:1982]           [INFO]     | Adult Swim Collection | ? | Three Busy Debras (TVDB: 377540)                                       |
[2023-02-25 02:19:21,603] [builder.py:1982]           [INFO]     | Adult Swim Collection | ? | Mongo Wrestling Alliance (TVDB: 225291)                                |
[2023-02-25 02:19:21,867] [builder.py:1982]           [INFO]     | Adult Swim Collection | ? | G.I. Joe: Resolute (TVDB: 100491)                                      |
[2023-02-25 02:19:22,078] [builder.py:1982]           [INFO]     | Adult Swim Collection | ? | The Greatest Event in Television History (TVDB: 263711)                |
[2023-02-25 02:19:22,311] [builder.py:1982]           [INFO]     | Adult Swim Collection | ? | Neon Joe, Werewolf Hunter (TVDB: 281642)                               |
[2023-02-25 02:19:22,530] [builder.py:1982]           [INFO]     | Adult Swim Collection | ? | Cartoon Planet (TVDB: 76957)                                           |
[2023-02-25 02:19:22,746] [builder.py:1982]           [INFO]     | Adult Swim Collection | ? | The Jack and Triumph Show (TVDB: 291766)                               |
[2023-02-25 02:19:23,017] [builder.py:1982]           [INFO]     | Adult Swim Collection | ? | The Jellies (TVDB: 336685)                                             |
[2023-02-25 02:19:23,245] [builder.py:1982]           [INFO]     | Adult Swim Collection | ? | Mostly 4 Millennials (TVDB: 328617)                                    |
[2023-02-25 02:19:23,485] [builder.py:1982]           [INFO]     | Adult Swim Collection | ? | Minoriteam (TVDB: 79402)                                               |
[2023-02-25 02:19:23,716] [builder.py:1982]           [INFO]     | Adult Swim Collection | ? | Mary Shelley's Frankenhole (TVDB: 172221)                              |
[2023-02-25 02:19:23,943] [builder.py:1982]           [INFO]     | Adult Swim Collection | ? | Uzumaki: Spiral into Horror (TVDB: 369026)                             |
[2023-02-25 02:19:24,161] [builder.py:1982]           [INFO]     | Adult Swim Collection | ? | Saul of the Mole Men (TVDB: 79906)                                     |
[2023-02-25 02:19:24,361] [builder.py:1982]           [INFO]     | Adult Swim Collection | ? | The Bob Clampett Show (TVDB: 72930)                                    |
[2023-02-25 02:19:24,661] [builder.py:1982]           [INFO]     | Adult Swim Collection | ? | Newsreaders (TVDB: 265579)                                             |
[2023-02-25 02:19:24,910] [builder.py:1982]           [INFO]     | Adult Swim Collection | ? | Hot Package (TVDB: 273021)                                             |
[2023-02-25 02:19:25,116] [builder.py:1982]           [INFO]     | Adult Swim Collection | ? | Gemusetto (TVDB: 365476)                                               |
[2023-02-25 02:19:25,313] [builder.py:1982]           [INFO]     | Adult Swim Collection | ? | Scum (TVDB: 366962)                                                    |
[2023-02-25 02:19:25,506] [builder.py:1982]           [INFO]     | Adult Swim Collection | ? | Our Bodies with Tim & Eric (TVDB: 366915)                              |
[2023-02-25 02:19:25,736] [builder.py:1982]           [INFO]     | Adult Swim Collection | ? | Apollo Gauntlet (TVDB: 320739)                                         |
[2023-02-25 02:19:25,899] [builder.py:1982]           [INFO]     | Adult Swim Collection | ? | Royal Crackers (TVDB: 403176)                                          |
[2023-02-25 02:19:26,216] [builder.py:1982]           [INFO]     | Adult Swim Collection | ? | Carl's Pissed (TVDB: 85372)                                            |
[2023-02-25 02:19:26,440] [builder.py:1982]           [INFO]     | Adult Swim Collection | ? | Paid Programming: Icelandic Ultra Blue (TVDB: 248938)                  |
[2023-02-25 02:19:26,662] [builder.py:1982]           [INFO]     | Adult Swim Collection | ? | Perfect Hair Forever (TVDB: 79196)                                     |
[2023-02-25 02:19:26,861] [builder.py:1982]           [INFO]     | Adult Swim Collection | ? | Saddle Rash (TVDB: 79208)                                              |
[2023-02-25 02:19:27,094] [builder.py:1982]           [INFO]     | Adult Swim Collection | ? | Don't Feed the Humans (TVDB: 304854)                                   |
[2023-02-25 02:19:27,316] [builder.py:1982]           [INFO]     | Adult Swim Collection | ? | Fat Guy Stuck In Internet (TVDB: 82388)                                |
[2023-02-25 02:19:27,507] [builder.py:1982]           [INFO]     | Adult Swim Collection | ? | Young Person's Guide to History (TVDB: 83930)                          |
[2023-02-25 02:19:27,710] [builder.py:1982]           [INFO]     | Adult Swim Collection | ? | The Xtacles (TVDB: 83707)                                              |
[2023-02-25 02:19:27,926] [builder.py:1982]           [INFO]     | Adult Swim Collection | ? | Ninja Kamui (TVDB: 420280)                                             |
[2023-02-25 02:19:28,140] [builder.py:1982]           [INFO]     | Adult Swim Collection | ? | Dawaland (TVDB: 336501)                                                |
[2023-02-25 02:19:28,334] [builder.py:1982]           [INFO]     | Adult Swim Collection | ? | Dickie (TVDB: 376071)                                                  |
[2023-02-25 02:19:28,523] [builder.py:1982]           [INFO]     | Adult Swim Collection | ? | Southies (TVDB: 254250)                                                |
[2023-02-25 02:19:28,740] [builder.py:1982]           [INFO]     | Adult Swim Collection | ? | Cheyenne Cinnamon and the Fantabulous Unicorn of Sugar Town Candy Fudge (TVDB: 155981) |
[2023-02-25 02:19:28,943] [builder.py:1982]           [INFO]     | Adult Swim Collection | ? | The Rising Son (TVDB: 92081)                                           |
[2023-02-25 02:19:29,169] [builder.py:1982]           [INFO]     | Adult Swim Collection | ? | Paradise (TVDB: 419813)                                                |
[2023-02-25 02:19:29,410] [builder.py:1982]           [INFO]     | Adult Swim Collection | ? | Welcome to Eltingville (TVDB: 122721)                                  |
[2023-02-25 02:19:29,411] [builder.py:1986]           [INFO]     |                                                                                                    |
[2023-02-25 02:19:29,411] [builder.py:1987]           [INFO]     | 111 Shows Missing                                                                                  |
[2023-02-25 02:19:29,510] [builder.py:2147]           [INFO]     |                                                                                                    |
[2023-02-25 02:19:29,510] [util.py:216]               [INFO]     |============================ Updating Details of Adult Swim Collection =============================|
[2023-02-25 02:19:29,511] [builder.py:2149]           [INFO]     |                                                                                                    |
[2023-02-25 02:19:29,512] [builder.py:2258]           [DEBUG]    | 1 posters found:                                                                                   |
[2023-02-25 02:19:29,512] [builder.py:2260]           [DEBUG]    | Method: url_poster Poster: https://theposterdb.com/api/assets/98825                                |
[2023-02-25 02:19:29,512] [builder.py:2327]           [INFO]     | No background collection detail or asset folder found                                              |
[2023-02-25 02:19:29,513] [library.py:147]            [INFO]     | Detail: poster update not needed                                                                   |
[2023-02-25 02:19:29,598] [plex_meta_manager.py:880]  [INFO]     |                                                                                                    |
[2023-02-25 02:19:29,598] [util.py:209]               [INFO]     |====================================================================================================|
[2023-02-25 02:19:29,599] [util.py:216]               [INFO]     |                                   Finished Adult Swim Collection                                   |
[2023-02-25 02:19:29,599] [util.py:216]               [INFO]     |                                    Collection Run Time: 0:00:35                                    |
[2023-02-25 02:19:29,599] [util.py:220]               [INFO]     |====================================================================================================|
