[2023-02-02 01:02:01,210] [util.py:209]               [INFO]     |====================================================================================================|
[2023-02-02 01:02:01,211] [util.py:216]               [INFO]     |                              Most Favorited Anime Collection in Anime                              |
[2023-02-02 01:02:01,211] [util.py:220]               [INFO]     |====================================================================================================|
[2023-02-02 01:02:01,211] [plex_meta_manager.py:750]  [INFO]     |                                                                                                    |
[2023-02-02 01:02:01,219] [util.py:216]               [INFO]     |============================ Validating Most Favorited Anime Attributes ============================|
[2023-02-02 01:02:01,219] [builder.py:330]            [DEBUG]    |                                                                                                    |
[2023-02-02 01:02:01,219] [builder.py:331]            [DEBUG]    | Validating Method: sync_mode                                                                       |
[2023-02-02 01:02:01,220] [builder.py:335]            [DEBUG]    | Value: sync                                                                                        |
[2023-02-02 01:02:01,220] [builder.py:453]            [DEBUG]    |                                                                                                    |
[2023-02-02 01:02:01,220] [builder.py:454]            [DEBUG]    | Validating Method: collection_order                                                                |
[2023-02-02 01:02:01,220] [builder.py:455]            [DEBUG]    | Value: custom                                                                                      |
[2023-02-02 01:02:01,221] [builder.py:472]            [DEBUG]    |                                                                                                    |
[2023-02-02 01:02:01,221] [builder.py:473]            [DEBUG]    | Validating Method: mal_favorite                                                                    |
[2023-02-02 01:02:01,221] [builder.py:474]            [DEBUG]    | Value: 50                                                                                          |
[2023-02-02 01:02:01,221] [builder.py:472]            [DEBUG]    |                                                                                                    |
[2023-02-02 01:02:01,222] [builder.py:473]            [DEBUG]    | Validating Method: visible_home                                                                    |
[2023-02-02 01:02:01,222] [builder.py:474]            [DEBUG]    | Value: True                                                                                        |
[2023-02-02 01:02:01,222] [builder.py:472]            [DEBUG]    |                                                                                                    |
[2023-02-02 01:02:01,222] [builder.py:473]            [DEBUG]    | Validating Method: visible_library                                                                 |
[2023-02-02 01:02:01,223] [builder.py:474]            [DEBUG]    | Value: True                                                                                        |
[2023-02-02 01:02:01,223] [builder.py:472]            [DEBUG]    |                                                                                                    |
[2023-02-02 01:02:01,223] [builder.py:473]            [DEBUG]    | Validating Method: sort_title                                                                      |
[2023-02-02 01:02:01,223] [builder.py:474]            [DEBUG]    | Value: ++++++++_Most_Favorited                                                                     |
[2023-02-02 01:02:01,224] [builder.py:472]            [DEBUG]    |                                                                                                    |
[2023-02-02 01:02:01,224] [builder.py:473]            [DEBUG]    | Validating Method: sonarr_add_existing                                                             |
[2023-02-02 01:02:01,224] [builder.py:474]            [DEBUG]    | Value: True                                                                                        |
[2023-02-02 01:02:01,225] [builder.py:472]            [DEBUG]    |                                                                                                    |
[2023-02-02 01:02:01,225] [builder.py:473]            [DEBUG]    | Validating Method: sonarr_add_missing                                                              |
[2023-02-02 01:02:01,225] [builder.py:474]            [DEBUG]    | Value: True                                                                                        |
[2023-02-02 01:02:01,260] [builder.py:619]            [INFO]     |                                                                                                    |
[2023-02-02 01:02:01,261] [builder.py:620]            [INFO]     | Validation Successful                                                                              |
[2023-02-02 01:02:01,261] [plex_meta_manager.py:758]  [INFO]     |                                                                                                    |
[2023-02-02 01:02:01,262] [util.py:216]               [INFO]     |============================= Running Most Favorited Anime Collection ==============================|
[2023-02-02 01:02:01,262] [plex_meta_manager.py:773]  [INFO]     |                                                                                                    |
[2023-02-02 01:02:01,263] [plex_meta_manager.py:774]  [INFO]     | Sync Mode: sync                                                                                    |
[2023-02-02 01:02:01,263] [builder.py:1275]           [DEBUG]    |                                                                                                    |
[2023-02-02 01:02:01,263] [builder.py:1276]           [DEBUG]    | Builder: mal_favorite: 50                                                                          |
[2023-02-02 01:02:01,263] [builder.py:1277]           [INFO]     |                                                                                                    |
[2023-02-02 01:02:01,264] [mal.py:222]                [INFO]     | Processing MyAnimeList Favorite: 50 Anime                                                          |
[2023-02-02 01:02:01,396] [mal.py:241]                [DEBUG]    |                                                                                                    |
[2023-02-02 01:02:01,397] [mal.py:242]                [DEBUG]    | 50 MyAnimeList IDs Found: [5114, 11061, 21, 9253, 1535, 16498, 1735, 1575, 30, 38000, 32281, 23273, 28851, 40748, 1, 2001, 20, 2904, 20583, 4181, 269, 11757, 31240, 30276, 918, 33352, 4224, 38524, 31964, 9756, 40028, 22319, 5081, 6547, 19815, 31043, 6702, 37450, 19, 32182, 30831, 34572, 34599, 37521, 13601, 31933, 50265, 37999, 18679, 44511] |
[2023-02-02 01:02:01,398] [builder.py:1282]           [DEBUG]    |                                                                                                    |
[2023-02-02 01:02:01,399] [builder.py:1283]           [DEBUG]    | 50 IDs Found: [(103082, 'ratingKey'), (105612, 'ratingKey'), (81797, 'tvdb'), (104627, 'ratingKey'), (102918, 'ratingKey'), (267440, 'tvdb'), (79824, 'tvdb'), (79525, 'tvdb'), (104645, 'ratingKey'), (348545, 'tvdb'), (372058, 'tmdb'), (105047, 'ratingKey'), (378064, 'tmdb'), (103162, 'ratingKey'), (102957, 'ratingKey'), (104665, 'ratingKey'), (122493, 'ratingKey'), (79525, 'tvdb'), (278157, 'tvdb'), (80644, 'tvdb'), (74796, 'tvdb'), (259640, 'tvdb'), (305089, 'tvdb'), (293088, 'tvdb'), (79895, 'tvdb'), (102459, 'ratingKey'), (105010, 'ratingKey'), (267440, 'tvdb'), (105253, 'ratingKey'), (219181, 'tvdb'), (267440, 'tvdb'), (281249, 'tvdb'), (102261, 'tvdb'), (102444, 'ratingKey'), (102693, 'ratingKey'), (105083, 'ratingKey'), (114801, 'tvdb'), (104915, 'ratingKey'), (74599, 'tvdb'), (111197, 'ratingKey'), (303867, 'tvdb'), (331753, 'tvdb'), (326109, 'tvdb'), (105563, 'ratingKey'), (262090, 'tvdb'), (262954, 'tvdb'), (405920, 'tvdb'), (354198, 'tvdb'), (104758, 'ratingKey'), (118738, 'ratingKey')] |
[2023-02-02 01:02:01,399] [builder.py:1284]           [DEBUG]    |                                                                                                    |
[2023-02-02 01:02:01,647] [builder.py:1697]           [INFO]     |                                                                                                    |
[2023-02-02 01:02:01,648] [util.py:216]               [INFO]     |============================ Adding to Most Favorited Anime Collection =============================|
[2023-02-02 01:02:01,648] [builder.py:1699]           [INFO]     |                                                                                                    |
[2023-02-02 01:02:01,648] [builder.py:1709]           [INFO]     |  1/33 | Most Favorited Anime Collection | = | Hagane no Renkinjutsushi (2009)                      |
[2023-02-02 01:02:01,649] [builder.py:1709]           [INFO]     |  2/33 | Most Favorited Anime Collection | = | Hunter x Hunter (2011)                               |
[2023-02-02 01:02:01,649] [builder.py:1709]           [INFO]     |  3/33 | Most Favorited Anime Collection | = | Steins;Gate                                          |
[2023-02-02 01:02:01,650] [builder.py:1709]           [INFO]     |  4/33 | Most Favorited Anime Collection | = | Death Note                                           |
[2023-02-02 01:02:01,650] [builder.py:1709]           [INFO]     |  5/33 | Most Favorited Anime Collection | = | Shingeki no Kyojin                                   |
[2023-02-02 01:02:01,651] [builder.py:1709]           [INFO]     |  6/33 | Most Favorited Anime Collection | = | Code Geass: Hangyaku no Lelouch                      |
[2023-02-02 01:02:01,651] [builder.py:1709]           [INFO]     |  7/33 | Most Favorited Anime Collection | = | Shinseiki Evangelion                                 |
[2023-02-02 01:02:01,651] [builder.py:1709]           [INFO]     |  8/33 | Most Favorited Anime Collection | = | Kimetsu no Yaiba                                     |
[2023-02-02 01:02:01,652] [builder.py:1709]           [INFO]     |  9/33 | Most Favorited Anime Collection | = | Shigatsu wa Kimi no Uso                              |
[2023-02-02 01:02:01,652] [builder.py:1709]           [INFO]     | 10/33 | Most Favorited Anime Collection | = | Jujutsu Kaisen                                       |
[2023-02-02 01:02:01,652] [builder.py:1709]           [INFO]     | 11/33 | Most Favorited Anime Collection | = | Cowboy Bebop                                         |
[2023-02-02 01:02:01,653] [builder.py:1709]           [INFO]     | 12/33 | Most Favorited Anime Collection | = | Tengen Toppa Gurren Lagann                           |
[2023-02-02 01:02:01,653] [builder.py:1709]           [INFO]     | 13/33 | Most Favorited Anime Collection | = | Naruto                                               |
[2023-02-02 01:02:01,653] [builder.py:1709]           [INFO]     | 14/33 | Most Favorited Anime Collection | = | Haikyuu!!                                            |
[2023-02-02 01:02:01,654] [builder.py:1709]           [INFO]     | 15/33 | Most Favorited Anime Collection | = | Re:Zero kara Hajimeru Isekai Seikatsu (2021)         |
[2023-02-02 01:02:01,654] [builder.py:1709]           [INFO]     | 16/33 | Most Favorited Anime Collection | = | One Punch Man                                        |
[2023-02-02 01:02:01,654] [builder.py:1709]           [INFO]     | 17/33 | Most Favorited Anime Collection | = | Violet Evergarden                                    |
[2023-02-02 01:02:01,655] [builder.py:1709]           [INFO]     | 18/33 | Most Favorited Anime Collection | = | Toradora!                                            |
[2023-02-02 01:02:01,655] [builder.py:1709]           [INFO]     | 19/33 | Most Favorited Anime Collection | = | Boku no Hero Academia                                |
[2023-02-02 01:02:01,655] [builder.py:1709]           [INFO]     | 20/33 | Most Favorited Anime Collection | = | Tokyo Ghoul                                          |
[2023-02-02 01:02:01,656] [builder.py:1709]           [INFO]     | 21/33 | Most Favorited Anime Collection | = | Bakemonogatari                                       |
[2023-02-02 01:02:01,656] [builder.py:1709]           [INFO]     | 22/33 | Most Favorited Anime Collection | = | Angel Beats!                                         |
[2023-02-02 01:02:01,656] [builder.py:1709]           [INFO]     | 23/33 | Most Favorited Anime Collection | = | No Game No Life                                      |
[2023-02-02 01:02:01,657] [builder.py:1709]           [INFO]     | 24/33 | Most Favorited Anime Collection | = | Boku dake ga Inai Machi                              |
[2023-02-02 01:02:01,657] [builder.py:1709]           [INFO]     | 25/33 | Most Favorited Anime Collection | = | Seishun Buta Yarou wa Bunny Girl Senpai no Yume o Minai |
[2023-02-02 01:02:01,658] [builder.py:1709]           [INFO]     | 26/33 | Most Favorited Anime Collection | = | Mob Psycho 100                                       |
[2023-02-02 01:02:01,658] [builder.py:1709]           [INFO]     | 27/33 | Most Favorited Anime Collection | = | Kono Subarashii Sekai ni Shukufuku o!                |
[2023-02-02 01:02:01,658] [builder.py:1709]           [INFO]     | 28/33 | Most Favorited Anime Collection | = | Made in Abyss                                        |
[2023-02-02 01:02:01,659] [builder.py:1709]           [INFO]     | 29/33 | Most Favorited Anime Collection | = | Vinland Saga                                         |
[2023-02-02 01:02:01,659] [builder.py:1709]           [INFO]     | 30/33 | Most Favorited Anime Collection | = | Spy x Family (2022)                                  |
[2023-02-02 01:02:01,660] [builder.py:1709]           [INFO]     | 31/33 | Most Favorited Anime Collection | = | Kaguya-sama wa Kokurasetai: Tensai-tachi no Ren'ai Zunousen |
[2023-02-02 01:02:01,660] [builder.py:1709]           [INFO]     | 32/33 | Most Favorited Anime Collection | = | Kill la Kill                                         |
[2023-02-02 01:02:01,660] [builder.py:1709]           [INFO]     | 33/33 | Most Favorited Anime Collection | = | Chainsaw Man                                         |
[2023-02-02 01:02:01,661] [builder.py:1734]           [INFO]     |                                                                                                    |
[2023-02-02 01:02:01,661] [builder.py:1735]           [INFO]     | 33 Shows Processed                                                                                 |
[2023-02-02 01:02:01,661] [builder.py:1929]           [INFO]     |                                                                                                    |
[2023-02-02 01:02:01,662] [util.py:216]               [INFO]     |======================== Missing Movies from Library: Most Favorited Anime =========================|
[2023-02-02 01:02:01,662] [builder.py:1931]           [INFO]     |                                                                                                    |
[2023-02-02 01:02:01,664] [builder.py:1943]           [INFO]     | Most Favorited Anime Collection | ? | Your Name. (2016) (TMDb: 372058)                             |
[2023-02-02 01:02:01,666] [builder.py:1943]           [INFO]     | Most Favorited Anime Collection | ? | A Silent Voice: The Movie (2016) (TMDb: 378064)              |
[2023-02-02 01:02:01,667] [builder.py:1947]           [INFO]     |                                                                                                    |
[2023-02-02 01:02:01,667] [builder.py:1948]           [INFO]     | 2 Movies Missing                                                                                   |
[2023-02-02 01:02:01,677] [builder.py:1969]           [INFO]     |                                                                                                    |
[2023-02-02 01:02:01,678] [util.py:216]               [INFO]     |========================= Missing Shows from Library: Most Favorited Anime =========================|
[2023-02-02 01:02:01,678] [builder.py:1971]           [INFO]     |                                                                                                    |
[2023-02-02 01:02:03,702] [builder.py:1982]           [INFO]     | Most Favorited Anime Collection | ? | One Piece (TVDB: 81797)                                      |
[2023-02-02 01:02:04,884] [builder.py:1982]           [INFO]     | Most Favorited Anime Collection | ? | Naruto Shippuden (TVDB: 79824)                               |
[2023-02-02 01:02:05,334] [builder.py:1982]           [INFO]     | Most Favorited Anime Collection | ? | Clannad (TVDB: 80644)                                        |
[2023-02-02 01:02:07,367] [builder.py:1982]           [INFO]     | Most Favorited Anime Collection | ? | Bleach (TVDB: 74796)                                         |
[2023-02-02 01:02:07,948] [builder.py:1982]           [INFO]     | Most Favorited Anime Collection | ? | Sword Art Online (TVDB: 259640)                              |
[2023-02-02 01:02:08,781] [builder.py:1982]           [INFO]     | Most Favorited Anime Collection | ? | Gintama (TVDB: 79895)                                        |
[2023-02-02 01:02:09,120] [builder.py:1982]           [INFO]     | Most Favorited Anime Collection | ? | Puella Magi Madoka Magica (TVDB: 219181)                     |
[2023-02-02 01:02:10,380] [builder.py:1982]           [INFO]     | Most Favorited Anime Collection | ? | Fairy Tail (TVDB: 114801)                                    |
[2023-02-02 01:02:10,847] [builder.py:1982]           [INFO]     | Most Favorited Anime Collection | ? | Monster (TVDB: 74599)                                        |
[2023-02-02 01:02:11,520] [builder.py:1982]           [INFO]     | Most Favorited Anime Collection | ? | Black Clover (TVDB: 331753)                                  |
[2023-02-02 01:02:12,009] [builder.py:1982]           [INFO]     | Most Favorited Anime Collection | ? | Psycho-Pass (TVDB: 262090)                                   |
[2023-02-02 01:02:12,633] [builder.py:1982]           [INFO]     | Most Favorited Anime Collection | ? | JoJo's Bizarre Adventure (2012) (TVDB: 262954)               |
[2023-02-02 01:02:12,633] [builder.py:1986]           [INFO]     |                                                                                                    |
[2023-02-02 01:02:12,634] [builder.py:1987]           [INFO]     | 12 Shows Missing                                                                                   |
[2023-02-02 01:02:12,645] [sonarr.py:69]              [INFO]     |                                                                                                    |
[2023-02-02 01:02:12,645] [util.py:216]               [INFO]     |===================================== Adding Missing to Sonarr =====================================|
[2023-02-02 01:02:12,646] [sonarr.py:71]              [DEBUG]    |                                                                                                    |
[2023-02-02 01:02:12,646] [sonarr.py:72]              [DEBUG]    | Sonarr Adds: [81797, 79824, 80644, 74796, 259640, 79895, 219181, 114801, 74599, 331753, 262090, 262954] |
[2023-02-02 01:02:12,937] [sonarr.py:165]             [INFO]     |                                                                                                    |
[2023-02-02 01:02:12,937] [sonarr.py:173]             [INFO]     | Skipped: In Cache | 81797                                                                          |
[2023-02-02 01:02:12,938] [sonarr.py:173]             [INFO]     | Skipped: In Cache | 79824                                                                          |
[2023-02-02 01:02:12,938] [sonarr.py:173]             [INFO]     | Skipped: In Cache | 80644                                                                          |
[2023-02-02 01:02:12,938] [sonarr.py:173]             [INFO]     | Skipped: In Cache | 74796                                                                          |
[2023-02-02 01:02:12,939] [sonarr.py:173]             [INFO]     | Skipped: In Cache | 259640                                                                         |
[2023-02-02 01:02:12,939] [sonarr.py:173]             [INFO]     | Skipped: In Cache | 79895                                                                          |
[2023-02-02 01:02:12,940] [sonarr.py:173]             [INFO]     | Skipped: In Cache | 219181                                                                         |
[2023-02-02 01:02:12,940] [sonarr.py:173]             [INFO]     | Skipped: In Cache | 114801                                                                         |
[2023-02-02 01:02:12,940] [sonarr.py:173]             [INFO]     | Skipped: In Cache | 74599                                                                          |
[2023-02-02 01:02:12,940] [sonarr.py:173]             [INFO]     | Skipped: In Cache | 331753                                                                         |
[2023-02-02 01:02:12,941] [sonarr.py:173]             [INFO]     | Skipped: In Cache | 262090                                                                         |
[2023-02-02 01:02:12,941] [sonarr.py:173]             [INFO]     | Skipped: In Cache | 262954                                                                         |
[2023-02-02 01:02:12,941] [sonarr.py:174]             [INFO]     | 12 Series already exist in Sonarr                                                                  |
[2023-02-02 01:02:12,947] [builder.py:2147]           [INFO]     |                                                                                                    |
[2023-02-02 01:02:12,947] [util.py:216]               [INFO]     |======================= Updating Details of Most Favorited Anime Collection ========================|
[2023-02-02 01:02:12,947] [builder.py:2149]           [INFO]     |                                                                                                    |
[2023-02-02 01:02:12,949] [builder.py:2294]           [INFO]     | No poster collection detail or asset folder found                                                  |
[2023-02-02 01:02:12,950] [builder.py:2327]           [INFO]     | No background collection detail or asset folder found                                              |
[2023-02-02 01:02:12,980] [builder.py:2023]           [INFO]     |                                                                                                    |
[2023-02-02 01:02:12,981] [util.py:216]               [INFO]     |================= Updating Details of the Items in Most Favorited Anime Collection =================|
[2023-02-02 01:02:12,981] [builder.py:2025]           [INFO]     |                                                                                                    |
[2023-02-02 01:02:19,002] [sonarr.py:69]              [INFO]     |                                                                                                    |
[2023-02-02 01:02:19,003] [util.py:216]               [INFO]     |==================================== Adding Existing to Sonarr =====================================|
[2023-02-02 01:02:19,003] [sonarr.py:71]              [DEBUG]    |                                                                                                    |
[2023-02-02 01:02:19,004] [sonarr.py:72]              [DEBUG]    | Sonarr Adds:                                                                                       |
[2023-02-02 01:02:19,004] [sonarr.py:74]              [DEBUG]    | (85249, 'F:\\Anime\\Fullmetal Alchemist - Brotherhood (2009) [tvdb-85249]')                        |
[2023-02-02 01:02:19,004] [sonarr.py:74]              [DEBUG]    | (252322, 'F:\\Anime\\Hunter x Hunter (2011) [tvdb-252322]')                                        |
[2023-02-02 01:02:19,004] [sonarr.py:74]              [DEBUG]    | (244061, 'F:\\Anime\\Steins;Gate (2011) [tvdb-244061]')                                            |
[2023-02-02 01:02:19,005] [sonarr.py:74]              [DEBUG]    | (79481, 'F:\\Anime\\Death Note (2006) [tvdb-79481]')                                               |
[2023-02-02 01:02:19,005] [sonarr.py:74]              [DEBUG]    | (267440, 'F:\\Anime\\Attack on Titan (2013) [tvdb-267440]')                                        |
[2023-02-02 01:02:19,005] [sonarr.py:74]              [DEBUG]    | (79525, 'F:\\Anime\\Code Geass - Lelouch of the Rebellion (2006) [tvdb-79525]')                    |
[2023-02-02 01:02:19,006] [sonarr.py:74]              [DEBUG]    | (70350, 'F:\\Anime\\Neon Genesis Evangelion (1995) [tvdb-70350]')                                  |
[2023-02-02 01:02:19,006] [sonarr.py:74]              [DEBUG]    | (348545, 'F:\\Anime\\Demon Slayer - Kimetsu no Yaiba (2019) [tvdb-348545]')                        |
[2023-02-02 01:02:19,006] [sonarr.py:74]              [DEBUG]    | (279830, 'F:\\Anime\\Your Lie in April (2014) [tvdb-279830]')                                      |
[2023-02-02 01:02:19,006] [sonarr.py:74]              [DEBUG]    | (377543, 'F:\\Anime\\Jujutsu Kaisen (2020) [tvdb-377543]')                                         |
[2023-02-02 01:02:19,006] [sonarr.py:74]              [DEBUG]    | (76885, 'F:\\Anime\\Cowboy Bebop (1998) [tvdb-76885]')                                             |
[2023-02-02 01:02:19,007] [sonarr.py:74]              [DEBUG]    | (80096, 'F:\\Anime\\Gurren Lagann (2007) [tvdb-80096]')                                            |
[2023-02-02 01:02:19,007] [sonarr.py:74]              [DEBUG]    | (78857, 'F:\\Anime\\Naruto (2002) [tvdb-78857]')                                                   |
[2023-02-02 01:02:19,007] [sonarr.py:74]              [DEBUG]    | (278157, 'F:\\Anime\\Haikyu!! (2014) [tvdb-278157]')                                               |
[2023-02-02 01:02:19,007] [sonarr.py:74]              [DEBUG]    | (305089, 'F:\\Anime\\Re - ZERO, Starting Life in Another World (2016) [tvdb-305089]')              |
[2023-02-02 01:02:19,008] [sonarr.py:74]              [DEBUG]    | (293088, 'F:\\Anime\\One-Punch Man (2015) [tvdb-293088]')                                          |
[2023-02-02 01:02:19,008] [sonarr.py:74]              [DEBUG]    | (330139, 'F:\\Anime\\Violet Evergarden (2018) [tvdb-330139]')                                      |
[2023-02-02 01:02:19,008] [sonarr.py:74]              [DEBUG]    | (83277, 'F:\\Anime\\Toradora! (2008) [tvdb-83277]')                                                |
[2023-02-02 01:02:19,008] [sonarr.py:74]              [DEBUG]    | (305074, 'F:\\Anime\\My Hero Academia (2016) [tvdb-305074]')                                       |
[2023-02-02 01:02:19,009] [sonarr.py:74]              [DEBUG]    | (281249, 'F:\\Anime\\Tokyo Ghoul (2014) [tvdb-281249]')                                            |
[2023-02-02 01:02:19,009] [sonarr.py:74]              [DEBUG]    | (102261, 'F:\\Anime\\Monogatari (2009) [tvdb-102261]')                                             |
[2023-02-02 01:02:19,009] [sonarr.py:74]              [DEBUG]    | (150471, 'F:\\Anime\\Angel Beats! (2010) [tvdb-150471]')                                           |
[2023-02-02 01:02:19,009] [sonarr.py:74]              [DEBUG]    | (278155, 'F:\\Anime\\No Game, No Life (2014) [tvdb-278155]')                                       |
[2023-02-02 01:02:19,010] [sonarr.py:74]              [DEBUG]    | (303071, 'F:\\Anime\\Erased (2016) [tvdb-303071]')                                                 |
[2023-02-02 01:02:19,010] [sonarr.py:74]              [DEBUG]    | (345596, 'F:\\Anime\\Rascal Does Not Dream of Bunny Girl Senpai (2018) [tvdb-345596]')             |
[2023-02-02 01:02:19,010] [sonarr.py:74]              [DEBUG]    | (307375, 'F:\\Anime\\Mob Psycho 100 (2016) [tvdb-307375]')                                         |
[2023-02-02 01:02:19,011] [sonarr.py:74]              [DEBUG]    | (303867, "F:\\Anime\\KonoSuba – God's blessing on this wonderful world!! (2016) [tvdb-303867]")    |
[2023-02-02 01:02:19,011] [sonarr.py:74]              [DEBUG]    | (326109, 'F:\\Anime\\Made in Abyss (2017) [tvdb-326109]')                                          |
[2023-02-02 01:02:19,011] [sonarr.py:74]              [DEBUG]    | (359274, 'F:\\Anime\\Vinland Saga (2019) [tvdb-359274]')                                           |
[2023-02-02 01:02:19,011] [sonarr.py:74]              [DEBUG]    | (405920, 'F:\\Anime\\SPY x FAMILY (2022) [tvdb-405920]')                                           |
[2023-02-02 01:02:19,012] [sonarr.py:74]              [DEBUG]    | (354198, 'F:\\Anime\\Kaguya-sama - Love Is War (2019) [tvdb-354198]')                              |
[2023-02-02 01:02:19,012] [sonarr.py:74]              [DEBUG]    | (272074, 'F:\\Anime\\Kill la Kill (2013) [tvdb-272074]')                                           |
[2023-02-02 01:02:19,012] [sonarr.py:74]              [DEBUG]    | (397934, 'F:\\Anime\\Chainsaw Man (2022) [tvdb-397934]')                                           |
[2023-02-02 01:02:19,304] [sonarr.py:165]             [INFO]     |                                                                                                    |
[2023-02-02 01:02:19,304] [sonarr.py:173]             [INFO]     | Skipped: In Cache | (85249, 'F:\\Anime\\Fullmetal Alchemist - Brotherhood (2009) [tvdb-85249]')    |
[2023-02-02 01:02:19,305] [sonarr.py:173]             [INFO]     | Skipped: In Cache | (252322, 'F:\\Anime\\Hunter x Hunter (2011) [tvdb-252322]')                    |
[2023-02-02 01:02:19,305] [sonarr.py:173]             [INFO]     | Skipped: In Cache | (244061, 'F:\\Anime\\Steins;Gate (2011) [tvdb-244061]')                        |
[2023-02-02 01:02:19,305] [sonarr.py:173]             [INFO]     | Skipped: In Cache | (79481, 'F:\\Anime\\Death Note (2006) [tvdb-79481]')                           |
[2023-02-02 01:02:19,305] [sonarr.py:173]             [INFO]     | Skipped: In Cache | (267440, 'F:\\Anime\\Attack on Titan (2013) [tvdb-267440]')                    |
[2023-02-02 01:02:19,306] [sonarr.py:173]             [INFO]     | Skipped: In Cache | (79525, 'F:\\Anime\\Code Geass - Lelouch of the Rebellion (2006) [tvdb-79525]') |
[2023-02-02 01:02:19,306] [sonarr.py:173]             [INFO]     | Skipped: In Cache | (70350, 'F:\\Anime\\Neon Genesis Evangelion (1995) [tvdb-70350]')              |
[2023-02-02 01:02:19,307] [sonarr.py:173]             [INFO]     | Skipped: In Cache | (348545, 'F:\\Anime\\Demon Slayer - Kimetsu no Yaiba (2019) [tvdb-348545]')    |
[2023-02-02 01:02:19,307] [sonarr.py:173]             [INFO]     | Skipped: In Cache | (279830, 'F:\\Anime\\Your Lie in April (2014) [tvdb-279830]')                  |
[2023-02-02 01:02:19,307] [sonarr.py:173]             [INFO]     | Skipped: In Cache | (377543, 'F:\\Anime\\Jujutsu Kaisen (2020) [tvdb-377543]')                     |
[2023-02-02 01:02:19,307] [sonarr.py:173]             [INFO]     | Skipped: In Cache | (76885, 'F:\\Anime\\Cowboy Bebop (1998) [tvdb-76885]')                         |
[2023-02-02 01:02:19,308] [sonarr.py:173]             [INFO]     | Skipped: In Cache | (80096, 'F:\\Anime\\Gurren Lagann (2007) [tvdb-80096]')                        |
[2023-02-02 01:02:19,308] [sonarr.py:173]             [INFO]     | Skipped: In Cache | (78857, 'F:\\Anime\\Naruto (2002) [tvdb-78857]')                               |
[2023-02-02 01:02:19,308] [sonarr.py:173]             [INFO]     | Skipped: In Cache | (278157, 'F:\\Anime\\Haikyu!! (2014) [tvdb-278157]')                           |
[2023-02-02 01:02:19,309] [sonarr.py:173]             [INFO]     | Skipped: In Cache | (305089, 'F:\\Anime\\Re - ZERO, Starting Life in Another World (2016) [tvdb-305089]') |
[2023-02-02 01:02:19,309] [sonarr.py:173]             [INFO]     | Skipped: In Cache | (293088, 'F:\\Anime\\One-Punch Man (2015) [tvdb-293088]')                      |
[2023-02-02 01:02:19,309] [sonarr.py:173]             [INFO]     | Skipped: In Cache | (330139, 'F:\\Anime\\Violet Evergarden (2018) [tvdb-330139]')                  |
[2023-02-02 01:02:19,310] [sonarr.py:173]             [INFO]     | Skipped: In Cache | (83277, 'F:\\Anime\\Toradora! (2008) [tvdb-83277]')                            |
[2023-02-02 01:02:19,310] [sonarr.py:173]             [INFO]     | Skipped: In Cache | (305074, 'F:\\Anime\\My Hero Academia (2016) [tvdb-305074]')                   |
[2023-02-02 01:02:19,310] [sonarr.py:173]             [INFO]     | Skipped: In Cache | (281249, 'F:\\Anime\\Tokyo Ghoul (2014) [tvdb-281249]')                        |
[2023-02-02 01:02:19,311] [sonarr.py:173]             [INFO]     | Skipped: In Cache | (102261, 'F:\\Anime\\Monogatari (2009) [tvdb-102261]')                         |
[2023-02-02 01:02:19,311] [sonarr.py:173]             [INFO]     | Skipped: In Cache | (150471, 'F:\\Anime\\Angel Beats! (2010) [tvdb-150471]')                       |
[2023-02-02 01:02:19,311] [sonarr.py:173]             [INFO]     | Skipped: In Cache | (278155, 'F:\\Anime\\No Game, No Life (2014) [tvdb-278155]')                   |
[2023-02-02 01:02:19,311] [sonarr.py:173]             [INFO]     | Skipped: In Cache | (303071, 'F:\\Anime\\Erased (2016) [tvdb-303071]')                             |
[2023-02-02 01:02:19,312] [sonarr.py:173]             [INFO]     | Skipped: In Cache | (345596, 'F:\\Anime\\Rascal Does Not Dream of Bunny Girl Senpai (2018) [tvdb-345596]') |
[2023-02-02 01:02:19,312] [sonarr.py:173]             [INFO]     | Skipped: In Cache | (307375, 'F:\\Anime\\Mob Psycho 100 (2016) [tvdb-307375]')                     |
[2023-02-02 01:02:19,312] [sonarr.py:173]             [INFO]     | Skipped: In Cache | (303867, "F:\\Anime\\KonoSuba – God's blessing on this wonderful world!! (2016) [tvdb-303867]") |
[2023-02-02 01:02:19,313] [sonarr.py:173]             [INFO]     | Skipped: In Cache | (326109, 'F:\\Anime\\Made in Abyss (2017) [tvdb-326109]')                      |
[2023-02-02 01:02:19,313] [sonarr.py:173]             [INFO]     | Skipped: In Cache | (359274, 'F:\\Anime\\Vinland Saga (2019) [tvdb-359274]')                       |
[2023-02-02 01:02:19,313] [sonarr.py:173]             [INFO]     | Skipped: In Cache | (405920, 'F:\\Anime\\SPY x FAMILY (2022) [tvdb-405920]')                       |
[2023-02-02 01:02:19,313] [sonarr.py:173]             [INFO]     | Skipped: In Cache | (354198, 'F:\\Anime\\Kaguya-sama - Love Is War (2019) [tvdb-354198]')          |
[2023-02-02 01:02:19,314] [sonarr.py:173]             [INFO]     | Skipped: In Cache | (272074, 'F:\\Anime\\Kill la Kill (2013) [tvdb-272074]')                       |
[2023-02-02 01:02:19,314] [sonarr.py:173]             [INFO]     | Skipped: In Cache | (397934, 'F:\\Anime\\Chainsaw Man (2022) [tvdb-397934]')                       |
[2023-02-02 01:02:19,314] [sonarr.py:174]             [INFO]     | 33 Series already exist in Sonarr                                                                  |
[2023-02-02 01:02:19,315] [plex_meta_manager.py:880]  [INFO]     |                                                                                                    |
[2023-02-02 01:02:19,316] [util.py:209]               [INFO]     |====================================================================================================|
[2023-02-02 01:02:19,316] [util.py:216]               [INFO]     |                              Finished Most Favorited Anime Collection                              |
[2023-02-02 01:02:19,316] [util.py:216]               [INFO]     |                                    Collection Run Time: 0:00:18                                    |
[2023-02-02 01:02:19,317] [util.py:220]               [INFO]     |====================================================================================================|
