[2023-02-02 01:02:58,088] [util.py:209]               [INFO]     |====================================================================================================|
[2023-02-02 01:02:58,089] [util.py:216]               [INFO]     |                                 Popular TV Collection in TV Shows                                  |
[2023-02-02 01:02:58,089] [util.py:220]               [INFO]     |====================================================================================================|
[2023-02-02 01:02:58,090] [plex_meta_manager.py:750]  [INFO]     |                                                                                                    |
[2023-02-02 01:02:58,090] [util.py:216]               [INFO]     |================================= Validating Popular TV Attributes =================================|
[2023-02-02 01:02:58,090] [builder.py:330]            [DEBUG]    |                                                                                                    |
[2023-02-02 01:02:58,091] [builder.py:331]            [DEBUG]    | Validating Method: sync_mode                                                                       |
[2023-02-02 01:02:58,091] [builder.py:335]            [DEBUG]    | Value: sync                                                                                        |
[2023-02-02 01:02:58,091] [builder.py:389]            [DEBUG]    |                                                                                                    |
[2023-02-02 01:02:58,091] [builder.py:390]            [DEBUG]    | Validating Method: smart_label                                                                     |
[2023-02-02 01:02:58,092] [builder.py:395]            [DEBUG]    | Value: originally_available.desc                                                                   |
[2023-02-02 01:02:58,092] [builder.py:472]            [DEBUG]    |                                                                                                    |
[2023-02-02 01:02:58,092] [builder.py:473]            [DEBUG]    | Validating Method: sort_title                                                                      |
[2023-02-02 01:02:58,092] [builder.py:474]            [DEBUG]    | Value: +1b                                                                                         |
[2023-02-02 01:02:58,093] [builder.py:472]            [DEBUG]    |                                                                                                    |
[2023-02-02 01:02:58,093] [builder.py:473]            [DEBUG]    | Validating Method: imdb_list                                                                       |
[2023-02-02 01:02:58,093] [builder.py:474]            [DEBUG]    | Value: ordereddict([('url', 'https://www.imdb.com/search/title/?title_type=tv_series,tv_miniseries'), ('limit', 40)]) |
[2023-02-02 01:02:58,734] [builder.py:472]            [DEBUG]    |                                                                                                    |
[2023-02-02 01:02:58,735] [builder.py:473]            [DEBUG]    | Validating Method: summary                                                                         |
[2023-02-02 01:02:58,735] [builder.py:474]            [DEBUG]    | Value: Popular Shows across the internet                                                           |
[2023-02-02 01:02:58,735] [builder.py:472]            [DEBUG]    |                                                                                                    |
[2023-02-02 01:02:58,736] [builder.py:473]            [DEBUG]    | Validating Method: url_poster                                                                      |
[2023-02-02 01:02:58,736] [builder.py:474]            [DEBUG]    | Value: https://i.imgur.com/s90PSic.png                                                             |
[2023-02-02 01:02:58,736] [builder.py:472]            [DEBUG]    |                                                                                                    |
[2023-02-02 01:02:58,736] [builder.py:473]            [DEBUG]    | Validating Method: url_background                                                                  |
[2023-02-02 01:02:58,737] [builder.py:474]            [DEBUG]    | Value: https://wallpaper.dog/large/20509069.jpg                                                    |
[2023-02-02 01:02:58,737] [builder.py:472]            [DEBUG]    |                                                                                                    |
[2023-02-02 01:02:58,737] [builder.py:473]            [DEBUG]    | Validating Method: visible_home                                                                    |
[2023-02-02 01:02:58,737] [builder.py:474]            [DEBUG]    | Value: True                                                                                        |
[2023-02-02 01:02:58,738] [builder.py:472]            [DEBUG]    |                                                                                                    |
[2023-02-02 01:02:58,738] [builder.py:473]            [DEBUG]    | Validating Method: visible_shared                                                                  |
[2023-02-02 01:02:58,738] [builder.py:474]            [DEBUG]    | Value: True                                                                                        |
[2023-02-02 01:02:58,738] [builder.py:472]            [DEBUG]    |                                                                                                    |
[2023-02-02 01:02:58,739] [builder.py:473]            [DEBUG]    | Validating Method: visible_library                                                                 |
[2023-02-02 01:02:58,739] [builder.py:474]            [DEBUG]    | Value: True                                                                                        |
[2023-02-02 01:02:58,739] [builder.py:472]            [DEBUG]    |                                                                                                    |
[2023-02-02 01:02:58,740] [builder.py:473]            [DEBUG]    | Validating Method: sonarr_add_missing                                                              |
[2023-02-02 01:02:58,740] [builder.py:474]            [DEBUG]    | Value: True                                                                                        |
[2023-02-02 01:02:58,777] [builder.py:619]            [INFO]     |                                                                                                    |
[2023-02-02 01:02:58,777] [builder.py:620]            [INFO]     | Validation Successful                                                                              |
[2023-02-02 01:02:58,779] [plex_meta_manager.py:758]  [INFO]     |                                                                                                    |
[2023-02-02 01:02:58,780] [util.py:216]               [INFO]     |================================== Running Popular TV Collection ===================================|
[2023-02-02 01:02:58,780] [plex_meta_manager.py:773]  [INFO]     |                                                                                                    |
[2023-02-02 01:02:58,780] [plex_meta_manager.py:774]  [INFO]     | Sync Mode: sync                                                                                    |
[2023-02-02 01:02:58,781] [builder.py:1275]           [DEBUG]    |                                                                                                    |
[2023-02-02 01:02:58,781] [builder.py:1276]           [DEBUG]    | Builder: imdb_list: {'url': 'https://www.imdb.com/search/title/?title_type=tv_series,tv_miniseries', 'limit': 40} |
[2023-02-02 01:02:58,781] [builder.py:1277]           [INFO]     |                                                                                                    |
[2023-02-02 01:02:58,781] [imdb.py:158]               [INFO]     | Processing IMDb List: 40 Items at https://www.imdb.com/search/title/?title_type=tv_series,tv_miniseries |
[2023-02-02 01:03:01,894] [imdb.py:127]               [DEBUG]    | 40 IMDb IDs Found: ['tt3581920', 'tt15591076', 'tt13406094', 'tt14153790', 'tt4236770', 'tt13443470', 'tt10813940', 'tt14269590', 'tt1520211', 'tt0165598', 'tt15677150', 'tt0944947', 'tt7949212', 'tt7456722', 'tt16358384', 'tt18335752', 'tt4565380', 'tt0903747', 'tt11311302', 'tt3428912', 'tt0452046', 'tt15438246', 'tt11712058', 'tt7440726', 'tt11247158', 'tt14579330', 'tt13991232', 'tt7221388', 'tt5057054', 'tt3032476', 'tt2861424', 'tt15487922', 'tt8111088', 'tt11198330', 'tt1190634', 'tt15428778', 'tt0386676', 'tt4574334', 'tt16913068', 'tt0086770'] |
[2023-02-02 01:03:01,895] [builder.py:1282]           [DEBUG]    |                                                                                                    |
[2023-02-02 01:03:01,895] [builder.py:1283]           [DEBUG]    | 40 IDs Found: [('tt3581920', 'imdb'), ('tt15591076', 'imdb'), ('tt13406094', 'imdb'), ('tt14153790', 'imdb'), ('tt4236770', 'imdb'), ('tt13443470', 'imdb'), ('tt10813940', 'imdb'), ('tt14269590', 'imdb'), ('tt1520211', 'imdb'), ('tt0165598', 'imdb'), ('tt15677150', 'imdb'), ('tt0944947', 'imdb'), ('tt7949212', 'imdb'), ('tt7456722', 'imdb'), ('tt16358384', 'imdb'), ('tt18335752', 'imdb'), ('tt4565380', 'imdb'), ('tt0903747', 'imdb'), ('tt11311302', 'imdb'), ('tt3428912', 'imdb'), ('tt0452046', 'imdb'), ('tt15438246', 'imdb'), ('tt11712058', 'imdb'), ('tt7440726', 'imdb'), ('tt11247158', 'imdb'), ('tt14579330', 'imdb'), ('tt13991232', 'imdb'), ('tt7221388', 'imdb'), ('tt5057054', 'imdb'), ('tt3032476', 'imdb'), ('tt2861424', 'imdb'), ('tt15487922', 'imdb'), ('tt8111088', 'imdb'), ('tt11198330', 'imdb'), ('tt1190634', 'imdb'), ('tt15428778', 'imdb'), ('tt0386676', 'imdb'), ('tt4574334', 'imdb'), ('tt16913068', 'imdb'), ('tt0086770', 'imdb')] |
[2023-02-02 01:03:01,895] [builder.py:1284]           [DEBUG]    |                                                                                                    |
[2023-02-02 01:03:02,302] [builder.py:1697]           [INFO]     |                                                                                                    |
[2023-02-02 01:03:02,302] [util.py:216]               [INFO]     |================================= Adding to Popular TV Collection ==================================|
[2023-02-02 01:03:02,303] [builder.py:1699]           [INFO]     |                                                                                                    |
[2023-02-02 01:03:02,321] [builder.py:1709]           [INFO]     |  1/12 | Popular TV Collection | = | The Last of Us                                                 |
[2023-02-02 01:03:02,322] [builder.py:1709]           [INFO]     |  2/12 | Popular TV Collection | = | The White Lotus                                                |
[2023-02-02 01:03:02,322] [builder.py:1709]           [INFO]     |  3/12 | Popular TV Collection | = | Wednesday                                                      |
[2023-02-02 01:03:02,322] [builder.py:1709]           [INFO]     |  4/12 | Popular TV Collection | = | Game of Thrones                                                |
[2023-02-02 01:03:02,323] [builder.py:1709]           [INFO]     |  5/12 | Popular TV Collection | = | Breaking Bad                                                   |
[2023-02-02 01:03:02,323] [builder.py:1709]           [INFO]     |  6/12 | Popular TV Collection | = | Cobra Kai                                                      |
[2023-02-02 01:03:02,323] [builder.py:1709]           [INFO]     |  7/12 | Popular TV Collection | = | Better Call Saul                                               |
[2023-02-02 01:03:02,324] [builder.py:1709]           [INFO]     |  8/12 | Popular TV Collection | = | Rick and Morty                                                 |
[2023-02-02 01:03:02,324] [builder.py:1709]           [INFO]     |  9/12 | Popular TV Collection | = | The Mandalorian                                                |
[2023-02-02 01:03:02,324] [builder.py:1709]           [INFO]     | 10/12 | Popular TV Collection | = | House of the Dragon                                            |
[2023-02-02 01:03:02,325] [builder.py:1709]           [INFO]     | 11/12 | Popular TV Collection | = | The Boys                                                       |
[2023-02-02 01:03:02,325] [builder.py:1709]           [INFO]     | 12/12 | Popular TV Collection | = | Stranger Things                                                |
[2023-02-02 01:03:02,326] [builder.py:1734]           [INFO]     |                                                                                                    |
[2023-02-02 01:03:02,326] [builder.py:1735]           [INFO]     | 12 Shows Processed                                                                                 |
[2023-02-02 01:03:02,326] [builder.py:1969]           [INFO]     |                                                                                                    |
[2023-02-02 01:03:02,327] [util.py:216]               [INFO]     |============================== Missing Shows from Library: Popular TV ==============================|
[2023-02-02 01:03:02,327] [builder.py:1971]           [INFO]     |                                                                                                    |
[2023-02-02 01:03:02,610] [builder.py:1982]           [INFO]     | Popular TV Collection | ? | That '90s Show (TVDB: 411173)                                          |
[2023-02-02 01:03:02,920] [builder.py:1982]           [INFO]     | Popular TV Collection | ? | Velma (TVDB: 396625)                                                   |
[2023-02-02 01:03:03,500] [builder.py:1982]           [INFO]     | Popular TV Collection | ? | Yellowstone (2018) (TVDB: 341164)                                      |
[2023-02-02 01:03:03,779] [builder.py:1982]           [INFO]     | Popular TV Collection | ? | Ginny & Georgia (TVDB: 393625)                                         |
[2023-02-02 01:03:04,023] [builder.py:1982]           [INFO]     | Popular TV Collection | ? | Poker Face (2023) (TVDB: 398822)                                       |
[2023-02-02 01:03:05,590] [builder.py:1982]           [INFO]     | Popular TV Collection | ? | The Walking Dead (TVDB: 153021)                                        |
[2023-02-02 01:03:06,448] [builder.py:1982]           [INFO]     | Popular TV Collection | ? | That '70s Show (TVDB: 73787)                                           |
[2023-02-02 01:03:06,749] [builder.py:1982]           [INFO]     | Popular TV Collection | ? | Shrinking (TVDB: 411364)                                               |
[2023-02-02 01:03:06,978] [builder.py:1982]           [INFO]     | Popular TV Collection | ? | Accused (US) (TVDB: 402879)                                            |
[2023-02-02 01:03:07,504] [builder.py:1982]           [INFO]     | Popular TV Collection | ? | Hunters (2020) (TVDB: 372081)                                          |
[2023-02-02 01:03:07,800] [builder.py:1982]           [INFO]     | Popular TV Collection | ? | Tulsa King (TVDB: 413215)                                              |
[2023-02-02 01:03:08,134] [builder.py:1982]           [INFO]     | Popular TV Collection | ? | 1923 (TVDB: 416491)                                                    |
[2023-02-02 01:03:08,527] [builder.py:1982]           [INFO]     | Popular TV Collection | ? | Fauda (TVDB: 291866)                                                   |
[2023-02-02 01:03:08,934] [builder.py:1982]           [INFO]     | Popular TV Collection | ? | Vikings: Valhalla (TVDB: 372700)                                       |
[2023-02-02 01:03:09,625] [builder.py:1982]           [INFO]     | Popular TV Collection | ? | Happy Valley (TVDB: 280537)                                            |
[2023-02-02 01:03:10,696] [builder.py:1982]           [INFO]     | Popular TV Collection | ? | Criminal Minds (TVDB: 75710)                                           |
[2023-02-02 01:03:10,946] [builder.py:1982]           [INFO]     | Popular TV Collection | ? | Kaleidoscope (2023) (TVDB: 410092)                                     |
[2023-02-02 01:03:11,254] [builder.py:1982]           [INFO]     | Popular TV Collection | ? | Mayor of Kingstown (TVDB: 386630)                                      |
[2023-02-02 01:03:11,664] [builder.py:1982]           [INFO]     | Popular TV Collection | ? | Your Honor (TVDB: 359579)                                              |
[2023-02-02 01:03:12,122] [builder.py:1982]           [INFO]     | Popular TV Collection | ? | The Legend of Vox Machina (TVDB: 368316)                               |
[2023-02-02 01:03:12,413] [builder.py:1982]           [INFO]     | Popular TV Collection | ? | Women at War (2022) (TVDB: 399825)                                     |
[2023-02-02 01:03:12,975] [builder.py:1982]           [INFO]     | Popular TV Collection | ? | 1883 (TVDB: 396390)                                                    |
[2023-02-02 01:03:13,370] [builder.py:1982]           [INFO]     | Popular TV Collection | ? | Tom Clancy's Jack Ryan (TVDB: 336261)                                  |
[2023-02-02 01:03:13,658] [builder.py:1982]           [INFO]     | Popular TV Collection | ? | Wolf Pack (TVDB: 410488)                                               |
[2023-02-02 01:03:13,999] [builder.py:1982]           [INFO]     | Popular TV Collection | ? | Anne Rice's Mayfair Witches (TVDB: 413074)                             |
[2023-02-02 01:03:16,421] [builder.py:1982]           [INFO]     | Popular TV Collection | ? | The Office (US) (TVDB: 73244)                                          |
[2023-02-02 01:03:16,644] [builder.py:1982]           [INFO]     | Popular TV Collection | ? | Shahmaran (TVDB: 396874)                                               |
[2023-02-02 01:03:17,062] [builder.py:1982]           [INFO]     | Popular TV Collection | ? | Night Court (TVDB: 70812)                                              |
[2023-02-02 01:03:17,062] [builder.py:1986]           [INFO]     |                                                                                                    |
[2023-02-02 01:03:17,063] [builder.py:1987]           [INFO]     | 28 Shows Missing                                                                                   |
[2023-02-02 01:03:17,068] [sonarr.py:69]              [INFO]     |                                                                                                    |
[2023-02-02 01:03:17,069] [util.py:216]               [INFO]     |===================================== Adding Missing to Sonarr =====================================|
[2023-02-02 01:03:17,069] [sonarr.py:71]              [DEBUG]    |                                                                                                    |
[2023-02-02 01:03:17,069] [sonarr.py:72]              [DEBUG]    | Sonarr Adds: [411173, 396625, 341164, 393625, 398822, 153021, 73787, 411364, 402879, 372081, 413215, 416491, 291866, 372700, 280537, 75710, 410092, 386630, 359579, 368316, 399825, 396390, 336261, 410488, 413074, 73244, 396874, 70812] |
[2023-02-02 01:03:17,672] [sonarr.py:165]             [INFO]     |                                                                                                    |
[2023-02-02 01:03:17,673] [sonarr.py:173]             [INFO]     | Skipped: In Cache | 411173                                                                         |
[2023-02-02 01:03:17,673] [sonarr.py:173]             [INFO]     | Skipped: In Cache | 396625                                                                         |
[2023-02-02 01:03:17,673] [sonarr.py:173]             [INFO]     | Skipped: In Cache | 341164                                                                         |
[2023-02-02 01:03:17,674] [sonarr.py:173]             [INFO]     | Skipped: In Cache | 393625                                                                         |
[2023-02-02 01:03:17,674] [sonarr.py:173]             [INFO]     | Skipped: In Cache | 398822                                                                         |
[2023-02-02 01:03:17,674] [sonarr.py:173]             [INFO]     | Skipped: In Cache | 153021                                                                         |
[2023-02-02 01:03:17,674] [sonarr.py:173]             [INFO]     | Skipped: In Cache | 73787                                                                          |
[2023-02-02 01:03:17,675] [sonarr.py:173]             [INFO]     | Skipped: In Cache | 411364                                                                         |
[2023-02-02 01:03:17,675] [sonarr.py:173]             [INFO]     | Skipped: In Cache | 402879                                                                         |
[2023-02-02 01:03:17,675] [sonarr.py:173]             [INFO]     | Skipped: In Cache | 372081                                                                         |
[2023-02-02 01:03:17,676] [sonarr.py:173]             [INFO]     | Skipped: In Cache | 413215                                                                         |
[2023-02-02 01:03:17,676] [sonarr.py:173]             [INFO]     | Skipped: In Cache | 416491                                                                         |
[2023-02-02 01:03:17,676] [sonarr.py:173]             [INFO]     | Skipped: In Cache | 291866                                                                         |
[2023-02-02 01:03:17,677] [sonarr.py:173]             [INFO]     | Skipped: In Cache | 372700                                                                         |
[2023-02-02 01:03:17,677] [sonarr.py:173]             [INFO]     | Skipped: In Cache | 280537                                                                         |
[2023-02-02 01:03:17,677] [sonarr.py:173]             [INFO]     | Skipped: In Cache | 75710                                                                          |
[2023-02-02 01:03:17,677] [sonarr.py:173]             [INFO]     | Skipped: In Cache | 410092                                                                         |
[2023-02-02 01:03:17,678] [sonarr.py:173]             [INFO]     | Skipped: In Cache | 386630                                                                         |
[2023-02-02 01:03:17,678] [sonarr.py:173]             [INFO]     | Skipped: In Cache | 359579                                                                         |
[2023-02-02 01:03:17,678] [sonarr.py:173]             [INFO]     | Skipped: In Cache | 399825                                                                         |
[2023-02-02 01:03:17,679] [sonarr.py:173]             [INFO]     | Skipped: In Cache | 396390                                                                         |
[2023-02-02 01:03:17,679] [sonarr.py:173]             [INFO]     | Skipped: In Cache | 336261                                                                         |
[2023-02-02 01:03:17,679] [sonarr.py:173]             [INFO]     | Skipped: In Cache | 410488                                                                         |
[2023-02-02 01:03:17,679] [sonarr.py:173]             [INFO]     | Skipped: In Cache | 413074                                                                         |
[2023-02-02 01:03:17,680] [sonarr.py:173]             [INFO]     | Skipped: In Cache | 73244                                                                          |
[2023-02-02 01:03:17,680] [sonarr.py:173]             [INFO]     | Skipped: In Cache | 396874                                                                         |
[2023-02-02 01:03:17,680] [sonarr.py:173]             [INFO]     | Skipped: In Cache | 70812                                                                          |
[2023-02-02 01:03:17,681] [sonarr.py:174]             [INFO]     | 27 Series already exist in Sonarr                                                                  |
[2023-02-02 01:03:17,681] [sonarr.py:192]             [INFO]     |                                                                                                    |
[2023-02-02 01:03:17,681] [sonarr.py:193]             [INFO]     | Invalid TVDb ID | [The Legend of Vox Machina]                                                      |
[2023-02-02 01:03:17,682] [sonarr.py:194]             [INFO]     | 1 Series with Invalid IDs                                                                          |
[2023-02-02 01:03:17,688] [builder.py:2147]           [INFO]     |                                                                                                    |
[2023-02-02 01:03:17,689] [util.py:216]               [INFO]     |============================ Updating Details of Popular TV Collection =============================|
[2023-02-02 01:03:17,689] [builder.py:2149]           [INFO]     |                                                                                                    |
[2023-02-02 01:03:17,690] [builder.py:2156]           [INFO]     | Detail: summary updated Collection Summary                                                         |
[2023-02-02 01:03:17,692] [builder.py:2258]           [DEBUG]    | 1 posters found:                                                                                   |
[2023-02-02 01:03:17,692] [builder.py:2260]           [DEBUG]    | Method: url_poster Poster: https://i.imgur.com/s90PSic.png                                         |
[2023-02-02 01:03:17,692] [builder.py:2298]           [DEBUG]    | 1 backgrounds found:                                                                               |
[2023-02-02 01:03:17,692] [builder.py:2300]           [DEBUG]    | Method: url_background Background: https://wallpaper.dog/large/20509069.jpg                        |
[2023-02-02 01:03:17,693] [library.py:147]            [INFO]     | Detail: poster update not needed                                                                   |
[2023-02-02 01:03:17,694] [library.py:197]            [INFO]     | Detail: background update not needed                                                               |
[2023-02-02 01:03:17,707] [plex_meta_manager.py:880]  [INFO]     |                                                                                                    |
[2023-02-02 01:03:17,707] [util.py:209]               [INFO]     |====================================================================================================|
[2023-02-02 01:03:17,708] [util.py:216]               [INFO]     |                                   Finished Popular TV Collection                                   |
[2023-02-02 01:03:17,708] [util.py:216]               [INFO]     |                                    Collection Run Time: 0:00:19                                    |
[2023-02-02 01:03:17,709] [util.py:220]               [INFO]     |====================================================================================================|
