[2023-02-25 01:01:34,594] [util.py:209]               [INFO]     |====================================================================================================|
[2023-02-25 01:01:34,595] [util.py:216]               [INFO]     |                               Best Blockbusters Collection in Movies                               |
[2023-02-25 01:01:34,595] [util.py:220]               [INFO]     |====================================================================================================|
[2023-02-25 01:01:34,595] [plex_meta_manager.py:750]  [INFO]     |                                                                                                    |
[2023-02-25 01:01:34,596] [util.py:216]               [INFO]     |============================= Validating Best Blockbusters Attributes ==============================|
[2023-02-25 01:01:34,596] [builder.py:265]            [DEBUG]    |                                                                                                    |
[2023-02-25 01:01:34,596] [builder.py:266]            [DEBUG]    | Validating Method: template                                                                        |
[2023-02-25 01:01:34,597] [meta.py:83]                [DEBUG]    | Value: ordereddict([('name', 'Holiday'), ('poster', './config/posters/paintings/summers_blockbuster.jpg')]) |
[2023-02-25 01:01:34,597] [builder.py:273]            [DEBUG]    |                                                                                                    |
[2023-02-25 01:01:34,597] [builder.py:274]            [DEBUG]    | Validating Method: delete_not_scheduled                                                            |
[2023-02-25 01:01:34,597] [builder.py:275]            [DEBUG]    | Value: True                                                                                        |
[2023-02-25 01:01:34,598] [builder.py:279]            [DEBUG]    |                                                                                                    |
[2023-02-25 01:01:34,598] [builder.py:280]            [DEBUG]    | Validating Method: schedule                                                                        |
[2023-02-25 01:01:34,598] [builder.py:284]            [DEBUG]    | Value: range(06/25-07/15)                                                                          |
[2023-02-25 01:01:34,601] [plex.py:687]               [DEBUG]    | Looking for: Best Blockbusters                                                                     |
[2023-02-25 01:01:34,601] [util.py:161]               [INFO]     |                                                                                                    |
[2023-02-25 01:01:34,601] [util.py:161]               [INFO]     | Scheduled between June 25th and July 15th                                                          |
[2023-02-25 01:01:34,602] [util.py:161]               [INFO]     |                                                                                                    |
[2023-02-25 01:01:34,602] [util.py:161]               [INFO]     | Collection Best Blockbusters not scheduled to run and could not be found to delete                 |
[2023-02-25 01:01:34,602] [plex_meta_manager.py:880]  [INFO]     |                                                                                                    |
[2023-02-25 01:01:34,603] [util.py:209]               [INFO]     |====================================================================================================|
[2023-02-25 01:01:34,603] [util.py:216]               [INFO]     |                               Finished Best Blockbusters Collection                                |
[2023-02-25 01:01:34,603] [util.py:216]               [INFO]     |                                    Collection Run Time: 0:00:00                                    |
[2023-02-25 01:01:34,603] [util.py:220]               [INFO]     |====================================================================================================|
