[2023-02-28 13:16:22,493] [util.py:209]               [INFO]     |====================================================================================================|
[2023-02-28 13:16:22,494] [util.py:216]               [INFO]     |                                  Cloverfield Collection in Movies                                  |
[2023-02-28 13:16:22,494] [util.py:220]               [INFO]     |====================================================================================================|
[2023-02-28 13:16:22,494] [plex_meta_manager.py:750]  [INFO]     |                                                                                                    |
[2023-02-28 13:16:22,495] [util.py:216]               [INFO]     |================================ Validating Cloverfield Attributes =================================|
[2023-02-28 13:16:22,495] [builder.py:265]            [DEBUG]    |                                                                                                    |
[2023-02-28 13:16:22,495] [builder.py:266]            [DEBUG]    | Validating Method: template                                                                        |
[2023-02-28 13:16:22,496] [meta.py:83]                [DEBUG]    | Value: ordereddict([('name', 'Trakt'), ('list', 'https://trakt.tv/users/siskourso/lists/cloverfield-collection'), ('poster', 'https://theposterdb.com/api/assets/80058')]) |
[2023-02-28 13:16:22,496] [builder.py:330]            [DEBUG]    |                                                                                                    |
[2023-02-28 13:16:22,496] [builder.py:331]            [DEBUG]    | Validating Method: sync_mode                                                                       |
[2023-02-28 13:16:22,497] [builder.py:335]            [DEBUG]    | Value: sync                                                                                        |
[2023-02-28 13:16:22,497] [builder.py:453]            [DEBUG]    |                                                                                                    |
[2023-02-28 13:16:22,497] [builder.py:454]            [DEBUG]    | Validating Method: collection_order                                                                |
[2023-02-28 13:16:22,497] [builder.py:455]            [DEBUG]    | Value: custom                                                                                      |
[2023-02-28 13:16:22,497] [builder.py:472]            [DEBUG]    |                                                                                                    |
[2023-02-28 13:16:22,498] [builder.py:473]            [DEBUG]    | Validating Method: summary                                                                         |
[2023-02-28 13:16:22,498] [builder.py:474]            [DEBUG]    | Value: Cloverfield is an American science fiction anthology film series and media franchise created and produced by J. J. Abrams consisting of three films, viral marketing websites linking the films together, and a tie-in manga to the first film titled Cloverfield/Kishin (2008), all set in a shared fictional universe referred to as the "Cloververse". The franchise as a whole deals with creatures from other dimensions attacking Earth throughout various decades, all as a repercussion of an experiment by an astronaut team aboard the Cloverfield Station in outer-space. Each film depicts the reality-altering effects of their study, which was meant to find a new energy source replacing the planet's depleted resources, only to open portals for assault from various beasts from deep space. |
[2023-02-28 13:16:22,498] [builder.py:472]            [DEBUG]    |                                                                                                    |
[2023-02-28 13:16:22,498] [builder.py:473]            [DEBUG]    | Validating Method: trakt_list_details                                                              |
[2023-02-28 13:16:22,498] [builder.py:474]            [DEBUG]    | Value: https://trakt.tv/users/siskourso/lists/cloverfield-collection                               |
[2023-02-28 13:16:22,747] [builder.py:472]            [DEBUG]    |                                                                                                    |
[2023-02-28 13:16:22,747] [builder.py:473]            [DEBUG]    | Validating Method: sort_title                                                                      |
[2023-02-28 13:16:22,747] [builder.py:474]            [DEBUG]    | Value: 00000f_Cloverfield                                                                          |
[2023-02-28 13:16:22,747] [builder.py:472]            [DEBUG]    |                                                                                                    |
[2023-02-28 13:16:22,748] [builder.py:473]            [DEBUG]    | Validating Method: url_poster                                                                      |
[2023-02-28 13:16:22,748] [builder.py:474]            [DEBUG]    | Value: https://theposterdb.com/api/assets/80058                                                    |
[2023-02-28 13:16:22,748] [builder.py:472]            [DEBUG]    |                                                                                                    |
[2023-02-28 13:16:22,748] [builder.py:473]            [DEBUG]    | Validating Method: radarr_add_missing                                                              |
[2023-02-28 13:16:22,748] [builder.py:474]            [DEBUG]    | Value: True                                                                                        |
[2023-02-28 13:16:22,854] [builder.py:619]            [INFO]     |                                                                                                    |
[2023-02-28 13:16:22,854] [builder.py:620]            [INFO]     | Validation Successful                                                                              |
[2023-02-28 13:16:22,855] [plex_meta_manager.py:758]  [INFO]     |                                                                                                    |
[2023-02-28 13:16:22,855] [util.py:216]               [INFO]     |================================== Running Cloverfield Collection ==================================|
[2023-02-28 13:16:22,855] [plex_meta_manager.py:773]  [INFO]     |                                                                                                    |
[2023-02-28 13:16:22,855] [plex_meta_manager.py:774]  [INFO]     | Sync Mode: sync                                                                                    |
[2023-02-28 13:16:22,856] [builder.py:1275]           [DEBUG]    |                                                                                                    |
[2023-02-28 13:16:22,856] [builder.py:1276]           [DEBUG]    | Builder: trakt_list: https://trakt.tv/users/siskourso/lists/cloverfield-collection                 |
[2023-02-28 13:16:22,856] [builder.py:1277]           [INFO]     |                                                                                                    |
[2023-02-28 13:16:22,856] [trakt.py:233]              [INFO]     | Processing Trakt List: https://trakt.tv/users/siskourso/lists/cloverfield-collection               |
[2023-02-28 13:16:22,969] [builder.py:1282]           [DEBUG]    |                                                                                                    |
[2023-02-28 13:16:22,970] [builder.py:1283]           [DEBUG]    | 4 IDs Found: [(7191, 'tmdb'), (333371, 'tmdb'), (384521, 'tmdb'), (706643, 'tmdb')]                |
[2023-02-28 13:16:22,970] [builder.py:1284]           [DEBUG]    |                                                                                                    |
[2023-02-28 13:16:23,042] [builder.py:1697]           [INFO]     |                                                                                                    |
[2023-02-28 13:16:23,042] [util.py:216]               [INFO]     |================================= Adding to Cloverfield Collection =================================|
[2023-02-28 13:16:23,042] [builder.py:1699]           [INFO]     |                                                                                                    |
[2023-02-28 13:16:23,043] [builder.py:1709]           [INFO]     | 1/3 | Cloverfield Collection | = | Cloverfield (2008)                                              |
[2023-02-28 13:16:23,043] [builder.py:1709]           [INFO]     | 2/3 | Cloverfield Collection | = | 10 Cloverfield Lane (2016)                                      |
[2023-02-28 13:16:23,043] [builder.py:1709]           [INFO]     | 3/3 | Cloverfield Collection | = | The Cloverfield Paradox (2018)                                  |
[2023-02-28 13:16:23,044] [builder.py:1734]           [INFO]     |                                                                                                    |
[2023-02-28 13:16:23,044] [builder.py:1735]           [INFO]     | 3 Movies Processed                                                                                 |
[2023-02-28 13:16:23,044] [builder.py:1929]           [INFO]     |                                                                                                    |
[2023-02-28 13:16:23,044] [util.py:216]               [INFO]     |============================= Missing Movies from Library: Cloverfield =============================|
[2023-02-28 13:16:23,045] [builder.py:1931]           [INFO]     |                                                                                                    |
[2023-02-28 13:16:23,185] [builder.py:1943]           [INFO]     | Cloverfield Collection | ? | Untitled Cloverfield Movie (TMDb: 706643)                             |
[2023-02-28 13:16:23,186] [builder.py:1947]           [INFO]     |                                                                                                    |
[2023-02-28 13:16:23,186] [builder.py:1948]           [INFO]     | 1 Movie Missing                                                                                    |
[2023-02-28 13:16:23,220] [radarr.py:46]              [INFO]     |                                                                                                    |
[2023-02-28 13:16:23,220] [util.py:216]               [INFO]     |===================================== Adding Missing to Radarr =====================================|
[2023-02-28 13:16:23,221] [radarr.py:48]              [DEBUG]    |                                                                                                    |
[2023-02-28 13:16:23,221] [radarr.py:49]              [DEBUG]    | Radarr Adds: [706643]                                                                              |
[2023-02-28 13:16:25,034] [radarr.py:130]             [INFO]     |                                                                                                    |
[2023-02-28 13:16:25,035] [radarr.py:132]             [INFO]     | Added to Radarr | 706643  | Untitled Cloverfield Movie                                             |
[2023-02-28 13:16:25,040] [radarr.py:135]             [INFO]     | 1 Movie added to Radarr                                                                            |
[2023-02-28 13:16:25,064] [builder.py:2147]           [INFO]     |                                                                                                    |
[2023-02-28 13:16:25,065] [util.py:216]               [INFO]     |============================ Updating Details of Cloverfield Collection ============================|
[2023-02-28 13:16:25,065] [builder.py:2149]           [INFO]     |                                                                                                    |
[2023-02-28 13:16:25,065] [builder.py:2156]           [INFO]     | Detail: summary updated Collection Summary                                                         |
[2023-02-28 13:16:25,066] [builder.py:2258]           [DEBUG]    | 1 posters found:                                                                                   |
[2023-02-28 13:16:25,066] [builder.py:2260]           [DEBUG]    | Method: url_poster Poster: https://theposterdb.com/api/assets/80058                                |
[2023-02-28 13:16:25,067] [builder.py:2327]           [INFO]     | No background collection detail or asset folder found                                              |
[2023-02-28 13:16:25,070] [library.py:147]            [INFO]     | Detail: poster update not needed                                                                   |
[2023-02-28 13:16:25,168] [plex_meta_manager.py:880]  [INFO]     |                                                                                                    |
[2023-02-28 13:16:25,169] [util.py:209]               [INFO]     |====================================================================================================|
[2023-02-28 13:16:25,169] [util.py:216]               [INFO]     |                                  Finished Cloverfield Collection                                   |
[2023-02-28 13:16:25,169] [util.py:216]               [INFO]     |                                    Collection Run Time: 0:00:02                                    |
[2023-02-28 13:16:25,170] [util.py:220]               [INFO]     |====================================================================================================|
