[2023-01-31 01:11:59,282] [util.py:209]               [INFO]     |====================================================================================================|
[2023-01-31 01:11:59,282] [util.py:216]               [INFO]     |                                 Studio Ghibli Collection in Movies                                 |
[2023-01-31 01:11:59,282] [util.py:220]               [INFO]     |====================================================================================================|
[2023-01-31 01:11:59,283] [plex_meta_manager.py:750]  [INFO]     |                                                                                                    |
[2023-01-31 01:11:59,283] [util.py:216]               [INFO]     |=============================== Validating Studio Ghibli Attributes ================================|
[2023-01-31 01:11:59,284] [builder.py:265]            [DEBUG]    |                                                                                                    |
[2023-01-31 01:11:59,284] [builder.py:266]            [DEBUG]    | Validating Method: template                                                                        |
[2023-01-31 01:11:59,284] [meta.py:83]                [DEBUG]    | Value: ordereddict([('name', 'Studio'), ('company', 10342), ('poster', 'https://theposterdb.com/api/assets/32223')]) |
[2023-01-31 01:11:59,285] [builder.py:453]            [DEBUG]    |                                                                                                    |
[2023-01-31 01:11:59,285] [builder.py:454]            [DEBUG]    | Validating Method: collection_order                                                                |
[2023-01-31 01:11:59,285] [builder.py:455]            [DEBUG]    | Value: release.desc                                                                                |
[2023-01-31 01:11:59,285] [builder.py:472]            [DEBUG]    |                                                                                                    |
[2023-01-31 01:11:59,286] [builder.py:473]            [DEBUG]    | Validating Method: summary                                                                         |
[2023-01-31 01:11:59,286] [builder.py:474]            [DEBUG]    | Value: Studio Ghibli Inc. is a Japanese animation film studio headquartered in Koganei, Tokyo. The studio is best known for its animated feature films, and has also produced several short films, television commercials, and one television film. The studio’s mascot and most recognizable symbol is the character, Totoro, a giant cat-like spirit from the 1988 classic, My Neighbor Totoro. |
[2023-01-31 01:11:59,286] [builder.py:472]            [DEBUG]    |                                                                                                    |
[2023-01-31 01:11:59,286] [builder.py:473]            [DEBUG]    | Validating Method: radarr_add_missing                                                              |
[2023-01-31 01:11:59,287] [builder.py:474]            [DEBUG]    | Value: True                                                                                        |
[2023-01-31 01:11:59,287] [builder.py:472]            [DEBUG]    |                                                                                                    |
[2023-01-31 01:11:59,287] [builder.py:473]            [DEBUG]    | Validating Method: tmdb_company                                                                    |
[2023-01-31 01:11:59,288] [builder.py:474]            [DEBUG]    | Value: 10342                                                                                       |
[2023-01-31 01:11:59,394] [builder.py:472]            [DEBUG]    |                                                                                                    |
[2023-01-31 01:11:59,394] [builder.py:473]            [DEBUG]    | Validating Method: url_poster                                                                      |
[2023-01-31 01:11:59,394] [builder.py:474]            [DEBUG]    | Value: https://theposterdb.com/api/assets/32223                                                    |
[2023-01-31 01:11:59,395] [builder.py:472]            [DEBUG]    |                                                                                                    |
[2023-01-31 01:11:59,395] [builder.py:473]            [DEBUG]    | Validating Method: sort_title                                                                      |
[2023-01-31 01:11:59,395] [builder.py:474]            [DEBUG]    | Value: 00000e_Studio Ghibli                                                                        |
[2023-01-31 01:11:59,555] [builder.py:619]            [INFO]     |                                                                                                    |
[2023-01-31 01:11:59,556] [builder.py:620]            [INFO]     | Validation Successful                                                                              |
[2023-01-31 01:11:59,556] [plex_meta_manager.py:758]  [INFO]     |                                                                                                    |
[2023-01-31 01:11:59,556] [util.py:216]               [INFO]     |================================= Running Studio Ghibli Collection =================================|
[2023-01-31 01:11:59,557] [plex_meta_manager.py:773]  [INFO]     |                                                                                                    |
[2023-01-31 01:11:59,557] [plex_meta_manager.py:774]  [INFO]     | Sync Mode: append                                                                                  |
[2023-01-31 01:11:59,557] [builder.py:1275]           [DEBUG]    |                                                                                                    |
[2023-01-31 01:11:59,558] [builder.py:1276]           [DEBUG]    | Builder: tmdb_company: 10342                                                                       |
[2023-01-31 01:11:59,558] [builder.py:1277]           [INFO]     |                                                                                                    |
[2023-01-31 01:12:00,176] [tmdb.py:282]               [INFO]     | Processing TMDb Company: (10342) Studio Ghibli (83 Movies)                                         |
[2023-01-31 01:12:00,177] [builder.py:1282]           [DEBUG]    |                                                                                                    |
[2023-01-31 01:12:00,177] [builder.py:1283]           [DEBUG]    | 83 IDs Found: [(4935, 'tmdb'), (129, 'tmdb'), (8392, 'tmdb'), (12429, 'tmdb'), (10515, 'tmdb'), (128, 'tmdb'), (37797, 'tmdb'), (242828, 'tmdb'), (16859, 'tmdb'), (51739, 'tmdb'), (683127, 'tmdb'), (11621, 'tmdb'), (149870, 'tmdb'), (15370, 'tmdb'), (15080, 'tmdb'), (83389, 'tmdb'), (15283, 'tmdb'), (149871, 'tmdb'), (21057, 'tmdb'), (12140, 'tmdb'), (37933, 'tmdb'), (16198, 'tmdb'), (337703, 'tmdb'), (10840, 'tmdb'), (252511, 'tmdb'), (158483, 'tmdb'), (1044343, 'tmdb'), (214676, 'tmdb'), (508883, 'tmdb'), (459414, 'tmdb'), (21534, 'tmdb'), (701351, 'tmdb'), (222661, 'tmdb'), (508884, 'tmdb'), (40576, 'tmdb'), (188541, 'tmdb'), (222462, 'tmdb'), (125142, 'tmdb'), (222664, 'tmdb'), (222668, 'tmdb'), (222480, 'tmdb'), (991081, 'tmdb'), (40581, 'tmdb'), (87091, 'tmdb'), (40544, 'tmdb'), (54041, 'tmdb'), (426994, 'tmdb'), (222673, 'tmdb'), (535290, 'tmdb'), (89821, 'tmdb'), (222475, 'tmdb'), (535086, 'tmdb'), (54058, 'tmdb'), (709434, 'tmdb'), (93125, 'tmdb'), (141897, 'tmdb'), (709365, 'tmdb'), (709447, 'tmdb'), (222471, 'tmdb'), (535084, 'tmdb'), (429193, 'tmdb'), (582938, 'tmdb'), (1012823, 'tmdb'), (729191, 'tmdb'), (535075, 'tmdb'), (605863, 'tmdb'), (708702, 'tmdb'), (709382, 'tmdb'), (709375, 'tmdb'), (535088, 'tmdb'), (708519, 'tmdb'), (709345, 'tmdb'), (991317, 'tmdb'), (779440, 'tmdb'), (709453, 'tmdb'), (692280, 'tmdb'), (692279, 'tmdb'), (692278, 'tmdb'), (465586, 'tmdb'), (465582, 'tmdb'), (449360, 'tmdb'), (441687, 'tmdb'), (12477, 'tmdb')] |
[2023-01-31 01:12:00,178] [builder.py:1284]           [DEBUG]    |                                                                                                    |
[2023-01-31 01:12:00,514] [builder.py:1697]           [INFO]     |                                                                                                    |
[2023-01-31 01:12:00,515] [util.py:216]               [INFO]     |================================ Adding to Studio Ghibli Collection ================================|
[2023-01-31 01:12:00,515] [builder.py:1699]           [INFO]     |                                                                                                    |
[2023-01-31 01:12:00,515] [builder.py:1709]           [INFO]     |  1/25 | Studio Ghibli Collection | = | Howl's Moving Castle (2004)                                 |
[2023-01-31 01:12:00,516] [builder.py:1709]           [INFO]     |  2/25 | Studio Ghibli Collection | = | Spirited Away (2001)                                        |
[2023-01-31 01:12:00,516] [builder.py:1709]           [INFO]     |  3/25 | Studio Ghibli Collection | = | My Neighbor Totoro (1988)                                   |
[2023-01-31 01:12:00,516] [builder.py:1709]           [INFO]     |  4/25 | Studio Ghibli Collection | = | Ponyo (2008)                                                |
[2023-01-31 01:12:00,517] [builder.py:1709]           [INFO]     |  5/25 | Studio Ghibli Collection | = | Castle in the Sky (1986)                                    |
[2023-01-31 01:12:00,517] [builder.py:1709]           [INFO]     |  6/25 | Studio Ghibli Collection | = | Princess Mononoke (1997)                                    |
[2023-01-31 01:12:00,517] [builder.py:1709]           [INFO]     |  7/25 | Studio Ghibli Collection | = | When Marnie Was There (2014)                                |
[2023-01-31 01:12:00,518] [builder.py:1709]           [INFO]     |  8/25 | Studio Ghibli Collection | = | Kiki's Delivery Service (1989)                              |
[2023-01-31 01:12:00,518] [builder.py:1709]           [INFO]     |  9/25 | Studio Ghibli Collection | = | The Secret World of Arrietty (2010)                         |
[2023-01-31 01:12:00,518] [builder.py:1709]           [INFO]     | 10/25 | Studio Ghibli Collection | = | Porco Rosso (1992)                                          |
[2023-01-31 01:12:00,519] [builder.py:1709]           [INFO]     | 11/25 | Studio Ghibli Collection | = | The Wind Rises (2013)                                       |
[2023-01-31 01:12:00,519] [builder.py:1709]           [INFO]     | 12/25 | Studio Ghibli Collection | = | The Cat Returns (2002)                                      |
[2023-01-31 01:12:00,519] [builder.py:1709]           [INFO]     | 13/25 | Studio Ghibli Collection | = | Only Yesterday (1991)                                       |
[2023-01-31 01:12:00,520] [builder.py:1709]           [INFO]     | 14/25 | Studio Ghibli Collection | = | From Up on Poppy Hill (2011)                                |
[2023-01-31 01:12:00,520] [builder.py:1709]           [INFO]     | 15/25 | Studio Ghibli Collection | = | Pom Poko (1994)                                             |
[2023-01-31 01:12:00,521] [builder.py:1709]           [INFO]     | 16/25 | Studio Ghibli Collection | = | The Tale of The Princess Kaguya (2013)                      |
[2023-01-31 01:12:00,521] [builder.py:1709]           [INFO]     | 17/25 | Studio Ghibli Collection | = | Ocean Waves (1993)                                          |
[2023-01-31 01:12:00,521] [builder.py:1709]           [INFO]     | 18/25 | Studio Ghibli Collection | = | Ghost in the Shell 2: Innocence (2004)                      |
[2023-01-31 01:12:00,521] [builder.py:1709]           [INFO]     | 19/25 | Studio Ghibli Collection | = | Tales from Earthsea (2006)                                  |
[2023-01-31 01:12:00,522] [builder.py:1709]           [INFO]     | 20/25 | Studio Ghibli Collection | = | My Neighbors the Yamadas (1999)                             |
[2023-01-31 01:12:00,522] [builder.py:1709]           [INFO]     | 21/25 | Studio Ghibli Collection | = | The Red Turtle (2016)                                       |
[2023-01-31 01:12:00,522] [builder.py:1709]           [INFO]     | 22/25 | Studio Ghibli Collection | = | The Kingdom of Dreams and Madness (2013)                    |
[2023-01-31 01:12:00,523] [builder.py:1709]           [INFO]     | 23/25 | Studio Ghibli Collection | = | Zen - Grogu and Dust Bunnies (2022)                         |
[2023-01-31 01:12:00,523] [builder.py:1709]           [INFO]     | 24/25 | Studio Ghibli Collection | = | Never-Ending Man: Hayao Miyazaki (2016)                     |
[2023-01-31 01:12:00,524] [builder.py:1709]           [INFO]     | 25/25 | Studio Ghibli Collection | = | Grave of the Fireflies (1988)                               |
[2023-01-31 01:12:00,525] [builder.py:1734]           [INFO]     |                                                                                                    |
[2023-01-31 01:12:00,525] [builder.py:1735]           [INFO]     | 25 Movies Processed                                                                                |
[2023-01-31 01:12:00,525] [builder.py:1929]           [INFO]     |                                                                                                    |
[2023-01-31 01:12:00,526] [util.py:216]               [INFO]     |============================ Missing Movies from Library: Studio Ghibli ============================|
[2023-01-31 01:12:00,526] [builder.py:1931]           [INFO]     |                                                                                                    |
[2023-01-31 01:12:00,633] [builder.py:1943]           [INFO]     | Studio Ghibli Collection | ? | Whisper of the Heart (1995) (TMDb: 37797)                           |
[2023-01-31 01:12:00,785] [builder.py:1943]           [INFO]     | Studio Ghibli Collection | ? | Earwig and the Witch (2021) (TMDb: 683127)                          |
[2023-01-31 01:12:00,914] [builder.py:1943]           [INFO]     | Studio Ghibli Collection | ? | On Your Mark (1995) (TMDb: 10840)                                   |
[2023-01-31 01:12:01,068] [builder.py:1943]           [INFO]     | Studio Ghibli Collection | ? | Mei and the Kittenbus (2002) (TMDb: 158483)                         |
[2023-01-31 01:12:01,182] [builder.py:1943]           [INFO]     | Studio Ghibli Collection | ? | Mr. Dough and the Egg Princess (2010) (TMDb: 214676)                |
[2023-01-31 01:12:01,293] [builder.py:1943]           [INFO]     | Studio Ghibli Collection | ? | How Do You Live? (2023) (TMDb: 508883)                              |
[2023-01-31 01:12:01,404] [builder.py:1943]           [INFO]     | Studio Ghibli Collection | ? | Iblard Time (2007) (TMDb: 21534)                                    |
[2023-01-31 01:12:01,520] [builder.py:1943]           [INFO]     | Studio Ghibli Collection | ? | The Invention of Imaginary Machines of Destruction (2002) (TMDb: 701351) |
[2023-01-31 01:12:01,634] [builder.py:1943]           [INFO]     | Studio Ghibli Collection | ? | The Day I Bought a Star (2006) (TMDb: 222661)                       |
[2023-01-31 01:12:01,738] [builder.py:1943]           [INFO]     | Studio Ghibli Collection | ? | Boro the Caterpillar (2018) (TMDb: 508884)                          |
[2023-01-31 01:12:01,846] [builder.py:1943]           [INFO]     | Studio Ghibli Collection | ? | Ghiblies: Episode 2 (2002) (TMDb: 40576)                            |
[2023-01-31 01:12:01,959] [builder.py:1943]           [INFO]     | Studio Ghibli Collection | ? | Giant God Warrior Appears in Tokyo (2012) (TMDb: 188541)            |
[2023-01-31 01:12:02,063] [builder.py:1943]           [INFO]     | Studio Ghibli Collection | ? | The Whale Hunt (2001) (TMDb: 222462)                                |
[2023-01-31 01:12:02,173] [builder.py:1943]           [INFO]     | Studio Ghibli Collection | ? | A Ghibli Artisan - Kazuo Oga Exhibition - The One Who Drew Totoro's Forest (2007) (TMDb: 125142) |
[2023-01-31 01:12:02,279] [builder.py:1943]           [INFO]     | Studio Ghibli Collection | ? | Mon Mon the Water Spider (2006) (TMDb: 222664)                      |
[2023-01-31 01:12:02,774] [builder.py:1943]           [INFO]     | Studio Ghibli Collection | ? | A Sumo Wrestler's Tail (2010) (TMDb: 222668)                        |
[2023-01-31 01:12:02,881] [builder.py:1943]           [INFO]     | Studio Ghibli Collection | ? | Imaginary Flying Machines (2002) (TMDb: 222480)                     |
[2023-01-31 01:12:02,988] [builder.py:1943]           [INFO]     | Studio Ghibli Collection | ? | Warriors of the Wind (1985) (TMDb: 991081)                          |
[2023-01-31 01:12:03,119] [builder.py:1943]           [INFO]     | Studio Ghibli Collection | ? | Hayao Miyazaki and the Ghibli Museum (2005) (TMDb: 40581)           |
[2023-01-31 01:12:03,270] [builder.py:1943]           [INFO]     | Studio Ghibli Collection | ? | Yasuo Ōtsuka's Joy in Motion (2004) (TMDb: 87091)                   |
[2023-01-31 01:12:03,388] [builder.py:1943]           [INFO]     | Studio Ghibli Collection | ? | Ghibli and The Miyazaki Mystery (2005) (TMDb: 40544)                |
[2023-01-31 01:12:03,512] [builder.py:1943]           [INFO]     | Studio Ghibli Collection | ? | The Sky-Colored Seed (1992) (TMDb: 54041)                           |
[2023-01-31 01:12:03,618] [builder.py:1943]           [INFO]     | Studio Ghibli Collection | ? | The World, The Journey Of My Heart - Traveler: Animation Film Director Hayao Miyazaki (1998) (TMDb: 426994) |
[2023-01-31 01:12:03,730] [builder.py:1943]           [INFO]     | Studio Ghibli Collection | ? | Treasure Hunting (2011) (TMDb: 222673)                              |
[2023-01-31 01:12:03,833] [builder.py:1943]           [INFO]     | Studio Ghibli Collection | ? | How Ghibli Was Born (1998) (TMDb: 535290)                           |
[2023-01-31 01:12:03,947] [builder.py:1943]           [INFO]     | Studio Ghibli Collection | ? | House Hunting (2006) (TMDb: 89821)                                  |
[2023-01-31 01:12:04,062] [builder.py:1943]           [INFO]     | Studio Ghibli Collection | ? | Koro's Big Day Out (2002) (TMDb: 222475)                            |
[2023-01-31 01:12:04,164] [builder.py:1943]           [INFO]     | Studio Ghibli Collection | ? | The Birth of "Princess Mononoke" Part 2: Life Has Been Breathed Into It! (1997) (TMDb: 535086) |
[2023-01-31 01:12:04,270] [builder.py:1943]           [INFO]     | Studio Ghibli Collection | ? | The Night of Taneyamagahara (2006) (TMDb: 54058)                    |
[2023-01-31 01:12:04,377] [builder.py:1943]           [INFO]     | Studio Ghibli Collection | ? | Bobo-kun (2002) (TMDb: 709434)                                      |
[2023-01-31 01:12:04,496] [builder.py:1943]           [INFO]     | Studio Ghibli Collection | ? | Lasseter-san, Thank You (2003) (TMDb: 93125)                        |
[2023-01-31 01:12:04,619] [builder.py:1943]           [INFO]     | Studio Ghibli Collection | ? | The Story of Yanagawa's Canals (1987) (TMDb: 141897)                |
[2023-01-31 01:12:04,726] [builder.py:1943]           [INFO]     | Studio Ghibli Collection | ? | Rambutan adventures (2001) (TMDb: 709365)                           |
[2023-01-31 01:12:04,834] [builder.py:1943]           [INFO]     | Studio Ghibli Collection | ? | Madaran's World (2007) (TMDb: 709447)                               |
[2023-01-31 01:12:04,952] [builder.py:1943]           [INFO]     | Studio Ghibli Collection | ? | Ghiblies (2000) (TMDb: 222471)                                      |
[2023-01-31 01:12:05,085] [builder.py:1943]           [INFO]     | Studio Ghibli Collection | ? | How Princess Mononoke Was Born (1998) (TMDb: 535084)                |
[2023-01-31 01:12:05,206] [builder.py:1943]           [INFO]     | Studio Ghibli Collection | ? | The World, The Journey Of My Heart - Traveler: Animation Film Director Isao Takahata (1999) (TMDb: 429193) |
[2023-01-31 01:12:05,312] [builder.py:1943]           [INFO]     | Studio Ghibli Collection | ? | The Songs of Studio Ghibli (2019) (TMDb: 582938)                    |
[2023-01-31 01:12:05,421] [builder.py:1943]           [INFO]     | Studio Ghibli Collection | ? | The Birth of "Princess Mononoke" Part 1: A Drama on Paper (1997) (TMDb: 1012823) |
[2023-01-31 01:12:05,532] [builder.py:1943]           [INFO]     | Studio Ghibli Collection | ? | The Cat Returns - Making of (2002) (TMDb: 729191)                   |
[2023-01-31 01:12:05,634] [builder.py:1943]           [INFO]     | Studio Ghibli Collection | ? | The Nippon Television Special (2001) (TMDb: 535075)                 |
[2023-01-31 01:12:05,746] [builder.py:1943]           [INFO]     | Studio Ghibli Collection | ? | Princess Mononoke in the U.S.A. (2001) (TMDb: 605863)               |
[2023-01-31 01:12:05,857] [builder.py:1943]           [INFO]     | Studio Ghibli Collection | ? | The Making of Only Yesterday (1991) (TMDb: 708702)                  |
[2023-01-31 01:12:05,969] [builder.py:1943]           [INFO]     | Studio Ghibli Collection | ? | Tacolator (2002) (TMDb: 709382)                                     |
[2023-01-31 01:12:06,079] [builder.py:1943]           [INFO]     | Studio Ghibli Collection | ? | The Fish of the Fish (2001) (TMDb: 709375)                          |
[2023-01-31 01:12:06,183] [builder.py:1943]           [INFO]     | Studio Ghibli Collection | ? | The Birth of "Princess Mononoke" Part 3: The Day The Record Was Broken (1997) (TMDb: 535088) |
[2023-01-31 01:12:06,305] [builder.py:1943]           [INFO]     | Studio Ghibli Collection | ? | "The Ornithopter Story: Fly, Hiyodori Tengu!" (2002) (TMDb: 708519) |
[2023-01-31 01:12:06,416] [builder.py:1943]           [INFO]     | Studio Ghibli Collection | ? | A Splendid Dance (2001) (TMDb: 709345)                              |
[2023-01-31 01:12:06,523] [builder.py:1943]           [INFO]     | Studio Ghibli Collection | ? | Nandarou (1992) (TMDb: 991317)                                      |
[2023-01-31 01:12:06,630] [builder.py:1943]           [INFO]     | Studio Ghibli Collection | ? | Piyopiyo Baba (2002) (TMDb: 779440)                                 |
[2023-01-31 01:12:06,734] [builder.py:1943]           [INFO]     | Studio Ghibli Collection | ? | The Theory of Evolution (2008) (TMDb: 709453)                       |
[2023-01-31 01:12:06,841] [builder.py:1943]           [INFO]     | Studio Ghibli Collection | ? | Balance (2016) (TMDb: 692280)                                       |
[2023-01-31 01:12:06,988] [builder.py:1943]           [INFO]     | Studio Ghibli Collection | ? | Encounter (2016) (TMDb: 692279)                                     |
[2023-01-31 01:12:07,106] [builder.py:1943]           [INFO]     | Studio Ghibli Collection | ? | The Journey Continues (2016) (TMDb: 692278)                         |
[2023-01-31 01:12:07,224] [builder.py:1943]           [INFO]     | Studio Ghibli Collection | ? | A Flying City Plan (2005) (TMDb: 465586)                            |
[2023-01-31 01:12:07,350] [builder.py:1943]           [INFO]     | Studio Ghibli Collection | ? | Portable Airport (2004) (TMDb: 465582)                              |
[2023-01-31 01:12:07,482] [builder.py:1943]           [INFO]     | Studio Ghibli Collection | ? | The Path of Wind (2004) (TMDb: 449360)                              |
[2023-01-31 01:12:07,586] [builder.py:1943]           [INFO]     | Studio Ghibli Collection | ? | Space Station No.9 (2005) (TMDb: 441687)                            |
[2023-01-31 01:12:07,586] [builder.py:1947]           [INFO]     |                                                                                                    |
[2023-01-31 01:12:07,587] [builder.py:1948]           [INFO]     | 58 Movies Missing                                                                                  |
[2023-01-31 01:12:07,805] [radarr.py:46]              [INFO]     |                                                                                                    |
[2023-01-31 01:12:07,805] [util.py:216]               [INFO]     |===================================== Adding Missing to Radarr =====================================|
[2023-01-31 01:12:07,806] [radarr.py:48]              [DEBUG]    |                                                                                                    |
[2023-01-31 01:12:07,807] [radarr.py:49]              [DEBUG]    | Radarr Adds: [37797, 683127, 10840, 158483, 214676, 508883, 21534, 701351, 222661, 508884, 40576, 188541, 222462, 125142, 222664, 222668, 222480, 991081, 40581, 87091, 40544, 54041, 426994, 222673, 535290, 89821, 222475, 535086, 54058, 709434, 93125, 141897, 709365, 709447, 222471, 535084, 429193, 582938, 1012823, 729191, 535075, 605863, 708702, 709382, 709375, 535088, 708519, 709345, 991317, 779440, 709453, 692280, 692279, 692278, 465586, 465582, 449360, 441687] |
[2023-01-31 01:12:09,266] [radarr.py:138]             [INFO]     |                                                                                                    |
[2023-01-31 01:12:09,266] [radarr.py:146]             [INFO]     | Skipped: In Cache | 37797                                                                          |
[2023-01-31 01:12:09,266] [radarr.py:146]             [INFO]     | Skipped: In Cache | 683127                                                                         |
[2023-01-31 01:12:09,267] [radarr.py:146]             [INFO]     | Skipped: In Cache | 10840                                                                          |
[2023-01-31 01:12:09,267] [radarr.py:146]             [INFO]     | Skipped: In Cache | 158483                                                                         |
[2023-01-31 01:12:09,267] [radarr.py:146]             [INFO]     | Skipped: In Cache | 214676                                                                         |
[2023-01-31 01:12:09,267] [radarr.py:146]             [INFO]     | Skipped: In Cache | 508883                                                                         |
[2023-01-31 01:12:09,268] [radarr.py:146]             [INFO]     | Skipped: In Cache | 21534                                                                          |
[2023-01-31 01:12:09,268] [radarr.py:146]             [INFO]     | Skipped: In Cache | 701351                                                                         |
[2023-01-31 01:12:09,268] [radarr.py:146]             [INFO]     | Skipped: In Cache | 222661                                                                         |
[2023-01-31 01:12:09,268] [radarr.py:146]             [INFO]     | Skipped: In Cache | 508884                                                                         |
[2023-01-31 01:12:09,269] [radarr.py:146]             [INFO]     | Skipped: In Cache | 40576                                                                          |
[2023-01-31 01:12:09,269] [radarr.py:146]             [INFO]     | Skipped: In Cache | 188541                                                                         |
[2023-01-31 01:12:09,269] [radarr.py:146]             [INFO]     | Skipped: In Cache | 222462                                                                         |
[2023-01-31 01:12:09,269] [radarr.py:146]             [INFO]     | Skipped: In Cache | 125142                                                                         |
[2023-01-31 01:12:09,270] [radarr.py:146]             [INFO]     | Skipped: In Cache | 222664                                                                         |
[2023-01-31 01:12:09,270] [radarr.py:146]             [INFO]     | Skipped: In Cache | 222668                                                                         |
[2023-01-31 01:12:09,270] [radarr.py:146]             [INFO]     | Skipped: In Cache | 222480                                                                         |
[2023-01-31 01:12:09,270] [radarr.py:146]             [INFO]     | Skipped: In Cache | 991081                                                                         |
[2023-01-31 01:12:09,271] [radarr.py:146]             [INFO]     | Skipped: In Cache | 40581                                                                          |
[2023-01-31 01:12:09,271] [radarr.py:146]             [INFO]     | Skipped: In Cache | 87091                                                                          |
[2023-01-31 01:12:09,271] [radarr.py:146]             [INFO]     | Skipped: In Cache | 40544                                                                          |
[2023-01-31 01:12:09,271] [radarr.py:146]             [INFO]     | Skipped: In Cache | 54041                                                                          |
[2023-01-31 01:12:09,271] [radarr.py:146]             [INFO]     | Skipped: In Cache | 426994                                                                         |
[2023-01-31 01:12:09,272] [radarr.py:146]             [INFO]     | Skipped: In Cache | 222673                                                                         |
[2023-01-31 01:12:09,272] [radarr.py:146]             [INFO]     | Skipped: In Cache | 535290                                                                         |
[2023-01-31 01:12:09,274] [radarr.py:146]             [INFO]     | Skipped: In Cache | 89821                                                                          |
[2023-01-31 01:12:09,274] [radarr.py:146]             [INFO]     | Skipped: In Cache | 222475                                                                         |
[2023-01-31 01:12:09,274] [radarr.py:146]             [INFO]     | Skipped: In Cache | 535086                                                                         |
[2023-01-31 01:12:09,274] [radarr.py:146]             [INFO]     | Skipped: In Cache | 54058                                                                          |
[2023-01-31 01:12:09,275] [radarr.py:146]             [INFO]     | Skipped: In Cache | 709434                                                                         |
[2023-01-31 01:12:09,275] [radarr.py:146]             [INFO]     | Skipped: In Cache | 93125                                                                          |
[2023-01-31 01:12:09,275] [radarr.py:146]             [INFO]     | Skipped: In Cache | 141897                                                                         |
[2023-01-31 01:12:09,275] [radarr.py:146]             [INFO]     | Skipped: In Cache | 709365                                                                         |
[2023-01-31 01:12:09,276] [radarr.py:146]             [INFO]     | Skipped: In Cache | 709447                                                                         |
[2023-01-31 01:12:09,276] [radarr.py:146]             [INFO]     | Skipped: In Cache | 222471                                                                         |
[2023-01-31 01:12:09,276] [radarr.py:146]             [INFO]     | Skipped: In Cache | 535084                                                                         |
[2023-01-31 01:12:09,276] [radarr.py:146]             [INFO]     | Skipped: In Cache | 429193                                                                         |
[2023-01-31 01:12:09,277] [radarr.py:146]             [INFO]     | Skipped: In Cache | 582938                                                                         |
[2023-01-31 01:12:09,277] [radarr.py:146]             [INFO]     | Skipped: In Cache | 1012823                                                                        |
[2023-01-31 01:12:09,277] [radarr.py:146]             [INFO]     | Skipped: In Cache | 729191                                                                         |
[2023-01-31 01:12:09,277] [radarr.py:146]             [INFO]     | Skipped: In Cache | 535075                                                                         |
[2023-01-31 01:12:09,278] [radarr.py:146]             [INFO]     | Skipped: In Cache | 605863                                                                         |
[2023-01-31 01:12:09,278] [radarr.py:146]             [INFO]     | Skipped: In Cache | 708702                                                                         |
[2023-01-31 01:12:09,278] [radarr.py:146]             [INFO]     | Skipped: In Cache | 709382                                                                         |
[2023-01-31 01:12:09,278] [radarr.py:146]             [INFO]     | Skipped: In Cache | 709375                                                                         |
[2023-01-31 01:12:09,278] [radarr.py:146]             [INFO]     | Skipped: In Cache | 535088                                                                         |
[2023-01-31 01:12:09,279] [radarr.py:146]             [INFO]     | Skipped: In Cache | 708519                                                                         |
[2023-01-31 01:12:09,279] [radarr.py:146]             [INFO]     | Skipped: In Cache | 709345                                                                         |
[2023-01-31 01:12:09,279] [radarr.py:146]             [INFO]     | Skipped: In Cache | 991317                                                                         |
[2023-01-31 01:12:09,280] [radarr.py:146]             [INFO]     | Skipped: In Cache | 779440                                                                         |
[2023-01-31 01:12:09,280] [radarr.py:146]             [INFO]     | Skipped: In Cache | 709453                                                                         |
[2023-01-31 01:12:09,280] [radarr.py:146]             [INFO]     | Skipped: In Cache | 692280                                                                         |
[2023-01-31 01:12:09,280] [radarr.py:146]             [INFO]     | Skipped: In Cache | 692279                                                                         |
[2023-01-31 01:12:09,281] [radarr.py:146]             [INFO]     | Skipped: In Cache | 692278                                                                         |
[2023-01-31 01:12:09,281] [radarr.py:146]             [INFO]     | Skipped: In Cache | 465586                                                                         |
[2023-01-31 01:12:09,281] [radarr.py:146]             [INFO]     | Skipped: In Cache | 465582                                                                         |
[2023-01-31 01:12:09,282] [radarr.py:146]             [INFO]     | Skipped: In Cache | 449360                                                                         |
[2023-01-31 01:12:09,282] [radarr.py:146]             [INFO]     | Skipped: In Cache | 441687                                                                         |
[2023-01-31 01:12:09,282] [radarr.py:147]             [INFO]     | 58 Movies already exist in Radarr                                                                  |
[2023-01-31 01:12:09,303] [builder.py:2147]           [INFO]     |                                                                                                    |
[2023-01-31 01:12:09,303] [util.py:216]               [INFO]     |=========================== Updating Details of Studio Ghibli Collection ===========================|
[2023-01-31 01:12:09,304] [builder.py:2149]           [INFO]     |                                                                                                    |
[2023-01-31 01:12:09,304] [builder.py:2156]           [INFO]     | Detail: summary updated Collection Summary                                                         |
[2023-01-31 01:12:09,305] [builder.py:2258]           [DEBUG]    | 1 posters found:                                                                                   |
[2023-01-31 01:12:09,305] [builder.py:2260]           [DEBUG]    | Method: url_poster Poster: https://theposterdb.com/api/assets/32223                                |
[2023-01-31 01:12:09,305] [builder.py:2327]           [INFO]     | No background collection detail or asset folder found                                              |
[2023-01-31 01:12:09,306] [library.py:147]            [INFO]     | Detail: poster update not needed                                                                   |
[2023-01-31 01:12:09,451] [plex_meta_manager.py:880]  [INFO]     |                                                                                                    |
[2023-01-31 01:12:09,452] [util.py:209]               [INFO]     |====================================================================================================|
[2023-01-31 01:12:09,452] [util.py:216]               [INFO]     |                                 Finished Studio Ghibli Collection                                  |
[2023-01-31 01:12:09,452] [util.py:216]               [INFO]     |                                    Collection Run Time: 0:00:10                                    |
[2023-01-31 01:12:09,453] [util.py:220]               [INFO]     |====================================================================================================|
