[2023-02-28 13:23:34,336] [util.py:209]               [INFO]     |====================================================================================================|
[2023-02-28 13:23:34,337] [util.py:216]               [INFO]     |                               Turkey Day Movies Collection in Movies                               |
[2023-02-28 13:23:34,337] [util.py:220]               [INFO]     |====================================================================================================|
[2023-02-28 13:23:34,337] [plex_meta_manager.py:750]  [INFO]     |                                                                                                    |
[2023-02-28 13:23:34,338] [util.py:216]               [INFO]     |============================= Validating Turkey Day Movies Attributes ==============================|
[2023-02-28 13:23:34,338] [builder.py:265]            [DEBUG]    |                                                                                                    |
[2023-02-28 13:23:34,338] [builder.py:266]            [DEBUG]    | Validating Method: template                                                                        |
[2023-02-28 13:23:34,339] [meta.py:83]                [DEBUG]    | Value: ordereddict([('name', 'Holiday'), ('poster', './config/posters/paintings/thanksgiving.jpg')]) |
[2023-02-28 13:23:34,339] [builder.py:273]            [DEBUG]    |                                                                                                    |
[2023-02-28 13:23:34,339] [builder.py:274]            [DEBUG]    | Validating Method: delete_not_scheduled                                                            |
[2023-02-28 13:23:34,340] [builder.py:275]            [DEBUG]    | Value: True                                                                                        |
[2023-02-28 13:23:34,340] [builder.py:279]            [DEBUG]    |                                                                                                    |
[2023-02-28 13:23:34,340] [builder.py:280]            [DEBUG]    | Validating Method: schedule                                                                        |
[2023-02-28 13:23:34,340] [builder.py:284]            [DEBUG]    | Value: range(11/02-11/30)                                                                          |
[2023-02-28 13:23:34,344] [plex.py:687]               [DEBUG]    | Looking for: Turkey Day Movies                                                                     |
[2023-02-28 13:23:34,344] [util.py:161]               [INFO]     |                                                                                                    |
[2023-02-28 13:23:34,344] [util.py:161]               [INFO]     | Scheduled between November 2nd and November 30th                                                   |
[2023-02-28 13:23:34,345] [util.py:161]               [INFO]     |                                                                                                    |
[2023-02-28 13:23:34,345] [util.py:161]               [INFO]     | Collection Turkey Day Movies not scheduled to run and could not be found to delete                 |
[2023-02-28 13:23:34,345] [plex_meta_manager.py:880]  [INFO]     |                                                                                                    |
[2023-02-28 13:23:34,345] [util.py:209]               [INFO]     |====================================================================================================|
[2023-02-28 13:23:34,346] [util.py:216]               [INFO]     |                               Finished Turkey Day Movies Collection                                |
[2023-02-28 13:23:34,346] [util.py:216]               [INFO]     |                                    Collection Run Time: 0:00:00                                    |
[2023-02-28 13:23:34,346] [util.py:220]               [INFO]     |====================================================================================================|
