[2023-02-28 13:15:15,893] [util.py:209]               [INFO]     |====================================================================================================|
[2023-02-28 13:15:15,893] [util.py:216]               [INFO]     |                                 The Avengers Collection in Movies                                  |
[2023-02-28 13:15:15,894] [util.py:220]               [INFO]     |====================================================================================================|
[2023-02-28 13:15:15,894] [plex_meta_manager.py:750]  [INFO]     |                                                                                                    |
[2023-02-28 13:15:15,902] [util.py:216]               [INFO]     |================================ Validating The Avengers Attributes ================================|
[2023-02-28 13:15:15,902] [builder.py:265]            [DEBUG]    |                                                                                                    |
[2023-02-28 13:15:15,902] [builder.py:266]            [DEBUG]    | Validating Method: template                                                                        |
[2023-02-28 13:15:15,902] [meta.py:83]                [DEBUG]    | Value: ordereddict([('name', 'Collection'), ('collection', 86311), ('poster', 'https://theposterdb.com/api/assets/4816')]) |
[2023-02-28 13:15:15,903] [builder.py:330]            [DEBUG]    |                                                                                                    |
[2023-02-28 13:15:15,903] [builder.py:331]            [DEBUG]    | Validating Method: sync_mode                                                                       |
[2023-02-28 13:15:15,903] [builder.py:335]            [DEBUG]    | Value: sync                                                                                        |
[2023-02-28 13:15:15,903] [builder.py:453]            [DEBUG]    |                                                                                                    |
[2023-02-28 13:15:15,904] [builder.py:454]            [DEBUG]    | Validating Method: collection_order                                                                |
[2023-02-28 13:15:15,904] [builder.py:455]            [DEBUG]    | Value: release                                                                                     |
[2023-02-28 13:15:15,904] [builder.py:472]            [DEBUG]    |                                                                                                    |
[2023-02-28 13:15:15,904] [builder.py:473]            [DEBUG]    | Validating Method: tmdb_collection_details                                                         |
[2023-02-28 13:15:15,904] [builder.py:474]            [DEBUG]    | Value: 86311                                                                                       |
[2023-02-28 13:15:16,005] [builder.py:472]            [DEBUG]    |                                                                                                    |
[2023-02-28 13:15:16,005] [builder.py:473]            [DEBUG]    | Validating Method: sort_title                                                                      |
[2023-02-28 13:15:16,005] [builder.py:474]            [DEBUG]    | Value: 00000f_The Avengers                                                                         |
[2023-02-28 13:15:16,006] [builder.py:472]            [DEBUG]    |                                                                                                    |
[2023-02-28 13:15:16,006] [builder.py:473]            [DEBUG]    | Validating Method: url_poster                                                                      |
[2023-02-28 13:15:16,006] [builder.py:474]            [DEBUG]    | Value: https://theposterdb.com/api/assets/4816                                                     |
[2023-02-28 13:15:16,201] [builder.py:619]            [INFO]     |                                                                                                    |
[2023-02-28 13:15:16,202] [builder.py:620]            [INFO]     | Validation Successful                                                                              |
[2023-02-28 13:15:16,202] [plex_meta_manager.py:758]  [INFO]     |                                                                                                    |
[2023-02-28 13:15:16,203] [util.py:216]               [INFO]     |================================= Running The Avengers Collection ==================================|
[2023-02-28 13:15:16,203] [plex_meta_manager.py:773]  [INFO]     |                                                                                                    |
[2023-02-28 13:15:16,203] [plex_meta_manager.py:774]  [INFO]     | Sync Mode: sync                                                                                    |
[2023-02-28 13:15:16,203] [builder.py:1275]           [DEBUG]    |                                                                                                    |
[2023-02-28 13:15:16,204] [builder.py:1276]           [DEBUG]    | Builder: tmdb_collection: 86311                                                                    |
[2023-02-28 13:15:16,204] [builder.py:1277]           [INFO]     |                                                                                                    |
[2023-02-28 13:15:16,204] [tmdb.py:323]               [INFO]     | Processing TMDb Collection: (86311) The Avengers Collection (4 Items)                              |
[2023-02-28 13:15:16,205] [builder.py:1282]           [DEBUG]    |                                                                                                    |
[2023-02-28 13:15:16,205] [builder.py:1283]           [DEBUG]    | 4 IDs Found: [(24428, 'tmdb'), (99861, 'tmdb'), (299536, 'tmdb'), (299534, 'tmdb')]                |
[2023-02-28 13:15:16,205] [builder.py:1284]           [DEBUG]    |                                                                                                    |
[2023-02-28 13:15:16,327] [builder.py:1697]           [INFO]     |                                                                                                    |
[2023-02-28 13:15:16,327] [util.py:216]               [INFO]     |================================ Adding to The Avengers Collection =================================|
[2023-02-28 13:15:16,328] [builder.py:1699]           [INFO]     |                                                                                                    |
[2023-02-28 13:15:16,328] [builder.py:1709]           [INFO]     | 1/4 | The Avengers Collection | = | The Avengers (2012)                                            |
[2023-02-28 13:15:16,328] [builder.py:1709]           [INFO]     | 2/4 | The Avengers Collection | = | Avengers: Age of Ultron (2015)                                 |
[2023-02-28 13:15:16,329] [builder.py:1709]           [INFO]     | 3/4 | The Avengers Collection | = | Avengers: Infinity War (2018)                                  |
[2023-02-28 13:15:16,329] [builder.py:1709]           [INFO]     | 4/4 | The Avengers Collection | = | Avengers: Endgame (2019)                                       |
[2023-02-28 13:15:16,329] [builder.py:1734]           [INFO]     |                                                                                                    |
[2023-02-28 13:15:16,329] [builder.py:1735]           [INFO]     | 4 Movies Processed                                                                                 |
[2023-02-28 13:15:16,334] [builder.py:2147]           [INFO]     |                                                                                                    |
[2023-02-28 13:15:16,334] [util.py:216]               [INFO]     |=========================== Updating Details of The Avengers Collection ============================|
[2023-02-28 13:15:16,334] [builder.py:2149]           [INFO]     |                                                                                                    |
[2023-02-28 13:15:16,335] [builder.py:2156]           [INFO]     | Detail: tmdb_collection_details updated Collection Summary                                         |
[2023-02-28 13:15:16,335] [builder.py:2258]           [DEBUG]    | 2 posters found:                                                                                   |
[2023-02-28 13:15:16,336] [builder.py:2260]           [DEBUG]    | Method: tmdb_collection_details Poster: https://image.tmdb.org/t/p/original/yFSIUVTCvgYrpalUktulvk3Gi5Y.jpg |
[2023-02-28 13:15:16,336] [builder.py:2260]           [DEBUG]    | Method: url_poster Poster: https://theposterdb.com/api/assets/4816                                 |
[2023-02-28 13:15:16,336] [builder.py:2298]           [DEBUG]    | 1 backgrounds found:                                                                               |
[2023-02-28 13:15:16,336] [builder.py:2300]           [DEBUG]    | Method: tmdb_collection_details Background: https://image.tmdb.org/t/p/original/zuW6fOiusv4X9nnW3paHGfXcSll.jpg |
[2023-02-28 13:15:16,337] [library.py:147]            [INFO]     | Detail: poster update not needed                                                                   |
[2023-02-28 13:15:16,338] [library.py:197]            [INFO]     | Detail: background update not needed                                                               |
[2023-02-28 13:15:16,528] [plex_meta_manager.py:880]  [INFO]     |                                                                                                    |
[2023-02-28 13:15:16,529] [util.py:209]               [INFO]     |====================================================================================================|
[2023-02-28 13:15:16,529] [util.py:216]               [INFO]     |                                  Finished The Avengers Collection                                  |
[2023-02-28 13:15:16,529] [util.py:216]               [INFO]     |                                    Collection Run Time: 0:00:00                                    |
[2023-02-28 13:15:16,530] [util.py:220]               [INFO]     |====================================================================================================|
