[2023-01-31 01:00:16,053] [util.py:209]               [INFO]     |====================================================================================================|
[2023-01-31 01:00:16,053] [util.py:216]               [INFO]     |                                 Blade Runner Collection in Movies                                  |
[2023-01-31 01:00:16,053] [util.py:220]               [INFO]     |====================================================================================================|
[2023-01-31 01:00:16,054] [plex_meta_manager.py:750]  [INFO]     |                                                                                                    |
[2023-01-31 01:00:16,054] [util.py:216]               [INFO]     |================================ Validating Blade Runner Attributes ================================|
[2023-01-31 01:00:16,055] [builder.py:265]            [DEBUG]    |                                                                                                    |
[2023-01-31 01:00:16,055] [builder.py:266]            [DEBUG]    | Validating Method: template                                                                        |
[2023-01-31 01:00:16,055] [meta.py:83]                [DEBUG]    | Value: ordereddict([('name', 'Movie'), ('collection', 422837), ('summary', 422837), ('poster', 'https://theposterdb.com/api/assets/6081')]) |
[2023-01-31 01:00:16,055] [builder.py:330]            [DEBUG]    |                                                                                                    |
[2023-01-31 01:00:16,056] [builder.py:331]            [DEBUG]    | Validating Method: sync_mode                                                                       |
[2023-01-31 01:00:16,056] [builder.py:335]            [DEBUG]    | Value: sync                                                                                        |
[2023-01-31 01:00:16,056] [builder.py:453]            [DEBUG]    |                                                                                                    |
[2023-01-31 01:00:16,056] [builder.py:454]            [DEBUG]    | Validating Method: collection_order                                                                |
[2023-01-31 01:00:16,057] [builder.py:455]            [DEBUG]    | Value: release                                                                                     |
[2023-01-31 01:00:16,057] [builder.py:472]            [DEBUG]    |                                                                                                    |
[2023-01-31 01:00:16,057] [builder.py:473]            [DEBUG]    | Validating Method: url_poster                                                                      |
[2023-01-31 01:00:16,057] [builder.py:474]            [DEBUG]    | Value: https://theposterdb.com/api/assets/6081                                                     |
[2023-01-31 01:00:16,058] [builder.py:472]            [DEBUG]    |                                                                                                    |
[2023-01-31 01:00:16,058] [builder.py:473]            [DEBUG]    | Validating Method: tmdb_collection                                                                 |
[2023-01-31 01:00:16,058] [builder.py:474]            [DEBUG]    | Value: 422837                                                                                      |
[2023-01-31 01:00:16,162] [builder.py:472]            [DEBUG]    |                                                                                                    |
[2023-01-31 01:00:16,162] [builder.py:473]            [DEBUG]    | Validating Method: tmdb_summary                                                                    |
[2023-01-31 01:00:16,162] [builder.py:474]            [DEBUG]    | Value: 422837                                                                                      |
[2023-01-31 01:00:16,163] [builder.py:472]            [DEBUG]    |                                                                                                    |
[2023-01-31 01:00:16,163] [builder.py:473]            [DEBUG]    | Validating Method: sort_title                                                                      |
[2023-01-31 01:00:16,163] [builder.py:474]            [DEBUG]    | Value: 00000f_Blade Runner                                                                         |
[2023-01-31 01:00:16,163] [builder.py:472]            [DEBUG]    |                                                                                                    |
[2023-01-31 01:00:16,164] [builder.py:473]            [DEBUG]    | Validating Method: radarr_add_missing                                                              |
[2023-01-31 01:00:16,164] [builder.py:474]            [DEBUG]    | Value: True                                                                                        |
[2023-01-31 01:00:16,344] [builder.py:619]            [INFO]     |                                                                                                    |
[2023-01-31 01:00:16,344] [builder.py:620]            [INFO]     | Validation Successful                                                                              |
[2023-01-31 01:00:16,345] [plex_meta_manager.py:758]  [INFO]     |                                                                                                    |
[2023-01-31 01:00:16,345] [util.py:216]               [INFO]     |================================= Running Blade Runner Collection ==================================|
[2023-01-31 01:00:16,346] [plex_meta_manager.py:773]  [INFO]     |                                                                                                    |
[2023-01-31 01:00:16,346] [plex_meta_manager.py:774]  [INFO]     | Sync Mode: sync                                                                                    |
[2023-01-31 01:00:16,346] [builder.py:1275]           [DEBUG]    |                                                                                                    |
[2023-01-31 01:00:16,347] [builder.py:1276]           [DEBUG]    | Builder: tmdb_collection: 422837                                                                   |
[2023-01-31 01:00:16,347] [builder.py:1277]           [INFO]     |                                                                                                    |
[2023-01-31 01:00:16,347] [tmdb.py:323]               [INFO]     | Processing TMDb Collection: (422837) Blade Runner Collection (2 Items)                             |
[2023-01-31 01:00:16,347] [builder.py:1282]           [DEBUG]    |                                                                                                    |
[2023-01-31 01:00:16,348] [builder.py:1283]           [DEBUG]    | 2 IDs Found: [(78, 'tmdb'), (335984, 'tmdb')]                                                      |
[2023-01-31 01:00:16,348] [builder.py:1284]           [DEBUG]    |                                                                                                    |
[2023-01-31 01:00:16,399] [builder.py:1697]           [INFO]     |                                                                                                    |
[2023-01-31 01:00:16,400] [util.py:216]               [INFO]     |================================ Adding to Blade Runner Collection =================================|
[2023-01-31 01:00:16,400] [builder.py:1699]           [INFO]     |                                                                                                    |
[2023-01-31 01:00:16,400] [builder.py:1709]           [INFO]     | 1/2 | Blade Runner Collection | = | Blade Runner (1982)                                            |
[2023-01-31 01:00:16,401] [builder.py:1709]           [INFO]     | 2/2 | Blade Runner Collection | = | Blade Runner 2049 (2017)                                       |
[2023-01-31 01:00:16,401] [builder.py:1734]           [INFO]     |                                                                                                    |
[2023-01-31 01:00:16,401] [builder.py:1735]           [INFO]     | 2 Movies Processed                                                                                 |
[2023-01-31 01:00:16,405] [builder.py:2147]           [INFO]     |                                                                                                    |
[2023-01-31 01:00:16,405] [util.py:216]               [INFO]     |=========================== Updating Details of Blade Runner Collection ============================|
[2023-01-31 01:00:16,406] [builder.py:2149]           [INFO]     |                                                                                                    |
[2023-01-31 01:00:16,406] [builder.py:2156]           [INFO]     | Detail: tmdb_summary updated Collection Summary                                                    |
[2023-01-31 01:00:16,407] [builder.py:2258]           [DEBUG]    | 1 posters found:                                                                                   |
[2023-01-31 01:00:16,407] [builder.py:2260]           [DEBUG]    | Method: url_poster Poster: https://theposterdb.com/api/assets/6081                                 |
[2023-01-31 01:00:16,407] [builder.py:2327]           [INFO]     | No background collection detail or asset folder found                                              |
[2023-01-31 01:00:16,408] [library.py:147]            [INFO]     | Detail: poster update not needed                                                                   |
[2023-01-31 01:00:16,583] [plex_meta_manager.py:880]  [INFO]     |                                                                                                    |
[2023-01-31 01:00:16,584] [util.py:209]               [INFO]     |====================================================================================================|
[2023-01-31 01:00:16,585] [util.py:216]               [INFO]     |                                  Finished Blade Runner Collection                                  |
[2023-01-31 01:00:16,585] [util.py:216]               [INFO]     |                                    Collection Run Time: 0:00:00                                    |
[2023-01-31 01:00:16,585] [util.py:220]               [INFO]     |====================================================================================================|
