[2023-02-14 02:16:26,351] [util.py:209]               [INFO]     |====================================================================================================|
[2023-02-14 02:16:26,351] [util.py:216]               [INFO]     |                                    Hulu Collection in TV Shows                                     |
[2023-02-14 02:16:26,352] [util.py:220]               [INFO]     |====================================================================================================|
[2023-02-14 02:16:26,352] [plex_meta_manager.py:750]  [INFO]     |                                                                                                    |
[2023-02-14 02:16:26,353] [util.py:216]               [INFO]     |==================================== Validating Hulu Attributes ====================================|
[2023-02-14 02:16:26,353] [builder.py:265]            [DEBUG]    |                                                                                                    |
[2023-02-14 02:16:26,353] [builder.py:266]            [DEBUG]    | Validating Method: template                                                                        |
[2023-02-14 02:16:26,354] [meta.py:83]                [DEBUG]    | Value: ordereddict([('name', 'network'), ('network', 453), ('poster', 'https://theposterdb.com/api/assets/168826')]) |
[2023-02-14 02:16:26,354] [builder.py:330]            [DEBUG]    |                                                                                                    |
[2023-02-14 02:16:26,354] [builder.py:331]            [DEBUG]    | Validating Method: sync_mode                                                                       |
[2023-02-14 02:16:26,354] [builder.py:335]            [DEBUG]    | Value: sync                                                                                        |
[2023-02-14 02:16:26,355] [builder.py:453]            [DEBUG]    |                                                                                                    |
[2023-02-14 02:16:26,355] [builder.py:454]            [DEBUG]    | Validating Method: collection_order                                                                |
[2023-02-14 02:16:26,355] [builder.py:455]            [DEBUG]    | Value: alpha                                                                                       |
[2023-02-14 02:16:26,356] [builder.py:472]            [DEBUG]    |                                                                                                    |
[2023-02-14 02:16:26,356] [builder.py:473]            [DEBUG]    | Validating Method: tmdb_network                                                                    |
[2023-02-14 02:16:26,356] [builder.py:474]            [DEBUG]    | Value: 453                                                                                         |
[2023-02-14 02:16:26,458] [builder.py:472]            [DEBUG]    |                                                                                                    |
[2023-02-14 02:16:26,458] [builder.py:473]            [DEBUG]    | Validating Method: url_poster                                                                      |
[2023-02-14 02:16:26,459] [builder.py:474]            [DEBUG]    | Value: https://theposterdb.com/api/assets/168826                                                   |
[2023-02-14 02:16:26,459] [builder.py:472]            [DEBUG]    |                                                                                                    |
[2023-02-14 02:16:26,459] [builder.py:473]            [DEBUG]    | Validating Method: sort_title                                                                      |
[2023-02-14 02:16:26,459] [builder.py:474]            [DEBUG]    | Value: +4_Hulu                                                                                     |
[2023-02-14 02:16:26,539] [builder.py:619]            [INFO]     |                                                                                                    |
[2023-02-14 02:16:26,539] [builder.py:620]            [INFO]     | Validation Successful                                                                              |
[2023-02-14 02:16:26,540] [plex_meta_manager.py:758]  [INFO]     |                                                                                                    |
[2023-02-14 02:16:26,540] [util.py:216]               [INFO]     |===================================== Running Hulu Collection ======================================|
[2023-02-14 02:16:26,540] [plex_meta_manager.py:773]  [INFO]     |                                                                                                    |
[2023-02-14 02:16:26,541] [plex_meta_manager.py:774]  [INFO]     | Sync Mode: sync                                                                                    |
[2023-02-14 02:16:26,541] [builder.py:1275]           [DEBUG]    |                                                                                                    |
[2023-02-14 02:16:26,541] [builder.py:1276]           [DEBUG]    | Builder: tmdb_network: 453                                                                         |
[2023-02-14 02:16:26,542] [builder.py:1277]           [INFO]     |                                                                                                    |
[2023-02-14 02:16:27,720] [tmdb.py:282]               [INFO]     | Processing TMDb Network: (453) Hulu (217 Shows)                                                    |
[2023-02-14 02:16:27,720] [builder.py:1282]           [DEBUG]    |                                                                                                    |
[2023-02-14 02:16:27,720] [builder.py:1283]           [DEBUG]    | 217 IDs Found: [(69478, 'tmdb_show'), (97186, 'tmdb_show'), (113036, 'tmdb_show'), (71738, 'tmdb_show'), (154521, 'tmdb_show'), (124010, 'tmdb_show'), (135868, 'tmdb_show'), (136315, 'tmdb_show'), (135250, 'tmdb_show'), (110695, 'tmdb_show'), (107113, 'tmdb_show'), (128095, 'tmdb_show'), (107124, 'tmdb_show'), (67466, 'tmdb_show'), (132559, 'tmdb_show'), (82883, 'tmdb_show'), (1432, 'tmdb_show'), (122066, 'tmdb_show'), (136322, 'tmdb_show'), (93812, 'tmdb_show'), (90870, 'tmdb_show'), (109330, 'tmdb_show'), (121567, 'tmdb_show'), (216315, 'tmdb_show'), (71116, 'tmdb_show'), (114925, 'tmdb_show'), (89905, 'tmdb_show'), (46707, 'tmdb_show'), (64464, 'tmdb_show'), (97645, 'tmdb_show'), (73157, 'tmdb_show'), (86550, 'tmdb_show'), (82199, 'tmdb_show'), (44857, 'tmdb_show'), (88989, 'tmdb_show'), (130392, 'tmdb_show'), (138561, 'tmdb_show'), (81829, 'tmdb_show'), (90257, 'tmdb_show'), (133903, 'tmdb_show'), (130464, 'tmdb_show'), (111312, 'tmdb_show'), (88640, 'tmdb_show'), (69541, 'tmdb_show'), (103992, 'tmdb_show'), (62335, 'tmdb_show'), (81349, 'tmdb_show'), (105804, 'tmdb_show'), (70721, 'tmdb_show'), (156401, 'tmdb_show'), (65227, 'tmdb_show'), (87382, 'tmdb_show'), (96734, 'tmdb_show'), (64043, 'tmdb_show'), (130567, 'tmdb_show'), (217615, 'tmdb_show'), (112063, 'tmdb_show'), (95215, 'tmdb_show'), (156812, 'tmdb_show'), (216429, 'tmdb_show'), (88987, 'tmdb_show'), (89221, 'tmdb_show'), (195420, 'tmdb_show'), (83605, 'tmdb_show'), (71437, 'tmdb_show'), (60793, 'tmdb_show'), (85702, 'tmdb_show'), (82744, 'tmdb_show'), (66912, 'tmdb_show'), (204554, 'tmdb_show'), (127162, 'tmdb_show'), (84584, 'tmdb_show'), (60182, 'tmdb_show'), (5739, 'tmdb_show'), (89314, 'tmdb_show'), (107119, 'tmdb_show'), (155427, 'tmdb_show'), (112945, 'tmdb_show'), (70690, 'tmdb_show'), (62234, 'tmdb_show'), (56964, 'tmdb_show'), (56402, 'tmdb_show'), (157433, 'tmdb_show'), (99747, 'tmdb_show'), (84282, 'tmdb_show'), (132159, 'tmdb_show'), (206816, 'tmdb_show'), (105763, 'tmdb_show'), (205272, 'tmdb_show'), (202137, 'tmdb_show'), (113378, 'tmdb_show'), (68052, 'tmdb_show'), (38979, 'tmdb_show'), (85046, 'tmdb_show'), (74159, 'tmdb_show'), (6850, 'tmdb_show'), (91837, 'tmdb_show'), (97559, 'tmdb_show'), (127731, 'tmdb_show'), (107114, 'tmdb_show'), (135134, 'tmdb_show'), (119507, 'tmdb_show'), (204572, 'tmdb_show'), (28104, 'tmdb_show'), (202213, 'tmdb_show'), (104127, 'tmdb_show'), (66858, 'tmdb_show'), (34466, 'tmdb_show'), (63353, 'tmdb_show'), (49525, 'tmdb_show'), (217448, 'tmdb_show'), (130980, 'tmdb_show'), (75966, 'tmdb_show'), (90617, 'tmdb_show'), (157972, 'tmdb_show'), (202173, 'tmdb_show'), (64887, 'tmdb_show'), (201902, 'tmdb_show'), (205971, 'tmdb_show'), (105848, 'tmdb_show'), (80858, 'tmdb_show'), (74359, 'tmdb_show'), (112226, 'tmdb_show'), (62321, 'tmdb_show'), (195684, 'tmdb_show'), (61281, 'tmdb_show'), (79516, 'tmdb_show'), (200908, 'tmdb_show'), (75390, 'tmdb_show'), (205032, 'tmdb_show'), (61580, 'tmdb_show'), (104201, 'tmdb_show'), (214940, 'tmdb_show'), (138999, 'tmdb_show'), (118556, 'tmdb_show'), (220155, 'tmdb_show'), (96391, 'tmdb_show'), (64298, 'tmdb_show'), (65781, 'tmdb_show'), (206818, 'tmdb_show'), (116600, 'tmdb_show'), (40488, 'tmdb_show'), (217616, 'tmdb_show'), (127907, 'tmdb_show'), (57285, 'tmdb_show'), (210820, 'tmdb_show'), (107125, 'tmdb_show'), (206022, 'tmdb_show'), (79777, 'tmdb_show'), (99628, 'tmdb_show'), (211357, 'tmdb_show'), (108180, 'tmdb_show'), (133813, 'tmdb_show'), (62878, 'tmdb_show'), (107117, 'tmdb_show'), (214520, 'tmdb_show'), (218194, 'tmdb_show'), (127948, 'tmdb_show'), (65722, 'tmdb_show'), (206925, 'tmdb_show'), (203554, 'tmdb_show'), (45749, 'tmdb_show'), (82630, 'tmdb_show'), (62483, 'tmdb_show'), (61645, 'tmdb_show'), (57283, 'tmdb_show'), (105039, 'tmdb_show'), (209727, 'tmdb_show'), (135230, 'tmdb_show'), (105224, 'tmdb_show'), (214374, 'tmdb_show'), (123451, 'tmdb_show'), (95088, 'tmdb_show'), (207334, 'tmdb_show'), (155354, 'tmdb_show'), (212246, 'tmdb_show'), (138566, 'tmdb_show'), (60579, 'tmdb_show'), (207517, 'tmdb_show'), (206300, 'tmdb_show'), (130669, 'tmdb_show'), (68933, 'tmdb_show'), (43953, 'tmdb_show'), (157028, 'tmdb_show'), (110234, 'tmdb_show'), (156390, 'tmdb_show'), (129569, 'tmdb_show'), (128180, 'tmdb_show'), (46914, 'tmdb_show'), (73463, 'tmdb_show'), (121820, 'tmdb_show'), (212064, 'tmdb_show'), (102945, 'tmdb_show'), (203749, 'tmdb_show'), (80295, 'tmdb_show'), (126308, 'tmdb_show'), (210426, 'tmdb_show'), (219549, 'tmdb_show'), (218307, 'tmdb_show'), (218268, 'tmdb_show'), (216418, 'tmdb_show'), (211358, 'tmdb_show'), (211059, 'tmdb_show'), (211058, 'tmdb_show'), (211049, 'tmdb_show'), (210726, 'tmdb_show'), (206817, 'tmdb_show'), (206815, 'tmdb_show'), (204999, 'tmdb_show'), (204202, 'tmdb_show'), (201831, 'tmdb_show'), (157239, 'tmdb_show'), (139564, 'tmdb_show'), (121194, 'tmdb_show'), (43587, 'tmdb_show'), (39177, 'tmdb_show'), (31439, 'tmdb_show')] |
[2023-02-14 02:16:27,720] [builder.py:1284]           [DEBUG]    |                                                                                                    |
[2023-02-14 02:16:27,948] [builder.py:1361]           [ERROR]    | Convert Error: No TVDb ID Found for TMDb ID: 107124                                                |
[2023-02-14 02:16:28,091] [builder.py:1361]           [ERROR]    | Convert Error: No TVDb ID Found for TMDb ID: 105763                                                |
[2023-02-14 02:16:28,208] [builder.py:1361]           [ERROR]    | Convert Error: No TVDb ID Found for TMDb ID: 62321                                                 |
[2023-02-14 02:16:28,318] [builder.py:1361]           [ERROR]    | Convert Error: No TVDb ID Found for TMDb ID: 206022                                                |
[2023-02-14 02:16:28,419] [builder.py:1361]           [ERROR]    | Convert Error: No TVDb ID Found for TMDb ID: 99628                                                 |
[2023-02-14 02:16:28,525] [builder.py:1361]           [ERROR]    | Convert Error: No TVDb ID Found for TMDb ID: 211357                                                |
[2023-02-14 02:16:28,629] [builder.py:1361]           [ERROR]    | Convert Error: No TVDb ID Found for TMDb ID: 108180                                                |
[2023-02-14 02:16:28,743] [builder.py:1361]           [ERROR]    | Convert Error: No TVDb ID Found for TMDb ID: 61645                                                 |
[2023-02-14 02:16:28,857] [builder.py:1361]           [ERROR]    | Convert Error: No TVDb ID Found for TMDb ID: 214374                                                |
[2023-02-14 02:16:28,954] [builder.py:1361]           [ERROR]    | Convert Error: No TVDb ID Found for TMDb ID: 123451                                                |
[2023-02-14 02:16:29,059] [builder.py:1361]           [ERROR]    | Convert Error: No TVDb ID Found for TMDb ID: 207517                                                |
[2023-02-14 02:16:29,156] [builder.py:1361]           [ERROR]    | Convert Error: No TVDb ID Found for TMDb ID: 130669                                                |
[2023-02-14 02:16:29,262] [builder.py:1361]           [ERROR]    | Convert Error: No TVDb ID Found for TMDb ID: 157028                                                |
[2023-02-14 02:16:29,359] [builder.py:1361]           [ERROR]    | Convert Error: No TVDb ID Found for TMDb ID: 129569                                                |
[2023-02-14 02:16:29,453] [builder.py:1361]           [ERROR]    | Convert Error: No TVDb ID Found for TMDb ID: 46914                                                 |
[2023-02-14 02:16:29,550] [builder.py:1361]           [ERROR]    | Convert Error: No TVDb ID Found for TMDb ID: 121820                                                |
[2023-02-14 02:16:29,646] [builder.py:1361]           [ERROR]    | Convert Error: No TVDb ID Found for TMDb ID: 212064                                                |
[2023-02-14 02:16:29,755] [builder.py:1361]           [ERROR]    | Convert Error: No TVDb ID Found for TMDb ID: 210426                                                |
[2023-02-14 02:16:29,853] [builder.py:1361]           [ERROR]    | Convert Error: No TVDb ID Found for TMDb ID: 219549                                                |
[2023-02-14 02:16:29,953] [builder.py:1361]           [ERROR]    | Convert Error: No TVDb ID Found for TMDb ID: 211059                                                |
[2023-02-14 02:16:30,049] [builder.py:1361]           [ERROR]    | Convert Error: No TVDb ID Found for TMDb ID: 211058                                                |
[2023-02-14 02:16:30,148] [builder.py:1361]           [ERROR]    | Convert Error: No TVDb ID Found for TMDb ID: 211049                                                |
[2023-02-14 02:16:30,251] [builder.py:1361]           [ERROR]    | Convert Error: No TVDb ID Found for TMDb ID: 210726                                                |
[2023-02-14 02:16:30,350] [builder.py:1361]           [ERROR]    | Convert Error: No TVDb ID Found for TMDb ID: 206817                                                |
[2023-02-14 02:16:30,445] [builder.py:1361]           [ERROR]    | Convert Error: No TVDb ID Found for TMDb ID: 206815                                                |
[2023-02-14 02:16:30,447] [builder.py:1361]           [ERROR]    | Convert Error: No TVDb ID Found for TMDb ID: 204202                                                |
[2023-02-14 02:16:30,546] [builder.py:1361]           [ERROR]    | Convert Error: No TVDb ID Found for TMDb ID: 201831                                                |
[2023-02-14 02:16:30,647] [builder.py:1361]           [ERROR]    | Convert Error: No TVDb ID Found for TMDb ID: 121194                                                |
[2023-02-14 02:16:30,752] [builder.py:1361]           [ERROR]    | Convert Error: No TVDb ID Found for TMDb ID: 39177                                                 |
[2023-02-14 02:16:30,753] [builder.py:1697]           [INFO]     |                                                                                                    |
[2023-02-14 02:16:30,754] [util.py:216]               [INFO]     |==================================== Adding to Hulu Collection =====================================|
[2023-02-14 02:16:30,754] [builder.py:1699]           [INFO]     |                                                                                                    |
[2023-02-14 02:16:30,754] [builder.py:1709]           [INFO]     | 1/1 | Hulu Collection | = | The Bear                                                               |
[2023-02-14 02:16:30,755] [builder.py:1734]           [INFO]     |                                                                                                    |
[2023-02-14 02:16:30,755] [builder.py:1735]           [INFO]     | 1 Show Processed                                                                                   |
[2023-02-14 02:16:30,755] [builder.py:1969]           [INFO]     |                                                                                                    |
[2023-02-14 02:16:30,756] [util.py:216]               [INFO]     |================================= Missing Shows from Library: Hulu =================================|
[2023-02-14 02:16:30,756] [builder.py:1971]           [INFO]     |                                                                                                    |
[2023-02-14 02:16:31,238] [builder.py:1982]           [INFO]     | Hulu Collection | ? | The Handmaid's Tale (TVDB: 321239)                                           |
[2023-02-14 02:16:31,573] [builder.py:1982]           [INFO]     | Hulu Collection | ? | Love, Victor (TVDB: 368188)                                                  |
[2023-02-14 02:16:31,829] [builder.py:1982]           [INFO]     | Hulu Collection | ? | American Horror Stories (TVDB: 382187)                                       |
[2023-02-14 02:16:32,203] [builder.py:1982]           [INFO]     | Hulu Collection | ? | The Orville (TVDB: 328487)                                                   |
[2023-02-14 02:16:32,430] [builder.py:1982]           [INFO]     | Hulu Collection | ? | The Kardashians (TVDB: 414093)                                               |
[2023-02-14 02:16:32,681] [builder.py:1982]           [INFO]     | Hulu Collection | ? | How I Met Your Father (TVDB: 401513)                                         |
[2023-02-14 02:16:32,964] [builder.py:1982]           [INFO]     | Hulu Collection | ? | The Patient (TVDB: 411118)                                                   |
[2023-02-14 02:16:33,167] [builder.py:1982]           [INFO]     | Hulu Collection | ? | Mike (2022) (TVDB: 401871)                                                   |
[2023-02-14 02:16:33,398] [builder.py:1982]           [INFO]     | Hulu Collection | ? | Dopesick (TVDB: 390716)                                                      |
[2023-02-14 02:16:33,691] [builder.py:1982]           [INFO]     | Hulu Collection | ? | Only Murders in the Building (TVDB: 399959)                                  |
[2023-02-14 02:16:34,008] [builder.py:1982]           [INFO]     | Hulu Collection | ? | Under the Banner of Heaven (TVDB: 405549)                                    |
[2023-02-14 02:16:34,511] [builder.py:1982]           [INFO]     | Hulu Collection | ? | Marvel's Runaways (TVDB: 332027)                                             |
[2023-02-14 02:16:34,857] [builder.py:1982]           [INFO]     | Hulu Collection | ? | The Croods: Family Tree (TVDB: 409654)                                       |
[2023-02-14 02:16:35,095] [builder.py:1982]           [INFO]     | Hulu Collection | ? | The Act (TVDB: 354765)                                                       |
[2023-02-14 02:16:35,730] [builder.py:1982]           [INFO]     | Hulu Collection | ? | Veronica Mars (TVDB: 73730)                                                  |
[2023-02-14 02:16:35,993] [builder.py:1982]           [INFO]     | Hulu Collection | ? | The Dropout (TVDB: 363024)                                                   |
[2023-02-14 02:16:36,256] [builder.py:1982]           [INFO]     | Hulu Collection | ? | Dragons: The Nine Realms (TVDB: 411408)                                      |
[2023-02-14 02:16:36,496] [builder.py:1982]           [INFO]     | Hulu Collection | ? | The Great (TVDB: 369301)                                                     |
[2023-02-14 02:16:36,795] [builder.py:1982]           [INFO]     | Hulu Collection | ? | Wu-Tang: An American Saga (TVDB: 354080)                                     |
[2023-02-14 02:16:37,133] [builder.py:1982]           [INFO]     | Hulu Collection | ? | Madagascar: A Little Wild (TVDB: 387162)                                     |
[2023-02-14 02:16:37,380] [builder.py:1982]           [INFO]     | Hulu Collection | ? | Koala Man (TVDB: 399758)                                                     |
[2023-02-14 02:16:37,553] [builder.py:1982]           [INFO]     | Hulu Collection | ? | Stolen Youth: Inside the Cult at Sarah Lawrence (TVDB: 428318)               |
[2023-02-14 02:16:37,929] [builder.py:1982]           [INFO]     | Hulu Collection | ? | Castle Rock (TVDB: 331600)                                                   |
[2023-02-14 02:16:38,174] [builder.py:1982]           [INFO]     | Hulu Collection | ? | Pam & Tommy (TVDB: 400690)                                                   |
[2023-02-14 02:16:38,434] [builder.py:1982]           [INFO]     | Hulu Collection | ? | Normal People (TVDB: 371806)                                                 |
[2023-02-14 02:16:38,965] [builder.py:1982]           [INFO]     | Hulu Collection | ? | WWE Main Event (TVDB: 374470)                                                |
[2023-02-14 02:16:39,297] [builder.py:1982]           [INFO]     | Hulu Collection | ? | 11.22.63 (TVDB: 301824)                                                      |
[2023-02-14 02:16:39,608] [builder.py:1982]           [INFO]     | Hulu Collection | ? | Solar Opposites (TVDB: 375892)                                               |
[2023-02-14 02:16:39,957] [builder.py:1982]           [INFO]     | Hulu Collection | ? | Future Man (TVDB: 330997)                                                    |
[2023-02-14 02:16:40,171] [builder.py:1982]           [INFO]     | Hulu Collection | ? | Y: The Last Man (TVDB: 362250)                                               |
[2023-02-14 02:16:40,467] [builder.py:1982]           [INFO]     | Hulu Collection | ? | Find Me in Paris (TVDB: 345183)                                              |
[2023-02-14 02:16:40,983] [builder.py:1982]           [INFO]     | Hulu Collection | ? | The Mindy Project (TVDB: 259007)                                             |
[2023-02-14 02:16:41,296] [builder.py:1982]           [INFO]     | Hulu Collection | ? | Nine Perfect Strangers (TVDB: 376815)                                        |
[2023-02-14 02:16:41,532] [builder.py:1982]           [INFO]     | Hulu Collection | ? | The D'Amelio Show (TVDB: 407311)                                             |
[2023-02-14 02:16:41,758] [builder.py:1982]           [INFO]     | Hulu Collection | ? | Kindred (TVDB: 414513)                                                       |
[2023-02-14 02:16:42,040] [builder.py:1982]           [INFO]     | Hulu Collection | ? | Light as a Feather (TVDB: 347708)                                            |
[2023-02-14 02:16:42,285] [builder.py:1982]           [INFO]     | Hulu Collection | ? | Little Fires Everywhere (TVDB: 363194)                                       |
[2023-02-14 02:16:42,473] [builder.py:1982]           [INFO]     | Hulu Collection | ? | Marvel's Hit-Monkey (TVDB: 361835)                                           |
[2023-02-14 02:16:42,706] [builder.py:1982]           [INFO]     | Hulu Collection | ? | Tell Me Lies (TVDB: 393269)                                                  |
[2023-02-14 02:16:42,958] [builder.py:1982]           [INFO]     | Hulu Collection | ? | Marvel's M.O.D.O.K. (TVDB: 361834)                                           |
[2023-02-14 02:16:43,168] [builder.py:1982]           [INFO]     | Hulu Collection | ? | Looking for Alaska (TVDB: 359638)                                            |
[2023-02-14 02:16:43,526] [builder.py:1982]           [INFO]     | Hulu Collection | ? | Harlots (TVDB: 319861)                                                       |
[2023-02-14 02:16:43,778] [builder.py:1982]           [INFO]     | Hulu Collection | ? | A Teacher (TVDB: 352440)                                                     |
[2023-02-14 02:16:44,199] [builder.py:1982]           [INFO]     | Hulu Collection | ? | UnREAL (TVDB: 278264)                                                        |
[2023-02-14 02:16:44,419] [builder.py:1982]           [INFO]     | Hulu Collection | ? | Devs (TVDB: 364149)                                                          |
[2023-02-14 02:16:44,642] [builder.py:1982]           [INFO]     | Hulu Collection | ? | Candy (TVDB: 385141)                                                         |
[2023-02-14 02:16:44,894] [builder.py:1982]           [INFO]     | Hulu Collection | ? | The Looming Tower (TVDB: 331821)                                             |
[2023-02-14 02:16:45,101] [builder.py:1982]           [INFO]     | Hulu Collection | ? | Fleishman Is in Trouble (TVDB: 398362)                                       |
[2023-02-14 02:16:45,426] [builder.py:1982]           [INFO]     | Hulu Collection | ? | The Path (TVDB: 304196)                                                      |
[2023-02-14 02:16:45,727] [builder.py:1982]           [INFO]     | Hulu Collection | ? | Ramy (TVDB: 359257)                                                          |
[2023-02-14 02:16:45,960] [builder.py:1982]           [INFO]     | Hulu Collection | ? | High Fidelity (TVDB: 371643)                                                 |
[2023-02-14 02:16:46,308] [builder.py:1982]           [INFO]     | Hulu Collection | ? | Casual (TVDB: 299350)                                                        |
[2023-02-14 02:16:46,519] [builder.py:1982]           [INFO]     | Hulu Collection | ? | Welcome to Chippendales (TVDB: 403128)                                       |
[2023-02-14 02:16:46,713] [builder.py:1982]           [INFO]     | Hulu Collection | ? | Killing County (TVDB: 428465)                                                |
[2023-02-14 02:16:46,949] [builder.py:1982]           [INFO]     | Hulu Collection | ? | The Mighty Ones (TVDB: 389305)                                               |
[2023-02-14 02:16:47,244] [builder.py:1982]           [INFO]     | Hulu Collection | ? | Reservation Dogs (TVDB: 371884)                                              |
[2023-02-14 02:16:47,446] [builder.py:1982]           [INFO]     | Hulu Collection | ? | Life & Beth (TVDB: 370105)                                                   |
[2023-02-14 02:16:47,663] [builder.py:1982]           [INFO]     | Hulu Collection | ? | The 1619 Project (TVDB: 424152)                                              |
[2023-02-14 02:16:47,886] [builder.py:1982]           [INFO]     | Hulu Collection | ? | Helstrom (TVDB: 364038)                                                      |
[2023-02-14 02:16:48,145] [builder.py:1982]           [INFO]     | Hulu Collection | ? | Holly Hobbie (TVDB: 355724)                                                  |
[2023-02-14 02:16:48,326] [builder.py:1982]           [INFO]     | Hulu Collection | ? | Captive Audience: A Real American Horror Story (TVDB: 418061)                |
[2023-02-14 02:16:48,607] [builder.py:1982]           [INFO]     | Hulu Collection | ? | Mrs. America (TVDB: 367230)                                                  |
[2023-02-14 02:16:48,892] [builder.py:1982]           [INFO]     | Hulu Collection | ? | T@gged (TVDB: 315804)                                                        |
[2023-02-14 02:16:49,161] [builder.py:1982]           [INFO]     | Hulu Collection | ? | Selfie (TVDB: 279529)                                                        |
[2023-02-14 02:16:49,439] [builder.py:1982]           [INFO]     | Hulu Collection | ? | Pen15 (TVDB: 348127)                                                         |
[2023-02-14 02:16:49,743] [builder.py:1982]           [INFO]     | Hulu Collection | ? | Catch-22 (TVDB: 357558)                                                      |
[2023-02-14 02:16:50,036] [builder.py:1982]           [INFO]     | Hulu Collection | ? | Chance (TVDB: 311196)                                                        |
[2023-02-14 02:16:50,281] [builder.py:1982]           [INFO]     | Hulu Collection | ? | Legacy: The True Story of the LA Lakers (TVDB: 421561)                       |
[2023-02-14 02:16:50,514] [builder.py:1982]           [INFO]     | Hulu Collection | ? | Maggie (TVDB: 402909)                                                        |
[2023-02-14 02:16:50,742] [builder.py:1982]           [INFO]     | Hulu Collection | ? | Dollface (TVDB: 367553)                                                      |
[2023-02-14 02:16:51,006] [builder.py:1982]           [INFO]     | Hulu Collection | ? | The Wrong Mans (TVDB: 268943)                                                |
[2023-02-14 02:16:51,275] [builder.py:1982]           [INFO]     | Hulu Collection | ? | Dr. Horrible's Sing-Along Blog (TVDB: 82507)                                 |
[2023-02-14 02:16:51,489] [builder.py:1982]           [INFO]     | Hulu Collection | ? | Reprisal (TVDB: 367554)                                                      |
[2023-02-14 02:16:51,677] [builder.py:1982]           [INFO]     | Hulu Collection | ? | Monsterland (TVDB: 385960)                                                   |
[2023-02-14 02:16:51,877] [builder.py:1982]           [INFO]     | Hulu Collection | ? | Reboot (2022) (TVDB: 414543)                                                 |
[2023-02-14 02:16:52,148] [builder.py:1982]           [INFO]     | Hulu Collection | ? | The Hardy Boys (2020) (TVDB: 391628)                                         |
[2023-02-14 02:16:52,433] [builder.py:1982]           [INFO]     | Hulu Collection | ? | Dimension 404 (TVDB: 325529)                                                 |
[2023-02-14 02:16:52,732] [builder.py:1982]           [INFO]     | Hulu Collection | ? | Deadbeat (TVDB: 279392)                                                      |
[2023-02-14 02:16:53,061] [builder.py:1982]           [INFO]     | Hulu Collection | ? | East Los High (TVDB: 270610)                                                 |
[2023-02-14 02:16:53,343] [builder.py:1982]           [INFO]     | Hulu Collection | ? | Monsuno (TVDB: 260070)                                                       |
[2023-02-14 02:16:53,545] [builder.py:1982]           [INFO]     | Hulu Collection | ? | Abominable and the Invisible City (TVDB: 416373)                             |
[2023-02-14 02:16:53,727] [builder.py:1982]           [INFO]     | Hulu Collection | ? | Conversations with Friends (TVDB: 384554)                                    |
[2023-02-14 02:16:54,007] [builder.py:1982]           [INFO]     | Hulu Collection | ? | Four Weddings and a Funeral (TVDB: 362415)                                   |
[2023-02-14 02:16:54,224] [builder.py:1982]           [INFO]     | Hulu Collection | ? | Pistol (TVDB: 394966)                                                        |
[2023-02-14 02:16:54,384] [builder.py:1982]           [INFO]     | Hulu Collection | ? | Death in the Dorms (TVDB: 427190)                                            |
[2023-02-14 02:16:54,632] [builder.py:1982]           [INFO]     | Hulu Collection | ? | Reasonable Doubt (2022) (TVDB: 410743)                                       |
[2023-02-14 02:16:54,850] [builder.py:1982]           [INFO]     | Hulu Collection | ? | This Fool (TVDB: 408305)                                                     |
[2023-02-14 02:16:55,102] [builder.py:1982]           [INFO]     | Hulu Collection | ? | Trolls: TrollsTopia (TVDB: 391482)                                           |
[2023-02-14 02:16:55,388] [builder.py:1982]           [INFO]     | Hulu Collection | ? | Freakish (TVDB: 317407)                                                      |
[2023-02-14 02:16:55,614] [builder.py:1982]           [INFO]     | Hulu Collection | ? | The Confession (TVDB: 243621)                                                |
[2023-02-14 02:16:55,847] [builder.py:1982]           [INFO]     | Hulu Collection | ? | Shrill (TVDB: 351606)                                                        |
[2023-02-14 02:16:56,113] [builder.py:1982]           [INFO]     | Hulu Collection | ? | The First (TVDB: 349002)                                                     |
[2023-02-14 02:16:56,315] [builder.py:1982]           [INFO]     | Hulu Collection | ? | The Premise (TVDB: 393222)                                                   |
[2023-02-14 02:16:56,522] [builder.py:1982]           [INFO]     | Hulu Collection | ? | En La Boca Del Lobo (TVDB: 341654)                                           |
[2023-02-14 02:16:56,769] [builder.py:1982]           [INFO]     | Hulu Collection | ? | Utopia Falls (TVDB: 365294)                                                  |
[2023-02-14 02:16:56,965] [builder.py:1982]           [INFO]     | Hulu Collection | ? | Rūrangi (TVDB: 404893)                                                       |
[2023-02-14 02:16:57,197] [builder.py:1982]           [INFO]     | Hulu Collection | ? | The Girl From Plainville (TVDB: 386664)                                      |
[2023-02-14 02:16:57,443] [builder.py:1982]           [INFO]     | Hulu Collection | ? | Wild Crime (TVDB: 410482)                                                    |
[2023-02-14 02:16:57,612] [builder.py:1982]           [INFO]     | Hulu Collection | ? | Victoria's Secret: Angels and Demons (TVDB: 420697)                          |
[2023-02-14 02:16:57,798] [builder.py:1982]           [INFO]     | Hulu Collection | ? | Chefs vs. Wild (TVDB: 425287)                                                |
[2023-02-14 02:16:58,055] [builder.py:1982]           [INFO]     | Hulu Collection | ? | The Awesomes (TVDB: 268914)                                                  |
[2023-02-14 02:16:58,281] [builder.py:1982]           [INFO]     | Hulu Collection | ? | History of the World, Part II (TVDB: 412421)                                 |
[2023-02-14 02:16:58,551] [builder.py:1982]           [INFO]     | Hulu Collection | ? | Crossing Swords (TVDB: 353892)                                               |
[2023-02-14 02:16:58,794] [builder.py:1982]           [INFO]     | Hulu Collection | ? | Shut Eye (TVDB: 311197)                                                      |
[2023-02-14 02:16:59,139] [builder.py:1982]           [INFO]     | Hulu Collection | ? | The Legion of Extraordinary Dancers (TVDB: 202331)                           |
[2023-02-14 02:16:59,384] [builder.py:1982]           [INFO]     | Hulu Collection | ? | Difficult People (TVDB: 296367)                                              |
[2023-02-14 02:16:59,625] [builder.py:1982]           [INFO]     | Hulu Collection | ? | Blue (TVDB: 260319)                                                          |
[2023-02-14 02:16:59,790] [builder.py:1982]           [INFO]     | Hulu Collection | ? | How I Caught My Killer (TVDB: 428463)                                        |
[2023-02-14 02:17:00,088] [builder.py:1982]           [INFO]     | Hulu Collection | ? | Promised Land (2022) (TVDB: 408611)                                          |
[2023-02-14 02:17:00,342] [builder.py:1982]           [INFO]     | Hulu Collection | ? | All Night (TVDB: 346001)                                                     |
[2023-02-14 02:17:00,518] [builder.py:1982]           [INFO]     | Hulu Collection | ? | The Bravest Knight (TVDB: 365893)                                            |
[2023-02-14 02:17:00,782] [builder.py:1982]           [INFO]     | Hulu Collection | ? | Great Expectations (2023) (TVDB: 411028)                                     |
[2023-02-14 02:17:00,956] [builder.py:1982]           [INFO]     | Hulu Collection | ? | Keeper of the Ashes: The Oklahoma Girl Scout Murders (TVDB: 420215)          |
[2023-02-14 02:17:01,172] [builder.py:1982]           [INFO]     | Hulu Collection | ? | Mother Up! (TVDB: 275048)                                                    |
[2023-02-14 02:17:01,375] [builder.py:1982]           [INFO]     | Hulu Collection | ? | Unprisoned (TVDB: 422757)                                                    |
[2023-02-14 02:17:01,562] [builder.py:1982]           [INFO]     | Hulu Collection | ? | Best In Dough (TVDB: 423917)                                                 |
[2023-02-14 02:17:01,845] [builder.py:1982]           [INFO]     | Hulu Collection | ? | Woke (TVDB: 385174)                                                          |
[2023-02-14 02:17:02,096] [builder.py:1982]           [INFO]     | Hulu Collection | ? | Zac & Mia (TVDB: 337588)                                                     |
[2023-02-14 02:17:02,314] [builder.py:1982]           [INFO]     | Hulu Collection | ? | I Love You, America (TVDB: 332028)                                           |
[2023-02-14 02:17:02,561] [builder.py:1982]           [INFO]     | Hulu Collection | ? | Bite Size Halloween (TVDB: 391056)                                           |
[2023-02-14 02:17:02,749] [builder.py:1982]           [INFO]     | Hulu Collection | ? | Have You Seen This Man? (TVDB: 417926)                                       |
[2023-02-14 02:17:02,960] [builder.py:1982]           [INFO]     | Hulu Collection | ? | The Hotwives of Orlando (TVDB: 277126)                                       |
[2023-02-14 02:17:03,190] [builder.py:1982]           [INFO]     | Hulu Collection | ? | The Doozers (TVDB: 281407)                                                   |
[2023-02-14 02:17:03,385] [builder.py:1982]           [INFO]     | Hulu Collection | ? | We Were The Lucky Ones (TVDB: 419596)                                        |
[2023-02-14 02:17:03,620] [builder.py:1982]           [INFO]     | Hulu Collection | ? | The Hotwives of Las Vegas (TVDB: 299270)                                     |
[2023-02-14 02:17:03,810] [builder.py:1982]           [INFO]     | Hulu Collection | ? | Mormon No More (TVDB: 421664)                                                |
[2023-02-14 02:17:04,011] [builder.py:1982]           [INFO]     | Hulu Collection | ? | Tomorrow's Cantabile (TVDB: 286129)                                          |
[2023-02-14 02:17:04,188] [builder.py:1982]           [INFO]     | Hulu Collection | ? | Taste the Nation (TVDB: 382650)                                              |
[2023-02-14 02:17:04,384] [builder.py:1982]           [INFO]     | Hulu Collection | ? | Back in the Groove (TVDB: 427702)                                            |
[2023-02-14 02:17:04,560] [builder.py:1982]           [INFO]     | Hulu Collection | ? | City of Angels | City of Death (TVDB: 412638)                                |
[2023-02-14 02:17:04,731] [builder.py:1982]           [INFO]     | Hulu Collection | ? | Sasquatch (TVDB: 398766)                                                     |
[2023-02-14 02:17:04,917] [builder.py:1982]           [INFO]     | Hulu Collection | ? | Still Missing Morgan (TVDB: 430945)                                          |
[2023-02-14 02:17:05,137] [builder.py:1982]           [INFO]     | Hulu Collection | ? | Hillary (2020) (TVDB: 375373)                                                |
[2023-02-14 02:17:05,308] [builder.py:1982]           [INFO]     | Hulu Collection | ? | Strictly Sexual: The Series (TVDB: 257289)                                   |
[2023-02-14 02:17:05,513] [builder.py:1982]           [INFO]     | Hulu Collection | ? | RocketJump: The Show (TVDB: 302734)                                          |
[2023-02-14 02:17:05,716] [builder.py:1982]           [INFO]     | Hulu Collection | ? | The Murders Before the Marathon (TVDB: 423827)                               |
[2023-02-14 02:17:05,947] [builder.py:1982]           [INFO]     | Hulu Collection | ? | Everyone Is Doing Great (TVDB: 358543)                                       |
[2023-02-14 02:17:06,154] [builder.py:1982]           [INFO]     | Hulu Collection | ? | A Day In The Life (TVDB: 257391)                                             |
[2023-02-14 02:17:06,350] [builder.py:1982]           [INFO]     | Hulu Collection | ? | Web of Death (TVDB: 428464)                                                  |
[2023-02-14 02:17:06,575] [builder.py:1982]           [INFO]     | Hulu Collection | ? | McCartney 3, 2, 1 (TVDB: 403234)                                             |
[2023-02-14 02:17:06,793] [builder.py:1982]           [INFO]     | Hulu Collection | ? | Quick Draw (TVDB: 270913)                                                    |
[2023-02-14 02:17:07,008] [builder.py:1982]           [INFO]     | Hulu Collection | ? | Power Trip: Those Who Seek Power and Those Who Chase Them (TVDB: 425461)     |
[2023-02-14 02:17:07,186] [builder.py:1982]           [INFO]     | Hulu Collection | ? | Eater's Guide to the World (TVDB: 390233)                                    |
[2023-02-14 02:17:07,439] [builder.py:1982]           [INFO]     | Hulu Collection | ? | Leap Year (TVDB: 262146)                                                     |
[2023-02-14 02:17:07,608] [builder.py:1982]           [INFO]     | Hulu Collection | ? | Career Opportunities in Murder & Mayhem (TVDB: 410100)                       |
[2023-02-14 02:17:07,819] [builder.py:1982]           [INFO]     | Hulu Collection | ? | What Lives Inside (TVDB: 294532)                                             |
[2023-02-14 02:17:08,004] [builder.py:1982]           [INFO]     | Hulu Collection | ? | The Next Thing You Eat (TVDB: 410737)                                        |
[2023-02-14 02:17:08,163] [builder.py:1982]           [INFO]     | Hulu Collection | ? | Grails: When Sneakers Change the Game (TVDB: 427550)                         |
[2023-02-14 02:17:08,341] [builder.py:1982]           [INFO]     | Hulu Collection | ? | Saint X (TVDB: 415088)                                                       |
[2023-02-14 02:17:08,508] [builder.py:1982]           [INFO]     | Hulu Collection | ? | Class of '09 (TVDB: 405445)                                                  |
[2023-02-14 02:17:08,709] [builder.py:1982]           [INFO]     | Hulu Collection | ? | The Fashion Fund (TVDB: 286455)                                              |
[2023-02-14 02:17:08,869] [builder.py:1982]           [INFO]     | Hulu Collection | ? | La Máquina (TVDB: 424221)                                                    |
[2023-02-14 02:17:09,058] [builder.py:1982]           [INFO]     | Hulu Collection | ? | Tiny Beautiful Things (TVDB: 420985)                                         |
[2023-02-14 02:17:09,550] [builder.py:1982]           [INFO]     | Hulu Collection | ? | Larry King Now (TVDB: 285399)                                                |
[2023-02-14 02:17:09,754] [builder.py:1982]           [INFO]     | Hulu Collection | ? | Behind the Mask (TVDB: 274742)                                               |
[2023-02-14 02:17:09,931] [builder.py:1982]           [INFO]     | Hulu Collection | ? | I Wanna Marry Harry (TVDB: 280256)                                           |
[2023-02-14 02:17:10,110] [builder.py:1982]           [INFO]     | Hulu Collection | ? | Battleground (TVDB: 255229)                                                  |
[2023-02-14 02:17:10,324] [builder.py:1982]           [INFO]     | Hulu Collection | ? | The Other Typist (TVDB: 387456)                                              |
[2023-02-14 02:17:10,511] [builder.py:1982]           [INFO]     | Hulu Collection | ? | The Other Black Girl (TVDB: 423098)                                          |
[2023-02-14 02:17:10,684] [builder.py:1982]           [INFO]     | Hulu Collection | ? | The Curse of Von Dutch: A Brand to Die For (TVDB: 410709)                    |
[2023-02-14 02:17:10,874] [builder.py:1982]           [INFO]     | Hulu Collection | ? | Defining Moments with OZY (TVDB: 384991)                                     |
[2023-02-14 02:17:11,055] [builder.py:1982]           [INFO]     | Hulu Collection | ? | VICE Investigates (TVDB: 371349)                                             |
[2023-02-14 02:17:11,236] [builder.py:1982]           [INFO]     | Hulu Collection | ? | The Veil (TVDB: 423016)                                                      |
[2023-02-14 02:17:11,431] [builder.py:1982]           [INFO]     | Hulu Collection | ? | The Plot (TVDB: 414508)                                                      |
[2023-02-14 02:17:11,614] [builder.py:1982]           [INFO]     | Hulu Collection | ? | Interior Chinatown (TVDB: 425999)                                            |
[2023-02-14 02:17:11,830] [builder.py:1982]           [INFO]     | Hulu Collection | ? | The Devil in the White City (TVDB: 359565)                                   |
[2023-02-14 02:17:12,028] [builder.py:1982]           [INFO]     | Hulu Collection | ? | Caper (TVDB: 278406)                                                         |
[2023-02-14 02:17:12,209] [builder.py:1982]           [INFO]     | Hulu Collection | ? | Hotties (TVDB: 423503)                                                       |
[2023-02-14 02:17:12,402] [builder.py:1982]           [INFO]     | Hulu Collection | ? | Farmed and Dangerous (TVDB: 278683)                                          |
[2023-02-14 02:17:12,639] [builder.py:1982]           [INFO]     | Hulu Collection | ? | Spoilers (TVDB: 259289)                                                      |
[2023-02-14 02:17:12,855] [builder.py:1982]           [INFO]     | Hulu Collection | ? | State of Syn (TVDB: 275424)                                                  |
[2023-02-14 02:17:13,038] [builder.py:1982]           [INFO]     | Hulu Collection | ? | Washington Black (TVDB: 410925)                                              |
[2023-02-14 02:17:13,212] [builder.py:1982]           [INFO]     | Hulu Collection | ? | The Testaments (TVDB: 372931)                                                |
[2023-02-14 02:17:13,397] [builder.py:1982]           [INFO]     | Hulu Collection | ? | There's... Johnny! (TVDB: 328151)                                            |
[2023-02-14 02:17:13,570] [builder.py:1982]           [INFO]     | Hulu Collection | ? | BBQuest (TVDB: 370968)                                                       |
[2023-02-14 02:17:13,762] [builder.py:1982]           [INFO]     | Hulu Collection | ? | 37 Words (TVDB: 421531)                                                      |
[2023-02-14 02:17:13,948] [builder.py:1982]           [INFO]     | Hulu Collection | ? | South Beach (2015) (TVDB: 299009)                                            |
[2023-02-14 02:17:14,107] [builder.py:1982]           [INFO]     | Hulu Collection | ? | Shōgun (2022) (TVDB: 392573)                                                 |
[2023-02-14 02:17:14,272] [builder.py:1982]           [INFO]     | Hulu Collection | ? | Second Wife (TVDB: 429660)                                                   |
[2023-02-14 02:17:14,496] [builder.py:1982]           [INFO]     | Hulu Collection | ? | Up Here (TVDB: 415511)                                                       |
[2023-02-14 02:17:14,696] [builder.py:1982]           [INFO]     | Hulu Collection | ? | Standing By (TVDB: 428434)                                                   |
[2023-02-14 02:17:14,878] [builder.py:1982]           [INFO]     | Hulu Collection | ? | Under the Bridge (TVDB: 425386)                                              |
[2023-02-14 02:17:15,026] [builder.py:1982]           [INFO]     | Hulu Collection | ? | Faraway Downs (TVDB: 422756)                                                 |
[2023-02-14 02:17:15,242] [builder.py:1982]           [INFO]     | Hulu Collection | ? | Alien (TVDB: 393223)                                                         |
[2023-02-14 02:17:15,400] [builder.py:1982]           [INFO]     | Hulu Collection | ? | Candified: Home for the Holidays (TVDB: 413064)                              |
[2023-02-14 02:17:15,569] [builder.py:1982]           [INFO]     | Hulu Collection | ? | Up to Speed (TVDB: 268913)                                                   |
[2023-02-14 02:17:15,838] [builder.py:1982]           [INFO]     | Hulu Collection | ? | If I Can Dream (TVDB: 401376)                                                |
[2023-02-14 02:17:15,838] [builder.py:1986]           [INFO]     |                                                                                                    |
[2023-02-14 02:17:15,838] [builder.py:1987]           [INFO]     | 187 Shows Missing                                                                                  |
[2023-02-14 02:17:16,264] [builder.py:2147]           [INFO]     |                                                                                                    |
[2023-02-14 02:17:16,265] [util.py:216]               [INFO]     |=============================== Updating Details of Hulu Collection ================================|
[2023-02-14 02:17:16,265] [builder.py:2149]           [INFO]     |                                                                                                    |
[2023-02-14 02:17:16,266] [builder.py:2258]           [DEBUG]    | 1 posters found:                                                                                   |
[2023-02-14 02:17:16,266] [builder.py:2260]           [DEBUG]    | Method: url_poster Poster: https://theposterdb.com/api/assets/168826                               |
[2023-02-14 02:17:16,266] [builder.py:2327]           [INFO]     | No background collection detail or asset folder found                                              |
[2023-02-14 02:17:16,274] [library.py:147]            [INFO]     | Detail: poster update not needed                                                                   |
[2023-02-14 02:17:16,347] [plex_meta_manager.py:880]  [INFO]     |                                                                                                    |
[2023-02-14 02:17:16,347] [util.py:209]               [INFO]     |====================================================================================================|
[2023-02-14 02:17:16,348] [util.py:216]               [INFO]     |                                      Finished Hulu Collection                                      |
[2023-02-14 02:17:16,348] [util.py:216]               [INFO]     |                                    Collection Run Time: 0:00:49                                    |
[2023-02-14 02:17:16,348] [util.py:220]               [INFO]     |====================================================================================================|
