[2023-01-31 01:01:38,642] [util.py:209]               [INFO]     |====================================================================================================|
[2023-01-31 01:01:38,642] [util.py:216]               [INFO]     |                          Celebrating Italian Cinema Collection in Movies                           |
[2023-01-31 01:01:38,643] [util.py:220]               [INFO]     |====================================================================================================|
[2023-01-31 01:01:38,643] [plex_meta_manager.py:750]  [INFO]     |                                                                                                    |
[2023-01-31 01:01:38,643] [util.py:216]               [INFO]     |========================= Validating Celebrating Italian Cinema Attributes =========================|
[2023-01-31 01:01:38,644] [builder.py:265]            [DEBUG]    |                                                                                                    |
[2023-01-31 01:01:38,644] [builder.py:266]            [DEBUG]    | Validating Method: template                                                                        |
[2023-01-31 01:01:38,644] [meta.py:83]                [DEBUG]    | Value: ordereddict([('name', 'Holiday'), ('poster', './config/posters/paintings/italian.jpg')])    |
[2023-01-31 01:01:38,645] [builder.py:273]            [DEBUG]    |                                                                                                    |
[2023-01-31 01:01:38,645] [builder.py:274]            [DEBUG]    | Validating Method: delete_not_scheduled                                                            |
[2023-01-31 01:01:38,645] [builder.py:275]            [DEBUG]    | Value: True                                                                                        |
[2023-01-31 01:01:38,645] [builder.py:279]            [DEBUG]    |                                                                                                    |
[2023-01-31 01:01:38,646] [builder.py:280]            [DEBUG]    | Validating Method: schedule                                                                        |
[2023-01-31 01:01:38,646] [builder.py:284]            [DEBUG]    | Value: range(07/30-08/05)                                                                          |
[2023-01-31 01:01:38,649] [plex.py:687]               [DEBUG]    | Looking for: Celebrating Italian Cinema                                                            |
[2023-01-31 01:01:38,649] [util.py:161]               [INFO]     |                                                                                                    |
[2023-01-31 01:01:38,649] [util.py:161]               [INFO]     | Scheduled between July 30th and August 5th                                                         |
[2023-01-31 01:01:38,650] [util.py:161]               [INFO]     |                                                                                                    |
[2023-01-31 01:01:38,650] [util.py:161]               [INFO]     | Collection Celebrating Italian Cinema not scheduled to run and could not be found to delete        |
[2023-01-31 01:01:38,650] [plex_meta_manager.py:880]  [INFO]     |                                                                                                    |
[2023-01-31 01:01:38,651] [util.py:209]               [INFO]     |====================================================================================================|
[2023-01-31 01:01:38,651] [util.py:216]               [INFO]     |                           Finished Celebrating Italian Cinema Collection                           |
[2023-01-31 01:01:38,651] [util.py:216]               [INFO]     |                                    Collection Run Time: 0:00:00                                    |
[2023-01-31 01:01:38,652] [util.py:220]               [INFO]     |====================================================================================================|
