[2023-02-28 01:09:58,040] [util.py:209]               [INFO]     |====================================================================================================|
[2023-02-28 01:09:58,041] [util.py:216]               [INFO]     |                                    Mad Max Collection in Movies                                    |
[2023-02-28 01:09:58,041] [util.py:220]               [INFO]     |====================================================================================================|
[2023-02-28 01:09:58,041] [plex_meta_manager.py:750]  [INFO]     |                                                                                                    |
[2023-02-28 01:09:58,041] [util.py:216]               [INFO]     |================================== Validating Mad Max Attributes ===================================|
[2023-02-28 01:09:58,042] [builder.py:265]            [DEBUG]    |                                                                                                    |
[2023-02-28 01:09:58,042] [builder.py:266]            [DEBUG]    | Validating Method: template                                                                        |
[2023-02-28 01:09:58,042] [meta.py:83]                [DEBUG]    | Value: ordereddict([('name', 'Collection'), ('collection', 8945), ('poster', 'https://theposterdb.com/api/assets/134425')]) |
[2023-02-28 01:09:58,043] [builder.py:330]            [DEBUG]    |                                                                                                    |
[2023-02-28 01:09:58,043] [builder.py:331]            [DEBUG]    | Validating Method: sync_mode                                                                       |
[2023-02-28 01:09:58,043] [builder.py:335]            [DEBUG]    | Value: sync                                                                                        |
[2023-02-28 01:09:58,043] [builder.py:453]            [DEBUG]    |                                                                                                    |
[2023-02-28 01:09:58,044] [builder.py:454]            [DEBUG]    | Validating Method: collection_order                                                                |
[2023-02-28 01:09:58,044] [builder.py:455]            [DEBUG]    | Value: release                                                                                     |
[2023-02-28 01:09:58,044] [builder.py:472]            [DEBUG]    |                                                                                                    |
[2023-02-28 01:09:58,044] [builder.py:473]            [DEBUG]    | Validating Method: tmdb_collection_details                                                         |
[2023-02-28 01:09:58,044] [builder.py:474]            [DEBUG]    | Value: 8945                                                                                        |
[2023-02-28 01:09:58,140] [builder.py:472]            [DEBUG]    |                                                                                                    |
[2023-02-28 01:09:58,140] [builder.py:473]            [DEBUG]    | Validating Method: sort_title                                                                      |
[2023-02-28 01:09:58,140] [builder.py:474]            [DEBUG]    | Value: 00000f_Mad Max                                                                              |
[2023-02-28 01:09:58,141] [builder.py:472]            [DEBUG]    |                                                                                                    |
[2023-02-28 01:09:58,141] [builder.py:473]            [DEBUG]    | Validating Method: url_poster                                                                      |
[2023-02-28 01:09:58,141] [builder.py:474]            [DEBUG]    | Value: https://theposterdb.com/api/assets/134425                                                   |
[2023-02-28 01:09:58,332] [builder.py:619]            [INFO]     |                                                                                                    |
[2023-02-28 01:09:58,333] [builder.py:620]            [INFO]     | Validation Successful                                                                              |
[2023-02-28 01:09:58,333] [plex_meta_manager.py:758]  [INFO]     |                                                                                                    |
[2023-02-28 01:09:58,333] [util.py:216]               [INFO]     |==================================== Running Mad Max Collection ====================================|
[2023-02-28 01:09:58,334] [plex_meta_manager.py:773]  [INFO]     |                                                                                                    |
[2023-02-28 01:09:58,334] [plex_meta_manager.py:774]  [INFO]     | Sync Mode: sync                                                                                    |
[2023-02-28 01:09:58,334] [builder.py:1275]           [DEBUG]    |                                                                                                    |
[2023-02-28 01:09:58,334] [builder.py:1276]           [DEBUG]    | Builder: tmdb_collection: 8945                                                                     |
[2023-02-28 01:09:58,335] [builder.py:1277]           [INFO]     |                                                                                                    |
[2023-02-28 01:09:58,335] [tmdb.py:323]               [INFO]     | Processing TMDb Collection: (8945) Mad Max Collection (6 Items)                                    |
[2023-02-28 01:09:58,335] [builder.py:1282]           [DEBUG]    |                                                                                                    |
[2023-02-28 01:09:58,336] [builder.py:1283]           [DEBUG]    | 6 IDs Found: [(8810, 'tmdb'), (9355, 'tmdb'), (9659, 'tmdb'), (76341, 'tmdb'), (340023, 'tmdb'), (786892, 'tmdb')] |
[2023-02-28 01:09:58,336] [builder.py:1284]           [DEBUG]    |                                                                                                    |
[2023-02-28 01:09:58,424] [builder.py:1697]           [INFO]     |                                                                                                    |
[2023-02-28 01:09:58,425] [util.py:216]               [INFO]     |=================================== Adding to Mad Max Collection ===================================|
[2023-02-28 01:09:58,425] [builder.py:1699]           [INFO]     |                                                                                                    |
[2023-02-28 01:09:58,425] [builder.py:1709]           [INFO]     | 1/4 | Mad Max Collection | = | The Road Warrior (1981)                                             |
[2023-02-28 01:09:58,425] [builder.py:1709]           [INFO]     | 2/4 | Mad Max Collection | = | Mad Max Beyond Thunderdome (1985)                                   |
[2023-02-28 01:09:58,426] [builder.py:1709]           [INFO]     | 3/4 | Mad Max Collection | = | Mad Max (1979)                                                      |
[2023-02-28 01:09:58,426] [builder.py:1709]           [INFO]     | 4/4 | Mad Max Collection | = | Mad Max: Fury Road (2015)                                           |
[2023-02-28 01:09:58,426] [builder.py:1734]           [INFO]     |                                                                                                    |
[2023-02-28 01:09:58,427] [builder.py:1735]           [INFO]     | 4 Movies Processed                                                                                 |
[2023-02-28 01:09:58,427] [builder.py:1929]           [INFO]     |                                                                                                    |
[2023-02-28 01:09:58,427] [util.py:216]               [INFO]     |=============================== Missing Movies from Library: Mad Max ===============================|
[2023-02-28 01:09:58,428] [builder.py:1931]           [INFO]     |                                                                                                    |
[2023-02-28 01:09:58,542] [builder.py:1943]           [INFO]     | Mad Max Collection | ? | Mad Max: The Wasteland (2023) (TMDb: 340023)                              |
[2023-02-28 01:09:58,664] [builder.py:1943]           [INFO]     | Mad Max Collection | ? | Furiosa (2024) (TMDb: 786892)                                             |
[2023-02-28 01:09:58,664] [builder.py:1947]           [INFO]     |                                                                                                    |
[2023-02-28 01:09:58,664] [builder.py:1948]           [INFO]     | 2 Movies Missing                                                                                   |
[2023-02-28 01:09:58,784] [builder.py:2147]           [INFO]     |                                                                                                    |
[2023-02-28 01:09:58,785] [util.py:216]               [INFO]     |============================== Updating Details of Mad Max Collection ==============================|
[2023-02-28 01:09:58,785] [builder.py:2149]           [INFO]     |                                                                                                    |
[2023-02-28 01:09:58,785] [builder.py:2156]           [INFO]     | Detail: tmdb_collection_details updated Collection Summary                                         |
[2023-02-28 01:09:58,786] [builder.py:2258]           [DEBUG]    | 2 posters found:                                                                                   |
[2023-02-28 01:09:58,786] [builder.py:2260]           [DEBUG]    | Method: tmdb_collection_details Poster: https://image.tmdb.org/t/p/original/cNzCJnG4wstosen59BhydnUkaZJ.jpg |
[2023-02-28 01:09:58,786] [builder.py:2260]           [DEBUG]    | Method: url_poster Poster: https://theposterdb.com/api/assets/134425                               |
[2023-02-28 01:09:58,787] [builder.py:2298]           [DEBUG]    | 1 backgrounds found:                                                                               |
[2023-02-28 01:09:58,787] [builder.py:2300]           [DEBUG]    | Method: tmdb_collection_details Background: https://image.tmdb.org/t/p/original/gwYe803SFwKlCF5y71OicWHUnVD.jpg |
[2023-02-28 01:09:58,788] [library.py:147]            [INFO]     | Detail: poster update not needed                                                                   |
[2023-02-28 01:09:58,789] [library.py:197]            [INFO]     | Detail: background update not needed                                                               |
[2023-02-28 01:09:58,978] [plex_meta_manager.py:880]  [INFO]     |                                                                                                    |
[2023-02-28 01:09:58,978] [util.py:209]               [INFO]     |====================================================================================================|
[2023-02-28 01:09:58,979] [util.py:216]               [INFO]     |                                    Finished Mad Max Collection                                     |
[2023-02-28 01:09:58,979] [util.py:216]               [INFO]     |                                    Collection Run Time: 0:00:00                                    |
[2023-02-28 01:09:58,979] [util.py:220]               [INFO]     |====================================================================================================|
