[2023-02-28 13:18:49,392] [util.py:209]               [INFO]     |====================================================================================================|
[2023-02-28 13:18:49,393] [util.py:216]               [INFO]     |                                    Ip Man Collection in Movies                                     |
[2023-02-28 13:18:49,393] [util.py:220]               [INFO]     |====================================================================================================|
[2023-02-28 13:18:49,393] [plex_meta_manager.py:750]  [INFO]     |                                                                                                    |
[2023-02-28 13:18:49,401] [util.py:216]               [INFO]     |=================================== Validating Ip Man Attributes ===================================|
[2023-02-28 13:18:49,401] [builder.py:265]            [DEBUG]    |                                                                                                    |
[2023-02-28 13:18:49,401] [builder.py:266]            [DEBUG]    | Validating Method: template                                                                        |
[2023-02-28 13:18:49,402] [meta.py:83]                [DEBUG]    | Value: ordereddict([('name', 'Collection'), ('collection', 70068), ('movie', '658009, 643413, 450001, 751391, 44249, 182127, 44865'), ('poster', 'https://theposterdb.com/api/assets/116682')]) |
[2023-02-28 13:18:49,402] [builder.py:330]            [DEBUG]    |                                                                                                    |
[2023-02-28 13:18:49,402] [builder.py:331]            [DEBUG]    | Validating Method: sync_mode                                                                       |
[2023-02-28 13:18:49,402] [builder.py:335]            [DEBUG]    | Value: sync                                                                                        |
[2023-02-28 13:18:49,403] [builder.py:453]            [DEBUG]    |                                                                                                    |
[2023-02-28 13:18:49,403] [builder.py:454]            [DEBUG]    | Validating Method: collection_order                                                                |
[2023-02-28 13:18:49,403] [builder.py:455]            [DEBUG]    | Value: alpha                                                                                       |
[2023-02-28 13:18:49,403] [builder.py:472]            [DEBUG]    |                                                                                                    |
[2023-02-28 13:18:49,403] [builder.py:473]            [DEBUG]    | Validating Method: tmdb_collection_details                                                         |
[2023-02-28 13:18:49,404] [builder.py:474]            [DEBUG]    | Value: 70068                                                                                       |
[2023-02-28 13:18:49,506] [builder.py:472]            [DEBUG]    |                                                                                                    |
[2023-02-28 13:18:49,506] [builder.py:473]            [DEBUG]    | Validating Method: tmdb_movie                                                                      |
[2023-02-28 13:18:49,506] [builder.py:474]            [DEBUG]    | Value: 658009, 643413, 450001, 751391, 44249, 182127, 44865                                        |
[2023-02-28 13:18:50,512] [builder.py:472]            [DEBUG]    |                                                                                                    |
[2023-02-28 13:18:50,512] [builder.py:473]            [DEBUG]    | Validating Method: sort_title                                                                      |
[2023-02-28 13:18:50,512] [builder.py:474]            [DEBUG]    | Value: 00000f_Ip Man                                                                               |
[2023-02-28 13:18:50,513] [builder.py:472]            [DEBUG]    |                                                                                                    |
[2023-02-28 13:18:50,513] [builder.py:473]            [DEBUG]    | Validating Method: url_poster                                                                      |
[2023-02-28 13:18:50,513] [builder.py:474]            [DEBUG]    | Value: https://theposterdb.com/api/assets/116682                                                   |
[2023-02-28 13:18:50,727] [builder.py:619]            [INFO]     |                                                                                                    |
[2023-02-28 13:18:50,728] [builder.py:620]            [INFO]     | Validation Successful                                                                              |
[2023-02-28 13:18:50,728] [plex_meta_manager.py:758]  [INFO]     |                                                                                                    |
[2023-02-28 13:18:50,728] [util.py:216]               [INFO]     |==================================== Running Ip Man Collection =====================================|
[2023-02-28 13:18:50,728] [plex_meta_manager.py:773]  [INFO]     |                                                                                                    |
[2023-02-28 13:18:50,729] [plex_meta_manager.py:774]  [INFO]     | Sync Mode: sync                                                                                    |
[2023-02-28 13:18:50,729] [builder.py:1275]           [DEBUG]    |                                                                                                    |
[2023-02-28 13:18:50,729] [builder.py:1276]           [DEBUG]    | Builder: tmdb_collection: 70068                                                                    |
[2023-02-28 13:18:50,729] [builder.py:1277]           [INFO]     |                                                                                                    |
[2023-02-28 13:18:50,730] [tmdb.py:323]               [INFO]     | Processing TMDb Collection: (70068) Ip Man Collection (4 Items)                                    |
[2023-02-28 13:18:50,730] [builder.py:1282]           [DEBUG]    |                                                                                                    |
[2023-02-28 13:18:50,730] [builder.py:1283]           [DEBUG]    | 4 IDs Found: [(14756, 'tmdb'), (37472, 'tmdb'), (365222, 'tmdb'), (449924, 'tmdb')]                |
[2023-02-28 13:18:50,730] [builder.py:1284]           [DEBUG]    |                                                                                                    |
[2023-02-28 13:18:50,809] [builder.py:1275]           [DEBUG]    |                                                                                                    |
[2023-02-28 13:18:50,809] [builder.py:1276]           [DEBUG]    | Builder: tmdb_movie: 658009                                                                        |
[2023-02-28 13:18:50,809] [builder.py:1277]           [INFO]     |                                                                                                    |
[2023-02-28 13:18:50,810] [tmdb.py:323]               [INFO]     | Processing TMDb Movie: (658009) Ip Man: Kung Fu Master (1 Item)                                    |
[2023-02-28 13:18:50,810] [builder.py:1282]           [DEBUG]    |                                                                                                    |
[2023-02-28 13:18:50,811] [builder.py:1283]           [DEBUG]    | 1 IDs Found: [(658009, 'tmdb')]                                                                    |
[2023-02-28 13:18:50,811] [builder.py:1284]           [DEBUG]    |                                                                                                    |
[2023-02-28 13:18:50,811] [builder.py:1275]           [DEBUG]    |                                                                                                    |
[2023-02-28 13:18:50,811] [builder.py:1276]           [DEBUG]    | Builder: tmdb_movie: 643413                                                                        |
[2023-02-28 13:18:50,812] [builder.py:1277]           [INFO]     |                                                                                                    |
[2023-02-28 13:18:50,812] [tmdb.py:323]               [INFO]     | Processing TMDb Movie: (643413) Ip Man and Four Kings (1 Item)                                     |
[2023-02-28 13:18:50,812] [builder.py:1282]           [DEBUG]    |                                                                                                    |
[2023-02-28 13:18:50,813] [builder.py:1283]           [DEBUG]    | 1 IDs Found: [(643413, 'tmdb')]                                                                    |
[2023-02-28 13:18:50,813] [builder.py:1284]           [DEBUG]    |                                                                                                    |
[2023-02-28 13:18:50,813] [builder.py:1275]           [DEBUG]    |                                                                                                    |
[2023-02-28 13:18:50,813] [builder.py:1276]           [DEBUG]    | Builder: tmdb_movie: 450001                                                                        |
[2023-02-28 13:18:50,813] [builder.py:1277]           [INFO]     |                                                                                                    |
[2023-02-28 13:18:50,814] [tmdb.py:323]               [INFO]     | Processing TMDb Movie: (450001) Master Z: Ip Man Legacy (1 Item)                                   |
[2023-02-28 13:18:50,814] [builder.py:1282]           [DEBUG]    |                                                                                                    |
[2023-02-28 13:18:50,815] [builder.py:1283]           [DEBUG]    | 1 IDs Found: [(450001, 'tmdb')]                                                                    |
[2023-02-28 13:18:50,815] [builder.py:1284]           [DEBUG]    |                                                                                                    |
[2023-02-28 13:18:50,815] [builder.py:1275]           [DEBUG]    |                                                                                                    |
[2023-02-28 13:18:50,815] [builder.py:1276]           [DEBUG]    | Builder: tmdb_movie: 751391                                                                        |
[2023-02-28 13:18:50,815] [builder.py:1277]           [INFO]     |                                                                                                    |
[2023-02-28 13:18:50,816] [tmdb.py:323]               [INFO]     | Processing TMDb Movie: (751391) Young Ip Man: Crisis Time (1 Item)                                 |
[2023-02-28 13:18:50,816] [builder.py:1282]           [DEBUG]    |                                                                                                    |
[2023-02-28 13:18:50,816] [builder.py:1283]           [DEBUG]    | 1 IDs Found: [(751391, 'tmdb')]                                                                    |
[2023-02-28 13:18:50,817] [builder.py:1284]           [DEBUG]    |                                                                                                    |
[2023-02-28 13:18:50,817] [builder.py:1275]           [DEBUG]    |                                                                                                    |
[2023-02-28 13:18:50,817] [builder.py:1276]           [DEBUG]    | Builder: tmdb_movie: 44249                                                                         |
[2023-02-28 13:18:50,817] [builder.py:1277]           [INFO]     |                                                                                                    |
[2023-02-28 13:18:50,818] [tmdb.py:323]               [INFO]     | Processing TMDb Movie: (44249) The Legend Is Born: Ip Man (1 Item)                                 |
[2023-02-28 13:18:50,818] [builder.py:1282]           [DEBUG]    |                                                                                                    |
[2023-02-28 13:18:50,818] [builder.py:1283]           [DEBUG]    | 1 IDs Found: [(44249, 'tmdb')]                                                                     |
[2023-02-28 13:18:50,819] [builder.py:1284]           [DEBUG]    |                                                                                                    |
[2023-02-28 13:18:50,819] [builder.py:1275]           [DEBUG]    |                                                                                                    |
[2023-02-28 13:18:50,820] [builder.py:1276]           [DEBUG]    | Builder: tmdb_movie: 182127                                                                        |
[2023-02-28 13:18:50,820] [builder.py:1277]           [INFO]     |                                                                                                    |
[2023-02-28 13:18:50,821] [tmdb.py:323]               [INFO]     | Processing TMDb Movie: (182127) Ip Man: The Final Fight (1 Item)                                   |
[2023-02-28 13:18:50,821] [builder.py:1282]           [DEBUG]    |                                                                                                    |
[2023-02-28 13:18:50,822] [builder.py:1283]           [DEBUG]    | 1 IDs Found: [(182127, 'tmdb')]                                                                    |
[2023-02-28 13:18:50,822] [builder.py:1284]           [DEBUG]    |                                                                                                    |
[2023-02-28 13:18:50,822] [builder.py:1275]           [DEBUG]    |                                                                                                    |
[2023-02-28 13:18:50,823] [builder.py:1276]           [DEBUG]    | Builder: tmdb_movie: 44865                                                                         |
[2023-02-28 13:18:50,823] [builder.py:1277]           [INFO]     |                                                                                                    |
[2023-02-28 13:18:50,824] [tmdb.py:323]               [INFO]     | Processing TMDb Movie: (44865) The Grandmaster (1 Item)                                            |
[2023-02-28 13:18:50,824] [builder.py:1282]           [DEBUG]    |                                                                                                    |
[2023-02-28 13:18:50,824] [builder.py:1283]           [DEBUG]    | 1 IDs Found: [(44865, 'tmdb')]                                                                     |
[2023-02-28 13:18:50,825] [builder.py:1284]           [DEBUG]    |                                                                                                    |
[2023-02-28 13:18:50,825] [builder.py:1697]           [INFO]     |                                                                                                    |
[2023-02-28 13:18:50,825] [util.py:216]               [INFO]     |=================================== Adding to Ip Man Collection ====================================|
[2023-02-28 13:18:50,826] [builder.py:1699]           [INFO]     |                                                                                                    |
[2023-02-28 13:18:50,826] [builder.py:1709]           [INFO]     | 1/4 | Ip Man Collection | = | Ip Man (2008)                                                        |
[2023-02-28 13:18:50,826] [builder.py:1709]           [INFO]     | 2/4 | Ip Man Collection | = | Ip Man 2 (2010)                                                      |
[2023-02-28 13:18:50,827] [builder.py:1709]           [INFO]     | 3/4 | Ip Man Collection | = | Ip Man 3 (2015)                                                      |
[2023-02-28 13:18:50,827] [builder.py:1709]           [INFO]     | 4/4 | Ip Man Collection | = | Ip Man 4: The Finale (2019)                                          |
[2023-02-28 13:18:50,827] [builder.py:1734]           [INFO]     |                                                                                                    |
[2023-02-28 13:18:50,828] [builder.py:1735]           [INFO]     | 4 Movies Processed                                                                                 |
[2023-02-28 13:18:50,828] [builder.py:1929]           [INFO]     |                                                                                                    |
[2023-02-28 13:18:50,828] [util.py:216]               [INFO]     |=============================== Missing Movies from Library: Ip Man ================================|
[2023-02-28 13:18:50,828] [builder.py:1931]           [INFO]     |                                                                                                    |
[2023-02-28 13:18:50,829] [builder.py:1943]           [INFO]     | Ip Man Collection | ? | Ip Man: Kung Fu Master (2019) (TMDb: 658009)                               |
[2023-02-28 13:18:50,830] [builder.py:1943]           [INFO]     | Ip Man Collection | ? | Ip Man and Four Kings (2019) (TMDb: 643413)                                |
[2023-02-28 13:18:50,830] [builder.py:1943]           [INFO]     | Ip Man Collection | ? | Master Z: Ip Man Legacy (2018) (TMDb: 450001)                              |
[2023-02-28 13:18:50,831] [builder.py:1943]           [INFO]     | Ip Man Collection | ? | Young Ip Man: Crisis Time (2020) (TMDb: 751391)                            |
[2023-02-28 13:18:50,831] [builder.py:1943]           [INFO]     | Ip Man Collection | ? | The Legend Is Born: Ip Man (2010) (TMDb: 44249)                            |
[2023-02-28 13:18:50,832] [builder.py:1943]           [INFO]     | Ip Man Collection | ? | Ip Man: The Final Fight (2013) (TMDb: 182127)                              |
[2023-02-28 13:18:50,833] [builder.py:1943]           [INFO]     | Ip Man Collection | ? | The Grandmaster (2013) (TMDb: 44865)                                       |
[2023-02-28 13:18:50,834] [builder.py:1947]           [INFO]     |                                                                                                    |
[2023-02-28 13:18:50,834] [builder.py:1948]           [INFO]     | 7 Movies Missing                                                                                   |
[2023-02-28 13:18:50,917] [builder.py:2147]           [INFO]     |                                                                                                    |
[2023-02-28 13:18:50,918] [util.py:216]               [INFO]     |============================== Updating Details of Ip Man Collection ===============================|
[2023-02-28 13:18:50,918] [builder.py:2149]           [INFO]     |                                                                                                    |
[2023-02-28 13:18:50,918] [builder.py:2156]           [INFO]     | Detail: tmdb_collection_details updated Collection Summary                                         |
[2023-02-28 13:18:50,919] [builder.py:2258]           [DEBUG]    | 2 posters found:                                                                                   |
[2023-02-28 13:18:50,920] [builder.py:2260]           [DEBUG]    | Method: tmdb_collection_details Poster: https://image.tmdb.org/t/p/original/pNcvlvn3IKcpOCGbDY4ReMobSgj.jpg |
[2023-02-28 13:18:50,920] [builder.py:2260]           [DEBUG]    | Method: url_poster Poster: https://theposterdb.com/api/assets/116682                               |
[2023-02-28 13:18:50,920] [builder.py:2298]           [DEBUG]    | 1 backgrounds found:                                                                               |
[2023-02-28 13:18:50,920] [builder.py:2300]           [DEBUG]    | Method: tmdb_collection_details Background: https://image.tmdb.org/t/p/original/vhOkY4CXyt3Yc1U7SuiwI6zKWPh.jpg |
[2023-02-28 13:18:51,851] [library.py:145]            [INFO]     | Detail: url_poster updated poster to [URL] https://theposterdb.com/api/assets/116682               |
[2023-02-28 13:18:51,911] [library.py:195]            [INFO]     | Detail: tmdb_collection_details updated background to [URL] https://image.tmdb.org/t/p/original/vhOkY4CXyt3Yc1U7SuiwI6zKWPh.jpg |
[2023-02-28 13:18:52,119] [plex_meta_manager.py:880]  [INFO]     |                                                                                                    |
[2023-02-28 13:18:52,120] [util.py:209]               [INFO]     |====================================================================================================|
[2023-02-28 13:18:52,120] [util.py:216]               [INFO]     |                                     Finished Ip Man Collection                                     |
[2023-02-28 13:18:52,120] [util.py:216]               [INFO]     |                                    Collection Run Time: 0:00:02                                    |
[2023-02-28 13:18:52,120] [util.py:220]               [INFO]     |====================================================================================================|
