[2023-02-28 13:41:34,080] [util.py:209]               [INFO]     |====================================================================================================|
[2023-02-28 13:41:34,081] [util.py:216]               [INFO]     |                                    Aardman Collection in Movies                                    |
[2023-02-28 13:41:34,081] [util.py:220]               [INFO]     |====================================================================================================|
[2023-02-28 13:41:34,082] [plex_meta_manager.py:750]  [INFO]     |                                                                                                    |
[2023-02-28 13:41:34,082] [util.py:216]               [INFO]     |================================== Validating Aardman Attributes ===================================|
[2023-02-28 13:41:34,082] [builder.py:265]            [DEBUG]    |                                                                                                    |
[2023-02-28 13:41:34,083] [builder.py:266]            [DEBUG]    | Validating Method: template                                                                        |
[2023-02-28 13:41:34,083] [meta.py:83]                [DEBUG]    | Value: ordereddict([('name', 'Studio'), ('company', 297), ('poster', 'https://theposterdb.com/api/assets/26074')]) |
[2023-02-28 13:41:34,083] [builder.py:330]            [DEBUG]    |                                                                                                    |
[2023-02-28 13:41:34,084] [builder.py:331]            [DEBUG]    | Validating Method: sync_mode                                                                       |
[2023-02-28 13:41:34,084] [builder.py:335]            [DEBUG]    | Value: sync                                                                                        |
[2023-02-28 13:41:34,084] [builder.py:453]            [DEBUG]    |                                                                                                    |
[2023-02-28 13:41:34,084] [builder.py:454]            [DEBUG]    | Validating Method: collection_order                                                                |
[2023-02-28 13:41:34,085] [builder.py:455]            [DEBUG]    | Value: release.desc                                                                                |
[2023-02-28 13:41:34,085] [builder.py:472]            [DEBUG]    |                                                                                                    |
[2023-02-28 13:41:34,085] [builder.py:473]            [DEBUG]    | Validating Method: summary                                                                         |
[2023-02-28 13:41:34,085] [builder.py:474]            [DEBUG]    | Value: Aardman Animations, Ltd. is a British animation studio based in Bristol, England. Aardman is known for films made using stop-motion clay animation techniques, particularly those featuring Plasticine characters Wallace and Gromit. |
[2023-02-28 13:41:34,086] [builder.py:472]            [DEBUG]    |                                                                                                    |
[2023-02-28 13:41:34,086] [builder.py:473]            [DEBUG]    | Validating Method: radarr_add_missing                                                              |
[2023-02-28 13:41:34,086] [builder.py:474]            [DEBUG]    | Value: True                                                                                        |
[2023-02-28 13:41:34,086] [builder.py:472]            [DEBUG]    |                                                                                                    |
[2023-02-28 13:41:34,086] [builder.py:473]            [DEBUG]    | Validating Method: tmdb_company                                                                    |
[2023-02-28 13:41:34,087] [builder.py:474]            [DEBUG]    | Value: 297                                                                                         |
[2023-02-28 13:41:34,179] [builder.py:472]            [DEBUG]    |                                                                                                    |
[2023-02-28 13:41:34,179] [builder.py:473]            [DEBUG]    | Validating Method: url_poster                                                                      |
[2023-02-28 13:41:34,179] [builder.py:474]            [DEBUG]    | Value: https://theposterdb.com/api/assets/26074                                                    |
[2023-02-28 13:41:34,180] [builder.py:472]            [DEBUG]    |                                                                                                    |
[2023-02-28 13:41:34,180] [builder.py:473]            [DEBUG]    | Validating Method: sort_title                                                                      |
[2023-02-28 13:41:34,180] [builder.py:474]            [DEBUG]    | Value: 00000e_Aardman                                                                              |
[2023-02-28 13:41:34,311] [builder.py:619]            [INFO]     |                                                                                                    |
[2023-02-28 13:41:34,312] [builder.py:620]            [INFO]     | Validation Successful                                                                              |
[2023-02-28 13:41:34,312] [plex_meta_manager.py:758]  [INFO]     |                                                                                                    |
[2023-02-28 13:41:34,313] [util.py:216]               [INFO]     |==================================== Running Aardman Collection ====================================|
[2023-02-28 13:41:34,313] [plex_meta_manager.py:773]  [INFO]     |                                                                                                    |
[2023-02-28 13:41:34,313] [plex_meta_manager.py:774]  [INFO]     | Sync Mode: sync                                                                                    |
[2023-02-28 13:41:34,313] [builder.py:1275]           [DEBUG]    |                                                                                                    |
[2023-02-28 13:41:34,314] [builder.py:1276]           [DEBUG]    | Builder: tmdb_company: 297                                                                         |
[2023-02-28 13:41:34,314] [builder.py:1277]           [INFO]     |                                                                                                    |
[2023-02-28 13:41:34,830] [tmdb.py:282]               [INFO]     | Processing TMDb Company: (297) Aardman (77 Movies)                                                 |
[2023-02-28 13:41:34,831] [builder.py:1282]           [DEBUG]    |                                                                                                    |
[2023-02-28 13:41:34,831] [builder.py:1283]           [DEBUG]    | 77 IDs Found: [(7443, 'tmdb'), (11619, 'tmdb'), (533, 'tmdb'), (422803, 'tmdb'), (51052, 'tmdb'), (785545, 'tmdb'), (387592, 'tmdb'), (530, 'tmdb'), (649928, 'tmdb'), (72197, 'tmdb'), (14447, 'tmdb'), (263109, 'tmdb'), (531, 'tmdb'), (532, 'tmdb'), (374252, 'tmdb'), (54825, 'tmdb'), (520758, 'tmdb'), (666217, 'tmdb'), (130966, 'tmdb'), (774559, 'tmdb'), (645801, 'tmdb'), (305439, 'tmdb'), (241111, 'tmdb'), (54736, 'tmdb'), (542359, 'tmdb'), (210496, 'tmdb'), (54818, 'tmdb'), (54819, 'tmdb'), (77134, 'tmdb'), (167662, 'tmdb'), (54827, 'tmdb'), (682190, 'tmdb'), (54821, 'tmdb'), (774553, 'tmdb'), (264120, 'tmdb'), (1028529, 'tmdb'), (1003010, 'tmdb'), (992161, 'tmdb'), (992074, 'tmdb'), (992067, 'tmdb'), (929204, 'tmdb'), (904410, 'tmdb'), (901033, 'tmdb'), (896538, 'tmdb'), (859588, 'tmdb'), (846353, 'tmdb'), (825918, 'tmdb'), (763845, 'tmdb'), (651797, 'tmdb'), (645818, 'tmdb'), (427753, 'tmdb'), (417784, 'tmdb'), (395986, 'tmdb'), (380931, 'tmdb'), (360579, 'tmdb'), (336826, 'tmdb'), (334086, 'tmdb'), (270304, 'tmdb'), (264119, 'tmdb'), (264105, 'tmdb'), (211412, 'tmdb'), (211343, 'tmdb'), (211199, 'tmdb'), (211181, 'tmdb'), (210962, 'tmdb'), (209969, 'tmdb'), (209841, 'tmdb'), (209835, 'tmdb'), (209833, 'tmdb'), (208289, 'tmdb'), (207618, 'tmdb'), (207496, 'tmdb'), (207350, 'tmdb'), (122837, 'tmdb'), (54826, 'tmdb'), (54824, 'tmdb'), (48589, 'tmdb')] |
[2023-02-28 13:41:34,831] [builder.py:1284]           [DEBUG]    |                                                                                                    |
[2023-02-28 13:41:35,049] [builder.py:1697]           [INFO]     |                                                                                                    |
[2023-02-28 13:41:35,050] [util.py:216]               [INFO]     |=================================== Adding to Aardman Collection ===================================|
[2023-02-28 13:41:35,050] [builder.py:1699]           [INFO]     |                                                                                                    |
[2023-02-28 13:41:35,051] [builder.py:1709]           [INFO]     |  1/15 | Aardman Collection | = | Chicken Run (2000)                                                |
[2023-02-28 13:41:35,051] [builder.py:1709]           [INFO]     |  2/15 | Aardman Collection | = | Flushed Away (2006)                                               |
[2023-02-28 13:41:35,051] [builder.py:1709]           [INFO]     |  3/15 | Aardman Collection | = | The Curse of the Were-Rabbit (2005)                               |
[2023-02-28 13:41:35,051] [builder.py:1709]           [INFO]     |  4/15 | Aardman Collection | = | A Shaun the Sheep Movie: Farmageddon (2019)                       |
[2023-02-28 13:41:35,052] [builder.py:1709]           [INFO]     |  5/15 | Aardman Collection | = | Arthur Christmas (2011)                                           |
[2023-02-28 13:41:35,053] [builder.py:1709]           [INFO]     |  6/15 | Aardman Collection | = | Shaun the Sheep: The Flight Before Christmas (2021)               |
[2023-02-28 13:41:35,053] [builder.py:1709]           [INFO]     |  7/15 | Aardman Collection | = | Early Man (2018)                                                  |
[2023-02-28 13:41:35,053] [builder.py:1709]           [INFO]     |  8/15 | Aardman Collection | = | A Grand Day Out (1990)                                            |
[2023-02-28 13:41:35,053] [builder.py:1709]           [INFO]     |  9/15 | Aardman Collection | = | Robin Robin (2021)                                                |
[2023-02-28 13:41:35,054] [builder.py:1709]           [INFO]     | 10/15 | Aardman Collection | = | The Pirates! Band of Misfits (2012)                               |
[2023-02-28 13:41:35,054] [builder.py:1709]           [INFO]     | 11/15 | Aardman Collection | = | A Matter of Loaf and Death (2008)                                 |
[2023-02-28 13:41:35,054] [builder.py:1709]           [INFO]     | 12/15 | Aardman Collection | = | Shaun the Sheep Movie (2015)                                      |
[2023-02-28 13:41:35,055] [builder.py:1709]           [INFO]     | 13/15 | Aardman Collection | = | The Wrong Trousers (1993)                                         |
[2023-02-28 13:41:35,055] [builder.py:1709]           [INFO]     | 14/15 | Aardman Collection | = | A Close Shave (1995)                                              |
[2023-02-28 13:41:35,055] [builder.py:1709]           [INFO]     | 15/15 | Aardman Collection | = | Shaun the Sheep: The Farmer's Llamas (2015)                       |
[2023-02-28 13:41:35,056] [builder.py:1734]           [INFO]     |                                                                                                    |
[2023-02-28 13:41:35,056] [builder.py:1735]           [INFO]     | 15 Movies Processed                                                                                |
[2023-02-28 13:41:35,056] [builder.py:1929]           [INFO]     |                                                                                                    |
[2023-02-28 13:41:35,057] [util.py:216]               [INFO]     |=============================== Missing Movies from Library: Aardman ===============================|
[2023-02-28 13:41:35,057] [builder.py:1931]           [INFO]     |                                                                                                    |
[2023-02-28 13:41:35,181] [builder.py:1943]           [INFO]     | Aardman Collection | ? | Creature Comforts (1989) (TMDb: 54825)                                    |
[2023-02-28 13:41:35,293] [builder.py:1943]           [INFO]     | Aardman Collection | ? | Chicken Run: Dawn of the Nugget (TMDb: 520758)                            |
[2023-02-28 13:41:35,408] [builder.py:1943]           [INFO]     | Aardman Collection | ? | Turtle Journey: The Crisis in Our Oceans (2020) (TMDb: 666217)            |
[2023-02-28 13:41:35,553] [builder.py:1943]           [INFO]     | Aardman Collection | ? | So You Want To Be A Pirate! (2012) (TMDb: 130966)                         |
[2023-02-28 13:41:35,701] [builder.py:1943]           [INFO]     | Aardman Collection | ? | Rex the Runt: Dreams (1991) (TMDb: 774559)                                |
[2023-02-28 13:41:35,861] [builder.py:1943]           [INFO]     | Aardman Collection | ? | Inside The Wrong Trousers (1993) (TMDb: 645801)                           |
[2023-02-28 13:41:35,989] [builder.py:1943]           [INFO]     | Aardman Collection | ? | The Lonely Dodo (2013) (TMDb: 305439)                                     |
[2023-02-28 13:41:36,150] [builder.py:1943]           [INFO]     | Aardman Collection | ? | The Itch of the Golden Nit (2011) (TMDb: 241111)                          |
[2023-02-28 13:41:36,312] [builder.py:1943]           [INFO]     | Aardman Collection | ? | Pib and Pog (1995) (TMDb: 54736)                                          |
[2023-02-28 13:41:36,458] [builder.py:1943]           [INFO]     | Aardman Collection | ? | Pythagasaurus (2011) (TMDb: 542359)                                       |
[2023-02-28 13:41:36,579] [builder.py:1943]           [INFO]     | Aardman Collection | ? | Late Edition (1983) (TMDb: 210496)                                        |
[2023-02-28 13:41:36,713] [builder.py:1943]           [INFO]     | Aardman Collection | ? | Stage Fright (1997) (TMDb: 54818)                                         |
[2023-02-28 13:41:36,867] [builder.py:1943]           [INFO]     | Aardman Collection | ? | The Pearce Sisters (2007) (TMDb: 54819)                                   |
[2023-02-28 13:41:37,023] [builder.py:1943]           [INFO]     | Aardman Collection | ? | Al_Dente (1998) (TMDb: 77134)                                             |
[2023-02-28 13:41:37,170] [builder.py:1943]           [INFO]     | Aardman Collection | ? | War Story (1989) (TMDb: 167662)                                           |
[2023-02-28 13:41:37,282] [builder.py:1943]           [INFO]     | Aardman Collection | ? | Not Without My Handbag (1993) (TMDb: 54827)                               |
[2023-02-28 13:41:37,441] [builder.py:1943]           [INFO]     | Aardman Collection | ? | Timmy's Cinema Adventure (2020) (TMDb: 682190)                            |
[2023-02-28 13:41:37,573] [builder.py:1943]           [INFO]     | Aardman Collection | ? | Adam (1992) (TMDb: 54821)                                                 |
[2023-02-28 13:41:37,761] [builder.py:1943]           [INFO]     | Aardman Collection | ? | Rex the Runt: How Dinosaurs Became Extinct (1991) (TMDb: 774553)          |
[2023-02-28 13:41:37,878] [builder.py:1943]           [INFO]     | Aardman Collection | ? | Chunga Chui Leopard Beware (2001) (TMDb: 264120)                          |
[2023-02-28 13:41:38,030] [builder.py:1943]           [INFO]     | Aardman Collection | ? | The Bear And The Squirrel (2019) (TMDb: 1028529)                          |
[2023-02-28 13:41:38,200] [builder.py:1943]           [INFO]     | Aardman Collection | ? | The Making of 'Gulp' (2011) (TMDb: 1003010)                               |
[2023-02-28 13:41:38,321] [builder.py:1943]           [INFO]     | Aardman Collection | ? | Shaun das Schaf - Abrakadabra (2008) (TMDb: 992161)                       |
[2023-02-28 13:41:38,460] [builder.py:1943]           [INFO]     | Aardman Collection | ? | Shaun das Schaf - Abspecken mit Shaun (2007) (TMDb: 992074)               |
[2023-02-28 13:41:38,619] [builder.py:1943]           [INFO]     | Aardman Collection | ? | Shaun das Schaf - Disco in der Scheune (2008) (TMDb: 992067)              |
[2023-02-28 13:41:38,752] [builder.py:1943]           [INFO]     | Aardman Collection | ? | Untitled Wallace & Gromit Film (TMDb: 929204)                             |
[2023-02-28 13:41:38,896] [builder.py:1943]           [INFO]     | Aardman Collection | ? | Rex the Runt: North by North Pole (1996) (TMDb: 904410)                   |
[2023-02-28 13:41:39,062] [builder.py:1943]           [INFO]     | Aardman Collection | ? | Aardman (1972) (TMDb: 901033)                                             |
[2023-02-28 13:41:39,239] [builder.py:1943]           [INFO]     | Aardman Collection | ? | Off Beat (2006) (TMDb: 896538)                                            |
[2023-02-28 13:41:39,404] [builder.py:1943]           [INFO]     | Aardman Collection | ? | Untitled Aardman Animated Musical (TMDb: 859588)                          |
[2023-02-28 13:41:39,548] [builder.py:1943]           [INFO]     | Aardman Collection | ? | Missy’s Tale (2021) (TMDb: 846353)                                        |
[2023-02-28 13:41:39,703] [builder.py:1943]           [INFO]     | Aardman Collection | ? | A Pig's Tail (2012) (TMDb: 825918)                                        |
[2023-02-28 13:41:40,004] [builder.py:1943]           [INFO]     | Aardman Collection | ? | Creature Discomforts: Life in Lockdown (2020) (TMDb: 763845)              |
[2023-02-28 13:41:40,157] [builder.py:1943]           [INFO]     | Aardman Collection | ? | Len's Lens (2002) (TMDb: 651797)                                          |
[2023-02-28 13:41:40,303] [builder.py:1943]           [INFO]     | Aardman Collection | ? | A Matter of Loaf and Death: How They Donut (2008) (TMDb: 645818)          |
[2023-02-28 13:41:40,425] [builder.py:1943]           [INFO]     | Aardman Collection | ? | Santa Forgot (2016) (TMDb: 427753)                                        |
[2023-02-28 13:41:40,582] [builder.py:1943]           [INFO]     | Aardman Collection | ? | Circus Drawings (2010) (TMDb: 417784)                                     |
[2023-02-28 13:41:40,699] [builder.py:1943]           [INFO]     | Aardman Collection | ? | Operator (2009) (TMDb: 395986)                                            |
[2023-02-28 13:41:40,827] [builder.py:1943]           [INFO]     | Aardman Collection | ? | Special Delivery (2015) (TMDb: 380931)                                    |
[2023-02-28 13:41:40,987] [builder.py:1943]           [INFO]     | Aardman Collection | ? | Ray's Big Idea (2014) (TMDb: 360579)                                      |
[2023-02-28 13:41:41,132] [builder.py:1943]           [INFO]     | Aardman Collection | ? | Fly (2010) (TMDb: 336826)                                                 |
[2023-02-28 13:41:41,266] [builder.py:1943]           [INFO]     | Aardman Collection | ? | Gulp (2011) (TMDb: 334086)                                                |
[2023-02-28 13:41:41,393] [builder.py:1943]           [INFO]     | Aardman Collection | ? | Babylon (1986) (TMDb: 270304)                                             |
[2023-02-28 13:41:41,533] [builder.py:1943]           [INFO]     | Aardman Collection | ? | Ernest (2001) (TMDb: 264119)                                              |
[2023-02-28 13:41:41,665] [builder.py:1943]           [INFO]     | Aardman Collection | ? | Comfy (2000) (TMDb: 264105)                                               |
[2023-02-28 13:41:41,817] [builder.py:1943]           [INFO]     | Aardman Collection | ? | Sales Pitch (1983) (TMDb: 211412)                                         |
[2023-02-28 13:41:41,940] [builder.py:1943]           [INFO]     | Aardman Collection | ? | Pop (1996) (TMDb: 211343)                                                 |
[2023-02-28 13:41:42,075] [builder.py:1943]           [INFO]     | Aardman Collection | ? | Owzat (1997) (TMDb: 211199)                                               |
[2023-02-28 13:41:42,195] [builder.py:1943]           [INFO]     | Aardman Collection | ? | On Probation (1983) (TMDb: 211181)                                        |
[2023-02-28 13:41:42,334] [builder.py:1943]           [INFO]     | Aardman Collection | ? | Minotaur and Little Nerkin (1999) (TMDb: 210962)                          |
[2023-02-28 13:41:42,443] [builder.py:1943]           [INFO]     | Aardman Collection | ? | Humdrum (1999) (TMDb: 209969)                                             |
[2023-02-28 13:41:42,574] [builder.py:1943]           [INFO]     | Aardman Collection | ? | Barefootin' (1987) (TMDb: 209841)                                         |
[2023-02-28 13:41:42,687] [builder.py:1943]           [INFO]     | Aardman Collection | ? | Next (1990) (TMDb: 209835)                                                |
[2023-02-28 13:41:42,848] [builder.py:1943]           [INFO]     | Aardman Collection | ? | Ident (1990) (TMDb: 209833)                                               |
[2023-02-28 13:41:43,012] [builder.py:1943]           [INFO]     | Aardman Collection | ? | Going Equipped (1990) (TMDb: 208289)                                      |
[2023-02-28 13:41:43,131] [builder.py:1943]           [INFO]     | Aardman Collection | ? | Early Bird (1983) (TMDb: 207618)                                          |
[2023-02-28 13:41:43,317] [builder.py:1943]           [INFO]     | Aardman Collection | ? | Down and Out (1979) (TMDb: 207496)                                        |
[2023-02-28 13:41:43,457] [builder.py:1943]           [INFO]     | Aardman Collection | ? | Confessions of a Foyer Girl (1978) (TMDb: 207350)                         |
[2023-02-28 13:41:43,600] [builder.py:1943]           [INFO]     | Aardman Collection | ? | The Deadline (2002) (TMDb: 122837)                                        |
[2023-02-28 13:41:43,742] [builder.py:1943]           [INFO]     | Aardman Collection | ? | Loves Me... Loves Me Not (1993) (TMDb: 54826)                             |
[2023-02-28 13:41:43,864] [builder.py:1943]           [INFO]     | Aardman Collection | ? | Boxed In (2002) (TMDb: 54824)                                             |
[2023-02-28 13:41:44,030] [builder.py:1943]           [INFO]     | Aardman Collection | ? | Wat's Pig (1996) (TMDb: 48589)                                            |
[2023-02-28 13:41:44,031] [builder.py:1947]           [INFO]     |                                                                                                    |
[2023-02-28 13:41:44,031] [builder.py:1948]           [INFO]     | 62 Movies Missing                                                                                  |
[2023-02-28 13:41:44,474] [radarr.py:46]              [INFO]     |                                                                                                    |
[2023-02-28 13:41:44,475] [util.py:216]               [INFO]     |===================================== Adding Missing to Radarr =====================================|
[2023-02-28 13:41:44,475] [radarr.py:48]              [DEBUG]    |                                                                                                    |
[2023-02-28 13:41:44,475] [radarr.py:49]              [DEBUG]    | Radarr Adds: [54825, 520758, 666217, 130966, 774559, 645801, 305439, 241111, 54736, 542359, 210496, 54818, 54819, 77134, 167662, 54827, 682190, 54821, 774553, 264120, 1028529, 1003010, 992161, 992074, 992067, 929204, 904410, 901033, 896538, 859588, 846353, 825918, 763845, 651797, 645818, 427753, 417784, 395986, 380931, 360579, 336826, 334086, 270304, 264119, 264105, 211412, 211343, 211199, 211181, 210962, 209969, 209841, 209835, 209833, 208289, 207618, 207496, 207350, 122837, 54826, 54824, 48589] |
[2023-02-28 13:41:46,183] [radarr.py:138]             [INFO]     |                                                                                                    |
[2023-02-28 13:41:46,183] [radarr.py:146]             [INFO]     | Skipped: In Cache | 54825                                                                          |
[2023-02-28 13:41:46,183] [radarr.py:146]             [INFO]     | Skipped: In Cache | 520758                                                                         |
[2023-02-28 13:41:46,184] [radarr.py:146]             [INFO]     | Skipped: In Cache | 666217                                                                         |
[2023-02-28 13:41:46,184] [radarr.py:146]             [INFO]     | Skipped: In Cache | 130966                                                                         |
[2023-02-28 13:41:46,184] [radarr.py:146]             [INFO]     | Skipped: In Cache | 774559                                                                         |
[2023-02-28 13:41:46,185] [radarr.py:146]             [INFO]     | Skipped: In Cache | 645801                                                                         |
[2023-02-28 13:41:46,185] [radarr.py:146]             [INFO]     | Skipped: In Cache | 305439                                                                         |
[2023-02-28 13:41:46,185] [radarr.py:146]             [INFO]     | Skipped: In Cache | 241111                                                                         |
[2023-02-28 13:41:46,185] [radarr.py:146]             [INFO]     | Skipped: In Cache | 54736                                                                          |
[2023-02-28 13:41:46,186] [radarr.py:146]             [INFO]     | Skipped: In Cache | 542359                                                                         |
[2023-02-28 13:41:46,186] [radarr.py:146]             [INFO]     | Skipped: In Cache | 210496                                                                         |
[2023-02-28 13:41:46,186] [radarr.py:146]             [INFO]     | Skipped: In Cache | 54818                                                                          |
[2023-02-28 13:41:46,187] [radarr.py:146]             [INFO]     | Skipped: In Cache | 54819                                                                          |
[2023-02-28 13:41:46,187] [radarr.py:146]             [INFO]     | Skipped: In Cache | 77134                                                                          |
[2023-02-28 13:41:46,187] [radarr.py:146]             [INFO]     | Skipped: In Cache | 167662                                                                         |
[2023-02-28 13:41:46,187] [radarr.py:146]             [INFO]     | Skipped: In Cache | 54827                                                                          |
[2023-02-28 13:41:46,188] [radarr.py:146]             [INFO]     | Skipped: In Cache | 682190                                                                         |
[2023-02-28 13:41:46,188] [radarr.py:146]             [INFO]     | Skipped: In Cache | 54821                                                                          |
[2023-02-28 13:41:46,188] [radarr.py:146]             [INFO]     | Skipped: In Cache | 774553                                                                         |
[2023-02-28 13:41:46,189] [radarr.py:146]             [INFO]     | Skipped: In Cache | 264120                                                                         |
[2023-02-28 13:41:46,189] [radarr.py:146]             [INFO]     | Skipped: In Cache | 1028529                                                                        |
[2023-02-28 13:41:46,189] [radarr.py:146]             [INFO]     | Skipped: In Cache | 1003010                                                                        |
[2023-02-28 13:41:46,190] [radarr.py:146]             [INFO]     | Skipped: In Cache | 992161                                                                         |
[2023-02-28 13:41:46,190] [radarr.py:146]             [INFO]     | Skipped: In Cache | 992074                                                                         |
[2023-02-28 13:41:46,190] [radarr.py:146]             [INFO]     | Skipped: In Cache | 992067                                                                         |
[2023-02-28 13:41:46,192] [radarr.py:146]             [INFO]     | Skipped: In Cache | 929204                                                                         |
[2023-02-28 13:41:46,192] [radarr.py:146]             [INFO]     | Skipped: In Cache | 904410                                                                         |
[2023-02-28 13:41:46,192] [radarr.py:146]             [INFO]     | Skipped: In Cache | 901033                                                                         |
[2023-02-28 13:41:46,193] [radarr.py:146]             [INFO]     | Skipped: In Cache | 896538                                                                         |
[2023-02-28 13:41:46,193] [radarr.py:146]             [INFO]     | Skipped: In Cache | 859588                                                                         |
[2023-02-28 13:41:46,193] [radarr.py:146]             [INFO]     | Skipped: In Cache | 846353                                                                         |
[2023-02-28 13:41:46,193] [radarr.py:146]             [INFO]     | Skipped: In Cache | 825918                                                                         |
[2023-02-28 13:41:46,194] [radarr.py:146]             [INFO]     | Skipped: In Cache | 763845                                                                         |
[2023-02-28 13:41:46,194] [radarr.py:146]             [INFO]     | Skipped: In Cache | 651797                                                                         |
[2023-02-28 13:41:46,194] [radarr.py:146]             [INFO]     | Skipped: In Cache | 645818                                                                         |
[2023-02-28 13:41:46,194] [radarr.py:146]             [INFO]     | Skipped: In Cache | 427753                                                                         |
[2023-02-28 13:41:46,195] [radarr.py:146]             [INFO]     | Skipped: In Cache | 417784                                                                         |
[2023-02-28 13:41:46,195] [radarr.py:146]             [INFO]     | Skipped: In Cache | 395986                                                                         |
[2023-02-28 13:41:46,195] [radarr.py:146]             [INFO]     | Skipped: In Cache | 380931                                                                         |
[2023-02-28 13:41:46,195] [radarr.py:146]             [INFO]     | Skipped: In Cache | 360579                                                                         |
[2023-02-28 13:41:46,196] [radarr.py:146]             [INFO]     | Skipped: In Cache | 336826                                                                         |
[2023-02-28 13:41:46,196] [radarr.py:146]             [INFO]     | Skipped: In Cache | 334086                                                                         |
[2023-02-28 13:41:46,196] [radarr.py:146]             [INFO]     | Skipped: In Cache | 270304                                                                         |
[2023-02-28 13:41:46,197] [radarr.py:146]             [INFO]     | Skipped: In Cache | 264119                                                                         |
[2023-02-28 13:41:46,197] [radarr.py:146]             [INFO]     | Skipped: In Cache | 264105                                                                         |
[2023-02-28 13:41:46,197] [radarr.py:146]             [INFO]     | Skipped: In Cache | 211412                                                                         |
[2023-02-28 13:41:46,197] [radarr.py:146]             [INFO]     | Skipped: In Cache | 211343                                                                         |
[2023-02-28 13:41:46,198] [radarr.py:146]             [INFO]     | Skipped: In Cache | 211199                                                                         |
[2023-02-28 13:41:46,198] [radarr.py:146]             [INFO]     | Skipped: In Cache | 211181                                                                         |
[2023-02-28 13:41:46,198] [radarr.py:146]             [INFO]     | Skipped: In Cache | 210962                                                                         |
[2023-02-28 13:41:46,199] [radarr.py:146]             [INFO]     | Skipped: In Cache | 209969                                                                         |
[2023-02-28 13:41:46,199] [radarr.py:146]             [INFO]     | Skipped: In Cache | 209841                                                                         |
[2023-02-28 13:41:46,199] [radarr.py:146]             [INFO]     | Skipped: In Cache | 209835                                                                         |
[2023-02-28 13:41:46,199] [radarr.py:146]             [INFO]     | Skipped: In Cache | 209833                                                                         |
[2023-02-28 13:41:46,200] [radarr.py:146]             [INFO]     | Skipped: In Cache | 208289                                                                         |
[2023-02-28 13:41:46,200] [radarr.py:146]             [INFO]     | Skipped: In Cache | 207618                                                                         |
[2023-02-28 13:41:46,200] [radarr.py:146]             [INFO]     | Skipped: In Cache | 207496                                                                         |
[2023-02-28 13:41:46,200] [radarr.py:146]             [INFO]     | Skipped: In Cache | 207350                                                                         |
[2023-02-28 13:41:46,201] [radarr.py:146]             [INFO]     | Skipped: In Cache | 122837                                                                         |
[2023-02-28 13:41:46,201] [radarr.py:146]             [INFO]     | Skipped: In Cache | 54826                                                                          |
[2023-02-28 13:41:46,201] [radarr.py:146]             [INFO]     | Skipped: In Cache | 54824                                                                          |
[2023-02-28 13:41:46,201] [radarr.py:146]             [INFO]     | Skipped: In Cache | 48589                                                                          |
[2023-02-28 13:41:46,202] [radarr.py:147]             [INFO]     | 62 Movies already exist in Radarr                                                                  |
[2023-02-28 13:41:46,226] [builder.py:2147]           [INFO]     |                                                                                                    |
[2023-02-28 13:41:46,226] [util.py:216]               [INFO]     |============================== Updating Details of Aardman Collection ==============================|
[2023-02-28 13:41:46,227] [builder.py:2149]           [INFO]     |                                                                                                    |
[2023-02-28 13:41:46,227] [builder.py:2156]           [INFO]     | Detail: summary updated Collection Summary                                                         |
[2023-02-28 13:41:46,228] [builder.py:2258]           [DEBUG]    | 1 posters found:                                                                                   |
[2023-02-28 13:41:46,228] [builder.py:2260]           [DEBUG]    | Method: url_poster Poster: https://theposterdb.com/api/assets/26074                                |
[2023-02-28 13:41:46,228] [builder.py:2327]           [INFO]     | No background collection detail or asset folder found                                              |
[2023-02-28 13:41:46,229] [library.py:147]            [INFO]     | Detail: poster update not needed                                                                   |
[2023-02-28 13:41:46,355] [plex_meta_manager.py:880]  [INFO]     |                                                                                                    |
[2023-02-28 13:41:46,356] [util.py:209]               [INFO]     |====================================================================================================|
[2023-02-28 13:41:46,356] [util.py:216]               [INFO]     |                                    Finished Aardman Collection                                     |
[2023-02-28 13:41:46,356] [util.py:216]               [INFO]     |                                    Collection Run Time: 0:00:12                                    |
[2023-02-28 13:41:46,357] [util.py:220]               [INFO]     |====================================================================================================|
