[2023-02-02 01:12:54,176] [util.py:209]               [INFO]     |====================================================================================================|
[2023-02-02 01:12:54,176] [util.py:216]               [INFO]     |                                   Apple+ Collection in TV Shows                                    |
[2023-02-02 01:12:54,176] [util.py:220]               [INFO]     |====================================================================================================|
[2023-02-02 01:12:54,177] [plex_meta_manager.py:750]  [INFO]     |                                                                                                    |
[2023-02-02 01:12:54,177] [util.py:216]               [INFO]     |=================================== Validating Apple+ Attributes ===================================|
[2023-02-02 01:12:54,177] [builder.py:265]            [DEBUG]    |                                                                                                    |
[2023-02-02 01:12:54,178] [builder.py:266]            [DEBUG]    | Validating Method: template                                                                        |
[2023-02-02 01:12:54,178] [meta.py:83]                [DEBUG]    | Value: ordereddict([('name', 'network'), ('network', 2552), ('poster', 'https://theposterdb.com/api/assets/168823')]) |
[2023-02-02 01:12:54,178] [builder.py:330]            [DEBUG]    |                                                                                                    |
[2023-02-02 01:12:54,178] [builder.py:331]            [DEBUG]    | Validating Method: sync_mode                                                                       |
[2023-02-02 01:12:54,179] [builder.py:335]            [DEBUG]    | Value: sync                                                                                        |
[2023-02-02 01:12:54,179] [builder.py:453]            [DEBUG]    |                                                                                                    |
[2023-02-02 01:12:54,179] [builder.py:454]            [DEBUG]    | Validating Method: collection_order                                                                |
[2023-02-02 01:12:54,180] [builder.py:455]            [DEBUG]    | Value: alpha                                                                                       |
[2023-02-02 01:12:54,180] [builder.py:472]            [DEBUG]    |                                                                                                    |
[2023-02-02 01:12:54,180] [builder.py:473]            [DEBUG]    | Validating Method: tmdb_network                                                                    |
[2023-02-02 01:12:54,180] [builder.py:474]            [DEBUG]    | Value: 2552                                                                                        |
[2023-02-02 01:12:54,287] [builder.py:472]            [DEBUG]    |                                                                                                    |
[2023-02-02 01:12:54,287] [builder.py:473]            [DEBUG]    | Validating Method: url_poster                                                                      |
[2023-02-02 01:12:54,287] [builder.py:474]            [DEBUG]    | Value: https://theposterdb.com/api/assets/168823                                                   |
[2023-02-02 01:12:54,287] [builder.py:472]            [DEBUG]    |                                                                                                    |
[2023-02-02 01:12:54,288] [builder.py:473]            [DEBUG]    | Validating Method: sort_title                                                                      |
[2023-02-02 01:12:54,288] [builder.py:474]            [DEBUG]    | Value: +4_Apple+                                                                                   |
[2023-02-02 01:12:54,365] [builder.py:619]            [INFO]     |                                                                                                    |
[2023-02-02 01:12:54,366] [builder.py:620]            [INFO]     | Validation Successful                                                                              |
[2023-02-02 01:12:54,367] [plex_meta_manager.py:758]  [INFO]     |                                                                                                    |
[2023-02-02 01:12:54,367] [util.py:216]               [INFO]     |==================================== Running Apple+ Collection =====================================|
[2023-02-02 01:12:54,367] [plex_meta_manager.py:773]  [INFO]     |                                                                                                    |
[2023-02-02 01:12:54,367] [plex_meta_manager.py:774]  [INFO]     | Sync Mode: sync                                                                                    |
[2023-02-02 01:12:54,368] [builder.py:1275]           [DEBUG]    |                                                                                                    |
[2023-02-02 01:12:54,368] [builder.py:1276]           [DEBUG]    | Builder: tmdb_network: 2552                                                                        |
[2023-02-02 01:12:54,368] [builder.py:1277]           [INFO]     |                                                                                                    |
[2023-02-02 01:12:55,374] [tmdb.py:282]               [INFO]     | Processing TMDb Network: (2552) Apple TV+ (149 Shows)                                              |
[2023-02-02 01:12:55,375] [builder.py:1282]           [DEBUG]    |                                                                                                    |
[2023-02-02 01:12:55,375] [builder.py:1283]           [DEBUG]    | 149 IDs Found: [(106116, 'tmdb_show'), (80054, 'tmdb_show'), (80752, 'tmdb_show'), (136311, 'tmdb_show'), (88055, 'tmdb_show'), (97546, 'tmdb_show'), (87917, 'tmdb_show'), (155537, 'tmdb_show'), (133727, 'tmdb_show'), (110948, 'tmdb_show'), (127235, 'tmdb_show'), (95480, 'tmdb_show'), (95396, 'tmdb_show'), (95171, 'tmdb_show'), (93740, 'tmdb_show'), (108664, 'tmdb_show'), (95341, 'tmdb_show'), (217658, 'tmdb_show'), (89901, 'tmdb_show'), (90282, 'tmdb_show'), (98178, 'tmdb_show'), (93716, 'tmdb_show'), (156820, 'tmdb_show'), (87784, 'tmdb_show'), (119955, 'tmdb_show'), (110382, 'tmdb_show'), (94951, 'tmdb_show'), (106388, 'tmdb_show'), (117821, 'tmdb_show'), (195352, 'tmdb_show'), (119181, 'tmdb_show'), (98161, 'tmdb_show'), (199318, 'tmdb_show'), (136741, 'tmdb_show'), (93520, 'tmdb_show'), (119934, 'tmdb_show'), (98198, 'tmdb_show'), (127641, 'tmdb_show'), (91249, 'tmdb_show'), (100414, 'tmdb_show'), (123854, 'tmdb_show'), (103783, 'tmdb_show'), (95839, 'tmdb_show'), (106454, 'tmdb_show'), (136300, 'tmdb_show'), (98892, 'tmdb_show'), (98177, 'tmdb_show'), (72610, 'tmdb_show'), (80336, 'tmdb_show'), (94245, 'tmdb_show'), (111834, 'tmdb_show'), (124897, 'tmdb_show'), (108303, 'tmdb_show'), (197449, 'tmdb_show'), (209131, 'tmdb_show'), (216343, 'tmdb_show'), (110818, 'tmdb_show'), (108171, 'tmdb_show'), (104002, 'tmdb_show'), (125000, 'tmdb_show'), (106871, 'tmdb_show'), (102540, 'tmdb_show'), (155493, 'tmdb_show'), (156746, 'tmdb_show'), (133106, 'tmdb_show'), (125301, 'tmdb_show'), (153571, 'tmdb_show'), (133152, 'tmdb_show'), (97363, 'tmdb_show'), (118536, 'tmdb_show'), (153307, 'tmdb_show'), (157002, 'tmdb_show'), (194704, 'tmdb_show'), (155714, 'tmdb_show'), (133153, 'tmdb_show'), (98730, 'tmdb_show'), (205441, 'tmdb_show'), (112148, 'tmdb_show'), (93519, 'tmdb_show'), (135198, 'tmdb_show'), (46518, 'tmdb_show'), (207639, 'tmdb_show'), (213359, 'tmdb_show'), (104148, 'tmdb_show'), (106727, 'tmdb_show'), (125991, 'tmdb_show'), (126397, 'tmdb_show'), (124339, 'tmdb_show'), (117303, 'tmdb_show'), (123149, 'tmdb_show'), (196583, 'tmdb_show'), (204087, 'tmdb_show'), (98200, 'tmdb_show'), (137735, 'tmdb_show'), (138169, 'tmdb_show'), (201710, 'tmdb_show'), (128066, 'tmdb_show'), (196322, 'tmdb_show'), (137220, 'tmdb_show'), (158333, 'tmdb_show'), (102817, 'tmdb_show'), (102318, 'tmdb_show'), (157367, 'tmdb_show'), (209130, 'tmdb_show'), (123192, 'tmdb_show'), (108305, 'tmdb_show'), (205258, 'tmdb_show'), (206235, 'tmdb_show'), (205164, 'tmdb_show'), (157226, 'tmdb_show'), (197124, 'tmdb_show'), (93967, 'tmdb_show'), (201289, 'tmdb_show'), (155533, 'tmdb_show'), (198102, 'tmdb_show'), (157368, 'tmdb_show'), (100853, 'tmdb_show'), (156933, 'tmdb_show'), (203744, 'tmdb_show'), (130853, 'tmdb_show'), (120549, 'tmdb_show'), (155534, 'tmdb_show'), (131992, 'tmdb_show'), (204490, 'tmdb_show'), (209876, 'tmdb_show'), (125988, 'tmdb_show'), (118534, 'tmdb_show'), (202411, 'tmdb_show'), (107593, 'tmdb_show'), (216412, 'tmdb_show'), (195305, 'tmdb_show'), (197123, 'tmdb_show'), (197591, 'tmdb_show'), (219056, 'tmdb_show'), (147050, 'tmdb_show'), (104147, 'tmdb_show'), (197125, 'tmdb_show'), (196890, 'tmdb_show'), (218961, 'tmdb_show'), (215528, 'tmdb_show'), (116793, 'tmdb_show'), (215524, 'tmdb_show'), (215503, 'tmdb_show'), (204358, 'tmdb_show'), (197459, 'tmdb_show'), (158798, 'tmdb_show'), (157434, 'tmdb_show'), (114924, 'tmdb_show'), (112211, 'tmdb_show')] |
[2023-02-02 01:12:55,375] [builder.py:1284]           [DEBUG]    |                                                                                                    |
[2023-02-02 01:12:55,599] [builder.py:1361]           [ERROR]    | Convert Error: No TVDb ID Found for TMDb ID: 130853                                                |
[2023-02-02 01:12:55,706] [builder.py:1361]           [ERROR]    | Convert Error: No TVDb ID Found for TMDb ID: 131992                                                |
[2023-02-02 01:12:55,806] [builder.py:1361]           [ERROR]    | Convert Error: No TVDb ID Found for TMDb ID: 202411                                                |
[2023-02-02 01:12:55,911] [builder.py:1361]           [ERROR]    | Convert Error: No TVDb ID Found for TMDb ID: 107593                                                |
[2023-02-02 01:12:56,020] [builder.py:1361]           [ERROR]    | Convert Error: No TVDb ID Found for TMDb ID: 215528                                                |
[2023-02-02 01:12:56,117] [builder.py:1361]           [ERROR]    | Convert Error: No TVDb ID Found for TMDb ID: 215524                                                |
[2023-02-02 01:12:56,226] [builder.py:1361]           [ERROR]    | Convert Error: No TVDb ID Found for TMDb ID: 197459                                                |
[2023-02-02 01:12:56,229] [builder.py:1697]           [INFO]     |                                                                                                    |
[2023-02-02 01:12:56,229] [util.py:216]               [INFO]     |=================================== Adding to Apple+ Collection ====================================|
[2023-02-02 01:12:56,230] [builder.py:1699]           [INFO]     |                                                                                                    |
[2023-02-02 01:12:56,230] [builder.py:1709]           [INFO]     | 1/6 | Apple+ Collection | = | Ted Lasso                                                            |
[2023-02-02 01:12:56,230] [builder.py:1709]           [INFO]     | 2/6 | Apple+ Collection | = | Black Bird                                                           |
[2023-02-02 01:12:56,231] [builder.py:1709]           [INFO]     | 3/6 | Apple+ Collection | = | Slow Horses                                                          |
[2023-02-02 01:12:56,231] [builder.py:1709]           [INFO]     | 4/6 | Apple+ Collection | = | Severance                                                            |
[2023-02-02 01:12:56,231] [builder.py:1709]           [INFO]     | 5/6 | Apple+ Collection | = | Pachinko                                                             |
[2023-02-02 01:12:56,232] [builder.py:1709]           [INFO]     | 6/6 | Apple+ Collection | = | Mythic Quest                                                         |
[2023-02-02 01:12:56,232] [builder.py:1734]           [INFO]     |                                                                                                    |
[2023-02-02 01:12:56,232] [builder.py:1735]           [INFO]     | 6 Shows Processed                                                                                  |
[2023-02-02 01:12:56,233] [builder.py:1969]           [INFO]     |                                                                                                    |
[2023-02-02 01:12:56,233] [util.py:216]               [INFO]     |================================ Missing Shows from Library: Apple+ ================================|
[2023-02-02 01:12:56,233] [builder.py:1971]           [INFO]     |                                                                                                    |
[2023-02-02 01:12:56,472] [builder.py:1982]           [INFO]     | Apple+ Collection | ? | Echo 3 (TVDB: 393147)                                                      |
[2023-02-02 01:12:56,789] [builder.py:1982]           [INFO]     | Apple+ Collection | ? | Truth Be Told (2019) (TVDB: 351527)                                        |
[2023-02-02 01:12:57,212] [builder.py:1982]           [INFO]     | Apple+ Collection | ? | See (TVDB: 361565)                                                         |
[2023-02-02 01:12:57,438] [builder.py:1982]           [INFO]     | Apple+ Collection | ? | Shrinking (TVDB: 411364)                                                   |
[2023-02-02 01:12:57,752] [builder.py:1982]           [INFO]     | Apple+ Collection | ? | Servant (TVDB: 368126)                                                     |
[2023-02-02 01:12:58,127] [builder.py:1982]           [INFO]     | Apple+ Collection | ? | For All Mankind (TVDB: 356202)                                             |
[2023-02-02 01:12:58,470] [builder.py:1982]           [INFO]     | Apple+ Collection | ? | Acapulco (TVDB: 393155)                                                    |
[2023-02-02 01:12:58,725] [builder.py:1982]           [INFO]     | Apple+ Collection | ? | The Snoopy Show (TVDB: 389478)                                             |
[2023-02-02 01:12:59,033] [builder.py:1982]           [INFO]     | Apple+ Collection | ? | Invasion (2021) (TVDB: 404492)                                             |
[2023-02-02 01:12:59,277] [builder.py:1982]           [INFO]     | Apple+ Collection | ? | Prehistoric Planet (2022) (TVDB: 418505)                                   |
[2023-02-02 01:12:59,686] [builder.py:1982]           [INFO]     | Apple+ Collection | ? | Foundation (2021) (TVDB: 366972)                                           |
[2023-02-02 01:12:59,912] [builder.py:1982]           [INFO]     | Apple+ Collection | ? | Five Days at Memorial (TVDB: 387817)                                       |
[2023-02-02 01:13:00,222] [builder.py:1982]           [INFO]     | Apple+ Collection | ? | Shantaram (TVDB: 416581)                                                   |
[2023-02-02 01:13:00,440] [builder.py:1982]           [INFO]     | Apple+ Collection | ? | Shape Island (TVDB: 429229)                                                |
[2023-02-02 01:13:00,773] [builder.py:1982]           [INFO]     | Apple+ Collection | ? | Dickinson (TVDB: 361566)                                                   |
[2023-02-02 01:13:01,127] [builder.py:1982]           [INFO]     | Apple+ Collection | ? | The Morning Show (TVDB: 361563)                                            |
[2023-02-02 01:13:01,439] [builder.py:1982]           [INFO]     | Apple+ Collection | ? | Amazing Stories (2020) (TVDB: 368120)                                      |
[2023-02-02 01:13:01,794] [builder.py:1982]           [INFO]     | Apple+ Collection | ? | The Mosquito Coast (TVDB: 370360)                                          |
[2023-02-02 01:13:01,985] [builder.py:1982]           [INFO]     | Apple+ Collection | ? | Dear Edward (TVDB: 415585)                                                 |
[2023-02-02 01:13:02,248] [builder.py:1982]           [INFO]     | Apple+ Collection | ? | Defending Jacob (TVDB: 368122)                                             |
[2023-02-02 01:13:02,450] [builder.py:1982]           [INFO]     | Apple+ Collection | ? | Dr. Brain (TVDB: 396362)                                                   |
[2023-02-02 01:13:02,696] [builder.py:1982]           [INFO]     | Apple+ Collection | ? | Shining Girls (TVDB: 385810)                                               |
[2023-02-02 01:13:02,996] [builder.py:1982]           [INFO]     | Apple+ Collection | ? | WeCrashed (TVDB: 393499)                                                   |
[2023-02-02 01:13:03,230] [builder.py:1982]           [INFO]     | Apple+ Collection | ? | Pinecone & Pony (TVDB: 417923)                                             |
[2023-02-02 01:13:03,523] [builder.py:1982]           [INFO]     | Apple+ Collection | ? | Physical (TVDB: 396346)                                                    |
[2023-02-02 01:13:03,925] [builder.py:1982]           [INFO]     | Apple+ Collection | ? | Home Before Dark (TVDB: 362004)                                            |
[2023-02-02 01:13:04,182] [builder.py:1982]           [INFO]     | Apple+ Collection | ? | Bad Sisters (TVDB: 418182)                                                 |
[2023-02-02 01:13:04,403] [builder.py:1982]           [INFO]     | Apple+ Collection | ? | Roar (2022) (TVDB: 398102)                                                 |
[2023-02-02 01:13:04,743] [builder.py:1982]           [INFO]     | Apple+ Collection | ? | Ghostwriter (2019) (TVDB: 369490)                                          |
[2023-02-02 01:13:04,947] [builder.py:1982]           [INFO]     | Apple+ Collection | ? | Calls (US) (TVDB: 349334)                                                  |
[2023-02-02 01:13:05,300] [builder.py:1982]           [INFO]     | Apple+ Collection | ? | Central Park (TVDB: 368121)                                                |
[2023-02-02 01:13:05,505] [builder.py:1982]           [INFO]     | Apple+ Collection | ? | Surface (2022) (TVDB: 392740)                                              |
[2023-02-02 01:13:05,738] [builder.py:1982]           [INFO]     | Apple+ Collection | ? | Snoopy in Space (TVDB: 367015)                                             |
[2023-02-02 01:13:06,040] [builder.py:1982]           [INFO]     | Apple+ Collection | ? | Suspicion (2022) (TVDB: 385690)                                            |
[2023-02-02 01:13:06,252] [builder.py:1982]           [INFO]     | Apple+ Collection | ? | Now & Then (TVDB: 401411)                                                  |
[2023-02-02 01:13:06,463] [builder.py:1982]           [INFO]     | Apple+ Collection | ? | Little Voice (TVDB: 361564)                                                |
[2023-02-02 01:13:06,691] [builder.py:1982]           [INFO]     | Apple+ Collection | ? | Lisey's Story (TVDB: 366527)                                               |
[2023-02-02 01:13:06,991] [builder.py:1982]           [INFO]     | Apple+ Collection | ? | The Afterparty (TVDB: 384495)                                              |
[2023-02-02 01:13:07,221] [builder.py:1982]           [INFO]     | Apple+ Collection | ? | Harriet the Spy (TVDB: 411365)                                             |
[2023-02-02 01:13:07,545] [builder.py:1982]           [INFO]     | Apple+ Collection | ? | Schmigadoon! (TVDB: 393154)                                                |
[2023-02-02 01:13:07,828] [builder.py:1982]           [INFO]     | Apple+ Collection | ? | Trying (TVDB: 375903)                                                      |
[2023-02-02 01:13:08,101] [builder.py:1982]           [INFO]     | Apple+ Collection | ? | Carpool Karaoke: The Series (TVDB: 332954)                                 |
[2023-02-02 01:13:08,317] [builder.py:1982]           [INFO]     | Apple+ Collection | ? | Little America (TVDB: 368123)                                              |
[2023-02-02 01:13:08,559] [builder.py:1982]           [INFO]     | Apple+ Collection | ? | Swagger (TVDB: 365914)                                                     |
[2023-02-02 01:13:08,822] [builder.py:1982]           [INFO]     | Apple+ Collection | ? | Stillwater (TVDB: 388611)                                                  |
[2023-02-02 01:13:09,075] [builder.py:1982]           [INFO]     | Apple+ Collection | ? | Mr. Corman (TVDB: 393156)                                                  |
[2023-02-02 01:13:09,306] [builder.py:1982]           [INFO]     | Apple+ Collection | ? | Tiny World (TVDB: 387542)                                                  |
[2023-02-02 01:13:09,564] [builder.py:1982]           [INFO]     | Apple+ Collection | ? | Loot (TVDB: 417559)                                                        |
[2023-02-02 01:13:09,752] [builder.py:1982]           [INFO]     | Apple+ Collection | ? | Interrupting Chicken (TVDB: 424176)                                        |
[2023-02-02 01:13:09,919] [builder.py:1982]           [INFO]     | Apple+ Collection | ? | Super League: The War for Football (TVDB: 428391)                          |
[2023-02-02 01:13:10,147] [builder.py:1982]           [INFO]     | Apple+ Collection | ? | Earth at Night in Color (TVDB: 390128)                                     |
[2023-02-02 01:13:10,356] [builder.py:1982]           [INFO]     | Apple+ Collection | ? | The Essex Serpent (TVDB: 387455)                                           |
[2023-02-02 01:13:10,567] [builder.py:1982]           [INFO]     | Apple+ Collection | ? | Fraggle Rock: Back to the Rock (TVDB: 412536)                              |
[2023-02-02 01:13:10,791] [builder.py:1982]           [INFO]     | Apple+ Collection | ? | Hello Tomorrow! (TVDB: 402320)                                             |
[2023-02-02 01:13:10,990] [builder.py:1982]           [INFO]     | Apple+ Collection | ? | Long Way Up (TVDB: 376752)                                                 |
[2023-02-02 01:13:11,203] [builder.py:1982]           [INFO]     | Apple+ Collection | ? | The Shrink Next Door (TVDB: 381206)                                        |
[2023-02-02 01:13:11,405] [builder.py:1982]           [INFO]     | Apple+ Collection | ? | The Last Days of Ptolemy Grey (TVDB: 401879)                               |
[2023-02-02 01:13:11,618] [builder.py:1982]           [INFO]     | Apple+ Collection | ? | Pretzel and the Puppies (TVDB: 415815)                                     |
[2023-02-02 01:13:11,852] [builder.py:1982]           [INFO]     | Apple+ Collection | ? | Wolfboy and the Everything Factory (TVDB: 409758)                          |
[2023-02-02 01:13:12,025] [builder.py:1982]           [INFO]     | Apple+ Collection | ? | The Me You Can't See (TVDB: 402511)                                        |
[2023-02-02 01:13:12,238] [builder.py:1982]           [INFO]     | Apple+ Collection | ? | El Deafo (TVDB: 413544)                                                    |
[2023-02-02 01:13:12,487] [builder.py:1982]           [INFO]     | Apple+ Collection | ? | Get Rolling with Otis (TVDB: 409820)                                       |
[2023-02-02 01:13:12,739] [builder.py:1982]           [INFO]     | Apple+ Collection | ? | Visible: Out on Television (TVDB: 374895)                                  |
[2023-02-02 01:13:12,991] [builder.py:1982]           [INFO]     | Apple+ Collection | ? | Make or Break (TVDB: 418943)                                               |
[2023-02-02 01:13:13,190] [builder.py:1982]           [INFO]     | Apple+ Collection | ? | Surfside Girls (TVDB: 414549)                                              |
[2023-02-02 01:13:13,373] [builder.py:1982]           [INFO]     | Apple+ Collection | ? | They Call Me Magic (TVDB: 415810)                                          |
[2023-02-02 01:13:13,585] [builder.py:1982]           [INFO]     | Apple+ Collection | ? | The Big Door Prize (TVDB: 403752)                                          |
[2023-02-02 01:13:13,801] [builder.py:1982]           [INFO]     | Apple+ Collection | ? | Lincoln's Dilemma (TVDB: 414706)                                           |
[2023-02-02 01:13:14,022] [builder.py:1982]           [INFO]     | Apple+ Collection | ? | Puppy Place (TVDB: 409863)                                                 |
[2023-02-02 01:13:14,310] [builder.py:1982]           [INFO]     | Apple+ Collection | ? | Home (2020) (TVDB: 379326)                                                 |
[2023-02-02 01:13:14,538] [builder.py:1982]           [INFO]     | Apple+ Collection | ? | Best Foot Forward (TVDB: 420906)                                           |
[2023-02-02 01:13:14,810] [builder.py:1982]           [INFO]     | Apple+ Collection | ? | Doug Unplugs (TVDB: 388610)                                                |
[2023-02-02 01:13:15,157] [builder.py:1982]           [INFO]     | Apple+ Collection | ? | Helpsters (TVDB: 369782)                                                   |
[2023-02-02 01:13:15,383] [builder.py:1982]           [INFO]     | Apple+ Collection | ? | Amber Brown (TVDB: 410661)                                                 |
[2023-02-02 01:13:15,591] [builder.py:1982]           [INFO]     | Apple+ Collection | ? | Masters of the Air (TVDB: 370853)                                          |
[2023-02-02 01:13:15,777] [builder.py:1982]           [INFO]     | Apple+ Collection | ? | Life by Ella (TVDB: 423138)                                                |
[2023-02-02 01:13:15,955] [builder.py:1982]           [INFO]     | Apple+ Collection | ? | Circuit Breakers (TVDB: 426547)                                            |
[2023-02-02 01:13:16,156] [builder.py:1982]           [INFO]     | Apple+ Collection | ? | Greatness Code (TVDB: 383320)                                              |
[2023-02-02 01:13:16,352] [builder.py:1982]           [INFO]     | Apple+ Collection | ? | The Oprah Conversation (TVDB: 386008)                                      |
[2023-02-02 01:13:16,573] [builder.py:1982]           [INFO]     | Apple+ Collection | ? | Hello, Jack! The Kindness Show (TVDB: 404951)                              |
[2023-02-02 01:13:16,746] [builder.py:1982]           [INFO]     | Apple+ Collection | ? | Watch the Sound with Mark Ronson (TVDB: 401054)                            |
[2023-02-02 01:13:16,935] [builder.py:1982]           [INFO]     | Apple+ Collection | ? | 1971: The Year That Music Changed Everything (TVDB: 401953)                |
[2023-02-02 01:13:17,106] [builder.py:1982]           [INFO]     | Apple+ Collection | ? | Lessons in Chemistry (TVDB: 395685)                                        |
[2023-02-02 01:13:17,336] [builder.py:1982]           [INFO]     | Apple+ Collection | ? | The Problem With Jon Stewart (TVDB: 400756)                                |
[2023-02-02 01:13:17,542] [builder.py:1982]           [INFO]     | Apple+ Collection | ? | The Long Game: Bigger Than Basketball (TVDB: 402298)                       |
[2023-02-02 01:13:17,751] [builder.py:1982]           [INFO]     | Apple+ Collection | ? | Duck & Goose (TVDB: 421789)                                                |
[2023-02-02 01:13:17,962] [builder.py:1982]           [INFO]     | Apple+ Collection | ? | Dear... (TVDB: 371674)                                                     |
[2023-02-02 01:13:18,133] [builder.py:1982]           [INFO]     | Apple+ Collection | ? | The Reluctant Traveler with Eugene Levy (TVDB: 429201)                     |
[2023-02-02 01:13:18,407] [builder.py:1982]           [INFO]     | Apple+ Collection | ? | Extrapolations (TVDB: 393148)                                              |
[2023-02-02 01:13:18,608] [builder.py:1982]           [INFO]     | Apple+ Collection | ? | Lovely Little Farm (TVDB: 420014)                                          |
[2023-02-02 01:13:18,832] [builder.py:1982]           [INFO]     | Apple+ Collection | ? | Liaison (TVDB: 405526)                                                     |
[2023-02-02 01:13:19,026] [builder.py:1982]           [INFO]     | Apple+ Collection | ? | Dark Matter (2023) (TVDB: 393159)                                          |
[2023-02-02 01:13:19,199] [builder.py:1982]           [INFO]     | Apple+ Collection | ? | The Line (TVDB: 402178)                                                    |
[2023-02-02 01:13:19,377] [builder.py:1982]           [INFO]     | Apple+ Collection | ? | The Big Conn (TVDB: 416610)                                                |
[2023-02-02 01:13:19,588] [builder.py:1982]           [INFO]     | Apple+ Collection | ? | Helpsters Help You (TVDB: 381154)                                          |
[2023-02-02 01:13:19,800] [builder.py:1982]           [INFO]     | Apple+ Collection | ? | Fraggle Rock: Rock On! (TVDB: 380853)                                      |
[2023-02-02 01:13:19,991] [builder.py:1982]           [INFO]     | Apple+ Collection | ? | Mrs. American Pie (TVDB: 415970)                                           |
[2023-02-02 01:13:20,223] [builder.py:1982]           [INFO]     | Apple+ Collection | ? | Slumberkins (TVDB: 424288)                                                 |
[2023-02-02 01:13:20,428] [builder.py:1982]           [INFO]     | Apple+ Collection | ? | The Crowded Room (TVDB: 400723)                                            |
[2023-02-02 01:13:20,609] [builder.py:1982]           [INFO]     | Apple+ Collection | ? | Becoming You (TVDB: 387543)                                                |
[2023-02-02 01:13:20,823] [builder.py:1982]           [INFO]     | Apple+ Collection | ? | Sago Mini Friends (TVDB: 419316)                                           |
[2023-02-02 01:13:21,057] [builder.py:1982]           [INFO]     | Apple+ Collection | ? | Gutsy (TVDB: 422500)                                                       |
[2023-02-02 01:13:21,280] [builder.py:1982]           [INFO]     | Apple+ Collection | ? | Eva the Owlet (TVDB: 420238)                                               |
[2023-02-02 01:13:21,472] [builder.py:1982]           [INFO]     | Apple+ Collection | ? | Sunny (TVDB: 415975)                                                       |
[2023-02-02 01:13:21,717] [builder.py:1982]           [INFO]     | Apple+ Collection | ? | The Big Cigar (TVDB: 418756)                                               |
[2023-02-02 01:13:21,920] [builder.py:1982]           [INFO]     | Apple+ Collection | ? | Oprah’s Book Club (TVDB: 371019)                                           |
[2023-02-02 01:13:22,126] [builder.py:1982]           [INFO]     | Apple+ Collection | ? | The Last Thing He Told Me (TVDB: 406686)                                   |
[2023-02-02 01:13:22,367] [builder.py:1982]           [INFO]     | Apple+ Collection | ? | Manhunt (2023) (TVDB: 414337)                                              |
[2023-02-02 01:13:22,567] [builder.py:1982]           [INFO]     | Apple+ Collection | ? | Hijack (TVDB: 419254)                                                      |
[2023-02-02 01:13:22,792] [builder.py:1982]           [INFO]     | Apple+ Collection | ? | The New Look (TVDB: 416182)                                                |
[2023-02-02 01:13:22,992] [builder.py:1982]           [INFO]     | Apple+ Collection | ? | Oprah Talks COVID-19 (TVDB: 378821)                                        |
[2023-02-02 01:13:23,190] [builder.py:1982]           [INFO]     | Apple+ Collection | ? | Presumed Innocent (TVDB: 415738)                                           |
[2023-02-02 01:13:23,426] [builder.py:1982]           [INFO]     | Apple+ Collection | ? | Sugar (TVDB: 421070)                                                       |
[2023-02-02 01:13:23,639] [builder.py:1982]           [INFO]     | Apple+ Collection | ? | Lady in the Lake (TVDB: 398270)                                            |
[2023-02-02 01:13:24,031] [builder.py:1982]           [INFO]     | Apple+ Collection | ? | City on Fire (TVDB: 405848)                                                |
[2023-02-02 01:13:24,213] [builder.py:1982]           [INFO]     | Apple+ Collection | ? | Criminal Record (TVDB: 421495)                                             |
[2023-02-02 01:13:24,380] [builder.py:1982]           [INFO]     | Apple+ Collection | ? | Sinking Spring (TVDB: 423332)                                              |
[2023-02-02 01:13:24,565] [builder.py:1982]           [INFO]     | Apple+ Collection | ? | Wool (TVDB: 403245)                                                        |
[2023-02-02 01:13:24,739] [builder.py:1982]           [INFO]     | Apple+ Collection | ? | Jane (2023) (TVDB: 429599)                                                 |
[2023-02-02 01:13:24,939] [builder.py:1982]           [INFO]     | Apple+ Collection | ? | Mere Mortals (TVDB: 428425)                                                |
[2023-02-02 01:13:25,109] [builder.py:1982]           [INFO]     | Apple+ Collection | ? | Midnight Family (TVDB: 417837)                                             |
[2023-02-02 01:13:25,278] [builder.py:1982]           [INFO]     | Apple+ Collection | ? | The White Darkness (TVDB: 418767)                                          |
[2023-02-02 01:13:25,490] [builder.py:1982]           [INFO]     | Apple+ Collection | ? | Franklin (TVDB: 417280)                                                    |
[2023-02-02 01:13:25,682] [builder.py:1982]           [INFO]     | Apple+ Collection | ? | Frog and Toad (TVDB: 430221)                                               |
[2023-02-02 01:13:25,867] [builder.py:1982]           [INFO]     | Apple+ Collection | ? | Disclaimer (TVDB: 413062)                                                  |
[2023-02-02 01:13:26,016] [builder.py:1982]           [INFO]     | Apple+ Collection | ? | Hedy Lamarr (TVDB: 393149)                                                 |
[2023-02-02 01:13:26,188] [builder.py:1982]           [INFO]     | Apple+ Collection | ? | Constellation (TVDB: 418727)                                               |
[2023-02-02 01:13:26,353] [builder.py:1982]           [INFO]     | Apple+ Collection | ? | Chief of War (TVDB: 418633)                                                |
[2023-02-02 01:13:26,609] [builder.py:1982]           [INFO]     | Apple+ Collection | ? | Drops of God (2023) (TVDB: 409159)                                         |
[2023-02-02 01:13:26,792] [builder.py:1982]           [INFO]     | Apple+ Collection | ? | High Desert (TVDB: 388891)                                                 |
[2023-02-02 01:13:26,962] [builder.py:1982]           [INFO]     | Apple+ Collection | ? | Raising Wild (TVDB: 427901)                                                |
[2023-02-02 01:13:27,181] [builder.py:1982]           [INFO]     | Apple+ Collection | ? | Strange Planet (TVDB: 405514)                                              |
[2023-02-02 01:13:27,368] [builder.py:1982]           [INFO]     | Apple+ Collection | ? | Metropolis (2023) (TVDB: 417325)                                           |
[2023-02-02 01:13:27,552] [builder.py:1982]           [INFO]     | Apple+ Collection | ? | Omnivore (TVDB: 426635)                                                    |
[2023-02-02 01:13:27,779] [builder.py:1982]           [INFO]     | Apple+ Collection | ? | Time Bandits (TVDB: 425453)                                                |
[2023-02-02 01:13:27,948] [builder.py:1982]           [INFO]     | Apple+ Collection | ? | Platonic (TVDB: 391020)                                                    |
[2023-02-02 01:13:27,948] [builder.py:1986]           [INFO]     |                                                                                                    |
[2023-02-02 01:13:27,949] [builder.py:1987]           [INFO]     | 136 Shows Missing                                                                                  |
[2023-02-02 01:13:28,053] [builder.py:2147]           [INFO]     |                                                                                                    |
[2023-02-02 01:13:28,054] [util.py:216]               [INFO]     |============================== Updating Details of Apple+ Collection ===============================|
[2023-02-02 01:13:28,054] [builder.py:2149]           [INFO]     |                                                                                                    |
[2023-02-02 01:13:28,054] [builder.py:2258]           [DEBUG]    | 1 posters found:                                                                                   |
[2023-02-02 01:13:28,055] [builder.py:2260]           [DEBUG]    | Method: url_poster Poster: https://theposterdb.com/api/assets/168823                               |
[2023-02-02 01:13:28,055] [builder.py:2327]           [INFO]     | No background collection detail or asset folder found                                              |
[2023-02-02 01:13:28,056] [library.py:147]            [INFO]     | Detail: poster update not needed                                                                   |
[2023-02-02 01:13:28,134] [plex_meta_manager.py:880]  [INFO]     |                                                                                                    |
[2023-02-02 01:13:28,135] [util.py:209]               [INFO]     |====================================================================================================|
[2023-02-02 01:13:28,135] [util.py:216]               [INFO]     |                                     Finished Apple+ Collection                                     |
[2023-02-02 01:13:28,135] [util.py:216]               [INFO]     |                                    Collection Run Time: 0:00:33                                    |
[2023-02-02 01:13:28,135] [util.py:220]               [INFO]     |====================================================================================================|
