[2023-02-28 13:15:24,194] [util.py:209]               [INFO]     |====================================================================================================|
[2023-02-28 13:15:24,194] [util.py:216]               [INFO]     |                                    Batman Collection in Movies                                     |
[2023-02-28 13:15:24,195] [util.py:220]               [INFO]     |====================================================================================================|
[2023-02-28 13:15:24,195] [plex_meta_manager.py:750]  [INFO]     |                                                                                                    |
[2023-02-28 13:15:24,195] [util.py:216]               [INFO]     |=================================== Validating Batman Attributes ===================================|
[2023-02-28 13:15:24,196] [builder.py:265]            [DEBUG]    |                                                                                                    |
[2023-02-28 13:15:24,196] [builder.py:266]            [DEBUG]    | Validating Method: template                                                                        |
[2023-02-28 13:15:24,196] [meta.py:83]                [DEBUG]    | Value: ordereddict([('name', 'Collection'), ('collection', 120794), ('poster', 'https://theposterdb.com/api/assets/27394')]) |
[2023-02-28 13:15:24,196] [builder.py:330]            [DEBUG]    |                                                                                                    |
[2023-02-28 13:15:24,197] [builder.py:331]            [DEBUG]    | Validating Method: sync_mode                                                                       |
[2023-02-28 13:15:24,197] [builder.py:335]            [DEBUG]    | Value: sync                                                                                        |
[2023-02-28 13:15:24,197] [builder.py:453]            [DEBUG]    |                                                                                                    |
[2023-02-28 13:15:24,198] [builder.py:454]            [DEBUG]    | Validating Method: collection_order                                                                |
[2023-02-28 13:15:24,198] [builder.py:455]            [DEBUG]    | Value: release                                                                                     |
[2023-02-28 13:15:24,198] [builder.py:472]            [DEBUG]    |                                                                                                    |
[2023-02-28 13:15:24,198] [builder.py:473]            [DEBUG]    | Validating Method: tmdb_collection_details                                                         |
[2023-02-28 13:15:24,198] [builder.py:474]            [DEBUG]    | Value: 120794                                                                                      |
[2023-02-28 13:15:24,296] [builder.py:472]            [DEBUG]    |                                                                                                    |
[2023-02-28 13:15:24,296] [builder.py:473]            [DEBUG]    | Validating Method: sort_title                                                                      |
[2023-02-28 13:15:24,297] [builder.py:474]            [DEBUG]    | Value: 00000f_Batman                                                                               |
[2023-02-28 13:15:24,297] [builder.py:472]            [DEBUG]    |                                                                                                    |
[2023-02-28 13:15:24,297] [builder.py:473]            [DEBUG]    | Validating Method: url_poster                                                                      |
[2023-02-28 13:15:24,297] [builder.py:474]            [DEBUG]    | Value: https://theposterdb.com/api/assets/27394                                                    |
[2023-02-28 13:15:24,493] [builder.py:619]            [INFO]     |                                                                                                    |
[2023-02-28 13:15:24,493] [builder.py:620]            [INFO]     | Validation Successful                                                                              |
[2023-02-28 13:15:24,494] [plex_meta_manager.py:758]  [INFO]     |                                                                                                    |
[2023-02-28 13:15:24,494] [util.py:216]               [INFO]     |==================================== Running Batman Collection =====================================|
[2023-02-28 13:15:24,494] [plex_meta_manager.py:773]  [INFO]     |                                                                                                    |
[2023-02-28 13:15:24,495] [plex_meta_manager.py:774]  [INFO]     | Sync Mode: sync                                                                                    |
[2023-02-28 13:15:24,495] [builder.py:1275]           [DEBUG]    |                                                                                                    |
[2023-02-28 13:15:24,495] [builder.py:1276]           [DEBUG]    | Builder: tmdb_collection: 120794                                                                   |
[2023-02-28 13:15:24,496] [builder.py:1277]           [INFO]     |                                                                                                    |
[2023-02-28 13:15:24,496] [tmdb.py:323]               [INFO]     | Processing TMDb Collection: (120794) Batman Collection (4 Items)                                   |
[2023-02-28 13:15:24,496] [builder.py:1282]           [DEBUG]    |                                                                                                    |
[2023-02-28 13:15:24,496] [builder.py:1283]           [DEBUG]    | 4 IDs Found: [(268, 'tmdb'), (364, 'tmdb'), (414, 'tmdb'), (415, 'tmdb')]                          |
[2023-02-28 13:15:24,497] [builder.py:1284]           [DEBUG]    |                                                                                                    |
[2023-02-28 13:15:24,581] [builder.py:1697]           [INFO]     |                                                                                                    |
[2023-02-28 13:15:24,582] [util.py:216]               [INFO]     |=================================== Adding to Batman Collection ====================================|
[2023-02-28 13:15:24,582] [builder.py:1699]           [INFO]     |                                                                                                    |
[2023-02-28 13:15:24,583] [builder.py:1709]           [INFO]     | 1/4 | Batman Collection | = | Batman (1989)                                                        |
[2023-02-28 13:15:24,583] [builder.py:1709]           [INFO]     | 2/4 | Batman Collection | = | Batman Returns (1992)                                                |
[2023-02-28 13:15:24,583] [builder.py:1709]           [INFO]     | 3/4 | Batman Collection | = | Batman Forever (1995)                                                |
[2023-02-28 13:15:24,583] [builder.py:1709]           [INFO]     | 4/4 | Batman Collection | = | Batman & Robin (1997)                                                |
[2023-02-28 13:15:24,584] [builder.py:1734]           [INFO]     |                                                                                                    |
[2023-02-28 13:15:24,584] [builder.py:1735]           [INFO]     | 4 Movies Processed                                                                                 |
[2023-02-28 13:15:24,589] [builder.py:2147]           [INFO]     |                                                                                                    |
[2023-02-28 13:15:24,589] [util.py:216]               [INFO]     |============================== Updating Details of Batman Collection ===============================|
[2023-02-28 13:15:24,589] [builder.py:2149]           [INFO]     |                                                                                                    |
[2023-02-28 13:15:24,589] [builder.py:2156]           [INFO]     | Detail: tmdb_collection_details updated Collection Summary                                         |
[2023-02-28 13:15:24,590] [builder.py:2258]           [DEBUG]    | 2 posters found:                                                                                   |
[2023-02-28 13:15:24,590] [builder.py:2260]           [DEBUG]    | Method: tmdb_collection_details Poster: https://image.tmdb.org/t/p/original/adQxUvQW8HXNsvMG5aj71pHh9T.jpg |
[2023-02-28 13:15:24,591] [builder.py:2260]           [DEBUG]    | Method: url_poster Poster: https://theposterdb.com/api/assets/27394                                |
[2023-02-28 13:15:24,591] [builder.py:2298]           [DEBUG]    | 1 backgrounds found:                                                                               |
[2023-02-28 13:15:24,591] [builder.py:2300]           [DEBUG]    | Method: tmdb_collection_details Background: https://image.tmdb.org/t/p/original/4UHZWw5lV3ZoadTjXuVOakdH32L.jpg |
[2023-02-28 13:15:24,592] [library.py:147]            [INFO]     | Detail: poster update not needed                                                                   |
[2023-02-28 13:15:24,592] [library.py:197]            [INFO]     | Detail: background update not needed                                                               |
[2023-02-28 13:15:24,783] [plex_meta_manager.py:880]  [INFO]     |                                                                                                    |
[2023-02-28 13:15:24,784] [util.py:209]               [INFO]     |====================================================================================================|
[2023-02-28 13:15:24,784] [util.py:216]               [INFO]     |                                     Finished Batman Collection                                     |
[2023-02-28 13:15:24,785] [util.py:216]               [INFO]     |                                    Collection Run Time: 0:00:00                                    |
[2023-02-28 13:15:24,785] [util.py:220]               [INFO]     |====================================================================================================|
