[2023-02-25 01:15:23,404] [util.py:209]               [INFO]     |====================================================================================================|
[2023-02-25 01:15:23,405] [util.py:216]               [INFO]     |                              Blue Sky Animation Collection in Movies                               |
[2023-02-25 01:15:23,405] [util.py:220]               [INFO]     |====================================================================================================|
[2023-02-25 01:15:23,406] [plex_meta_manager.py:750]  [INFO]     |                                                                                                    |
[2023-02-25 01:15:23,406] [util.py:216]               [INFO]     |============================= Validating Blue Sky Animation Attributes =============================|
[2023-02-25 01:15:23,406] [builder.py:265]            [DEBUG]    |                                                                                                    |
[2023-02-25 01:15:23,407] [builder.py:266]            [DEBUG]    | Validating Method: template                                                                        |
[2023-02-25 01:15:23,407] [meta.py:83]                [DEBUG]    | Value: ordereddict([('name', 'Studio'), ('company', 9383), ('poster', 'https://theposterdb.com/api/assets/33753')]) |
[2023-02-25 01:15:23,407] [builder.py:330]            [DEBUG]    |                                                                                                    |
[2023-02-25 01:15:23,408] [builder.py:331]            [DEBUG]    | Validating Method: sync_mode                                                                       |
[2023-02-25 01:15:23,408] [builder.py:335]            [DEBUG]    | Value: sync                                                                                        |
[2023-02-25 01:15:23,408] [builder.py:453]            [DEBUG]    |                                                                                                    |
[2023-02-25 01:15:23,408] [builder.py:454]            [DEBUG]    | Validating Method: collection_order                                                                |
[2023-02-25 01:15:23,408] [builder.py:455]            [DEBUG]    | Value: release.desc                                                                                |
[2023-02-25 01:15:23,409] [builder.py:472]            [DEBUG]    |                                                                                                    |
[2023-02-25 01:15:23,409] [builder.py:473]            [DEBUG]    | Validating Method: summary                                                                         |
[2023-02-25 01:15:23,409] [builder.py:474]            [DEBUG]    | Value: Blue Sky Studios, Inc. is an American computer animation film studio based in Greenwich, Connecticut. It is a subsidiary of 20th Century Animation, a division of Disney Studios Content. |
[2023-02-25 01:15:23,410] [builder.py:472]            [DEBUG]    |                                                                                                    |
[2023-02-25 01:15:23,410] [builder.py:473]            [DEBUG]    | Validating Method: tmdb_company                                                                    |
[2023-02-25 01:15:23,410] [builder.py:474]            [DEBUG]    | Value: 9383                                                                                        |
[2023-02-25 01:15:23,502] [builder.py:472]            [DEBUG]    |                                                                                                    |
[2023-02-25 01:15:23,502] [builder.py:473]            [DEBUG]    | Validating Method: url_poster                                                                      |
[2023-02-25 01:15:23,502] [builder.py:474]            [DEBUG]    | Value: https://theposterdb.com/api/assets/33753                                                    |
[2023-02-25 01:15:23,503] [builder.py:472]            [DEBUG]    |                                                                                                    |
[2023-02-25 01:15:23,503] [builder.py:473]            [DEBUG]    | Validating Method: sort_title                                                                      |
[2023-02-25 01:15:23,503] [builder.py:474]            [DEBUG]    | Value: 00000e_Blue Sky Animation                                                                   |
[2023-02-25 01:15:23,594] [builder.py:619]            [INFO]     |                                                                                                    |
[2023-02-25 01:15:23,595] [builder.py:620]            [INFO]     | Validation Successful                                                                              |
[2023-02-25 01:15:23,595] [plex_meta_manager.py:758]  [INFO]     |                                                                                                    |
[2023-02-25 01:15:23,595] [util.py:216]               [INFO]     |============================== Running Blue Sky Animation Collection ===============================|
[2023-02-25 01:15:23,596] [plex_meta_manager.py:773]  [INFO]     |                                                                                                    |
[2023-02-25 01:15:23,596] [plex_meta_manager.py:774]  [INFO]     | Sync Mode: sync                                                                                    |
[2023-02-25 01:15:23,596] [builder.py:1275]           [DEBUG]    |                                                                                                    |
[2023-02-25 01:15:23,596] [builder.py:1276]           [DEBUG]    | Builder: tmdb_company: 9383                                                                        |
[2023-02-25 01:15:23,597] [builder.py:1277]           [INFO]     |                                                                                                    |
[2023-02-25 01:15:23,902] [tmdb.py:282]               [INFO]     | Processing TMDb Company: (9383) Blue Sky Studios (28 Movies)                                       |
[2023-02-25 01:15:23,903] [builder.py:1282]           [DEBUG]    |                                                                                                    |
[2023-02-25 01:15:23,903] [builder.py:1283]           [DEBUG]    | 28 IDs Found: [(425, 'tmdb'), (8355, 'tmdb'), (46195, 'tmdb'), (172385, 'tmdb'), (950, 'tmdb'), (278154, 'tmdb'), (57800, 'tmdb'), (364689, 'tmdb'), (9928, 'tmdb'), (431693, 'tmdb'), (12222, 'tmdb'), (116711, 'tmdb'), (387893, 'tmdb'), (227973, 'tmdb'), (79218, 'tmdb'), (98857, 'tmdb'), (17963, 'tmdb'), (46247, 'tmdb'), (21044, 'tmdb'), (55692, 'tmdb'), (367326, 'tmdb'), (121678, 'tmdb'), (421725, 'tmdb'), (48610, 'tmdb'), (63516, 'tmdb'), (660704, 'tmdb'), (512998, 'tmdb'), (1091451, 'tmdb')] |
[2023-02-25 01:15:23,904] [builder.py:1284]           [DEBUG]    |                                                                                                    |
[2023-02-25 01:15:23,921] [builder.py:1697]           [INFO]     |                                                                                                    |
[2023-02-25 01:15:23,922] [util.py:216]               [INFO]     |============================= Adding to Blue Sky Animation Collection ==============================|
[2023-02-25 01:15:23,922] [builder.py:1699]           [INFO]     |                                                                                                    |
[2023-02-25 01:15:23,922] [builder.py:1709]           [INFO]     | 1/1 | Blue Sky Animation Collection | = | Ice Age: A Mammoth Christmas (2011)                      |
[2023-02-25 01:15:23,923] [builder.py:1734]           [INFO]     |                                                                                                    |
[2023-02-25 01:15:23,923] [builder.py:1735]           [INFO]     | 1 Movie Processed                                                                                  |
[2023-02-25 01:15:23,923] [builder.py:1929]           [INFO]     |                                                                                                    |
[2023-02-25 01:15:23,924] [util.py:216]               [INFO]     |========================= Missing Movies from Library: Blue Sky Animation ==========================|
[2023-02-25 01:15:23,924] [builder.py:1931]           [INFO]     |                                                                                                    |
[2023-02-25 01:15:23,926] [builder.py:1943]           [INFO]     | Blue Sky Animation Collection | ? | Ice Age (2002) (TMDb: 425)                                     |
[2023-02-25 01:15:23,929] [builder.py:1943]           [INFO]     | Blue Sky Animation Collection | ? | Ice Age: Dawn of the Dinosaurs (2009) (TMDb: 8355)             |
[2023-02-25 01:15:23,931] [builder.py:1943]           [INFO]     | Blue Sky Animation Collection | ? | Rio (2011) (TMDb: 46195)                                       |
[2023-02-25 01:15:23,934] [builder.py:1943]           [INFO]     | Blue Sky Animation Collection | ? | Rio 2 (2014) (TMDb: 172385)                                    |
[2023-02-25 01:15:23,936] [builder.py:1943]           [INFO]     | Blue Sky Animation Collection | ? | Ice Age: The Meltdown (2006) (TMDb: 950)                       |
[2023-02-25 01:15:23,938] [builder.py:1943]           [INFO]     | Blue Sky Animation Collection | ? | Ice Age: Collision Course (2016) (TMDb: 278154)                |
[2023-02-25 01:15:23,939] [builder.py:1943]           [INFO]     | Blue Sky Animation Collection | ? | Ice Age: Continental Drift (2012) (TMDb: 57800)                |
[2023-02-25 01:15:23,941] [builder.py:1943]           [INFO]     | Blue Sky Animation Collection | ? | Ferdinand (2017) (TMDb: 364689)                                |
[2023-02-25 01:15:23,943] [builder.py:1943]           [INFO]     | Blue Sky Animation Collection | ? | Robots (2005) (TMDb: 9928)                                     |
[2023-02-25 01:15:23,944] [builder.py:1943]           [INFO]     | Blue Sky Animation Collection | ? | Spies in Disguise (2019) (TMDb: 431693)                        |
[2023-02-25 01:15:23,945] [builder.py:1943]           [INFO]     | Blue Sky Animation Collection | ? | Horton Hears a Who! (2008) (TMDb: 12222)                       |
[2023-02-25 01:15:23,948] [builder.py:1943]           [INFO]     | Blue Sky Animation Collection | ? | Epic (2013) (TMDb: 116711)                                     |
[2023-02-25 01:15:24,061] [builder.py:1943]           [INFO]     | Blue Sky Animation Collection | ? | Ice Age: The Great Egg-Scapade (2016) (TMDb: 387893)           |
[2023-02-25 01:15:24,063] [builder.py:1943]           [INFO]     | Blue Sky Animation Collection | ? | The Peanuts Movie (2015) (TMDb: 227973)                        |
[2023-02-25 01:15:24,064] [builder.py:1943]           [INFO]     | Blue Sky Animation Collection | ? | Scrat's Continental Crack-Up: Part 2 (2011) (TMDb: 98857)      |
[2023-02-25 01:15:24,065] [builder.py:1943]           [INFO]     | Blue Sky Animation Collection | ? | Gone Nutty (2002) (TMDb: 17963)                                |
[2023-02-25 01:15:24,330] [builder.py:1943]           [INFO]     | Blue Sky Animation Collection | ? | No Time for Nuts (2006) (TMDb: 46247)                          |
[2023-02-25 01:15:24,331] [builder.py:1943]           [INFO]     | Blue Sky Animation Collection | ? | Ice Age: Surviving Sid (2008) (TMDb: 21044)                    |
[2023-02-25 01:15:24,331] [builder.py:1943]           [INFO]     | Blue Sky Animation Collection | ? | Scrat's Continental Crack-Up (2010) (TMDb: 55692)              |
[2023-02-25 01:15:24,332] [builder.py:1943]           [INFO]     | Blue Sky Animation Collection | ? | Cosmic Scrat-tastrophe (2015) (TMDb: 367326)                   |
[2023-02-25 01:15:24,332] [builder.py:1943]           [INFO]     | Blue Sky Animation Collection | ? | Aunt Fanny's Tour of Booty (2005) (TMDb: 121678)               |
[2023-02-25 01:15:24,442] [builder.py:1943]           [INFO]     | Blue Sky Animation Collection | ? | Scrat: Spaced Out (2016) (TMDb: 421725)                        |
[2023-02-25 01:15:24,552] [builder.py:1943]           [INFO]     | Blue Sky Animation Collection | ? | Bunny (1998) (TMDb: 48610)                                     |
[2023-02-25 01:15:24,659] [builder.py:1943]           [INFO]     | Blue Sky Animation Collection | ? | Scrat in Love (2009) (TMDb: 63516)                             |
[2023-02-25 01:15:24,809] [builder.py:1943]           [INFO]     | Blue Sky Animation Collection | ? | Umbrellacorn (2013) (TMDb: 660704)                             |
[2023-02-25 01:15:24,920] [builder.py:1943]           [INFO]     | Blue Sky Animation Collection | ? | Time For Love (1993) (TMDb: 512998)                            |
[2023-02-25 01:15:25,033] [builder.py:1943]           [INFO]     | Blue Sky Animation Collection | ? | Audi Presents: Lunch Break (2019) (TMDb: 1091451)              |
[2023-02-25 01:15:25,034] [builder.py:1947]           [INFO]     |                                                                                                    |
[2023-02-25 01:15:25,034] [builder.py:1948]           [INFO]     | 27 Movies Missing                                                                                  |
[2023-02-25 01:15:25,360] [builder.py:2147]           [INFO]     |                                                                                                    |
[2023-02-25 01:15:25,360] [util.py:216]               [INFO]     |======================== Updating Details of Blue Sky Animation Collection =========================|
[2023-02-25 01:15:25,361] [builder.py:2149]           [INFO]     |                                                                                                    |
[2023-02-25 01:15:25,361] [builder.py:2156]           [INFO]     | Detail: summary updated Collection Summary                                                         |
[2023-02-25 01:15:25,362] [builder.py:2258]           [DEBUG]    | 1 posters found:                                                                                   |
[2023-02-25 01:15:25,362] [builder.py:2260]           [DEBUG]    | Method: url_poster Poster: https://theposterdb.com/api/assets/33753                                |
[2023-02-25 01:15:25,362] [builder.py:2327]           [INFO]     | No background collection detail or asset folder found                                              |
[2023-02-25 01:15:25,367] [library.py:147]            [INFO]     | Detail: poster update not needed                                                                   |
[2023-02-25 01:15:25,453] [plex_meta_manager.py:880]  [INFO]     |                                                                                                    |
[2023-02-25 01:15:25,453] [util.py:209]               [INFO]     |====================================================================================================|
[2023-02-25 01:15:25,454] [util.py:216]               [INFO]     |                               Finished Blue Sky Animation Collection                               |
[2023-02-25 01:15:25,454] [util.py:216]               [INFO]     |                                    Collection Run Time: 0:00:02                                    |
[2023-02-25 01:15:25,454] [util.py:220]               [INFO]     |====================================================================================================|
