[2023-01-31 01:01:03,344] [util.py:209]               [INFO]     |====================================================================================================|
[2023-01-31 01:01:03,344] [util.py:216]               [INFO]     |                                     Jaws Collection in Movies                                      |
[2023-01-31 01:01:03,345] [util.py:220]               [INFO]     |====================================================================================================|
[2023-01-31 01:01:03,345] [plex_meta_manager.py:750]  [INFO]     |                                                                                                    |
[2023-01-31 01:01:03,345] [util.py:216]               [INFO]     |==================================== Validating Jaws Attributes ====================================|
[2023-01-31 01:01:03,346] [builder.py:265]            [DEBUG]    |                                                                                                    |
[2023-01-31 01:01:03,346] [builder.py:266]            [DEBUG]    | Validating Method: template                                                                        |
[2023-01-31 01:01:03,346] [meta.py:83]                [DEBUG]    | Value: ordereddict([('name', 'Movie'), ('collection', 2366), ('summary', 2366), ('poster', 'https://theposterdb.com/api/assets/8288')]) |
[2023-01-31 01:01:03,347] [builder.py:330]            [DEBUG]    |                                                                                                    |
[2023-01-31 01:01:03,347] [builder.py:331]            [DEBUG]    | Validating Method: sync_mode                                                                       |
[2023-01-31 01:01:03,347] [builder.py:335]            [DEBUG]    | Value: sync                                                                                        |
[2023-01-31 01:01:03,347] [builder.py:453]            [DEBUG]    |                                                                                                    |
[2023-01-31 01:01:03,348] [builder.py:454]            [DEBUG]    | Validating Method: collection_order                                                                |
[2023-01-31 01:01:03,348] [builder.py:455]            [DEBUG]    | Value: release                                                                                     |
[2023-01-31 01:01:03,348] [builder.py:472]            [DEBUG]    |                                                                                                    |
[2023-01-31 01:01:03,348] [builder.py:473]            [DEBUG]    | Validating Method: url_poster                                                                      |
[2023-01-31 01:01:03,348] [builder.py:474]            [DEBUG]    | Value: https://theposterdb.com/api/assets/8288                                                     |
[2023-01-31 01:01:03,349] [builder.py:472]            [DEBUG]    |                                                                                                    |
[2023-01-31 01:01:03,349] [builder.py:473]            [DEBUG]    | Validating Method: tmdb_collection                                                                 |
[2023-01-31 01:01:03,349] [builder.py:474]            [DEBUG]    | Value: 2366                                                                                        |
[2023-01-31 01:01:03,445] [builder.py:472]            [DEBUG]    |                                                                                                    |
[2023-01-31 01:01:03,446] [builder.py:473]            [DEBUG]    | Validating Method: tmdb_summary                                                                    |
[2023-01-31 01:01:03,446] [builder.py:474]            [DEBUG]    | Value: 2366                                                                                        |
[2023-01-31 01:01:03,446] [builder.py:472]            [DEBUG]    |                                                                                                    |
[2023-01-31 01:01:03,446] [builder.py:473]            [DEBUG]    | Validating Method: sort_title                                                                      |
[2023-01-31 01:01:03,447] [builder.py:474]            [DEBUG]    | Value: 00000f_Jaws                                                                                 |
[2023-01-31 01:01:03,447] [builder.py:472]            [DEBUG]    |                                                                                                    |
[2023-01-31 01:01:03,447] [builder.py:473]            [DEBUG]    | Validating Method: radarr_add_missing                                                              |
[2023-01-31 01:01:03,448] [builder.py:474]            [DEBUG]    | Value: True                                                                                        |
[2023-01-31 01:01:03,632] [builder.py:619]            [INFO]     |                                                                                                    |
[2023-01-31 01:01:03,633] [builder.py:620]            [INFO]     | Validation Successful                                                                              |
[2023-01-31 01:01:03,636] [plex_meta_manager.py:758]  [INFO]     |                                                                                                    |
[2023-01-31 01:01:03,636] [util.py:216]               [INFO]     |===================================== Running Jaws Collection ======================================|
[2023-01-31 01:01:03,636] [plex_meta_manager.py:773]  [INFO]     |                                                                                                    |
[2023-01-31 01:01:03,637] [plex_meta_manager.py:774]  [INFO]     | Sync Mode: sync                                                                                    |
[2023-01-31 01:01:03,637] [builder.py:1275]           [DEBUG]    |                                                                                                    |
[2023-01-31 01:01:03,637] [builder.py:1276]           [DEBUG]    | Builder: tmdb_collection: 2366                                                                     |
[2023-01-31 01:01:03,638] [builder.py:1277]           [INFO]     |                                                                                                    |
[2023-01-31 01:01:03,638] [tmdb.py:323]               [INFO]     | Processing TMDb Collection: (2366) Jaws Collection (4 Items)                                       |
[2023-01-31 01:01:03,638] [builder.py:1282]           [DEBUG]    |                                                                                                    |
[2023-01-31 01:01:03,639] [builder.py:1283]           [DEBUG]    | 4 IDs Found: [(578, 'tmdb'), (579, 'tmdb'), (580, 'tmdb'), (17692, 'tmdb')]                        |
[2023-01-31 01:01:03,639] [builder.py:1284]           [DEBUG]    |                                                                                                    |
[2023-01-31 01:01:03,701] [builder.py:1697]           [INFO]     |                                                                                                    |
[2023-01-31 01:01:03,701] [util.py:216]               [INFO]     |==================================== Adding to Jaws Collection =====================================|
[2023-01-31 01:01:03,702] [builder.py:1699]           [INFO]     |                                                                                                    |
[2023-01-31 01:01:03,702] [builder.py:1709]           [INFO]     | 1/4 | Jaws Collection | = | Jaws (1975)                                                            |
[2023-01-31 01:01:03,702] [builder.py:1709]           [INFO]     | 2/4 | Jaws Collection | = | Jaws 2 (1978)                                                          |
[2023-01-31 01:01:03,703] [builder.py:1709]           [INFO]     | 3/4 | Jaws Collection | = | Jaws: The Revenge (1987)                                               |
[2023-01-31 01:01:03,703] [builder.py:1709]           [INFO]     | 4/4 | Jaws Collection | = | Jaws 3-D (1983)                                                        |
[2023-01-31 01:01:03,704] [builder.py:1734]           [INFO]     |                                                                                                    |
[2023-01-31 01:01:03,704] [builder.py:1735]           [INFO]     | 4 Movies Processed                                                                                 |
[2023-01-31 01:01:03,708] [builder.py:2147]           [INFO]     |                                                                                                    |
[2023-01-31 01:01:03,708] [util.py:216]               [INFO]     |=============================== Updating Details of Jaws Collection ================================|
[2023-01-31 01:01:03,709] [builder.py:2149]           [INFO]     |                                                                                                    |
[2023-01-31 01:01:03,709] [builder.py:2156]           [INFO]     | Detail: tmdb_summary updated Collection Summary                                                    |
[2023-01-31 01:01:03,710] [builder.py:2258]           [DEBUG]    | 1 posters found:                                                                                   |
[2023-01-31 01:01:03,710] [builder.py:2260]           [DEBUG]    | Method: url_poster Poster: https://theposterdb.com/api/assets/8288                                 |
[2023-01-31 01:01:03,710] [builder.py:2327]           [INFO]     | No background collection detail or asset folder found                                              |
[2023-01-31 01:01:03,711] [library.py:147]            [INFO]     | Detail: poster update not needed                                                                   |
[2023-01-31 01:01:03,888] [plex_meta_manager.py:880]  [INFO]     |                                                                                                    |
[2023-01-31 01:01:03,888] [util.py:209]               [INFO]     |====================================================================================================|
[2023-01-31 01:01:03,889] [util.py:216]               [INFO]     |                                      Finished Jaws Collection                                      |
[2023-01-31 01:01:03,889] [util.py:216]               [INFO]     |                                    Collection Run Time: 0:00:00                                    |
[2023-01-31 01:01:03,890] [util.py:220]               [INFO]     |====================================================================================================|
