[2023-01-31 01:00:33,684] [util.py:209]               [INFO]     |====================================================================================================|
[2023-01-31 01:00:33,684] [util.py:216]               [INFO]     |                             Chronicles of Riddick Collection in Movies                             |
[2023-01-31 01:00:33,685] [util.py:220]               [INFO]     |====================================================================================================|
[2023-01-31 01:00:33,685] [plex_meta_manager.py:750]  [INFO]     |                                                                                                    |
[2023-01-31 01:00:33,686] [util.py:216]               [INFO]     |=========================== Validating Chronicles of Riddick Attributes ============================|
[2023-01-31 01:00:33,686] [builder.py:265]            [DEBUG]    |                                                                                                    |
[2023-01-31 01:00:33,686] [builder.py:266]            [DEBUG]    | Validating Method: template                                                                        |
[2023-01-31 01:00:33,686] [meta.py:83]                [DEBUG]    | Value: ordereddict([('name', 'Movie'), ('collection', 2794), ('summary', 2794), ('poster', 'https://theposterdb.com/api/assets/22252')]) |
[2023-01-31 01:00:33,687] [builder.py:330]            [DEBUG]    |                                                                                                    |
[2023-01-31 01:00:33,687] [builder.py:331]            [DEBUG]    | Validating Method: sync_mode                                                                       |
[2023-01-31 01:00:33,687] [builder.py:335]            [DEBUG]    | Value: sync                                                                                        |
[2023-01-31 01:00:33,687] [builder.py:453]            [DEBUG]    |                                                                                                    |
[2023-01-31 01:00:33,688] [builder.py:454]            [DEBUG]    | Validating Method: collection_order                                                                |
[2023-01-31 01:00:33,688] [builder.py:455]            [DEBUG]    | Value: release                                                                                     |
[2023-01-31 01:00:33,688] [builder.py:472]            [DEBUG]    |                                                                                                    |
[2023-01-31 01:00:33,688] [builder.py:473]            [DEBUG]    | Validating Method: url_poster                                                                      |
[2023-01-31 01:00:33,689] [builder.py:474]            [DEBUG]    | Value: https://theposterdb.com/api/assets/22252                                                    |
[2023-01-31 01:00:33,689] [builder.py:472]            [DEBUG]    |                                                                                                    |
[2023-01-31 01:00:33,689] [builder.py:473]            [DEBUG]    | Validating Method: tmdb_collection                                                                 |
[2023-01-31 01:00:33,689] [builder.py:474]            [DEBUG]    | Value: 2794                                                                                        |
[2023-01-31 01:00:33,798] [builder.py:472]            [DEBUG]    |                                                                                                    |
[2023-01-31 01:00:33,798] [builder.py:473]            [DEBUG]    | Validating Method: tmdb_summary                                                                    |
[2023-01-31 01:00:33,798] [builder.py:474]            [DEBUG]    | Value: 2794                                                                                        |
[2023-01-31 01:00:33,799] [builder.py:472]            [DEBUG]    |                                                                                                    |
[2023-01-31 01:00:33,799] [builder.py:473]            [DEBUG]    | Validating Method: sort_title                                                                      |
[2023-01-31 01:00:33,799] [builder.py:474]            [DEBUG]    | Value: 00000f_Chronicles of Riddick                                                                |
[2023-01-31 01:00:33,799] [builder.py:472]            [DEBUG]    |                                                                                                    |
[2023-01-31 01:00:33,800] [builder.py:473]            [DEBUG]    | Validating Method: radarr_add_missing                                                              |
[2023-01-31 01:00:33,800] [builder.py:474]            [DEBUG]    | Value: True                                                                                        |
[2023-01-31 01:00:33,980] [builder.py:619]            [INFO]     |                                                                                                    |
[2023-01-31 01:00:33,980] [builder.py:620]            [INFO]     | Validation Successful                                                                              |
[2023-01-31 01:00:33,981] [plex_meta_manager.py:758]  [INFO]     |                                                                                                    |
[2023-01-31 01:00:33,982] [util.py:216]               [INFO]     |============================= Running Chronicles of Riddick Collection =============================|
[2023-01-31 01:00:33,982] [plex_meta_manager.py:773]  [INFO]     |                                                                                                    |
[2023-01-31 01:00:33,982] [plex_meta_manager.py:774]  [INFO]     | Sync Mode: sync                                                                                    |
[2023-01-31 01:00:33,983] [builder.py:1275]           [DEBUG]    |                                                                                                    |
[2023-01-31 01:00:33,983] [builder.py:1276]           [DEBUG]    | Builder: tmdb_collection: 2794                                                                     |
[2023-01-31 01:00:33,983] [builder.py:1277]           [INFO]     |                                                                                                    |
[2023-01-31 01:00:33,984] [tmdb.py:323]               [INFO]     | Processing TMDb Collection: (2794) The Chronicles of Riddick Collection (4 Items)                  |
[2023-01-31 01:00:33,984] [builder.py:1282]           [DEBUG]    |                                                                                                    |
[2023-01-31 01:00:33,984] [builder.py:1283]           [DEBUG]    | 4 IDs Found: [(2787, 'tmdb'), (2789, 'tmdb'), (87421, 'tmdb'), (374771, 'tmdb')]                   |
[2023-01-31 01:00:33,984] [builder.py:1284]           [DEBUG]    |                                                                                                    |
[2023-01-31 01:00:34,031] [builder.py:1697]           [INFO]     |                                                                                                    |
[2023-01-31 01:00:34,032] [util.py:216]               [INFO]     |============================ Adding to Chronicles of Riddick Collection ============================|
[2023-01-31 01:00:34,032] [builder.py:1699]           [INFO]     |                                                                                                    |
[2023-01-31 01:00:34,032] [builder.py:1709]           [INFO]     | 1/3 | Chronicles of Riddick Collection | = | Pitch Black (2000)                                    |
[2023-01-31 01:00:34,033] [builder.py:1709]           [INFO]     | 2/3 | Chronicles of Riddick Collection | = | The Chronicles of Riddick (2004)                      |
[2023-01-31 01:00:34,033] [builder.py:1709]           [INFO]     | 3/3 | Chronicles of Riddick Collection | = | Riddick (2013)                                        |
[2023-01-31 01:00:34,034] [builder.py:1734]           [INFO]     |                                                                                                    |
[2023-01-31 01:00:34,034] [builder.py:1735]           [INFO]     | 3 Movies Processed                                                                                 |
[2023-01-31 01:00:34,034] [builder.py:1929]           [INFO]     |                                                                                                    |
[2023-01-31 01:00:34,035] [util.py:216]               [INFO]     |======================== Missing Movies from Library: Chronicles of Riddick ========================|
[2023-01-31 01:00:34,036] [builder.py:1931]           [INFO]     |                                                                                                    |
[2023-01-31 01:00:34,144] [builder.py:1943]           [INFO]     | Chronicles of Riddick Collection | ? | Riddick 4: Furya (TMDb: 374771)                             |
[2023-01-31 01:00:34,145] [builder.py:1947]           [INFO]     |                                                                                                    |
[2023-01-31 01:00:34,145] [builder.py:1948]           [INFO]     | 1 Movie Missing                                                                                    |
[2023-01-31 01:00:34,149] [radarr.py:46]              [INFO]     |                                                                                                    |
[2023-01-31 01:00:34,149] [util.py:216]               [INFO]     |===================================== Adding Missing to Radarr =====================================|
[2023-01-31 01:00:34,150] [radarr.py:48]              [DEBUG]    |                                                                                                    |
[2023-01-31 01:00:34,150] [radarr.py:49]              [DEBUG]    | Radarr Adds: [374771]                                                                              |
[2023-01-31 01:00:35,397] [radarr.py:138]             [INFO]     |                                                                                                    |
[2023-01-31 01:00:35,397] [radarr.py:146]             [INFO]     | Skipped: In Cache | 374771                                                                         |
[2023-01-31 01:00:35,397] [radarr.py:147]             [INFO]     | 1 Movie already exist in Radarr                                                                    |
[2023-01-31 01:00:35,417] [builder.py:2147]           [INFO]     |                                                                                                    |
[2023-01-31 01:00:35,418] [util.py:216]               [INFO]     |======================= Updating Details of Chronicles of Riddick Collection =======================|
[2023-01-31 01:00:35,418] [builder.py:2149]           [INFO]     |                                                                                                    |
[2023-01-31 01:00:35,418] [builder.py:2156]           [INFO]     | Detail: tmdb_summary updated Collection Summary                                                    |
[2023-01-31 01:00:35,419] [builder.py:2258]           [DEBUG]    | 1 posters found:                                                                                   |
[2023-01-31 01:00:35,419] [builder.py:2260]           [DEBUG]    | Method: url_poster Poster: https://theposterdb.com/api/assets/22252                                |
[2023-01-31 01:00:35,420] [builder.py:2327]           [INFO]     | No background collection detail or asset folder found                                              |
[2023-01-31 01:00:35,420] [library.py:147]            [INFO]     | Detail: poster update not needed                                                                   |
[2023-01-31 01:00:35,597] [plex_meta_manager.py:880]  [INFO]     |                                                                                                    |
[2023-01-31 01:00:35,598] [util.py:209]               [INFO]     |====================================================================================================|
[2023-01-31 01:00:35,598] [util.py:216]               [INFO]     |                             Finished Chronicles of Riddick Collection                              |
[2023-01-31 01:00:35,599] [util.py:216]               [INFO]     |                                    Collection Run Time: 0:00:01                                    |
[2023-01-31 01:00:35,599] [util.py:220]               [INFO]     |====================================================================================================|
