[2023-02-28 01:16:23,473] [util.py:209]               [INFO]     |====================================================================================================|
[2023-02-28 01:16:23,473] [util.py:216]               [INFO]     |                               Wallace & Gromit Collection in Movies                                |
[2023-02-28 01:16:23,474] [util.py:220]               [INFO]     |====================================================================================================|
[2023-02-28 01:16:23,474] [plex_meta_manager.py:750]  [INFO]     |                                                                                                    |
[2023-02-28 01:16:23,474] [util.py:216]               [INFO]     |============================== Validating Wallace & Gromit Attributes ==============================|
[2023-02-28 01:16:23,475] [builder.py:265]            [DEBUG]    |                                                                                                    |
[2023-02-28 01:16:23,475] [builder.py:266]            [DEBUG]    | Validating Method: template                                                                        |
[2023-02-28 01:16:23,475] [meta.py:83]                [DEBUG]    | Value: ordereddict([('name', 'Collection'), ('collection', 529), ('poster', 'https://theposterdb.com/api/assets/167813')]) |
[2023-02-28 01:16:23,476] [builder.py:330]            [DEBUG]    |                                                                                                    |
[2023-02-28 01:16:23,476] [builder.py:331]            [DEBUG]    | Validating Method: sync_mode                                                                       |
[2023-02-28 01:16:23,476] [builder.py:335]            [DEBUG]    | Value: sync                                                                                        |
[2023-02-28 01:16:23,476] [builder.py:453]            [DEBUG]    |                                                                                                    |
[2023-02-28 01:16:23,477] [builder.py:454]            [DEBUG]    | Validating Method: collection_order                                                                |
[2023-02-28 01:16:23,477] [builder.py:455]            [DEBUG]    | Value: release                                                                                     |
[2023-02-28 01:16:23,477] [builder.py:472]            [DEBUG]    |                                                                                                    |
[2023-02-28 01:16:23,477] [builder.py:473]            [DEBUG]    | Validating Method: tmdb_collection_details                                                         |
[2023-02-28 01:16:23,478] [builder.py:474]            [DEBUG]    | Value: 529                                                                                         |
[2023-02-28 01:16:23,586] [builder.py:472]            [DEBUG]    |                                                                                                    |
[2023-02-28 01:16:23,586] [builder.py:473]            [DEBUG]    | Validating Method: sort_title                                                                      |
[2023-02-28 01:16:23,587] [builder.py:474]            [DEBUG]    | Value: 00000f_Wallace & Gromit                                                                     |
[2023-02-28 01:16:23,587] [builder.py:472]            [DEBUG]    |                                                                                                    |
[2023-02-28 01:16:23,587] [builder.py:473]            [DEBUG]    | Validating Method: url_poster                                                                      |
[2023-02-28 01:16:23,587] [builder.py:474]            [DEBUG]    | Value: https://theposterdb.com/api/assets/167813                                                   |
[2023-02-28 01:16:23,774] [builder.py:619]            [INFO]     |                                                                                                    |
[2023-02-28 01:16:23,775] [builder.py:620]            [INFO]     | Validation Successful                                                                              |
[2023-02-28 01:16:23,775] [plex_meta_manager.py:758]  [INFO]     |                                                                                                    |
[2023-02-28 01:16:23,776] [util.py:216]               [INFO]     |=============================== Running Wallace & Gromit Collection ================================|
[2023-02-28 01:16:23,776] [plex_meta_manager.py:773]  [INFO]     |                                                                                                    |
[2023-02-28 01:16:23,776] [plex_meta_manager.py:774]  [INFO]     | Sync Mode: sync                                                                                    |
[2023-02-28 01:16:23,776] [builder.py:1275]           [DEBUG]    |                                                                                                    |
[2023-02-28 01:16:23,777] [builder.py:1276]           [DEBUG]    | Builder: tmdb_collection: 529                                                                      |
[2023-02-28 01:16:23,777] [builder.py:1277]           [INFO]     |                                                                                                    |
[2023-02-28 01:16:23,777] [tmdb.py:323]               [INFO]     | Processing TMDb Collection: (529) Wallace & Gromit Collection (4 Items)                            |
[2023-02-28 01:16:23,778] [builder.py:1282]           [DEBUG]    |                                                                                                    |
[2023-02-28 01:16:23,778] [builder.py:1283]           [DEBUG]    | 4 IDs Found: [(530, 'tmdb'), (531, 'tmdb'), (532, 'tmdb'), (14447, 'tmdb')]                        |
[2023-02-28 01:16:23,778] [builder.py:1284]           [DEBUG]    |                                                                                                    |
[2023-02-28 01:16:23,818] [builder.py:1697]           [INFO]     |                                                                                                    |
[2023-02-28 01:16:23,819] [util.py:216]               [INFO]     |============================== Adding to Wallace & Gromit Collection ===============================|
[2023-02-28 01:16:23,819] [builder.py:1699]           [INFO]     |                                                                                                    |
[2023-02-28 01:16:23,820] [builder.py:1709]           [INFO]     | 1/4 | Wallace & Gromit Collection | = | A Grand Day Out (1990)                                     |
[2023-02-28 01:16:23,820] [builder.py:1709]           [INFO]     | 2/4 | Wallace & Gromit Collection | = | The Wrong Trousers (1993)                                  |
[2023-02-28 01:16:23,820] [builder.py:1709]           [INFO]     | 3/4 | Wallace & Gromit Collection | = | A Close Shave (1995)                                       |
[2023-02-28 01:16:23,821] [builder.py:1709]           [INFO]     | 4/4 | Wallace & Gromit Collection | = | A Matter of Loaf and Death (2008)                          |
[2023-02-28 01:16:23,821] [builder.py:1734]           [INFO]     |                                                                                                    |
[2023-02-28 01:16:23,821] [builder.py:1735]           [INFO]     | 4 Movies Processed                                                                                 |
[2023-02-28 01:16:23,826] [builder.py:2147]           [INFO]     |                                                                                                    |
[2023-02-28 01:16:23,826] [util.py:216]               [INFO]     |========================= Updating Details of Wallace & Gromit Collection ==========================|
[2023-02-28 01:16:23,826] [builder.py:2149]           [INFO]     |                                                                                                    |
[2023-02-28 01:16:23,827] [builder.py:2156]           [INFO]     | Detail: tmdb_collection_details updated Collection Summary                                         |
[2023-02-28 01:16:23,827] [builder.py:2258]           [DEBUG]    | 2 posters found:                                                                                   |
[2023-02-28 01:16:23,827] [builder.py:2260]           [DEBUG]    | Method: tmdb_collection_details Poster: https://image.tmdb.org/t/p/original/uzWYmHyu6kQsrjZ0S9ff3Sxesu6.jpg |
[2023-02-28 01:16:23,828] [builder.py:2260]           [DEBUG]    | Method: url_poster Poster: https://theposterdb.com/api/assets/167813                               |
[2023-02-28 01:16:23,828] [builder.py:2298]           [DEBUG]    | 1 backgrounds found:                                                                               |
[2023-02-28 01:16:23,828] [builder.py:2300]           [DEBUG]    | Method: tmdb_collection_details Background: https://image.tmdb.org/t/p/original/zFjNVIdhOh8KlJESKXfWXeeQSf6.jpg |
[2023-02-28 01:16:23,836] [library.py:147]            [INFO]     | Detail: poster update not needed                                                                   |
[2023-02-28 01:16:23,837] [library.py:197]            [INFO]     | Detail: background update not needed                                                               |
[2023-02-28 01:16:24,019] [plex_meta_manager.py:880]  [INFO]     |                                                                                                    |
[2023-02-28 01:16:24,019] [util.py:209]               [INFO]     |====================================================================================================|
[2023-02-28 01:16:24,019] [util.py:216]               [INFO]     |                                Finished Wallace & Gromit Collection                                |
[2023-02-28 01:16:24,020] [util.py:216]               [INFO]     |                                    Collection Run Time: 0:00:00                                    |
[2023-02-28 01:16:24,020] [util.py:220]               [INFO]     |====================================================================================================|
