[2023-01-31 01:01:38,619] [util.py:209]               [INFO]     |====================================================================================================|
[2023-01-31 01:01:38,619] [util.py:216]               [INFO]     |                           Celebrating Korean Cinema Collection in Movies                           |
[2023-01-31 01:01:38,620] [util.py:220]               [INFO]     |====================================================================================================|
[2023-01-31 01:01:38,620] [plex_meta_manager.py:750]  [INFO]     |                                                                                                    |
[2023-01-31 01:01:38,621] [util.py:216]               [INFO]     |========================= Validating Celebrating Korean Cinema Attributes ==========================|
[2023-01-31 01:01:38,621] [builder.py:265]            [DEBUG]    |                                                                                                    |
[2023-01-31 01:01:38,621] [builder.py:266]            [DEBUG]    | Validating Method: template                                                                        |
[2023-01-31 01:01:38,621] [meta.py:83]                [DEBUG]    | Value: ordereddict([('name', 'Holiday'), ('poster', './config/posters/paintings/korean_cinema.jpg')]) |
[2023-01-31 01:01:38,622] [builder.py:273]            [DEBUG]    |                                                                                                    |
[2023-01-31 01:01:38,622] [builder.py:274]            [DEBUG]    | Validating Method: delete_not_scheduled                                                            |
[2023-01-31 01:01:38,622] [builder.py:275]            [DEBUG]    | Value: True                                                                                        |
[2023-01-31 01:01:38,622] [builder.py:279]            [DEBUG]    |                                                                                                    |
[2023-01-31 01:01:38,622] [builder.py:280]            [DEBUG]    | Validating Method: schedule                                                                        |
[2023-01-31 01:01:38,623] [builder.py:284]            [DEBUG]    | Value: range(07/16-07/21)                                                                          |
[2023-01-31 01:01:38,625] [plex.py:687]               [DEBUG]    | Looking for: Celebrating Korean Cinema                                                             |
[2023-01-31 01:01:38,625] [util.py:161]               [INFO]     |                                                                                                    |
[2023-01-31 01:01:38,626] [util.py:161]               [INFO]     | Scheduled between July 16th and July 21st                                                          |
[2023-01-31 01:01:38,626] [util.py:161]               [INFO]     |                                                                                                    |
[2023-01-31 01:01:38,626] [util.py:161]               [INFO]     | Collection Celebrating Korean Cinema not scheduled to run and could not be found to delete         |
[2023-01-31 01:01:38,627] [plex_meta_manager.py:880]  [INFO]     |                                                                                                    |
[2023-01-31 01:01:38,627] [util.py:209]               [INFO]     |====================================================================================================|
[2023-01-31 01:01:38,627] [util.py:216]               [INFO]     |                           Finished Celebrating Korean Cinema Collection                            |
[2023-01-31 01:01:38,628] [util.py:216]               [INFO]     |                                    Collection Run Time: 0:00:00                                    |
[2023-01-31 01:01:38,628] [util.py:220]               [INFO]     |====================================================================================================|
