[2023-01-31 01:01:07,649] [util.py:209]               [INFO]     |====================================================================================================|
[2023-01-31 01:01:07,649] [util.py:216]               [INFO]     |                                 Kung Fu Panda Collection in Movies                                 |
[2023-01-31 01:01:07,650] [util.py:220]               [INFO]     |====================================================================================================|
[2023-01-31 01:01:07,650] [plex_meta_manager.py:750]  [INFO]     |                                                                                                    |
[2023-01-31 01:01:07,650] [util.py:216]               [INFO]     |=============================== Validating Kung Fu Panda Attributes ================================|
[2023-01-31 01:01:07,651] [builder.py:265]            [DEBUG]    |                                                                                                    |
[2023-01-31 01:01:07,651] [builder.py:266]            [DEBUG]    | Validating Method: template                                                                        |
[2023-01-31 01:01:07,651] [meta.py:83]                [DEBUG]    | Value: ordereddict([('name', 'Movie'), ('collection', 77816), ('summary', 77816), ('poster', 'https://theposterdb.com/api/assets/112270')]) |
[2023-01-31 01:01:07,651] [builder.py:330]            [DEBUG]    |                                                                                                    |
[2023-01-31 01:01:07,652] [builder.py:331]            [DEBUG]    | Validating Method: sync_mode                                                                       |
[2023-01-31 01:01:07,652] [builder.py:335]            [DEBUG]    | Value: sync                                                                                        |
[2023-01-31 01:01:07,652] [builder.py:453]            [DEBUG]    |                                                                                                    |
[2023-01-31 01:01:07,652] [builder.py:454]            [DEBUG]    | Validating Method: collection_order                                                                |
[2023-01-31 01:01:07,653] [builder.py:455]            [DEBUG]    | Value: release                                                                                     |
[2023-01-31 01:01:07,653] [builder.py:472]            [DEBUG]    |                                                                                                    |
[2023-01-31 01:01:07,653] [builder.py:473]            [DEBUG]    | Validating Method: url_poster                                                                      |
[2023-01-31 01:01:07,653] [builder.py:474]            [DEBUG]    | Value: https://theposterdb.com/api/assets/112270                                                   |
[2023-01-31 01:01:07,653] [builder.py:472]            [DEBUG]    |                                                                                                    |
[2023-01-31 01:01:07,654] [builder.py:473]            [DEBUG]    | Validating Method: tmdb_collection                                                                 |
[2023-01-31 01:01:07,654] [builder.py:474]            [DEBUG]    | Value: 77816                                                                                       |
[2023-01-31 01:01:07,764] [builder.py:472]            [DEBUG]    |                                                                                                    |
[2023-01-31 01:01:07,764] [builder.py:473]            [DEBUG]    | Validating Method: tmdb_summary                                                                    |
[2023-01-31 01:01:07,764] [builder.py:474]            [DEBUG]    | Value: 77816                                                                                       |
[2023-01-31 01:01:07,765] [builder.py:472]            [DEBUG]    |                                                                                                    |
[2023-01-31 01:01:07,765] [builder.py:473]            [DEBUG]    | Validating Method: sort_title                                                                      |
[2023-01-31 01:01:07,765] [builder.py:474]            [DEBUG]    | Value: 00000f_Kung Fu Panda                                                                        |
[2023-01-31 01:01:07,766] [builder.py:472]            [DEBUG]    |                                                                                                    |
[2023-01-31 01:01:07,766] [builder.py:473]            [DEBUG]    | Validating Method: radarr_add_missing                                                              |
[2023-01-31 01:01:07,766] [builder.py:474]            [DEBUG]    | Value: True                                                                                        |
[2023-01-31 01:01:07,946] [builder.py:619]            [INFO]     |                                                                                                    |
[2023-01-31 01:01:07,946] [builder.py:620]            [INFO]     | Validation Successful                                                                              |
[2023-01-31 01:01:07,947] [plex_meta_manager.py:758]  [INFO]     |                                                                                                    |
[2023-01-31 01:01:07,947] [util.py:216]               [INFO]     |================================= Running Kung Fu Panda Collection =================================|
[2023-01-31 01:01:07,948] [plex_meta_manager.py:773]  [INFO]     |                                                                                                    |
[2023-01-31 01:01:07,948] [plex_meta_manager.py:774]  [INFO]     | Sync Mode: sync                                                                                    |
[2023-01-31 01:01:07,949] [builder.py:1275]           [DEBUG]    |                                                                                                    |
[2023-01-31 01:01:07,949] [builder.py:1276]           [DEBUG]    | Builder: tmdb_collection: 77816                                                                    |
[2023-01-31 01:01:07,949] [builder.py:1277]           [INFO]     |                                                                                                    |
[2023-01-31 01:01:07,949] [tmdb.py:323]               [INFO]     | Processing TMDb Collection: (77816) Kung Fu Panda Collection (3 Items)                             |
[2023-01-31 01:01:07,950] [builder.py:1282]           [DEBUG]    |                                                                                                    |
[2023-01-31 01:01:07,950] [builder.py:1283]           [DEBUG]    | 3 IDs Found: [(9502, 'tmdb'), (49444, 'tmdb'), (140300, 'tmdb')]                                   |
[2023-01-31 01:01:07,950] [builder.py:1284]           [DEBUG]    |                                                                                                    |
[2023-01-31 01:01:08,001] [builder.py:1697]           [INFO]     |                                                                                                    |
[2023-01-31 01:01:08,002] [util.py:216]               [INFO]     |================================ Adding to Kung Fu Panda Collection ================================|
[2023-01-31 01:01:08,002] [builder.py:1699]           [INFO]     |                                                                                                    |
[2023-01-31 01:01:08,002] [builder.py:1709]           [INFO]     | 1/3 | Kung Fu Panda Collection | = | Kung Fu Panda (2008)                                          |
[2023-01-31 01:01:08,003] [builder.py:1709]           [INFO]     | 2/3 | Kung Fu Panda Collection | = | Kung Fu Panda 2 (2011)                                        |
[2023-01-31 01:01:08,003] [builder.py:1709]           [INFO]     | 3/3 | Kung Fu Panda Collection | = | Kung Fu Panda 3 (2016)                                        |
[2023-01-31 01:01:08,003] [builder.py:1734]           [INFO]     |                                                                                                    |
[2023-01-31 01:01:08,004] [builder.py:1735]           [INFO]     | 3 Movies Processed                                                                                 |
[2023-01-31 01:01:08,007] [builder.py:2147]           [INFO]     |                                                                                                    |
[2023-01-31 01:01:08,007] [util.py:216]               [INFO]     |=========================== Updating Details of Kung Fu Panda Collection ===========================|
[2023-01-31 01:01:08,008] [builder.py:2149]           [INFO]     |                                                                                                    |
[2023-01-31 01:01:08,008] [builder.py:2156]           [INFO]     | Detail: tmdb_summary updated Collection Summary                                                    |
[2023-01-31 01:01:08,009] [builder.py:2258]           [DEBUG]    | 1 posters found:                                                                                   |
[2023-01-31 01:01:08,009] [builder.py:2260]           [DEBUG]    | Method: url_poster Poster: https://theposterdb.com/api/assets/112270                               |
[2023-01-31 01:01:08,010] [builder.py:2327]           [INFO]     | No background collection detail or asset folder found                                              |
[2023-01-31 01:01:08,010] [library.py:147]            [INFO]     | Detail: poster update not needed                                                                   |
[2023-01-31 01:01:08,188] [plex_meta_manager.py:880]  [INFO]     |                                                                                                    |
[2023-01-31 01:01:08,189] [util.py:209]               [INFO]     |====================================================================================================|
[2023-01-31 01:01:08,190] [util.py:216]               [INFO]     |                                 Finished Kung Fu Panda Collection                                  |
[2023-01-31 01:01:08,190] [util.py:216]               [INFO]     |                                    Collection Run Time: 0:00:00                                    |
[2023-01-31 01:01:08,190] [util.py:220]               [INFO]     |====================================================================================================|
