[2023-02-25 02:08:15,432] [util.py:209]               [INFO]     |====================================================================================================|
[2023-02-25 02:08:15,433] [util.py:216]               [INFO]     |                                   Mythology Collection in Anime                                    |
[2023-02-25 02:08:15,433] [util.py:220]               [INFO]     |====================================================================================================|
[2023-02-25 02:08:15,433] [plex_meta_manager.py:750]  [INFO]     |                                                                                                    |
[2023-02-25 02:08:15,434] [util.py:216]               [INFO]     |================================= Validating Mythology Attributes ==================================|
[2023-02-25 02:08:15,434] [builder.py:265]            [DEBUG]    |                                                                                                    |
[2023-02-25 02:08:15,434] [builder.py:266]            [DEBUG]    | Validating Method: template                                                                        |
[2023-02-25 02:08:15,435] [meta.py:83]                [DEBUG]    | Value: ordereddict([('name', 'Genre'), ('mal_id', 6), ('poster', 'https://theposterdb.com/api/assets/240161')]) |
[2023-02-25 02:08:15,435] [builder.py:330]            [DEBUG]    |                                                                                                    |
[2023-02-25 02:08:15,435] [builder.py:331]            [DEBUG]    | Validating Method: sync_mode                                                                       |
[2023-02-25 02:08:15,436] [builder.py:335]            [DEBUG]    | Value: sync                                                                                        |
[2023-02-25 02:08:15,436] [builder.py:453]            [DEBUG]    |                                                                                                    |
[2023-02-25 02:08:15,436] [builder.py:454]            [DEBUG]    | Validating Method: collection_order                                                                |
[2023-02-25 02:08:15,436] [builder.py:455]            [DEBUG]    | Value: alpha                                                                                       |
[2023-02-25 02:08:15,436] [builder.py:472]            [DEBUG]    |                                                                                                    |
[2023-02-25 02:08:15,437] [builder.py:473]            [DEBUG]    | Validating Method: mal_search                                                                      |
[2023-02-25 02:08:15,437] [builder.py:474]            [DEBUG]    | Value: {'genre': 6, 'limit': 0}                                                                    |
[2023-02-25 02:08:15,437] [util.py:162]               [DEBUG]    | Traceback (most recent call last):                                                                 |
[2023-02-25 02:08:15,438] [util.py:162]               [DEBUG]    |   File "C:\Plex-Stack\Plex-Meta-Manager\plex_meta_manager.py", line 757, in run_collection         |
[2023-02-25 02:08:15,438] [util.py:162]               [DEBUG]    |     builder = CollectionBuilder(config, library, metadata, mapping_name, no_missing, collection_attrs) |
[2023-02-25 02:08:15,438] [util.py:162]               [DEBUG]    |   File "C:\Plex-Stack\Plex-Meta-Manager\modules\builder.py", line 557, in __init__                 |
[2023-02-25 02:08:15,438] [util.py:162]               [DEBUG]    |     raise Failed(f"{self.Type} Error: {method_final} attribute not supported")                     |
[2023-02-25 02:08:15,439] [util.py:162]               [DEBUG]    | modules.util.Failed: Collection Error: mal_search attribute not supported                          |
[2023-02-25 02:08:15,439] [util.py:162]               [DEBUG]    |                                                                                                    |
[2023-02-25 02:08:15,439] [util.py:159]               [ERROR]    | Collection Error: mal_search attribute not supported                                               |
[2023-02-25 02:08:15,439] [plex_meta_manager.py:880]  [INFO]     |                                                                                                    |
[2023-02-25 02:08:15,440] [util.py:209]               [INFO]     |====================================================================================================|
[2023-02-25 02:08:15,440] [util.py:216]               [INFO]     |                                   Finished Mythology Collection                                    |
[2023-02-25 02:08:15,440] [util.py:216]               [INFO]     |                                    Collection Run Time: 0:00:00                                    |
[2023-02-25 02:08:15,441] [util.py:220]               [INFO]     |====================================================================================================|
