[2023-02-28 13:18:10,426] [util.py:209]               [INFO]     |====================================================================================================|
[2023-02-28 13:18:10,426] [util.py:216]               [INFO]     |                                    Hellboy Collection in Movies                                    |
[2023-02-28 13:18:10,426] [util.py:220]               [INFO]     |====================================================================================================|
[2023-02-28 13:18:10,427] [plex_meta_manager.py:750]  [INFO]     |                                                                                                    |
[2023-02-28 13:18:10,427] [util.py:216]               [INFO]     |================================== Validating Hellboy Attributes ===================================|
[2023-02-28 13:18:10,428] [builder.py:265]            [DEBUG]    |                                                                                                    |
[2023-02-28 13:18:10,428] [builder.py:266]            [DEBUG]    | Validating Method: template                                                                        |
[2023-02-28 13:18:10,428] [meta.py:83]                [DEBUG]    | Value: ordereddict([('name', 'Collection'), ('collection', 17235), ('movie', 456740), ('poster', 'https://theposterdb.com/api/assets/11245')]) |
[2023-02-28 13:18:10,428] [builder.py:330]            [DEBUG]    |                                                                                                    |
[2023-02-28 13:18:10,429] [builder.py:331]            [DEBUG]    | Validating Method: sync_mode                                                                       |
[2023-02-28 13:18:10,429] [builder.py:335]            [DEBUG]    | Value: sync                                                                                        |
[2023-02-28 13:18:10,429] [builder.py:453]            [DEBUG]    |                                                                                                    |
[2023-02-28 13:18:10,429] [builder.py:454]            [DEBUG]    | Validating Method: collection_order                                                                |
[2023-02-28 13:18:10,430] [builder.py:455]            [DEBUG]    | Value: release                                                                                     |
[2023-02-28 13:18:10,430] [builder.py:472]            [DEBUG]    |                                                                                                    |
[2023-02-28 13:18:10,430] [builder.py:473]            [DEBUG]    | Validating Method: tmdb_collection_details                                                         |
[2023-02-28 13:18:10,430] [builder.py:474]            [DEBUG]    | Value: 17235                                                                                       |
[2023-02-28 13:18:10,542] [builder.py:472]            [DEBUG]    |                                                                                                    |
[2023-02-28 13:18:10,543] [builder.py:473]            [DEBUG]    | Validating Method: tmdb_movie                                                                      |
[2023-02-28 13:18:10,543] [builder.py:474]            [DEBUG]    | Value: 456740                                                                                      |
[2023-02-28 13:18:10,676] [builder.py:472]            [DEBUG]    |                                                                                                    |
[2023-02-28 13:18:10,676] [builder.py:473]            [DEBUG]    | Validating Method: sort_title                                                                      |
[2023-02-28 13:18:10,677] [builder.py:474]            [DEBUG]    | Value: 00000f_Hellboy                                                                              |
[2023-02-28 13:18:10,677] [builder.py:472]            [DEBUG]    |                                                                                                    |
[2023-02-28 13:18:10,677] [builder.py:473]            [DEBUG]    | Validating Method: url_poster                                                                      |
[2023-02-28 13:18:10,678] [builder.py:474]            [DEBUG]    | Value: https://theposterdb.com/api/assets/11245                                                    |
[2023-02-28 13:18:10,868] [builder.py:619]            [INFO]     |                                                                                                    |
[2023-02-28 13:18:10,869] [builder.py:620]            [INFO]     | Validation Successful                                                                              |
[2023-02-28 13:18:10,869] [plex_meta_manager.py:758]  [INFO]     |                                                                                                    |
[2023-02-28 13:18:10,869] [util.py:216]               [INFO]     |==================================== Running Hellboy Collection ====================================|
[2023-02-28 13:18:10,870] [plex_meta_manager.py:773]  [INFO]     |                                                                                                    |
[2023-02-28 13:18:10,870] [plex_meta_manager.py:774]  [INFO]     | Sync Mode: sync                                                                                    |
[2023-02-28 13:18:10,870] [builder.py:1275]           [DEBUG]    |                                                                                                    |
[2023-02-28 13:18:10,870] [builder.py:1276]           [DEBUG]    | Builder: tmdb_collection: 17235                                                                    |
[2023-02-28 13:18:10,871] [builder.py:1277]           [INFO]     |                                                                                                    |
[2023-02-28 13:18:10,871] [tmdb.py:323]               [INFO]     | Processing TMDb Collection: (17235) Hellboy Collection (2 Items)                                   |
[2023-02-28 13:18:10,871] [builder.py:1282]           [DEBUG]    |                                                                                                    |
[2023-02-28 13:18:10,872] [builder.py:1283]           [DEBUG]    | 2 IDs Found: [(1487, 'tmdb'), (11253, 'tmdb')]                                                     |
[2023-02-28 13:18:10,872] [builder.py:1284]           [DEBUG]    |                                                                                                    |
[2023-02-28 13:18:10,930] [builder.py:1275]           [DEBUG]    |                                                                                                    |
[2023-02-28 13:18:10,930] [builder.py:1276]           [DEBUG]    | Builder: tmdb_movie: 456740                                                                        |
[2023-02-28 13:18:10,931] [builder.py:1277]           [INFO]     |                                                                                                    |
[2023-02-28 13:18:10,933] [tmdb.py:323]               [INFO]     | Processing TMDb Movie: (456740) Hellboy (1 Item)                                                   |
[2023-02-28 13:18:10,933] [builder.py:1282]           [DEBUG]    |                                                                                                    |
[2023-02-28 13:18:10,933] [builder.py:1283]           [DEBUG]    | 1 IDs Found: [(456740, 'tmdb')]                                                                    |
[2023-02-28 13:18:10,933] [builder.py:1284]           [DEBUG]    |                                                                                                    |
[2023-02-28 13:18:10,934] [builder.py:1697]           [INFO]     |                                                                                                    |
[2023-02-28 13:18:10,934] [util.py:216]               [INFO]     |=================================== Adding to Hellboy Collection ===================================|
[2023-02-28 13:18:10,934] [builder.py:1699]           [INFO]     |                                                                                                    |
[2023-02-28 13:18:10,935] [builder.py:1709]           [INFO]     | 1/2 | Hellboy Collection | = | Hellboy (2004)                                                      |
[2023-02-28 13:18:10,935] [builder.py:1709]           [INFO]     | 2/2 | Hellboy Collection | = | Hellboy II: The Golden Army (2008)                                  |
[2023-02-28 13:18:10,935] [builder.py:1734]           [INFO]     |                                                                                                    |
[2023-02-28 13:18:10,935] [builder.py:1735]           [INFO]     | 2 Movies Processed                                                                                 |
[2023-02-28 13:18:10,936] [builder.py:1929]           [INFO]     |                                                                                                    |
[2023-02-28 13:18:10,936] [util.py:216]               [INFO]     |=============================== Missing Movies from Library: Hellboy ===============================|
[2023-02-28 13:18:10,936] [builder.py:1931]           [INFO]     |                                                                                                    |
[2023-02-28 13:18:10,938] [builder.py:1943]           [INFO]     | Hellboy Collection | ? | Hellboy (2019) (TMDb: 456740)                                             |
[2023-02-28 13:18:10,939] [builder.py:1947]           [INFO]     |                                                                                                    |
[2023-02-28 13:18:10,939] [builder.py:1948]           [INFO]     | 1 Movie Missing                                                                                    |
[2023-02-28 13:18:11,007] [builder.py:2147]           [INFO]     |                                                                                                    |
[2023-02-28 13:18:11,008] [util.py:216]               [INFO]     |============================== Updating Details of Hellboy Collection ==============================|
[2023-02-28 13:18:11,008] [builder.py:2149]           [INFO]     |                                                                                                    |
[2023-02-28 13:18:11,009] [builder.py:2156]           [INFO]     | Detail: tmdb_collection_details updated Collection Summary                                         |
[2023-02-28 13:18:11,009] [builder.py:2258]           [DEBUG]    | 2 posters found:                                                                                   |
[2023-02-28 13:18:11,009] [builder.py:2260]           [DEBUG]    | Method: tmdb_collection_details Poster: https://image.tmdb.org/t/p/original/7zzD8uQ5fyC4slZF1ATMS6gtyHS.jpg |
[2023-02-28 13:18:11,010] [builder.py:2260]           [DEBUG]    | Method: url_poster Poster: https://theposterdb.com/api/assets/11245                                |
[2023-02-28 13:18:11,010] [builder.py:2298]           [DEBUG]    | 1 backgrounds found:                                                                               |
[2023-02-28 13:18:11,010] [builder.py:2300]           [DEBUG]    | Method: tmdb_collection_details Background: https://image.tmdb.org/t/p/original/i6WF7cYiogl8g5ryZDbZBw8RNVN.jpg |
[2023-02-28 13:18:11,011] [library.py:147]            [INFO]     | Detail: poster update not needed                                                                   |
[2023-02-28 13:18:11,011] [library.py:197]            [INFO]     | Detail: background update not needed                                                               |
[2023-02-28 13:18:11,199] [plex_meta_manager.py:880]  [INFO]     |                                                                                                    |
[2023-02-28 13:18:11,200] [util.py:209]               [INFO]     |====================================================================================================|
[2023-02-28 13:18:11,200] [util.py:216]               [INFO]     |                                    Finished Hellboy Collection                                     |
[2023-02-28 13:18:11,201] [util.py:216]               [INFO]     |                                    Collection Run Time: 0:00:00                                    |
[2023-02-28 13:18:11,201] [util.py:220]               [INFO]     |====================================================================================================|
