[2023-01-31 01:01:38,549] [util.py:209]               [INFO]     |====================================================================================================|
[2023-01-31 01:01:38,549] [util.py:216]               [INFO]     |                            Celebrating St Patricks Collection in Movies                            |
[2023-01-31 01:01:38,549] [util.py:220]               [INFO]     |====================================================================================================|
[2023-01-31 01:01:38,550] [plex_meta_manager.py:750]  [INFO]     |                                                                                                    |
[2023-01-31 01:01:38,550] [util.py:216]               [INFO]     |========================== Validating Celebrating St Patricks Attributes ===========================|
[2023-01-31 01:01:38,550] [builder.py:265]            [DEBUG]    |                                                                                                    |
[2023-01-31 01:01:38,551] [builder.py:266]            [DEBUG]    | Validating Method: template                                                                        |
[2023-01-31 01:01:38,551] [meta.py:83]                [DEBUG]    | Value: ordereddict([('name', 'Holiday'), ('poster', './config/posters/paintings/st_patrick_day.jpg')]) |
[2023-01-31 01:01:38,551] [builder.py:273]            [DEBUG]    |                                                                                                    |
[2023-01-31 01:01:38,551] [builder.py:274]            [DEBUG]    | Validating Method: delete_not_scheduled                                                            |
[2023-01-31 01:01:38,552] [builder.py:275]            [DEBUG]    | Value: True                                                                                        |
[2023-01-31 01:01:38,552] [builder.py:279]            [DEBUG]    |                                                                                                    |
[2023-01-31 01:01:38,552] [builder.py:280]            [DEBUG]    | Validating Method: schedule                                                                        |
[2023-01-31 01:01:38,552] [builder.py:284]            [DEBUG]    | Value: range(03/01-03/18)                                                                          |
[2023-01-31 01:01:38,555] [plex.py:687]               [DEBUG]    | Looking for: Celebrating St Patricks                                                               |
[2023-01-31 01:01:38,555] [util.py:161]               [INFO]     |                                                                                                    |
[2023-01-31 01:01:38,556] [util.py:161]               [INFO]     | Scheduled between March 1st and March 18th                                                         |
[2023-01-31 01:01:38,556] [util.py:161]               [INFO]     |                                                                                                    |
[2023-01-31 01:01:38,557] [util.py:161]               [INFO]     | Collection Celebrating St Patricks not scheduled to run and could not be found to delete           |
[2023-01-31 01:01:38,557] [plex_meta_manager.py:880]  [INFO]     |                                                                                                    |
[2023-01-31 01:01:38,557] [util.py:209]               [INFO]     |====================================================================================================|
[2023-01-31 01:01:38,558] [util.py:216]               [INFO]     |                            Finished Celebrating St Patricks Collection                             |
[2023-01-31 01:01:38,558] [util.py:216]               [INFO]     |                                    Collection Run Time: 0:00:00                                    |
[2023-01-31 01:01:38,558] [util.py:220]               [INFO]     |====================================================================================================|
