[2023-01-31 01:01:06,464] [util.py:209]               [INFO]     |====================================================================================================|
[2023-01-31 01:01:06,464] [util.py:216]               [INFO]     |                                 Jurassic Park Collection in Movies                                 |
[2023-01-31 01:01:06,465] [util.py:220]               [INFO]     |====================================================================================================|
[2023-01-31 01:01:06,465] [plex_meta_manager.py:750]  [INFO]     |                                                                                                    |
[2023-01-31 01:01:06,465] [util.py:216]               [INFO]     |=============================== Validating Jurassic Park Attributes ================================|
[2023-01-31 01:01:06,466] [builder.py:265]            [DEBUG]    |                                                                                                    |
[2023-01-31 01:01:06,466] [builder.py:266]            [DEBUG]    | Validating Method: template                                                                        |
[2023-01-31 01:01:06,466] [meta.py:83]                [DEBUG]    | Value: ordereddict([('name', 'Movie'), ('collection', 328), ('summary', 328), ('poster', 'https://theposterdb.com/api/assets/13234')]) |
[2023-01-31 01:01:06,467] [builder.py:330]            [DEBUG]    |                                                                                                    |
[2023-01-31 01:01:06,467] [builder.py:331]            [DEBUG]    | Validating Method: sync_mode                                                                       |
[2023-01-31 01:01:06,467] [builder.py:335]            [DEBUG]    | Value: sync                                                                                        |
[2023-01-31 01:01:06,468] [builder.py:453]            [DEBUG]    |                                                                                                    |
[2023-01-31 01:01:06,468] [builder.py:454]            [DEBUG]    | Validating Method: collection_order                                                                |
[2023-01-31 01:01:06,468] [builder.py:455]            [DEBUG]    | Value: release                                                                                     |
[2023-01-31 01:01:06,468] [builder.py:472]            [DEBUG]    |                                                                                                    |
[2023-01-31 01:01:06,469] [builder.py:473]            [DEBUG]    | Validating Method: url_poster                                                                      |
[2023-01-31 01:01:06,469] [builder.py:474]            [DEBUG]    | Value: https://theposterdb.com/api/assets/13234                                                    |
[2023-01-31 01:01:06,469] [builder.py:472]            [DEBUG]    |                                                                                                    |
[2023-01-31 01:01:06,469] [builder.py:473]            [DEBUG]    | Validating Method: tmdb_collection                                                                 |
[2023-01-31 01:01:06,470] [builder.py:474]            [DEBUG]    | Value: 328                                                                                         |
[2023-01-31 01:01:06,569] [builder.py:472]            [DEBUG]    |                                                                                                    |
[2023-01-31 01:01:06,569] [builder.py:473]            [DEBUG]    | Validating Method: tmdb_summary                                                                    |
[2023-01-31 01:01:06,569] [builder.py:474]            [DEBUG]    | Value: 328                                                                                         |
[2023-01-31 01:01:06,570] [builder.py:472]            [DEBUG]    |                                                                                                    |
[2023-01-31 01:01:06,570] [builder.py:473]            [DEBUG]    | Validating Method: sort_title                                                                      |
[2023-01-31 01:01:06,570] [builder.py:474]            [DEBUG]    | Value: 00000f_Jurassic Park                                                                        |
[2023-01-31 01:01:06,570] [builder.py:472]            [DEBUG]    |                                                                                                    |
[2023-01-31 01:01:06,571] [builder.py:473]            [DEBUG]    | Validating Method: radarr_add_missing                                                              |
[2023-01-31 01:01:06,571] [builder.py:474]            [DEBUG]    | Value: True                                                                                        |
[2023-01-31 01:01:06,763] [builder.py:619]            [INFO]     |                                                                                                    |
[2023-01-31 01:01:06,764] [builder.py:620]            [INFO]     | Validation Successful                                                                              |
[2023-01-31 01:01:06,764] [plex_meta_manager.py:758]  [INFO]     |                                                                                                    |
[2023-01-31 01:01:06,765] [util.py:216]               [INFO]     |================================= Running Jurassic Park Collection =================================|
[2023-01-31 01:01:06,765] [plex_meta_manager.py:773]  [INFO]     |                                                                                                    |
[2023-01-31 01:01:06,766] [plex_meta_manager.py:774]  [INFO]     | Sync Mode: sync                                                                                    |
[2023-01-31 01:01:06,766] [builder.py:1275]           [DEBUG]    |                                                                                                    |
[2023-01-31 01:01:06,766] [builder.py:1276]           [DEBUG]    | Builder: tmdb_collection: 328                                                                      |
[2023-01-31 01:01:06,766] [builder.py:1277]           [INFO]     |                                                                                                    |
[2023-01-31 01:01:06,767] [tmdb.py:323]               [INFO]     | Processing TMDb Collection: (328) Jurassic Park Collection (6 Items)                               |
[2023-01-31 01:01:06,767] [builder.py:1282]           [DEBUG]    |                                                                                                    |
[2023-01-31 01:01:06,767] [builder.py:1283]           [DEBUG]    | 6 IDs Found: [(329, 'tmdb'), (330, 'tmdb'), (331, 'tmdb'), (135397, 'tmdb'), (351286, 'tmdb'), (507086, 'tmdb')] |
[2023-01-31 01:01:06,768] [builder.py:1284]           [DEBUG]    |                                                                                                    |
[2023-01-31 01:01:06,891] [builder.py:1697]           [INFO]     |                                                                                                    |
[2023-01-31 01:01:06,891] [util.py:216]               [INFO]     |================================ Adding to Jurassic Park Collection ================================|
[2023-01-31 01:01:06,892] [builder.py:1699]           [INFO]     |                                                                                                    |
[2023-01-31 01:01:06,892] [builder.py:1709]           [INFO]     | 1/6 | Jurassic Park Collection | = | Jurassic Park (1993)                                          |
[2023-01-31 01:01:06,892] [builder.py:1709]           [INFO]     | 2/6 | Jurassic Park Collection | = | The Lost World: Jurassic Park (1997)                          |
[2023-01-31 01:01:06,893] [builder.py:1709]           [INFO]     | 3/6 | Jurassic Park Collection | = | Jurassic Park III (2001)                                      |
[2023-01-31 01:01:06,893] [builder.py:1709]           [INFO]     | 4/6 | Jurassic Park Collection | = | Jurassic World (2015)                                         |
[2023-01-31 01:01:06,893] [builder.py:1709]           [INFO]     | 5/6 | Jurassic Park Collection | = | Jurassic World: Fallen Kingdom (2018)                         |
[2023-01-31 01:01:06,894] [builder.py:1709]           [INFO]     | 6/6 | Jurassic Park Collection | = | Jurassic World: Dominion (2022)                               |
[2023-01-31 01:01:06,894] [builder.py:1734]           [INFO]     |                                                                                                    |
[2023-01-31 01:01:06,895] [builder.py:1735]           [INFO]     | 6 Movies Processed                                                                                 |
[2023-01-31 01:01:06,898] [builder.py:2147]           [INFO]     |                                                                                                    |
[2023-01-31 01:01:06,900] [util.py:216]               [INFO]     |=========================== Updating Details of Jurassic Park Collection ===========================|
[2023-01-31 01:01:06,900] [builder.py:2149]           [INFO]     |                                                                                                    |
[2023-01-31 01:01:06,900] [builder.py:2156]           [INFO]     | Detail: tmdb_summary updated Collection Summary                                                    |
[2023-01-31 01:01:06,901] [builder.py:2258]           [DEBUG]    | 1 posters found:                                                                                   |
[2023-01-31 01:01:06,901] [builder.py:2260]           [DEBUG]    | Method: url_poster Poster: https://theposterdb.com/api/assets/13234                                |
[2023-01-31 01:01:06,901] [builder.py:2327]           [INFO]     | No background collection detail or asset folder found                                              |
[2023-01-31 01:01:06,902] [library.py:147]            [INFO]     | Detail: poster update not needed                                                                   |
[2023-01-31 01:01:07,093] [plex_meta_manager.py:880]  [INFO]     |                                                                                                    |
[2023-01-31 01:01:07,093] [util.py:209]               [INFO]     |====================================================================================================|
[2023-01-31 01:01:07,094] [util.py:216]               [INFO]     |                                 Finished Jurassic Park Collection                                  |
[2023-01-31 01:01:07,094] [util.py:216]               [INFO]     |                                    Collection Run Time: 0:00:00                                    |
[2023-01-31 01:01:07,095] [util.py:220]               [INFO]     |====================================================================================================|
