[2023-02-28 01:00:04,754] [plex_meta_manager.py:216]  [INFO]     |                                                                                                    |
[2023-02-28 01:00:04,754] [util.py:209]               [INFO]     |====================================================================================================|
[2023-02-28 01:00:04,754] [util.py:216]               [INFO]     |                                           Movies Library                                           |
[2023-02-28 01:00:04,755] [util.py:220]               [INFO]     |====================================================================================================|
[2023-02-28 01:00:04,757] [plex_meta_manager.py:222]  [DEBUG]    |                                                                                                    |
[2023-02-28 01:00:04,757] [plex_meta_manager.py:223]  [DEBUG]    | Mapping Name: Movies                                                                               |
[2023-02-28 01:00:04,757] [plex_meta_manager.py:224]  [DEBUG]    | Folder Name: Movies                                                                                |
[2023-02-28 01:00:04,757] [plex_meta_manager.py:225]  [DEBUG]    | Missing Path: C:\Plex-Stack\Plex-Meta-Manager\config\Movies_missing.yml                            |
[2023-02-28 01:00:04,757] [plex_meta_manager.py:227]  [DEBUG]    | Asset Directory: config/assets                                                                     |
[2023-02-28 01:00:04,758] [plex_meta_manager.py:228]  [DEBUG]    | Asset Folders: False                                                                               |
[2023-02-28 01:00:04,758] [plex_meta_manager.py:229]  [DEBUG]    | Create Asset Folders: False                                                                        |
[2023-02-28 01:00:04,758] [plex_meta_manager.py:230]  [DEBUG]    | Download URL Assets: False                                                                         |
[2023-02-28 01:00:04,758] [plex_meta_manager.py:231]  [DEBUG]    | Sync Mode: append                                                                                  |
[2023-02-28 01:00:04,759] [plex_meta_manager.py:232]  [DEBUG]    | Collection Minimum: 1                                                                              |
[2023-02-28 01:00:04,759] [plex_meta_manager.py:233]  [DEBUG]    | Delete Below Minimum: True                                                                         |
[2023-02-28 01:00:04,759] [plex_meta_manager.py:234]  [DEBUG]    | Delete Not Scheduled: False                                                                        |
[2023-02-28 01:00:04,759] [plex_meta_manager.py:235]  [DEBUG]    | Default Collection Order: release                                                                  |
[2023-02-28 01:00:04,759] [plex_meta_manager.py:236]  [DEBUG]    | Missing Only Released: False                                                                       |
[2023-02-28 01:00:04,760] [plex_meta_manager.py:237]  [DEBUG]    | Only Filter Missing: False                                                                         |
[2023-02-28 01:00:04,760] [plex_meta_manager.py:238]  [DEBUG]    | Show Unmanaged: True                                                                               |
[2023-02-28 01:00:04,760] [plex_meta_manager.py:239]  [DEBUG]    | Show Filtered: False                                                                               |
[2023-02-28 01:00:04,760] [plex_meta_manager.py:240]  [DEBUG]    | Show Missing: True                                                                                 |
[2023-02-28 01:00:04,760] [plex_meta_manager.py:241]  [DEBUG]    | Show Missing Assets: False                                                                         |
[2023-02-28 01:00:04,761] [plex_meta_manager.py:242]  [DEBUG]    | Save Missing: True                                                                                 |
[2023-02-28 01:00:04,761] [plex_meta_manager.py:243]  [DEBUG]    | Clean Bundles: False                                                                               |
[2023-02-28 01:00:04,761] [plex_meta_manager.py:244]  [DEBUG]    | Empty Trash: False                                                                                 |
[2023-02-28 01:00:04,761] [plex_meta_manager.py:245]  [DEBUG]    | Optimize: False                                                                                    |
[2023-02-28 01:00:04,761] [plex_meta_manager.py:246]  [DEBUG]    | Timeout: 60                                                                                        |
[2023-02-28 01:00:04,762] [plex_meta_manager.py:256]  [INFO]     |                                                                                                    |
[2023-02-28 01:00:04,762] [util.py:216]               [INFO]     |====================================== Mapping Movies Library ======================================|
[2023-02-28 01:00:04,762] [plex_meta_manager.py:258]  [INFO]     |                                                                                                    |
[2023-02-28 01:00:04,763] [plex.py:456]               [INFO]     | Loading All Movies from Library: Movies                                                            |
[2023-02-28 01:00:10,363] [plex.py:465]               [INFO]     | Loaded 1892 Movies                                                                                 |
[2023-02-28 01:00:10,364] [library.py:248]            [INFO]     | Mapping Movie Library: Movies                                                                      |
[2023-02-28 01:00:10,364] [library.py:249]            [INFO]     |                                                                                                    |
[2023-02-28 01:00:10,480] [convert.py:332]            [INFO]     |  Cache  |  ^  | plex://movie/5d77683a85719b001f3a4ba4          | TMDb ID: 13413   | IMDb ID: tt1334585  | Burn-E |
[2023-02-28 01:00:10,499] [convert.py:332]            [INFO]     |  Cache  |  ^  | plex://movie/5d776aad96b655001fdf5c3d          | TMDb ID: 258480  | IMDb ID: tt2402927  | Carol |
[2023-02-28 01:00:10,507] [convert.py:332]            [INFO]     |  Cache  |  ^  | plex://movie/5d77688833f255001e858e69          | TMDb ID: 49013   | IMDb ID: tt1216475  | Cars 2 |
[2023-02-28 01:00:10,538] [convert.py:332]            [INFO]     |  Cache  |  ^  | plex://movie/5d776c057a53e9001e7372ad          | TMDb ID: 374438  | IMDb ID: tt0090838  | Christmas Eve |
[2023-02-28 01:00:10,576] [convert.py:332]            [INFO]     |  Cache  |  ^  | plex://movie/5d776b3796b655001fe087c1          | TMDb ID: 299578  | IMDb ID: tt4012254  | A Cookie Cutter Christmas |
[2023-02-28 01:00:10,590] [convert.py:332]            [INFO]     |  Cache  |  ^  | plex://movie/61260578aac974002cf420d2          | TMDb ID: 864959  | IMDb ID: tt15289240 | The Curse of Bridge Hollow |
[2023-02-28 01:00:10,752] [convert.py:332]            [INFO]     |  Cache  |  ^  | plex://movie/5d77683aa091de001f2e8a7c          | TMDb ID: 13377   | IMDb ID: tt0060345  | How the Grinch Stole Christmas! |
[2023-02-28 01:00:10,807] [convert.py:332]            [INFO]     |  Cache  |  ^  | plex://movie/5d7769bef617c9002016417a          | TMDb ID: 149427  | IMDb ID: tt2034761  | Journey to the Christmas Star |
[2023-02-28 01:00:11,154] [convert.py:332]            [INFO]     |  Cache  |  ^  | plex://movie/5d77682b151a60001f24bb91          | TMDb ID: 2616    | IMDb ID: tt0098554  | Uncle Buck |
[2023-02-28 01:00:11,167] [convert.py:332]            [INFO]     |  Cache  |  ^  | plex://movie/5f409bf304a8650040b0f7f1          | TMDb ID: 683340  | IMDb ID: tt11976532 | Vengeance |
[2023-02-28 01:00:11,191] [convert.py:332]            [INFO]     |  Cache  |  ^  | plex://movie/5d77683aa091de001f2e8a7b          | TMDb ID: 13368   | IMDb ID: tt0047673  | White Christmas |
[2023-02-28 01:00:11,199] [convert.py:332]            [INFO]     |  Cache  |  ^  | plex://movie/5d9f3524b0262f001f6ea058          | TMDb ID: 16307   | IMDb ID: tt0070917  | The Wicker Man |
[2023-02-28 01:00:11,229] [library.py:263]            [INFO]     |                                                                                                    |
[2023-02-28 01:00:11,229] [library.py:264]            [INFO]     | Processed 1892 Movies                                                                              |
[2023-02-28 01:00:11,249] [plex_meta_manager.py:261]  [INFO]     |                                                                                                    |
[2023-02-28 01:00:11,250] [util.py:209]               [INFO]     |====================================================================================================|
[2023-02-28 01:00:11,250] [util.py:216]               [INFO]     |                                       Running Metadata File                                        |
[2023-02-28 01:00:11,251] [util.py:216]               [INFO]     |                                          config/Movie.yml                                          |
[2023-02-28 01:00:11,251] [util.py:220]               [INFO]     |====================================================================================================|
[2023-02-28 01:00:11,251] [plex_meta_manager.py:275]  [INFO]     |                                                                                                    |
[2023-02-28 01:00:11,252] [util.py:209]               [INFO]     |====================================================================================================|
[2023-02-28 01:00:11,252] [util.py:216]               [INFO]     |                                            Collections                                             |
[2023-02-28 01:00:11,253] [util.py:220]               [INFO]     |====================================================================================================|
[2023-02-28 01:17:16,869] [plex_meta_manager.py:281]  [INFO]     |                                                                                                    |
[2023-02-28 01:17:16,869] [util.py:216]               [INFO]     |=============================== Sorting Movies Library's Collections ===============================|
[2023-02-28 01:17:16,869] [plex_meta_manager.py:283]  [INFO]     |                                                                                                    |
[2023-02-28 01:17:16,870] [plex_meta_manager.py:285]  [INFO]     |                                                                                                    |
[2023-02-28 01:17:16,870] [util.py:216]               [INFO]     |================================== Sorting Cloverfield Collection ==================================|
[2023-02-28 01:17:16,870] [plex_meta_manager.py:287]  [INFO]     |                                                                                                    |
[2023-02-28 01:17:16,870] [builder.py:2333]           [INFO]     |                                                                                                    |
[2023-02-28 01:17:16,871] [util.py:216]               [INFO]     |================================== Sorting Cloverfield Collection ==================================|
[2023-02-28 01:17:16,871] [builder.py:2335]           [INFO]     |                                                                                                    |
[2023-02-28 01:17:16,871] [builder.py:2344]           [INFO]     | Moving Cloverfield (2008) to the beginning                                                         |
[2023-02-28 01:17:16,969] [builder.py:2344]           [INFO]     | Moving 10 Cloverfield Lane (2016) after Cloverfield (2008)                                         |
[2023-02-28 01:17:17,060] [builder.py:2344]           [INFO]     | Moving The Cloverfield Paradox (2018) after 10 Cloverfield Lane (2016)                             |
[2023-02-28 01:17:17,158] [plex_meta_manager.py:423]  [INFO]     |                                                                                                    |
[2023-02-28 01:17:17,158] [util.py:209]               [INFO]     |====================================================================================================|
[2023-02-28 01:17:17,158] [util.py:216]               [INFO]     |                                     Movies Library Operations                                      |
[2023-02-28 01:17:17,159] [util.py:220]               [INFO]     |====================================================================================================|
[2023-02-28 01:17:17,159] [plex_meta_manager.py:425]  [INFO]     |                                                                                                    |
[2023-02-28 01:17:17,159] [plex_meta_manager.py:426]  [DEBUG]    | Assets For All: False                                                                              |
[2023-02-28 01:17:17,160] [plex_meta_manager.py:427]  [DEBUG]    | Delete Collections With Less: None                                                                 |
[2023-02-28 01:17:17,160] [plex_meta_manager.py:428]  [DEBUG]    | Delete Unmanaged Collections: False                                                                |
[2023-02-28 01:17:17,161] [plex_meta_manager.py:429]  [DEBUG]    | Mass Genre Update: None                                                                            |
[2023-02-28 01:17:17,161] [plex_meta_manager.py:430]  [DEBUG]    | Mass Audience Rating Update: None                                                                  |
[2023-02-28 01:17:17,161] [plex_meta_manager.py:431]  [DEBUG]    | Mass Critic Rating Update: None                                                                    |
[2023-02-28 01:17:17,161] [plex_meta_manager.py:432]  [DEBUG]    | Mass Trakt Rating Update: False                                                                    |
[2023-02-28 01:17:17,162] [plex_meta_manager.py:433]  [DEBUG]    | Mass Collection Mode Update: None                                                                  |
[2023-02-28 01:17:17,162] [plex_meta_manager.py:434]  [DEBUG]    | Split Duplicates: False                                                                            |
[2023-02-28 01:17:17,162] [plex_meta_manager.py:435]  [DEBUG]    | Radarr Add All Existing: False                                                                     |
[2023-02-28 01:17:17,162] [plex_meta_manager.py:436]  [DEBUG]    | Radarr Remove by Tag: None                                                                         |
[2023-02-28 01:17:17,162] [plex_meta_manager.py:437]  [DEBUG]    | Sonarr Add All Existing: False                                                                     |
[2023-02-28 01:17:17,163] [plex_meta_manager.py:438]  [DEBUG]    | Sonarr Remove by Tag: None                                                                         |
[2023-02-28 01:17:17,163] [plex_meta_manager.py:439]  [DEBUG]    | TMDb Collections: None                                                                             |
[2023-02-28 01:17:17,163] [plex_meta_manager.py:440]  [DEBUG]    | Genre Collections: None                                                                            |
[2023-02-28 01:17:17,163] [plex_meta_manager.py:441]  [DEBUG]    | Genre Mapper: None                                                                                 |
[2023-02-28 01:17:17,164] [plex_meta_manager.py:442]  [DEBUG]    | TMDb Operation: False                                                                              |
[2023-02-28 01:17:17,241] [plex_meta_manager.py:688]  [INFO]     |                                                                                                    |
[2023-02-28 01:17:17,241] [util.py:216]               [INFO]     |============================= Unmanaged Collections in Movies Library ==============================|
[2023-02-28 01:17:17,241] [plex_meta_manager.py:690]  [INFO]     |                                                                                                    |
[2023-02-28 01:17:17,242] [plex_meta_manager.py:692]  [INFO]     | Celebrating Black Cinema                                                                           |
[2023-02-28 01:17:17,242] [plex_meta_manager.py:692]  [INFO]     | Trending Movies                                                                                    |
[2023-02-28 01:17:17,242] [plex_meta_manager.py:692]  [INFO]     | Latest releases                                                                                    |
[2023-02-28 01:17:17,243] [plex_meta_manager.py:692]  [INFO]     | Popular Movies                                                                                     |
[2023-02-28 01:17:17,243] [plex_meta_manager.py:692]  [INFO]     | Best Picture Winners                                                                               |
[2023-02-28 01:17:17,243] [plex_meta_manager.py:692]  [INFO]     | Best Picture Nominees                                                                              |
[2023-02-28 01:17:17,244] [plex_meta_manager.py:692]  [INFO]     | Jack's 2022 Favorites                                                                              |
[2023-02-28 01:17:17,244] [plex_meta_manager.py:692]  [INFO]     | Jack Recommends                                                                                    |
[2023-02-28 01:17:17,244] [plex_meta_manager.py:692]  [INFO]     | Stephanie's Asian Flix                                                                             |
[2023-02-28 01:17:17,245] [plex_meta_manager.py:692]  [INFO]     | Movies For Paprika (Movies With Dogs)                                                              |
[2023-02-28 01:17:17,245] [plex_meta_manager.py:692]  [INFO]     | Action                                                                                             |
[2023-02-28 01:17:17,245] [plex_meta_manager.py:692]  [INFO]     | Adventure                                                                                          |
[2023-02-28 01:17:17,245] [plex_meta_manager.py:692]  [INFO]     | Animation                                                                                          |
[2023-02-28 01:17:17,246] [plex_meta_manager.py:692]  [INFO]     | Anime                                                                                              |
[2023-02-28 01:17:17,246] [plex_meta_manager.py:692]  [INFO]     | Biography                                                                                          |
[2023-02-28 01:17:17,246] [plex_meta_manager.py:692]  [INFO]     | Comedy                                                                                             |
[2023-02-28 01:17:17,247] [plex_meta_manager.py:692]  [INFO]     | Crime                                                                                              |
[2023-02-28 01:17:17,247] [plex_meta_manager.py:692]  [INFO]     | Documentary                                                                                        |
[2023-02-28 01:17:17,247] [plex_meta_manager.py:692]  [INFO]     | Drama                                                                                              |
[2023-02-28 01:17:17,247] [plex_meta_manager.py:692]  [INFO]     | Family                                                                                             |
[2023-02-28 01:17:17,248] [plex_meta_manager.py:692]  [INFO]     | Fantasy                                                                                            |
[2023-02-28 01:17:17,248] [plex_meta_manager.py:692]  [INFO]     | Gangster                                                                                           |
[2023-02-28 01:17:17,248] [plex_meta_manager.py:692]  [INFO]     | History                                                                                            |
[2023-02-28 01:17:17,249] [plex_meta_manager.py:692]  [INFO]     | Horror                                                                                             |
[2023-02-28 01:17:17,249] [plex_meta_manager.py:692]  [INFO]     | Martial Arts                                                                                       |
[2023-02-28 01:17:17,249] [plex_meta_manager.py:692]  [INFO]     | Music                                                                                              |
[2023-02-28 01:17:17,249] [plex_meta_manager.py:692]  [INFO]     | Musical                                                                                            |
[2023-02-28 01:17:17,250] [plex_meta_manager.py:692]  [INFO]     | Mystery                                                                                            |
[2023-02-28 01:17:17,250] [plex_meta_manager.py:692]  [INFO]     | Pandemic                                                                                           |
[2023-02-28 01:17:17,250] [plex_meta_manager.py:692]  [INFO]     | Romance                                                                                            |
[2023-02-28 01:17:17,250] [plex_meta_manager.py:692]  [INFO]     | Science Fiction                                                                                    |
[2023-02-28 01:17:17,251] [plex_meta_manager.py:692]  [INFO]     | Short                                                                                              |
[2023-02-28 01:17:17,251] [plex_meta_manager.py:692]  [INFO]     | Sports                                                                                             |
[2023-02-28 01:17:17,251] [plex_meta_manager.py:692]  [INFO]     | Sword & Sorcery                                                                                    |
[2023-02-28 01:17:17,251] [plex_meta_manager.py:692]  [INFO]     | Thriller                                                                                           |
[2023-02-28 01:17:17,252] [plex_meta_manager.py:692]  [INFO]     | War                                                                                                |
[2023-02-28 01:17:17,252] [plex_meta_manager.py:692]  [INFO]     | Western                                                                                            |
[2023-02-28 01:17:17,252] [plex_meta_manager.py:692]  [INFO]     | 20th Century Studios                                                                               |
[2023-02-28 01:17:17,252] [plex_meta_manager.py:692]  [INFO]     | A24                                                                                                |
[2023-02-28 01:17:17,253] [plex_meta_manager.py:692]  [INFO]     | Aardman                                                                                            |
[2023-02-28 01:17:17,253] [plex_meta_manager.py:692]  [INFO]     | Amblin Entertainment                                                                               |
[2023-02-28 01:17:17,253] [plex_meta_manager.py:692]  [INFO]     | Blue Sky Animation                                                                                 |
[2023-02-28 01:17:17,253] [plex_meta_manager.py:692]  [INFO]     | Blumhouse Productions                                                                              |
[2023-02-28 01:17:17,254] [plex_meta_manager.py:692]  [INFO]     | BRON                                                                                               |
[2023-02-28 01:17:17,254] [plex_meta_manager.py:692]  [INFO]     | Castle Rock Entertainment                                                                          |
[2023-02-28 01:17:17,254] [plex_meta_manager.py:692]  [INFO]     | Columbia Pictures                                                                                  |
[2023-02-28 01:17:17,254] [plex_meta_manager.py:692]  [INFO]     | DC Extended Universe                                                                               |
[2023-02-28 01:17:17,255] [plex_meta_manager.py:692]  [INFO]     | Dimension Films                                                                                    |
[2023-02-28 01:17:17,255] [plex_meta_manager.py:692]  [INFO]     | DreamWorks                                                                                         |
[2023-02-28 01:17:17,255] [plex_meta_manager.py:692]  [INFO]     | Focus Features                                                                                     |
[2023-02-28 01:17:17,255] [plex_meta_manager.py:692]  [INFO]     | Illumination Entertainment                                                                         |
[2023-02-28 01:17:17,256] [plex_meta_manager.py:692]  [INFO]     | Laika                                                                                              |
[2023-02-28 01:17:17,256] [plex_meta_manager.py:692]  [INFO]     | Lionsgate                                                                                          |
[2023-02-28 01:17:17,256] [plex_meta_manager.py:692]  [INFO]     | Lucasfilm                                                                                          |
[2023-02-28 01:17:17,256] [plex_meta_manager.py:692]  [INFO]     | Madhouse                                                                                           |
[2023-02-28 01:17:17,257] [plex_meta_manager.py:692]  [INFO]     | Magnolia Pictures                                                                                  |
[2023-02-28 01:17:17,257] [plex_meta_manager.py:692]  [INFO]     | Marvel Cinematic Universe                                                                          |
[2023-02-28 01:17:17,257] [plex_meta_manager.py:692]  [INFO]     | MGM                                                                                                |
[2023-02-28 01:17:17,258] [plex_meta_manager.py:692]  [INFO]     | Monkeypaw Productions                                                                              |
[2023-02-28 01:17:17,258] [plex_meta_manager.py:692]  [INFO]     | New Line Cinema                                                                                    |
[2023-02-28 01:17:17,258] [plex_meta_manager.py:692]  [INFO]     | Paramount                                                                                          |
[2023-02-28 01:17:17,258] [plex_meta_manager.py:692]  [INFO]     | Pixar                                                                                              |
[2023-02-28 01:17:17,259] [plex_meta_manager.py:692]  [INFO]     | Pixar Shorts                                                                                       |
[2023-02-28 01:17:17,259] [plex_meta_manager.py:692]  [INFO]     | Scott Free Productions                                                                             |
[2023-02-28 01:17:17,259] [plex_meta_manager.py:692]  [INFO]     | Sony Pictures                                                                                      |
[2023-02-28 01:17:17,260] [plex_meta_manager.py:692]  [INFO]     | Sony Pictures Animation                                                                            |
[2023-02-28 01:17:17,260] [plex_meta_manager.py:692]  [INFO]     | Studio Ghibli                                                                                      |
[2023-02-28 01:17:17,260] [plex_meta_manager.py:692]  [INFO]     | Touchstone Pictures                                                                                |
[2023-02-28 01:17:17,260] [plex_meta_manager.py:692]  [INFO]     | Universal Pictures                                                                                 |
[2023-02-28 01:17:17,261] [plex_meta_manager.py:692]  [INFO]     | Walt Disney Animation Studios                                                                      |
[2023-02-28 01:17:17,261] [plex_meta_manager.py:692]  [INFO]     | Walt Disney Pictures                                                                               |
[2023-02-28 01:17:17,261] [plex_meta_manager.py:692]  [INFO]     | Bourne                                                                                             |
[2023-02-28 01:17:17,261] [plex_meta_manager.py:692]  [INFO]     | Chronicles of Riddick                                                                              |
[2023-02-28 01:17:17,262] [plex_meta_manager.py:692]  [INFO]     | Gremlins                                                                                           |
[2023-02-28 01:17:17,264] [plex_meta_manager.py:692]  [INFO]     | Mission Impossible                                                                                 |
[2023-02-28 01:17:17,264] [plex_meta_manager.py:692]  [INFO]     | Star Wars                                                                                          |
[2023-02-28 01:17:17,264] [plex_meta_manager.py:692]  [INFO]     | Ari Aster                                                                                          |
[2023-02-28 01:17:17,265] [plex_meta_manager.py:692]  [INFO]     | Bong Joon-Ho                                                                                       |
[2023-02-28 01:17:17,265] [plex_meta_manager.py:692]  [INFO]     | Christopher Nolan                                                                                  |
[2023-02-28 01:17:17,265] [plex_meta_manager.py:692]  [INFO]     | Denis Villeneuve                                                                                   |
[2023-02-28 01:17:17,266] [plex_meta_manager.py:692]  [INFO]     | Guillermo del Toro                                                                                 |
[2023-02-28 01:17:17,266] [plex_meta_manager.py:692]  [INFO]     | Jordan Peele                                                                                       |
[2023-02-28 01:17:17,266] [plex_meta_manager.py:692]  [INFO]     | Martin Scorsese                                                                                    |
[2023-02-28 01:17:17,266] [plex_meta_manager.py:692]  [INFO]     | Robert Eggers                                                                                      |
[2023-02-28 01:17:17,267] [plex_meta_manager.py:692]  [INFO]     | Stanley Kubrick                                                                                    |
[2023-02-28 01:17:17,267] [plex_meta_manager.py:692]  [INFO]     | Steven Spielberg                                                                                   |
[2023-02-28 01:17:17,267] [plex_meta_manager.py:692]  [INFO]     | Wes Anderson                                                                                       |
[2023-02-28 01:17:17,268] [plex_meta_manager.py:693]  [INFO]     |                                                                                                    |
[2023-02-28 01:17:17,268] [plex_meta_manager.py:694]  [INFO]     | 87 Unmanaged Collections                                                                           |
