[2023-01-31 01:15:46,828] [util.py:209]               [INFO]     |====================================================================================================|
[2023-01-31 01:15:46,829] [util.py:216]               [INFO]     |                                    History Collection in Movies                                    |
[2023-01-31 01:15:46,829] [util.py:220]               [INFO]     |====================================================================================================|
[2023-01-31 01:15:46,830] [plex_meta_manager.py:750]  [INFO]     |                                                                                                    |
[2023-01-31 01:15:46,830] [util.py:216]               [INFO]     |================================== Validating History Attributes ===================================|
[2023-01-31 01:15:46,830] [builder.py:265]            [DEBUG]    |                                                                                                    |
[2023-01-31 01:15:46,831] [builder.py:266]            [DEBUG]    | Validating Method: template                                                                        |
[2023-01-31 01:15:46,831] [meta.py:83]                [DEBUG]    | Value: ordereddict([('name', 'Genre'), ('genre', 'History'), ('poster', 'https://theposterdb.com/api/assets/58022')]) |
[2023-01-31 01:15:46,831] [builder.py:453]            [DEBUG]    |                                                                                                    |
[2023-01-31 01:15:46,831] [builder.py:454]            [DEBUG]    | Validating Method: collection_order                                                                |
[2023-01-31 01:15:46,832] [builder.py:455]            [DEBUG]    | Value: alpha                                                                                       |
[2023-01-31 01:15:46,832] [builder.py:472]            [DEBUG]    |                                                                                                    |
[2023-01-31 01:15:46,832] [builder.py:473]            [DEBUG]    | Validating Method: summary                                                                         |
[2023-01-31 01:15:46,832] [builder.py:474]            [DEBUG]    | Value: History film is a genre that takes historical events and people and interprets them in a larger scale. Historical accuracy is not the main focus, but rather the telling of a grandiose story. The drama of an History film is often accentuated by a sweeping musical score, lavish costumes, and high production value. |
[2023-01-31 01:15:46,832] [builder.py:472]            [DEBUG]    |                                                                                                    |
[2023-01-31 01:15:46,833] [builder.py:473]            [DEBUG]    | Validating Method: plex_search                                                                     |
[2023-01-31 01:15:46,833] [builder.py:474]            [DEBUG]    | Value: {'genre': 'History'}                                                                        |
[2023-01-31 01:15:46,888] [builder.py:472]            [DEBUG]    |                                                                                                    |
[2023-01-31 01:15:46,889] [builder.py:473]            [DEBUG]    | Validating Method: url_poster                                                                      |
[2023-01-31 01:15:46,889] [builder.py:474]            [DEBUG]    | Value: https://theposterdb.com/api/assets/58022                                                    |
[2023-01-31 01:15:46,889] [builder.py:472]            [DEBUG]    |                                                                                                    |
[2023-01-31 01:15:46,889] [builder.py:473]            [DEBUG]    | Validating Method: sort_title                                                                      |
[2023-01-31 01:15:46,890] [builder.py:474]            [DEBUG]    | Value: 00000d_History                                                                              |
[2023-01-31 01:15:47,347] [builder.py:619]            [INFO]     |                                                                                                    |
[2023-01-31 01:15:47,347] [builder.py:620]            [INFO]     | Validation Successful                                                                              |
[2023-01-31 01:15:47,350] [plex_meta_manager.py:758]  [INFO]     |                                                                                                    |
[2023-01-31 01:15:47,350] [util.py:216]               [INFO]     |==================================== Running History Collection ====================================|
[2023-01-31 01:15:47,351] [plex_meta_manager.py:773]  [INFO]     |                                                                                                    |
[2023-01-31 01:15:47,351] [plex_meta_manager.py:774]  [INFO]     | Sync Mode: append                                                                                  |
[2023-01-31 01:15:47,351] [builder.py:1275]           [DEBUG]    |                                                                                                    |
[2023-01-31 01:15:47,351] [builder.py:1276]           [DEBUG]    | Builder: plex_search: (1, 'Plex Movie Search\nSort By: title.asc\nFilter:\n  Match all of the following:\n    Match any of the following:\n      Genre is History', '?type=1&sort=titleSort&push=1&genre=125&pop=1') |
[2023-01-31 01:15:47,352] [builder.py:1277]           [INFO]     |                                                                                                    |
[2023-01-31 01:15:47,352] [util.py:161]               [INFO]     | Plex Movie Search                                                                                  |
[2023-01-31 01:15:47,352] [util.py:161]               [INFO]     | Sort By: title.asc                                                                                 |
[2023-01-31 01:15:47,353] [util.py:161]               [INFO]     | Filter:                                                                                            |
[2023-01-31 01:15:47,353] [util.py:161]               [INFO]     |   Match all of the following:                                                                      |
[2023-01-31 01:15:47,353] [util.py:161]               [INFO]     |     Match any of the following:                                                                    |
[2023-01-31 01:15:47,353] [util.py:161]               [INFO]     |       Genre is History                                                                             |
[2023-01-31 01:15:47,546] [plex.py:748]               [DEBUG]    |                                                                                                    |
[2023-01-31 01:15:47,547] [plex.py:749]               [DEBUG]    | 88 Keys Found: [(99191, 'ratingKey'), (118216, 'ratingKey'), (118234, 'ratingKey'), (126731, 'ratingKey'), (99222, 'ratingKey'), (98989, 'ratingKey'), (121331, 'ratingKey'), (122724, 'ratingKey'), (122305, 'ratingKey'), (124672, 'ratingKey'), (99270, 'ratingKey'), (117295, 'ratingKey'), (117293, 'ratingKey'), (98674, 'ratingKey'), (117266, 'ratingKey'), (126920, 'ratingKey'), (99767, 'ratingKey'), (128788, 'ratingKey'), (116103, 'ratingKey'), (128973, 'ratingKey'), (99653, 'ratingKey'), (99827, 'ratingKey'), (105795, 'ratingKey'), (104304, 'ratingKey'), (99701, 'ratingKey'), (128588, 'ratingKey'), (117557, 'ratingKey'), (117453, 'ratingKey'), (105809, 'ratingKey'), (119558, 'ratingKey'), (117357, 'ratingKey'), (104336, 'ratingKey'), (112102, 'ratingKey'), (38440, 'ratingKey'), (3963, 'ratingKey'), (115741, 'ratingKey'), (112582, 'ratingKey'), (116758, 'ratingKey'), (115529, 'ratingKey'), (101138, 'ratingKey'), (101142, 'ratingKey'), (100424, 'ratingKey'), (100332, 'ratingKey'), (100514, 'ratingKey'), (101189, 'ratingKey'), (104260, 'ratingKey'), (115365, 'ratingKey'), (101299, 'ratingKey'), (112498, 'ratingKey'), (112497, 'ratingKey'), (104418, 'ratingKey'), (114828, 'ratingKey'), (128894, 'ratingKey'), (101348, 'ratingKey'), (116486, 'ratingKey'), (127925, 'ratingKey'), (123961, 'ratingKey'), (116371, 'ratingKey'), (124145, 'ratingKey'), (113152, 'ratingKey'), (104466, 'ratingKey'), (101646, 'ratingKey'), (66220, 'ratingKey'), (104592, 'ratingKey'), (102311, 'ratingKey'), (104596, 'ratingKey'), (104605, 'ratingKey'), (100662, 'ratingKey'), (128006, 'ratingKey'), (78646, 'ratingKey'), (37672, 'ratingKey'), (75756, 'ratingKey'), (122851, 'ratingKey'), (96916, 'ratingKey'), (75996, 'ratingKey'), (37138, 'ratingKey'), (100894, 'ratingKey'), (127297, 'ratingKey'), (105141, 'ratingKey'), (105236, 'ratingKey'), (125779, 'ratingKey'), (105930, 'ratingKey'), (115966, 'ratingKey'), (102062, 'ratingKey'), (115956, 'ratingKey'), (102172, 'ratingKey'), (115888, 'ratingKey'), (119633, 'ratingKey')] |
[2023-01-31 01:15:47,547] [builder.py:1282]           [DEBUG]    |                                                                                                    |
[2023-01-31 01:15:47,548] [builder.py:1283]           [DEBUG]    | 88 IDs Found: [(99191, 'ratingKey'), (118216, 'ratingKey'), (118234, 'ratingKey'), (126731, 'ratingKey'), (99222, 'ratingKey'), (98989, 'ratingKey'), (121331, 'ratingKey'), (122724, 'ratingKey'), (122305, 'ratingKey'), (124672, 'ratingKey'), (99270, 'ratingKey'), (117295, 'ratingKey'), (117293, 'ratingKey'), (98674, 'ratingKey'), (117266, 'ratingKey'), (126920, 'ratingKey'), (99767, 'ratingKey'), (128788, 'ratingKey'), (116103, 'ratingKey'), (128973, 'ratingKey'), (99653, 'ratingKey'), (99827, 'ratingKey'), (105795, 'ratingKey'), (104304, 'ratingKey'), (99701, 'ratingKey'), (128588, 'ratingKey'), (117557, 'ratingKey'), (117453, 'ratingKey'), (105809, 'ratingKey'), (119558, 'ratingKey'), (117357, 'ratingKey'), (104336, 'ratingKey'), (112102, 'ratingKey'), (38440, 'ratingKey'), (3963, 'ratingKey'), (115741, 'ratingKey'), (112582, 'ratingKey'), (116758, 'ratingKey'), (115529, 'ratingKey'), (101138, 'ratingKey'), (101142, 'ratingKey'), (100424, 'ratingKey'), (100332, 'ratingKey'), (100514, 'ratingKey'), (101189, 'ratingKey'), (104260, 'ratingKey'), (115365, 'ratingKey'), (101299, 'ratingKey'), (112498, 'ratingKey'), (112497, 'ratingKey'), (104418, 'ratingKey'), (114828, 'ratingKey'), (128894, 'ratingKey'), (101348, 'ratingKey'), (116486, 'ratingKey'), (127925, 'ratingKey'), (123961, 'ratingKey'), (116371, 'ratingKey'), (124145, 'ratingKey'), (113152, 'ratingKey'), (104466, 'ratingKey'), (101646, 'ratingKey'), (66220, 'ratingKey'), (104592, 'ratingKey'), (102311, 'ratingKey'), (104596, 'ratingKey'), (104605, 'ratingKey'), (100662, 'ratingKey'), (128006, 'ratingKey'), (78646, 'ratingKey'), (37672, 'ratingKey'), (75756, 'ratingKey'), (122851, 'ratingKey'), (96916, 'ratingKey'), (75996, 'ratingKey'), (37138, 'ratingKey'), (100894, 'ratingKey'), (127297, 'ratingKey'), (105141, 'ratingKey'), (105236, 'ratingKey'), (125779, 'ratingKey'), (105930, 'ratingKey'), (115966, 'ratingKey'), (102062, 'ratingKey'), (115956, 'ratingKey'), (102172, 'ratingKey'), (115888, 'ratingKey'), (119633, 'ratingKey')] |
[2023-01-31 01:15:47,548] [builder.py:1284]           [DEBUG]    |                                                                                                    |
[2023-01-31 01:15:49,417] [builder.py:1697]           [INFO]     |                                                                                                    |
[2023-01-31 01:15:49,418] [util.py:216]               [INFO]     |=================================== Adding to History Collection ===================================|
[2023-01-31 01:15:49,418] [builder.py:1699]           [INFO]     |                                                                                                    |
[2023-01-31 01:15:49,418] [builder.py:1709]           [INFO]     |  1/88 | History Collection | = | 12 Years a Slave (2013)                                           |
[2023-01-31 01:15:49,419] [builder.py:1709]           [INFO]     |  2/88 | History Collection | = | 300 (2007)                                                        |
[2023-01-31 01:15:49,419] [builder.py:1709]           [INFO]     |  3/88 | History Collection | = | 1917 (2020)                                                       |
[2023-01-31 01:15:49,419] [builder.py:1709]           [INFO]     |  4/88 | History Collection | = | Alexander Nevsky (1938)                                           |
[2023-01-31 01:15:49,420] [builder.py:1709]           [INFO]     |  5/88 | History Collection | = | All the Way (2016)                                                |
[2023-01-31 01:15:49,420] [builder.py:1709]           [INFO]     |  6/88 | History Collection | = | Amadeus (1984)                                                    |
[2023-01-31 01:15:49,420] [builder.py:1709]           [INFO]     |  7/88 | History Collection | = | Amsterdam (2022)                                                  |
[2023-01-31 01:15:49,420] [builder.py:1709]           [INFO]     |  8/88 | History Collection | = | Apollo 10½: A Space Age Childhood (2022)                          |
[2023-01-31 01:15:49,421] [builder.py:1709]           [INFO]     |  9/88 | History Collection | = | Apollo 11 (2019)                                                  |
[2023-01-31 01:15:49,421] [builder.py:1709]           [INFO]     | 10/88 | History Collection | = | Argentina, 1985 (2022)                                            |
[2023-01-31 01:15:49,422] [builder.py:1709]           [INFO]     | 11/88 | History Collection | = | The Assassination of Jesse James by the Coward Robert Ford (2007) |
[2023-01-31 01:15:49,422] [builder.py:1709]           [INFO]     | 12/88 | History Collection | = | A Beautiful Day in the Neighborhood (2019)                        |
[2023-01-31 01:15:49,422] [builder.py:1709]           [INFO]     | 13/88 | History Collection | = | Being the Ricardos (2021)                                         |
[2023-01-31 01:15:49,422] [builder.py:1709]           [INFO]     | 14/88 | History Collection | = | Ben-Hur (1959)                                                    |
[2023-01-31 01:15:49,423] [builder.py:1709]           [INFO]     | 15/88 | History Collection | = | Benedetta (2021)                                                  |
[2023-01-31 01:15:49,423] [builder.py:1709]           [INFO]     | 16/88 | History Collection | = | BlacKkKlansman (2018)                                             |
[2023-01-31 01:15:49,423] [builder.py:1709]           [INFO]     | 17/88 | History Collection | = | The Boat (1981)                                                   |
[2023-01-31 01:15:49,424] [builder.py:1709]           [INFO]     | 18/88 | History Collection | = | Bohemian Rhapsody (2018)                                          |
[2023-01-31 01:15:49,424] [builder.py:1709]           [INFO]     | 19/88 | History Collection | = | Braveheart (1995)                                                 |
[2023-01-31 01:15:49,424] [builder.py:1709]           [INFO]     | 20/88 | History Collection | = | The Bridge on the River Kwai (1957)                               |
[2023-01-31 01:15:49,424] [builder.py:1709]           [INFO]     | 21/88 | History Collection | = | Changeling (2008)                                                 |
[2023-01-31 01:15:49,425] [builder.py:1709]           [INFO]     | 22/88 | History Collection | = | Cool Runnings (1993)                                              |
[2023-01-31 01:15:49,425] [builder.py:1709]           [INFO]     | 23/88 | History Collection | = | The Courier (2020)                                                |
[2023-01-31 01:15:49,425] [builder.py:1709]           [INFO]     | 24/88 | History Collection | = | Crip Camp (2020)                                                  |
[2023-01-31 01:15:49,426] [builder.py:1709]           [INFO]     | 25/88 | History Collection | = | Dallas Buyers Club (2013)                                         |
[2023-01-31 01:15:49,426] [builder.py:1709]           [INFO]     | 26/88 | History Collection | = | Devotion (2022)                                                   |
[2023-01-31 01:15:49,427] [builder.py:1709]           [INFO]     | 27/88 | History Collection | = | Downton Abbey: A New Era (2022)                                   |
[2023-01-31 01:15:49,427] [builder.py:1709]           [INFO]     | 28/88 | History Collection | = | Dunkirk (2017)                                                    |
[2023-01-31 01:15:49,427] [builder.py:1709]           [INFO]     | 29/88 | History Collection | = | Elvis (2022)                                                      |
[2023-01-31 01:15:49,428] [builder.py:1709]           [INFO]     | 30/88 | History Collection | = | Enola Holmes 2 (2022)                                             |
[2023-01-31 01:15:49,428] [builder.py:1709]           [INFO]     | 31/88 | History Collection | = | The Eyes of Tammy Faye (2021)                                     |
[2023-01-31 01:15:49,428] [builder.py:1709]           [INFO]     | 32/88 | History Collection | = | The Farthest (2017)                                               |
[2023-01-31 01:15:49,429] [builder.py:1709]           [INFO]     | 33/88 | History Collection | = | The Favourite (2018)                                              |
[2023-01-31 01:15:49,429] [builder.py:1709]           [INFO]     | 34/88 | History Collection | = | Ford v Ferrari (2019)                                             |
[2023-01-31 01:15:49,429] [builder.py:1709]           [INFO]     | 35/88 | History Collection | = | The French Dispatch (2020)                                        |
[2023-01-31 01:15:49,430] [builder.py:1709]           [INFO]     | 36/88 | History Collection | = | Gladiator (2000)                                                  |
[2023-01-31 01:15:49,430] [builder.py:1709]           [INFO]     | 37/88 | History Collection | = | Hamilton (2020)                                                   |
[2023-01-31 01:15:49,431] [builder.py:1709]           [INFO]     | 38/88 | History Collection | = | Hidden Figures (2017)                                             |
[2023-01-31 01:15:49,431] [builder.py:1709]           [INFO]     | 39/88 | History Collection | = | House of Gucci (2021)                                             |
[2023-01-31 01:15:49,431] [builder.py:1709]           [INFO]     | 40/88 | History Collection | = | I Am Not Your Negro (2017)                                        |
[2023-01-31 01:15:49,432] [builder.py:1709]           [INFO]     | 41/88 | History Collection | = | The Imitation Game (2014)                                         |
[2023-01-31 01:15:49,432] [builder.py:1709]           [INFO]     | 42/88 | History Collection | = | In This Corner of the World (2016)                                |
[2023-01-31 01:15:49,432] [builder.py:1709]           [INFO]     | 43/88 | History Collection | = | Ip Man (2008)                                                     |
[2023-01-31 01:15:49,433] [builder.py:1709]           [INFO]     | 44/88 | History Collection | = | Ip Man 2 (2010)                                                   |
[2023-01-31 01:15:49,433] [builder.py:1709]           [INFO]     | 45/88 | History Collection | = | Ip Man 3 (2015)                                                   |
[2023-01-31 01:15:49,434] [builder.py:1709]           [INFO]     | 46/88 | History Collection | = | Ip Man 4: The Finale (2019)                                       |
[2023-01-31 01:15:49,434] [builder.py:1709]           [INFO]     | 47/88 | History Collection | = | The Irishman (2019)                                               |
[2023-01-31 01:15:49,434] [builder.py:1709]           [INFO]     | 48/88 | History Collection | = | Judy (2019)                                                       |
[2023-01-31 01:15:49,435] [builder.py:1709]           [INFO]     | 49/88 | History Collection | = | King Richard (2021)                                               |
[2023-01-31 01:15:49,435] [builder.py:1709]           [INFO]     | 50/88 | History Collection | = | The King's Man (2021)                                             |
[2023-01-31 01:15:49,436] [builder.py:1709]           [INFO]     | 51/88 | History Collection | = | The King's Speech (2010)                                          |
[2023-01-31 01:15:49,436] [builder.py:1709]           [INFO]     | 52/88 | History Collection | = | The Last Duel (2021)                                              |
[2023-01-31 01:15:49,438] [builder.py:1709]           [INFO]     | 53/88 | History Collection | = | Lawrence of Arabia (1962)                                         |
[2023-01-31 01:15:49,439] [builder.py:1709]           [INFO]     | 54/88 | History Collection | = | Les Misérables (2012)                                             |
[2023-01-31 01:15:49,439] [builder.py:1709]           [INFO]     | 55/88 | History Collection | = | Little Women (2019)                                               |
[2023-01-31 01:15:49,440] [builder.py:1709]           [INFO]     | 56/88 | History Collection | = | Medieval (2022)                                                   |
[2023-01-31 01:15:49,440] [builder.py:1709]           [INFO]     | 57/88 | History Collection | = | Merry Christmas Mr. Lawrence (1983)                               |
[2023-01-31 01:15:49,441] [builder.py:1709]           [INFO]     | 58/88 | History Collection | = | Mulan (1998)                                                      |
[2023-01-31 01:15:49,441] [builder.py:1709]           [INFO]     | 59/88 | History Collection | = | The Nativity Story (2005)                                         |
[2023-01-31 01:15:49,441] [builder.py:1709]           [INFO]     | 60/88 | History Collection | = | The Northman (2022)                                               |
[2023-01-31 01:15:49,442] [builder.py:1709]           [INFO]     | 61/88 | History Collection | = | Not the Messiah: He's a Very Naughty Boy (2010)                   |
[2023-01-31 01:15:49,442] [builder.py:1709]           [INFO]     | 62/88 | History Collection | = | Once Upon a Time in China (1991)                                  |
[2023-01-31 01:15:49,443] [builder.py:1709]           [INFO]     | 63/88 | History Collection | = | Operation Mincemeat (2022)                                        |
[2023-01-31 01:15:49,443] [builder.py:1709]           [INFO]     | 64/88 | History Collection | = | The Pianist (2002)                                                |
[2023-01-31 01:15:49,444] [builder.py:1709]           [INFO]     | 65/88 | History Collection | = | Pocahontas (1995)                                                 |
[2023-01-31 01:15:49,444] [builder.py:1709]           [INFO]     | 66/88 | History Collection | = | Portrait of a Lady on Fire (2019)                                 |
[2023-01-31 01:15:49,444] [builder.py:1709]           [INFO]     | 67/88 | History Collection | = | Quo Vadis, Aida? (2021)                                           |
[2023-01-31 01:15:49,445] [builder.py:1709]           [INFO]     | 68/88 | History Collection | = | Raging Bull (1980)                                                |
[2023-01-31 01:15:49,445] [builder.py:1709]           [INFO]     | 69/88 | History Collection | = | The Redeem Team (2022)                                            |
[2023-01-31 01:15:49,446] [builder.py:1709]           [INFO]     | 70/88 | History Collection | = | RRR (2022)                                                        |
[2023-01-31 01:15:49,446] [builder.py:1709]           [INFO]     | 71/88 | History Collection | = | Saving Private Ryan (1998)                                        |
[2023-01-31 01:15:49,446] [builder.py:1709]           [INFO]     | 72/88 | History Collection | = | Schindler's List (1993)                                           |
[2023-01-31 01:15:49,447] [builder.py:1709]           [INFO]     | 73/88 | History Collection | = | She Said (2022)                                                   |
[2023-01-31 01:15:49,447] [builder.py:1709]           [INFO]     | 74/88 | History Collection | = | The Sparks Brothers (2021)                                        |
[2023-01-31 01:15:49,448] [builder.py:1709]           [INFO]     | 75/88 | History Collection | = | Spartacus (1960)                                                  |
[2023-01-31 01:15:49,448] [builder.py:1709]           [INFO]     | 76/88 | History Collection | = | Spencer (2021)                                                    |
[2023-01-31 01:15:49,449] [builder.py:1709]           [INFO]     | 77/88 | History Collection | = | Spotlight (2015)                                                  |
[2023-01-31 01:15:49,449] [builder.py:1709]           [INFO]     | 78/88 | History Collection | = | Summer of Soul (...Or, When the Revolution Could Not Be Televised) (2021) |
[2023-01-31 01:15:49,450] [builder.py:1709]           [INFO]     | 79/88 | History Collection | = | Sword of the Stranger (2007)                                      |
[2023-01-31 01:15:49,450] [builder.py:1709]           [INFO]     | 80/88 | History Collection | = | They Shall Not Grow Old (2018)                                    |
[2023-01-31 01:15:49,450] [builder.py:1709]           [INFO]     | 81/88 | History Collection | = | Till (2022)                                                       |
[2023-01-31 01:15:49,451] [builder.py:1709]           [INFO]     | 82/88 | History Collection | = | Tina (2021)                                                       |
[2023-01-31 01:15:49,451] [builder.py:1709]           [INFO]     | 83/88 | History Collection | = | The Tragedy of Macbeth (2021)                                     |
[2023-01-31 01:15:49,452] [builder.py:1709]           [INFO]     | 84/88 | History Collection | = | The Twilight Samurai (2002)                                       |
[2023-01-31 01:15:49,453] [builder.py:1709]           [INFO]     | 85/88 | History Collection | = | The Two Popes (2019)                                              |
[2023-01-31 01:15:49,454] [builder.py:1709]           [INFO]     | 86/88 | History Collection | = | The Wind Rises (2013)                                             |
[2023-01-31 01:15:49,454] [builder.py:1709]           [INFO]     | 87/88 | History Collection | = | Wolfwalkers (2020)                                                |
[2023-01-31 01:15:49,455] [builder.py:1709]           [INFO]     | 88/88 | History Collection | = | The Woman King (2022)                                             |
[2023-01-31 01:15:49,455] [builder.py:1734]           [INFO]     |                                                                                                    |
[2023-01-31 01:15:49,456] [builder.py:1735]           [INFO]     | 88 Movies Processed                                                                                |
[2023-01-31 01:15:49,461] [builder.py:2147]           [INFO]     |                                                                                                    |
[2023-01-31 01:15:49,461] [util.py:216]               [INFO]     |============================== Updating Details of History Collection ==============================|
[2023-01-31 01:15:49,461] [builder.py:2149]           [INFO]     |                                                                                                    |
[2023-01-31 01:15:49,461] [builder.py:2156]           [INFO]     | Detail: summary updated Collection Summary                                                         |
[2023-01-31 01:15:49,462] [builder.py:2258]           [DEBUG]    | 1 posters found:                                                                                   |
[2023-01-31 01:15:49,462] [builder.py:2260]           [DEBUG]    | Method: url_poster Poster: https://theposterdb.com/api/assets/58022                                |
[2023-01-31 01:15:49,462] [builder.py:2327]           [INFO]     | No background collection detail or asset folder found                                              |
[2023-01-31 01:15:49,463] [library.py:147]            [INFO]     | Detail: poster update not needed                                                                   |
[2023-01-31 01:15:49,917] [plex_meta_manager.py:880]  [INFO]     |                                                                                                    |
[2023-01-31 01:15:49,918] [util.py:209]               [INFO]     |====================================================================================================|
[2023-01-31 01:15:49,918] [util.py:216]               [INFO]     |                                    Finished History Collection                                     |
[2023-01-31 01:15:49,918] [util.py:216]               [INFO]     |                                    Collection Run Time: 0:00:03                                    |
[2023-01-31 01:15:49,918] [util.py:220]               [INFO]     |====================================================================================================|
