[2023-01-31 01:01:38,572] [util.py:209]               [INFO]     |====================================================================================================|
[2023-01-31 01:01:38,573] [util.py:216]               [INFO]     |                                Celebrating Mom Collection in Movies                                |
[2023-01-31 01:01:38,573] [util.py:220]               [INFO]     |====================================================================================================|
[2023-01-31 01:01:38,574] [plex_meta_manager.py:750]  [INFO]     |                                                                                                    |
[2023-01-31 01:01:38,574] [util.py:216]               [INFO]     |============================== Validating Celebrating Mom Attributes ===============================|
[2023-01-31 01:01:38,574] [builder.py:265]            [DEBUG]    |                                                                                                    |
[2023-01-31 01:01:38,574] [builder.py:266]            [DEBUG]    | Validating Method: template                                                                        |
[2023-01-31 01:01:38,575] [meta.py:83]                [DEBUG]    | Value: ordereddict([('name', 'Holiday'), ('poster', './config/posters/paintings/mothers_day.jpg')]) |
[2023-01-31 01:01:38,575] [builder.py:273]            [DEBUG]    |                                                                                                    |
[2023-01-31 01:01:38,575] [builder.py:274]            [DEBUG]    | Validating Method: delete_not_scheduled                                                            |
[2023-01-31 01:01:38,576] [builder.py:275]            [DEBUG]    | Value: True                                                                                        |
[2023-01-31 01:01:38,576] [builder.py:279]            [DEBUG]    |                                                                                                    |
[2023-01-31 01:01:38,576] [builder.py:280]            [DEBUG]    | Validating Method: schedule                                                                        |
[2023-01-31 01:01:38,576] [builder.py:284]            [DEBUG]    | Value: range(05/01-05/17)                                                                          |
[2023-01-31 01:01:38,579] [plex.py:687]               [DEBUG]    | Looking for: Celebrating Mom                                                                       |
[2023-01-31 01:01:38,579] [util.py:161]               [INFO]     |                                                                                                    |
[2023-01-31 01:01:38,579] [util.py:161]               [INFO]     | Scheduled between May 1st and May 17th                                                             |
[2023-01-31 01:01:38,580] [util.py:161]               [INFO]     |                                                                                                    |
[2023-01-31 01:01:38,580] [util.py:161]               [INFO]     | Collection Celebrating Mom not scheduled to run and could not be found to delete                   |
[2023-01-31 01:01:38,580] [plex_meta_manager.py:880]  [INFO]     |                                                                                                    |
[2023-01-31 01:01:38,581] [util.py:209]               [INFO]     |====================================================================================================|
[2023-01-31 01:01:38,581] [util.py:216]               [INFO]     |                                Finished Celebrating Mom Collection                                 |
[2023-01-31 01:01:38,581] [util.py:216]               [INFO]     |                                    Collection Run Time: 0:00:00                                    |
[2023-01-31 01:01:38,582] [util.py:220]               [INFO]     |====================================================================================================|
