[2023-01-31 01:00:51,836] [util.py:209]               [INFO]     |====================================================================================================|
[2023-01-31 01:00:51,837] [util.py:216]               [INFO]     |                                   Gremlins Collection in Movies                                    |
[2023-01-31 01:00:51,837] [util.py:220]               [INFO]     |====================================================================================================|
[2023-01-31 01:00:51,838] [plex_meta_manager.py:750]  [INFO]     |                                                                                                    |
[2023-01-31 01:00:51,838] [util.py:216]               [INFO]     |================================== Validating Gremlins Attributes ==================================|
[2023-01-31 01:00:51,838] [builder.py:265]            [DEBUG]    |                                                                                                    |
[2023-01-31 01:00:51,839] [builder.py:266]            [DEBUG]    | Validating Method: template                                                                        |
[2023-01-31 01:00:51,839] [meta.py:83]                [DEBUG]    | Value: ordereddict([('name', 'Movie'), ('collection', 89151), ('summary', 89151), ('poster', 'https://theposterdb.com/api/assets/2441')]) |
[2023-01-31 01:00:51,840] [builder.py:330]            [DEBUG]    |                                                                                                    |
[2023-01-31 01:00:51,840] [builder.py:331]            [DEBUG]    | Validating Method: sync_mode                                                                       |
[2023-01-31 01:00:51,840] [builder.py:335]            [DEBUG]    | Value: sync                                                                                        |
[2023-01-31 01:00:51,840] [builder.py:453]            [DEBUG]    |                                                                                                    |
[2023-01-31 01:00:51,841] [builder.py:454]            [DEBUG]    | Validating Method: collection_order                                                                |
[2023-01-31 01:00:51,841] [builder.py:455]            [DEBUG]    | Value: release                                                                                     |
[2023-01-31 01:00:51,841] [builder.py:472]            [DEBUG]    |                                                                                                    |
[2023-01-31 01:00:51,841] [builder.py:473]            [DEBUG]    | Validating Method: url_poster                                                                      |
[2023-01-31 01:00:51,841] [builder.py:474]            [DEBUG]    | Value: https://theposterdb.com/api/assets/2441                                                     |
[2023-01-31 01:00:51,842] [builder.py:472]            [DEBUG]    |                                                                                                    |
[2023-01-31 01:00:51,842] [builder.py:473]            [DEBUG]    | Validating Method: tmdb_collection                                                                 |
[2023-01-31 01:00:51,842] [builder.py:474]            [DEBUG]    | Value: 89151                                                                                       |
[2023-01-31 01:00:51,940] [builder.py:472]            [DEBUG]    |                                                                                                    |
[2023-01-31 01:00:51,940] [builder.py:473]            [DEBUG]    | Validating Method: tmdb_summary                                                                    |
[2023-01-31 01:00:51,940] [builder.py:474]            [DEBUG]    | Value: 89151                                                                                       |
[2023-01-31 01:00:51,941] [builder.py:472]            [DEBUG]    |                                                                                                    |
[2023-01-31 01:00:51,941] [builder.py:473]            [DEBUG]    | Validating Method: sort_title                                                                      |
[2023-01-31 01:00:51,941] [builder.py:474]            [DEBUG]    | Value: 00000f_Gremlins                                                                             |
[2023-01-31 01:00:51,941] [builder.py:472]            [DEBUG]    |                                                                                                    |
[2023-01-31 01:00:51,942] [builder.py:473]            [DEBUG]    | Validating Method: radarr_add_missing                                                              |
[2023-01-31 01:00:51,942] [builder.py:474]            [DEBUG]    | Value: True                                                                                        |
[2023-01-31 01:00:52,120] [builder.py:619]            [INFO]     |                                                                                                    |
[2023-01-31 01:00:52,121] [builder.py:620]            [INFO]     | Validation Successful                                                                              |
[2023-01-31 01:00:52,122] [plex_meta_manager.py:758]  [INFO]     |                                                                                                    |
[2023-01-31 01:00:52,122] [util.py:216]               [INFO]     |=================================== Running Gremlins Collection ====================================|
[2023-01-31 01:00:52,122] [plex_meta_manager.py:773]  [INFO]     |                                                                                                    |
[2023-01-31 01:00:52,123] [plex_meta_manager.py:774]  [INFO]     | Sync Mode: sync                                                                                    |
[2023-01-31 01:00:52,123] [builder.py:1275]           [DEBUG]    |                                                                                                    |
[2023-01-31 01:00:52,123] [builder.py:1276]           [DEBUG]    | Builder: tmdb_collection: 89151                                                                    |
[2023-01-31 01:00:52,123] [builder.py:1277]           [INFO]     |                                                                                                    |
[2023-01-31 01:00:52,124] [tmdb.py:323]               [INFO]     | Processing TMDb Collection: (89151) The Gremlins Collection (2 Items)                              |
[2023-01-31 01:00:52,124] [builder.py:1282]           [DEBUG]    |                                                                                                    |
[2023-01-31 01:00:52,124] [builder.py:1283]           [DEBUG]    | 2 IDs Found: [(927, 'tmdb'), (928, 'tmdb')]                                                        |
[2023-01-31 01:00:52,124] [builder.py:1284]           [DEBUG]    |                                                                                                    |
[2023-01-31 01:00:52,171] [builder.py:1697]           [INFO]     |                                                                                                    |
[2023-01-31 01:00:52,171] [util.py:216]               [INFO]     |================================== Adding to Gremlins Collection ===================================|
[2023-01-31 01:00:52,172] [builder.py:1699]           [INFO]     |                                                                                                    |
[2023-01-31 01:00:52,172] [builder.py:1709]           [INFO]     | 1/2 | Gremlins Collection | = | Gremlins (1984)                                                    |
[2023-01-31 01:00:52,172] [builder.py:1709]           [INFO]     | 2/2 | Gremlins Collection | = | Gremlins 2: The New Batch (1990)                                   |
[2023-01-31 01:00:52,173] [builder.py:1734]           [INFO]     |                                                                                                    |
[2023-01-31 01:00:52,173] [builder.py:1735]           [INFO]     | 2 Movies Processed                                                                                 |
[2023-01-31 01:00:52,177] [builder.py:2147]           [INFO]     |                                                                                                    |
[2023-01-31 01:00:52,177] [util.py:216]               [INFO]     |============================= Updating Details of Gremlins Collection ==============================|
[2023-01-31 01:00:52,178] [builder.py:2149]           [INFO]     |                                                                                                    |
[2023-01-31 01:00:52,178] [builder.py:2156]           [INFO]     | Detail: tmdb_summary updated Collection Summary                                                    |
[2023-01-31 01:00:52,179] [builder.py:2258]           [DEBUG]    | 1 posters found:                                                                                   |
[2023-01-31 01:00:52,179] [builder.py:2260]           [DEBUG]    | Method: url_poster Poster: https://theposterdb.com/api/assets/2441                                 |
[2023-01-31 01:00:52,179] [builder.py:2327]           [INFO]     | No background collection detail or asset folder found                                              |
[2023-01-31 01:00:52,180] [library.py:147]            [INFO]     | Detail: poster update not needed                                                                   |
[2023-01-31 01:00:52,358] [plex_meta_manager.py:880]  [INFO]     |                                                                                                    |
[2023-01-31 01:00:52,359] [util.py:209]               [INFO]     |====================================================================================================|
[2023-01-31 01:00:52,360] [util.py:216]               [INFO]     |                                    Finished Gremlins Collection                                    |
[2023-01-31 01:00:52,360] [util.py:216]               [INFO]     |                                    Collection Run Time: 0:00:00                                    |
[2023-01-31 01:00:52,360] [util.py:220]               [INFO]     |====================================================================================================|
