[2023-01-31 01:11:25,170] [util.py:209]               [INFO]     |====================================================================================================|
[2023-01-31 01:11:25,170] [util.py:216]               [INFO]     |                          Illumination Entertainment Collection in Movies                           |
[2023-01-31 01:11:25,171] [util.py:220]               [INFO]     |====================================================================================================|
[2023-01-31 01:11:25,171] [plex_meta_manager.py:750]  [INFO]     |                                                                                                    |
[2023-01-31 01:11:25,171] [util.py:216]               [INFO]     |========================= Validating Illumination Entertainment Attributes =========================|
[2023-01-31 01:11:25,172] [builder.py:265]            [DEBUG]    |                                                                                                    |
[2023-01-31 01:11:25,172] [builder.py:266]            [DEBUG]    | Validating Method: template                                                                        |
[2023-01-31 01:11:25,172] [meta.py:83]                [DEBUG]    | Value: ordereddict([('name', 'Studio'), ('company', 6704), ('poster', 'https://theposterdb.com/api/assets/8158')]) |
[2023-01-31 01:11:25,172] [builder.py:453]            [DEBUG]    |                                                                                                    |
[2023-01-31 01:11:25,173] [builder.py:454]            [DEBUG]    | Validating Method: collection_order                                                                |
[2023-01-31 01:11:25,173] [builder.py:455]            [DEBUG]    | Value: release.desc                                                                                |
[2023-01-31 01:11:25,173] [builder.py:472]            [DEBUG]    |                                                                                                    |
[2023-01-31 01:11:25,173] [builder.py:473]            [DEBUG]    | Validating Method: summary                                                                         |
[2023-01-31 01:11:25,173] [builder.py:474]            [DEBUG]    | Value: Illumination is an American film and animation studio founded by Chris Meledandri in 2007 and owned by Universal Pictures, a division of NBCUniversal, which is itself a division of Comcast. Meledandri produces the films, while Universal finances and distributes all the films. The studio is responsible for the Despicable Me and The Secret Life of Pets franchises and the film adaptations of Dr. Seuss’ books The Lorax and How the Grinch Stole Christmas. The Minions, characters from the Despicable Me series, are the studio's mascots. |
[2023-01-31 01:11:25,174] [builder.py:472]            [DEBUG]    |                                                                                                    |
[2023-01-31 01:11:25,174] [builder.py:473]            [DEBUG]    | Validating Method: tmdb_company                                                                    |
[2023-01-31 01:11:25,174] [builder.py:474]            [DEBUG]    | Value: 6704                                                                                        |
[2023-01-31 01:11:25,264] [builder.py:472]            [DEBUG]    |                                                                                                    |
[2023-01-31 01:11:25,265] [builder.py:473]            [DEBUG]    | Validating Method: url_poster                                                                      |
[2023-01-31 01:11:25,265] [builder.py:474]            [DEBUG]    | Value: https://theposterdb.com/api/assets/8158                                                     |
[2023-01-31 01:11:25,265] [builder.py:472]            [DEBUG]    |                                                                                                    |
[2023-01-31 01:11:25,265] [builder.py:473]            [DEBUG]    | Validating Method: sort_title                                                                      |
[2023-01-31 01:11:25,266] [builder.py:474]            [DEBUG]    | Value: 00000e_Illumination Entertainment                                                           |
[2023-01-31 01:11:25,363] [builder.py:619]            [INFO]     |                                                                                                    |
[2023-01-31 01:11:25,363] [builder.py:620]            [INFO]     | Validation Successful                                                                              |
[2023-01-31 01:11:25,363] [plex_meta_manager.py:758]  [INFO]     |                                                                                                    |
[2023-01-31 01:11:25,364] [util.py:216]               [INFO]     |========================== Running Illumination Entertainment Collection ===========================|
[2023-01-31 01:11:25,364] [plex_meta_manager.py:773]  [INFO]     |                                                                                                    |
[2023-01-31 01:11:25,364] [plex_meta_manager.py:774]  [INFO]     | Sync Mode: append                                                                                  |
[2023-01-31 01:11:25,365] [builder.py:1275]           [DEBUG]    |                                                                                                    |
[2023-01-31 01:11:25,365] [builder.py:1276]           [DEBUG]    | Builder: tmdb_company: 6704                                                                        |
[2023-01-31 01:11:25,365] [builder.py:1277]           [INFO]     |                                                                                                    |
[2023-01-31 01:11:25,802] [tmdb.py:282]               [INFO]     | Processing TMDb Company: (6704) Illumination (53 Movies)                                           |
[2023-01-31 01:11:25,802] [builder.py:1282]           [DEBUG]    |                                                                                                    |
[2023-01-31 01:11:25,802] [builder.py:1283]           [DEBUG]    | 53 IDs Found: [(438148, 'tmdb'), (438695, 'tmdb'), (502356, 'tmdb'), (335797, 'tmdb'), (93456, 'tmdb'), (360920, 'tmdb'), (20352, 'tmdb'), (412117, 'tmdb'), (324852, 'tmdb'), (73723, 'tmdb'), (211672, 'tmdb'), (54553, 'tmdb'), (328111, 'tmdb'), (50359, 'tmdb'), (54551, 'tmdb'), (366141, 'tmdb'), (54559, 'tmdb'), (229407, 'tmdb'), (553903, 'tmdb'), (519182, 'tmdb'), (229408, 'tmdb'), (403052, 'tmdb'), (764079, 'tmdb'), (229405, 'tmdb'), (940551, 'tmdb'), (366142, 'tmdb'), (624995, 'tmdb'), (366143, 'tmdb'), (579524, 'tmdb'), (375186, 'tmdb'), (1018814, 'tmdb'), (501104, 'tmdb'), (125448, 'tmdb'), (449655, 'tmdb'), (580312, 'tmdb'), (360848, 'tmdb'), (878357, 'tmdb'), (125453, 'tmdb'), (424889, 'tmdb'), (624993, 'tmdb'), (449124, 'tmdb'), (484809, 'tmdb'), (125445, 'tmdb'), (943482, 'tmdb'), (945394, 'tmdb'), (945322, 'tmdb'), (501102, 'tmdb'), (448450, 'tmdb'), (424873, 'tmdb'), (931633, 'tmdb'), (1026725, 'tmdb'), (912291, 'tmdb'), (240159, 'tmdb')] |
[2023-01-31 01:11:25,803] [builder.py:1284]           [DEBUG]    |                                                                                                    |
[2023-01-31 01:11:25,872] [builder.py:1697]           [INFO]     |                                                                                                    |
[2023-01-31 01:11:25,872] [util.py:216]               [INFO]     |========================= Adding to Illumination Entertainment Collection ==========================|
[2023-01-31 01:11:25,872] [builder.py:1699]           [INFO]     |                                                                                                    |
[2023-01-31 01:11:25,873] [builder.py:1709]           [INFO]     | 1/3 | Illumination Entertainment Collection | = | Minions: The Rise of Gru (2022)                  |
[2023-01-31 01:11:25,873] [builder.py:1709]           [INFO]     | 2/3 | Illumination Entertainment Collection | = | Sing 2 (2021)                                    |
[2023-01-31 01:11:25,873] [builder.py:1709]           [INFO]     | 3/3 | Illumination Entertainment Collection | = | Sing (2016)                                      |
[2023-01-31 01:11:25,874] [builder.py:1734]           [INFO]     |                                                                                                    |
[2023-01-31 01:11:25,874] [builder.py:1735]           [INFO]     | 3 Movies Processed                                                                                 |
[2023-01-31 01:11:25,874] [builder.py:1929]           [INFO]     |                                                                                                    |
[2023-01-31 01:11:25,875] [util.py:216]               [INFO]     |===================== Missing Movies from Library: Illumination Entertainment ======================|
[2023-01-31 01:11:25,875] [builder.py:1931]           [INFO]     |                                                                                                    |
[2023-01-31 01:11:25,966] [builder.py:1943]           [INFO]     | Illumination Entertainment Collection | ? | The Super Mario Bros. Movie (2023) (TMDb: 502356)      |
[2023-01-31 01:11:26,089] [builder.py:1943]           [INFO]     | Illumination Entertainment Collection | ? | Despicable Me 2 (2013) (TMDb: 93456)                   |
[2023-01-31 01:11:26,217] [builder.py:1943]           [INFO]     | Illumination Entertainment Collection | ? | The Grinch (2018) (TMDb: 360920)                       |
[2023-01-31 01:11:26,341] [builder.py:1943]           [INFO]     | Illumination Entertainment Collection | ? | Despicable Me (2010) (TMDb: 20352)                     |
[2023-01-31 01:11:26,343] [builder.py:1943]           [INFO]     | Illumination Entertainment Collection | ? | The Secret Life of Pets 2 (2019) (TMDb: 412117)        |
[2023-01-31 01:11:26,461] [builder.py:1943]           [INFO]     | Illumination Entertainment Collection | ? | Despicable Me 3 (2017) (TMDb: 324852)                  |
[2023-01-31 01:11:26,579] [builder.py:1943]           [INFO]     | Illumination Entertainment Collection | ? | The Lorax (2012) (TMDb: 73723)                         |
[2023-01-31 01:11:26,699] [builder.py:1943]           [INFO]     | Illumination Entertainment Collection | ? | Minions (2015) (TMDb: 211672)                          |
[2023-01-31 01:11:26,832] [builder.py:1943]           [INFO]     | Illumination Entertainment Collection | ? | Minions: Home Makeover (2010) (TMDb: 54553)            |
[2023-01-31 01:11:26,834] [builder.py:1943]           [INFO]     | Illumination Entertainment Collection | ? | The Secret Life of Pets (2016) (TMDb: 328111)          |
[2023-01-31 01:11:26,956] [builder.py:1943]           [INFO]     | Illumination Entertainment Collection | ? | Hop (2011) (TMDb: 50359)                               |
[2023-01-31 01:11:27,054] [builder.py:1943]           [INFO]     | Illumination Entertainment Collection | ? | Banana (2010) (TMDb: 54551)                            |
[2023-01-31 01:11:27,166] [builder.py:1943]           [INFO]     | Illumination Entertainment Collection | ? | Cro Minion (2015) (TMDb: 366141)                       |
[2023-01-31 01:11:27,276] [builder.py:1943]           [INFO]     | Illumination Entertainment Collection | ? | Minions: Orientation Day (2010) (TMDb: 54559)          |
[2023-01-31 01:11:27,393] [builder.py:1943]           [INFO]     | Illumination Entertainment Collection | ? | Minions: Puppy (2013) (TMDb: 229407)                   |
[2023-01-31 01:11:27,508] [builder.py:1943]           [INFO]     | Illumination Entertainment Collection | ? | Yellow Is the New Black (2018) (TMDb: 553903)          |
[2023-01-31 01:11:27,613] [builder.py:1943]           [INFO]     | Illumination Entertainment Collection | ? | Despicable Me 4 (2024) (TMDb: 519182)                  |
[2023-01-31 01:11:27,718] [builder.py:1943]           [INFO]     | Illumination Entertainment Collection | ? | Minions: Training Wheels (2013) (TMDb: 229408)         |
[2023-01-31 01:11:27,819] [builder.py:1943]           [INFO]     | Illumination Entertainment Collection | ? | Mower Minions (2016) (TMDb: 403052)                    |
[2023-01-31 01:11:27,923] [builder.py:1943]           [INFO]     | Illumination Entertainment Collection | ? | Illumination Presents: Minions Holiday Special (2020) (TMDb: 764079) |
[2023-01-31 01:11:28,030] [builder.py:1943]           [INFO]     | Illumination Entertainment Collection | ? | Panic in the Mailroom (2013) (TMDb: 229405)            |
[2023-01-31 01:11:28,139] [builder.py:1943]           [INFO]     | Illumination Entertainment Collection | ? | Migration (2023) (TMDb: 940551)                        |
[2023-01-31 01:11:28,253] [builder.py:1943]           [INFO]     | Illumination Entertainment Collection | ? | Competition (2015) (TMDb: 366142)                      |
[2023-01-31 01:11:28,359] [builder.py:1943]           [INFO]     | Illumination Entertainment Collection | ? | Minion Scouts (2019) (TMDb: 624995)                    |
[2023-01-31 01:11:28,461] [builder.py:1943]           [INFO]     | Illumination Entertainment Collection | ? | Binky Nelson Unpacified (2015) (TMDb: 366143)          |
[2023-01-31 01:11:28,573] [builder.py:1943]           [INFO]     | Illumination Entertainment Collection | ? | Santa's Little Helpers (2019) (TMDb: 579524)           |
[2023-01-31 01:11:28,683] [builder.py:1943]           [INFO]     | Illumination Entertainment Collection | ? | Minions Jingle Bells (2014) (TMDb: 375186)             |
[2023-01-31 01:11:28,789] [builder.py:1943]           [INFO]     | Illumination Entertainment Collection | ? | Post Modern Minions (2022) (TMDb: 1018814)             |
[2023-01-31 01:11:28,896] [builder.py:1943]           [INFO]     | Illumination Entertainment Collection | ? | Minion Moments: Overkill (2017) (TMDb: 501104)         |
[2023-01-31 01:11:29,005] [builder.py:1943]           [INFO]     | Illumination Entertainment Collection | ? | Wagon Ho! (2012) (TMDb: 125448)                        |
[2023-01-31 01:11:29,116] [builder.py:1943]           [INFO]     | Illumination Entertainment Collection | ? | Eddie's Life Coach (2017) (TMDb: 449655)               |
[2023-01-31 01:11:29,224] [builder.py:1943]           [INFO]     | Illumination Entertainment Collection | ? | The Dog Days of Winter (2019) (TMDb: 580312)           |
[2023-01-31 01:11:29,335] [builder.py:1943]           [INFO]     | Illumination Entertainment Collection | ? | Minions: Movie Auditions (2013) (TMDb: 360848)         |
[2023-01-31 01:11:29,442] [builder.py:1943]           [INFO]     | Illumination Entertainment Collection | ? | Minions and Monsters (2021) (TMDb: 878357)             |
[2023-01-31 01:11:29,551] [builder.py:1943]           [INFO]     | Illumination Entertainment Collection | ? | Forces of Nature (2012) (TMDb: 125453)                 |
[2023-01-31 01:11:29,655] [builder.py:1943]           [INFO]     | Illumination Entertainment Collection | ? | Norman Television (2016) (TMDb: 424889)                |
[2023-01-31 01:11:29,806] [builder.py:1943]           [INFO]     | Illumination Entertainment Collection | ? | Super Gidget (2019) (TMDb: 624993)                     |
[2023-01-31 01:11:29,919] [builder.py:1943]           [INFO]     | Illumination Entertainment Collection | ? | Love at First Sight (2017) (TMDb: 449124)              |
[2023-01-31 01:11:30,057] [builder.py:1943]           [INFO]     | Illumination Entertainment Collection | ? | The Secret Life of Kyle (2017) (TMDb: 484809)          |
[2023-01-31 01:11:30,180] [builder.py:1943]           [INFO]     | Illumination Entertainment Collection | ? | Serenade (2012) (TMDb: 125445)                         |
[2023-01-31 01:11:30,285] [builder.py:1943]           [INFO]     | Illumination Entertainment Collection | ? | Despicable Me: Minion Mayhem (2012) (TMDb: 943482)     |
[2023-01-31 01:11:30,391] [builder.py:1943]           [INFO]     | Illumination Entertainment Collection | ? | Animal Attraction (2022) (TMDb: 945394)                |
[2023-01-31 01:11:30,509] [builder.py:1943]           [INFO]     | Illumination Entertainment Collection | ? | For Gunter’s Eyes Only (2022) (TMDb: 945322)           |
[2023-01-31 01:11:30,622] [builder.py:1943]           [INFO]     | Illumination Entertainment Collection | ? | Minion Moments: Drenched (2017) (TMDb: 501102)         |
[2023-01-31 01:11:30,723] [builder.py:1943]           [INFO]     | Illumination Entertainment Collection | ? | Gunter Babysits (2017) (TMDb: 448450)                  |
[2023-01-31 01:11:30,852] [builder.py:1943]           [INFO]     | Illumination Entertainment Collection | ? | Weenie (2016) (TMDb: 424873)                           |
[2023-01-31 01:11:30,954] [builder.py:1943]           [INFO]     | Illumination Entertainment Collection | ? | Come Home (2021) (TMDb: 931633)                        |
[2023-01-31 01:11:31,069] [builder.py:1943]           [INFO]     | Illumination Entertainment Collection | ? | Penglai (2022) (TMDb: 1026725)                         |
[2023-01-31 01:11:31,192] [builder.py:1943]           [INFO]     | Illumination Entertainment Collection | ? | Brad & Gary (2011) (TMDb: 912291)                      |
[2023-01-31 01:11:31,299] [builder.py:1943]           [INFO]     | Illumination Entertainment Collection | ? | Phil's Dance Party (2011) (TMDb: 240159)               |
[2023-01-31 01:11:31,300] [builder.py:1947]           [INFO]     |                                                                                                    |
[2023-01-31 01:11:31,300] [builder.py:1948]           [INFO]     | 50 Movies Missing                                                                                  |
[2023-01-31 01:11:31,672] [builder.py:2147]           [INFO]     |                                                                                                    |
[2023-01-31 01:11:31,673] [util.py:216]               [INFO]     |==================== Updating Details of Illumination Entertainment Collection =====================|
[2023-01-31 01:11:31,673] [builder.py:2149]           [INFO]     |                                                                                                    |
[2023-01-31 01:11:31,673] [builder.py:2156]           [INFO]     | Detail: summary updated Collection Summary                                                         |
[2023-01-31 01:11:31,674] [builder.py:2258]           [DEBUG]    | 1 posters found:                                                                                   |
[2023-01-31 01:11:31,674] [builder.py:2260]           [DEBUG]    | Method: url_poster Poster: https://theposterdb.com/api/assets/8158                                 |
[2023-01-31 01:11:31,675] [builder.py:2327]           [INFO]     | No background collection detail or asset folder found                                              |
[2023-01-31 01:11:31,675] [library.py:147]            [INFO]     | Detail: poster update not needed                                                                   |
[2023-01-31 01:11:31,768] [plex_meta_manager.py:880]  [INFO]     |                                                                                                    |
[2023-01-31 01:11:31,768] [util.py:209]               [INFO]     |====================================================================================================|
[2023-01-31 01:11:31,769] [util.py:216]               [INFO]     |                           Finished Illumination Entertainment Collection                           |
[2023-01-31 01:11:31,769] [util.py:216]               [INFO]     |                                    Collection Run Time: 0:00:06                                    |
[2023-01-31 01:11:31,769] [util.py:220]               [INFO]     |====================================================================================================|
