[2023-01-31 01:01:38,679] [util.py:209]               [INFO]     |====================================================================================================|
[2023-01-31 01:01:38,680] [util.py:216]               [INFO]     |                           Spooky Season Approaches Collection in Movies                            |
[2023-01-31 01:01:38,681] [util.py:220]               [INFO]     |====================================================================================================|
[2023-01-31 01:01:38,681] [plex_meta_manager.py:750]  [INFO]     |                                                                                                    |
[2023-01-31 01:01:38,681] [util.py:216]               [INFO]     |========================== Validating Spooky Season Approaches Attributes ==========================|
[2023-01-31 01:01:38,682] [builder.py:265]            [DEBUG]    |                                                                                                    |
[2023-01-31 01:01:38,682] [builder.py:266]            [DEBUG]    | Validating Method: template                                                                        |
[2023-01-31 01:01:38,682] [meta.py:83]                [DEBUG]    | Value: ordereddict([('name', 'Holiday'), ('poster', './config/posters/paintings/halloween.jpg')])  |
[2023-01-31 01:01:38,683] [builder.py:273]            [DEBUG]    |                                                                                                    |
[2023-01-31 01:01:38,683] [builder.py:274]            [DEBUG]    | Validating Method: delete_not_scheduled                                                            |
[2023-01-31 01:01:38,683] [builder.py:275]            [DEBUG]    | Value: True                                                                                        |
[2023-01-31 01:01:38,683] [builder.py:279]            [DEBUG]    |                                                                                                    |
[2023-01-31 01:01:38,683] [builder.py:280]            [DEBUG]    | Validating Method: schedule                                                                        |
[2023-01-31 01:01:38,684] [builder.py:284]            [DEBUG]    | Value: range(09/20-11/01)                                                                          |
[2023-01-31 01:01:38,687] [plex.py:687]               [DEBUG]    | Looking for: Spooky Season Approaches                                                              |
[2023-01-31 01:01:38,687] [util.py:161]               [INFO]     |                                                                                                    |
[2023-01-31 01:01:38,687] [util.py:161]               [INFO]     | Scheduled between September 20th and November 1st                                                  |
[2023-01-31 01:01:38,688] [util.py:161]               [INFO]     |                                                                                                    |
[2023-01-31 01:01:38,688] [util.py:161]               [INFO]     | Collection Spooky Season Approaches not scheduled to run and could not be found to delete          |
[2023-01-31 01:01:38,688] [plex_meta_manager.py:880]  [INFO]     |                                                                                                    |
[2023-01-31 01:01:38,689] [util.py:209]               [INFO]     |====================================================================================================|
[2023-01-31 01:01:38,689] [util.py:216]               [INFO]     |                            Finished Spooky Season Approaches Collection                            |
[2023-01-31 01:01:38,689] [util.py:216]               [INFO]     |                                    Collection Run Time: 0:00:00                                    |
[2023-01-31 01:01:38,690] [util.py:220]               [INFO]     |====================================================================================================|
