[2023-02-14 01:02:58,410] [util.py:209]               [INFO]     |====================================================================================================|
[2023-02-14 01:02:58,410] [util.py:216]               [INFO]     |                                Popular Movies Collection in Movies                                 |
[2023-02-14 01:02:58,411] [util.py:220]               [INFO]     |====================================================================================================|
[2023-02-14 01:02:58,411] [plex_meta_manager.py:750]  [INFO]     |                                                                                                    |
[2023-02-14 01:02:58,411] [util.py:216]               [INFO]     |=============================== Validating Popular Movies Attributes ===============================|
[2023-02-14 01:02:58,412] [builder.py:447]            [WARNING]  |                                                                                                    |
[2023-02-14 01:02:58,412] [builder.py:448]            [WARNING]  | Collection Warning: collection_order not found using library default_collection_order: release     |
[2023-02-14 01:02:58,412] [builder.py:453]            [DEBUG]    |                                                                                                    |
[2023-02-14 01:02:58,413] [builder.py:454]            [DEBUG]    | Validating Method: collection_order                                                                |
[2023-02-14 01:02:58,413] [builder.py:455]            [DEBUG]    | Value: release                                                                                     |
[2023-02-14 01:02:58,413] [builder.py:472]            [DEBUG]    |                                                                                                    |
[2023-02-14 01:02:58,413] [builder.py:473]            [DEBUG]    | Validating Method: sort_title                                                                      |
[2023-02-14 01:02:58,413] [builder.py:474]            [DEBUG]    | Value: 00000b_4                                                                                    |
[2023-02-14 01:02:58,414] [builder.py:472]            [DEBUG]    |                                                                                                    |
[2023-02-14 01:02:58,414] [builder.py:473]            [DEBUG]    | Validating Method: trakt_watched_weekly                                                            |
[2023-02-14 01:02:58,414] [builder.py:474]            [DEBUG]    | Value: 75                                                                                          |
[2023-02-14 01:02:58,414] [builder.py:472]            [DEBUG]    |                                                                                                    |
[2023-02-14 01:02:58,415] [builder.py:473]            [DEBUG]    | Validating Method: summary                                                                         |
[2023-02-14 01:02:58,415] [builder.py:474]            [DEBUG]    | Value: A collection of the most watched movies over the past week.                                 |
[2023-02-14 01:02:58,415] [builder.py:472]            [DEBUG]    |                                                                                                    |
[2023-02-14 01:02:58,415] [builder.py:473]            [DEBUG]    | Validating Method: url_poster                                                                      |
[2023-02-14 01:02:58,415] [builder.py:474]            [DEBUG]    | Value: https://i.imgur.com/WhHiFPX.jpg                                                             |
[2023-02-14 01:02:58,903] [builder.py:619]            [INFO]     |                                                                                                    |
[2023-02-14 01:02:58,903] [builder.py:620]            [INFO]     | Validation Successful                                                                              |
[2023-02-14 01:02:58,904] [plex_meta_manager.py:758]  [INFO]     |                                                                                                    |
[2023-02-14 01:02:58,904] [util.py:216]               [INFO]     |================================ Running Popular Movies Collection =================================|
[2023-02-14 01:02:58,904] [plex_meta_manager.py:773]  [INFO]     |                                                                                                    |
[2023-02-14 01:02:58,905] [plex_meta_manager.py:774]  [INFO]     | Sync Mode: append                                                                                  |
[2023-02-14 01:02:58,905] [builder.py:1275]           [DEBUG]    |                                                                                                    |
[2023-02-14 01:02:58,905] [builder.py:1276]           [DEBUG]    | Builder: trakt_watched_weekly: 75                                                                  |
[2023-02-14 01:02:58,905] [builder.py:1277]           [INFO]     |                                                                                                    |
[2023-02-14 01:02:58,906] [trakt.py:236]              [INFO]     | Processing Trakt Watched Weekly: 75 Movies                                                         |
[2023-02-14 01:03:00,841] [builder.py:1282]           [DEBUG]    |                                                                                                    |
[2023-02-14 01:03:00,841] [builder.py:1283]           [DEBUG]    | 75 IDs Found: [(505642, 'tmdb'), (646389, 'tmdb'), (536554, 'tmdb'), (615777, 'tmdb'), (76600, 'tmdb'), (315162, 'tmdb'), (631842, 'tmdb'), (758009, 'tmdb'), (696157, 'tmdb'), (593643, 'tmdb'), (703451, 'tmdb'), (361743, 'tmdb'), (866413, 'tmdb'), (436270, 'tmdb'), (842544, 'tmdb'), (653851, 'tmdb'), (545611, 'tmdb'), (877703, 'tmdb'), (661374, 'tmdb'), (1075519, 'tmdb'), (19995, 'tmdb'), (671, 'tmdb'), (718930, 'tmdb'), (1058949, 'tmdb'), (1003580, 'tmdb'), (293660, 'tmdb'), (674324, 'tmdb'), (299534, 'tmdb'), (785084, 'tmdb'), (937278, 'tmdb'), (414906, 'tmdb'), (118340, 'tmdb'), (850028, 'tmdb'), (634649, 'tmdb'), (157336, 'tmdb'), (899112, 'tmdb'), (672, 'tmdb'), (746524, 'tmdb'), (155, 'tmdb'), (497828, 'tmdb'), (955991, 'tmdb'), (299536, 'tmdb'), (788752, 'tmdb'), (49046, 'tmdb'), (616037, 'tmdb'), (120, 'tmdb'), (27205, 'tmdb'), (673, 'tmdb'), (804095, 'tmdb'), (546554, 'tmdb'), (1075529, 'tmdb'), (843794, 'tmdb'), (1726, 'tmdb'), (597, 'tmdb'), (800815, 'tmdb'), (24428, 'tmdb'), (245891, 'tmdb'), (507086, 'tmdb'), (542196, 'tmdb'), (438631, 'tmdb'), (508442, 'tmdb'), (271110, 'tmdb'), (335787, 'tmdb'), (603, 'tmdb'), (9277, 'tmdb'), (614934, 'tmdb'), (453395, 'tmdb'), (5919, 'tmdb'), (121, 'tmdb'), (675, 'tmdb'), (284054, 'tmdb'), (284052, 'tmdb'), (277834, 'tmdb'), (674, 'tmdb'), (122, 'tmdb')] |
[2023-02-14 01:03:00,842] [builder.py:1284]           [DEBUG]    |                                                                                                    |
[2023-02-14 01:03:02,148] [builder.py:1697]           [INFO]     |                                                                                                    |
[2023-02-14 01:03:02,148] [util.py:216]               [INFO]     |=============================== Adding to Popular Movies Collection ================================|
[2023-02-14 01:03:02,148] [builder.py:1699]           [INFO]     |                                                                                                    |
[2023-02-14 01:03:02,149] [builder.py:1709]           [INFO]     |  1/49 | Popular Movies Collection | = | M3GAN (2022)                                               |
[2023-02-14 01:03:02,149] [builder.py:1709]           [INFO]     |  2/49 | Popular Movies Collection | = | Puss in Boots: The Last Wish (2022)                        |
[2023-02-14 01:03:02,149] [builder.py:1709]           [INFO]     |  3/49 | Popular Movies Collection | = | The Menu (2022)                                            |
[2023-02-14 01:03:02,150] [builder.py:1709]           [INFO]     |  4/49 | Popular Movies Collection | = | Top Gun: Maverick (2022)                                   |
[2023-02-14 01:03:02,150] [builder.py:1709]           [INFO]     |  5/49 | Popular Movies Collection | = | Black Adam (2022)                                          |
[2023-02-14 01:03:02,151] [builder.py:1709]           [INFO]     |  6/49 | Popular Movies Collection | = | Devotion (2022)                                            |
[2023-02-14 01:03:02,151] [builder.py:1709]           [INFO]     |  7/49 | Popular Movies Collection | = | Everything Everywhere All at Once (2022)                   |
[2023-02-14 01:03:02,152] [builder.py:1709]           [INFO]     |  8/49 | Popular Movies Collection | = | Glass Onion (2022)                                         |
[2023-02-14 01:03:02,152] [builder.py:1709]           [INFO]     |  9/49 | Popular Movies Collection | = | Avatar (2009)                                              |
[2023-02-14 01:03:02,152] [builder.py:1709]           [INFO]     | 10/49 | Popular Movies Collection | = | Harry Potter and the Sorcerer's Stone (2001)               |
[2023-02-14 01:03:02,153] [builder.py:1709]           [INFO]     | 11/49 | Popular Movies Collection | = | Bullet Train (2022)                                        |
[2023-02-14 01:03:02,153] [builder.py:1709]           [INFO]     | 12/49 | Popular Movies Collection | = | Deadpool (2016)                                            |
[2023-02-14 01:03:02,153] [builder.py:1709]           [INFO]     | 13/49 | Popular Movies Collection | = | The Banshees of Inisherin (2022)                           |
[2023-02-14 01:03:02,154] [builder.py:1709]           [INFO]     | 14/49 | Popular Movies Collection | = | Avengers: Endgame (2019)                                   |
[2023-02-14 01:03:02,154] [builder.py:1709]           [INFO]     | 15/49 | Popular Movies Collection | = | The Batman (2022)                                          |
[2023-02-14 01:03:02,154] [builder.py:1709]           [INFO]     | 16/49 | Popular Movies Collection | = | Guardians of the Galaxy (2014)                             |
[2023-02-14 01:03:02,155] [builder.py:1709]           [INFO]     | 17/49 | Popular Movies Collection | = | Spider-Man: No Way Home (2021)                             |
[2023-02-14 01:03:02,155] [builder.py:1709]           [INFO]     | 18/49 | Popular Movies Collection | = | Interstellar (2014)                                        |
[2023-02-14 01:03:02,155] [builder.py:1709]           [INFO]     | 19/49 | Popular Movies Collection | = | Violent Night (2022)                                       |
[2023-02-14 01:03:02,156] [builder.py:1709]           [INFO]     | 20/49 | Popular Movies Collection | = | Harry Potter and the Chamber of Secrets (2002)             |
[2023-02-14 01:03:02,156] [builder.py:1709]           [INFO]     | 21/49 | Popular Movies Collection | = | The Dark Knight (2008)                                     |
[2023-02-14 01:03:02,156] [builder.py:1709]           [INFO]     | 22/49 | Popular Movies Collection | = | Triangle of Sadness (2022)                                 |
[2023-02-14 01:03:02,157] [builder.py:1709]           [INFO]     | 23/49 | Popular Movies Collection | = | Avengers: Infinity War (2018)                              |
[2023-02-14 01:03:02,157] [builder.py:1709]           [INFO]     | 24/49 | Popular Movies Collection | = | All Quiet on the Western Front (2022)                      |
[2023-02-14 01:03:02,157] [builder.py:1709]           [INFO]     | 25/49 | Popular Movies Collection | = | Thor: Love and Thunder (2022)                              |
[2023-02-14 01:03:02,158] [builder.py:1709]           [INFO]     | 26/49 | Popular Movies Collection | = | The Lord of the Rings: The Fellowship of the Ring (2001)   |
[2023-02-14 01:03:02,158] [builder.py:1709]           [INFO]     | 27/49 | Popular Movies Collection | = | Inception (2010)                                           |
[2023-02-14 01:03:02,158] [builder.py:1709]           [INFO]     | 28/49 | Popular Movies Collection | = | Harry Potter and the Prisoner of Azkaban (2004)            |
[2023-02-14 01:03:02,158] [builder.py:1709]           [INFO]     | 29/49 | Popular Movies Collection | = | The Fabelmans (2022)                                       |
[2023-02-14 01:03:02,159] [builder.py:1709]           [INFO]     | 30/49 | Popular Movies Collection | = | Knives Out (2019)                                          |
[2023-02-14 01:03:02,159] [builder.py:1709]           [INFO]     | 31/49 | Popular Movies Collection | = | Iron Man (2008)                                            |
[2023-02-14 01:03:02,160] [builder.py:1709]           [INFO]     | 32/49 | Popular Movies Collection | = | Titanic (1997)                                             |
[2023-02-14 01:03:02,160] [builder.py:1709]           [INFO]     | 33/49 | Popular Movies Collection | = | The Avengers (2012)                                        |
[2023-02-14 01:03:02,160] [builder.py:1709]           [INFO]     | 34/49 | Popular Movies Collection | = | John Wick (2014)                                           |
[2023-02-14 01:03:02,160] [builder.py:1709]           [INFO]     | 35/49 | Popular Movies Collection | = | Jurassic World: Dominion (2022)                            |
[2023-02-14 01:03:02,161] [builder.py:1709]           [INFO]     | 36/49 | Popular Movies Collection | = | Dune (2021)                                                |
[2023-02-14 01:03:02,161] [builder.py:1709]           [INFO]     | 37/49 | Popular Movies Collection | = | Soul (2020)                                                |
[2023-02-14 01:03:02,161] [builder.py:1709]           [INFO]     | 38/49 | Popular Movies Collection | = | Captain America: Civil War (2016)                          |
[2023-02-14 01:03:02,162] [builder.py:1709]           [INFO]     | 39/49 | Popular Movies Collection | = | Uncharted (2022)                                           |
[2023-02-14 01:03:02,162] [builder.py:1709]           [INFO]     | 40/49 | Popular Movies Collection | = | The Matrix (1999)                                          |
[2023-02-14 01:03:02,162] [builder.py:1709]           [INFO]     | 41/49 | Popular Movies Collection | = | Elvis (2022)                                               |
[2023-02-14 01:03:02,163] [builder.py:1709]           [INFO]     | 42/49 | Popular Movies Collection | = | Doctor Strange in the Multiverse of Madness (2022)         |
[2023-02-14 01:03:02,163] [builder.py:1709]           [INFO]     | 43/49 | Popular Movies Collection | = | The Lord of the Rings: The Two Towers (2002)               |
[2023-02-14 01:03:02,163] [builder.py:1709]           [INFO]     | 44/49 | Popular Movies Collection | = | Harry Potter and the Order of the Phoenix (2007)           |
[2023-02-14 01:03:02,164] [builder.py:1709]           [INFO]     | 45/49 | Popular Movies Collection | = | Black Panther (2018)                                       |
[2023-02-14 01:03:02,164] [builder.py:1709]           [INFO]     | 46/49 | Popular Movies Collection | = | Doctor Strange (2016)                                      |
[2023-02-14 01:03:02,164] [builder.py:1709]           [INFO]     | 47/49 | Popular Movies Collection | = | Moana (2016)                                               |
[2023-02-14 01:03:02,165] [builder.py:1709]           [INFO]     | 48/49 | Popular Movies Collection | = | Harry Potter and the Goblet of Fire (2005)                 |
[2023-02-14 01:03:02,165] [builder.py:1709]           [INFO]     | 49/49 | Popular Movies Collection | = | The Lord of the Rings: The Return of the King (2003)       |
[2023-02-14 01:03:02,167] [builder.py:1734]           [INFO]     |                                                                                                    |
[2023-02-14 01:03:02,167] [builder.py:1735]           [INFO]     | 49 Movies Processed                                                                                |
[2023-02-14 01:03:02,168] [builder.py:1929]           [INFO]     |                                                                                                    |
[2023-02-14 01:03:02,168] [util.py:216]               [INFO]     |=========================== Missing Movies from Library: Popular Movies ============================|
[2023-02-14 01:03:02,168] [builder.py:1931]           [INFO]     |                                                                                                    |
[2023-02-14 01:03:02,173] [builder.py:1943]           [INFO]     | Popular Movies Collection | ? | Black Panther: Wakanda Forever (2022) (TMDb: 505642)               |
[2023-02-14 01:03:02,175] [builder.py:1943]           [INFO]     | Popular Movies Collection | ? | Plane (2023) (TMDb: 646389)                                        |
[2023-02-14 01:03:02,177] [builder.py:1943]           [INFO]     | Popular Movies Collection | ? | Babylon (2022) (TMDb: 615777)                                      |
[2023-02-14 01:03:02,180] [builder.py:1943]           [INFO]     | Popular Movies Collection | ? | Avatar: The Way of Water (2022) (TMDb: 76600)                      |
[2023-02-14 01:03:02,288] [builder.py:1943]           [INFO]     | Popular Movies Collection | ? | Knock at the Cabin (2023) (TMDb: 631842)                           |
[2023-02-14 01:03:02,289] [builder.py:1943]           [INFO]     | Popular Movies Collection | ? | Shotgun Wedding (2022) (TMDb: 758009)                              |
[2023-02-14 01:03:02,290] [builder.py:1943]           [INFO]     | Popular Movies Collection | ? | Whitney Houston: I Wanna Dance with Somebody (2022) (TMDb: 696157) |
[2023-02-14 01:03:02,291] [builder.py:1943]           [INFO]     | Popular Movies Collection | ? | Your Place or Mine (2023) (TMDb: 703451)                           |
[2023-02-14 01:03:02,292] [builder.py:1943]           [INFO]     | Popular Movies Collection | ? | You People (2023) (TMDb: 866413)                                   |
[2023-02-14 01:03:02,293] [builder.py:1943]           [INFO]     | Popular Movies Collection | ? | Transfusion (2023) (TMDb: 842544)                                  |
[2023-02-14 01:03:02,294] [builder.py:1943]           [INFO]     | Popular Movies Collection | ? | Teen Wolf: The Movie (2023) (TMDb: 877703)                         |
[2023-02-14 01:03:02,295] [builder.py:1943]           [INFO]     | Popular Movies Collection | ? | The Locksmith (2023) (TMDb: 1075519)                               |
[2023-02-14 01:03:02,296] [builder.py:1943]           [INFO]     | Popular Movies Collection | ? | Little Dixie (2023) (TMDb: 1058949)                                |
[2023-02-14 01:03:02,296] [builder.py:1943]           [INFO]     | Popular Movies Collection | ? | Legion of Super-Heroes (2023) (TMDb: 1003580)                      |
[2023-02-14 01:03:02,408] [builder.py:1943]           [INFO]     | Popular Movies Collection | ? | The Whale (2022) (TMDb: 785084)                                    |
[2023-02-14 01:03:02,504] [builder.py:1943]           [INFO]     | Popular Movies Collection | ? | A Man Called Otto (2022) (TMDb: 937278)                            |
[2023-02-14 01:03:02,505] [builder.py:1943]           [INFO]     | Popular Movies Collection | ? | Alice, Darling (2022) (TMDb: 850028)                               |
[2023-02-14 01:03:02,506] [builder.py:1943]           [INFO]     | Popular Movies Collection | ? | Blood (2023) (TMDb: 746524)                                        |
[2023-02-14 01:03:02,507] [builder.py:1943]           [INFO]     | Popular Movies Collection | ? | The Offering (2023) (TMDb: 955991)                                 |
[2023-02-14 01:03:02,508] [builder.py:1943]           [INFO]     | Popular Movies Collection | ? | Viking Wolf (2022) (TMDb: 788752)                                  |
[2023-02-14 01:03:02,632] [builder.py:1943]           [INFO]     | Popular Movies Collection | ? | Boso Dos (2023) (TMDb: 1075529)                                    |
[2023-02-14 01:03:02,634] [builder.py:1943]           [INFO]     | Popular Movies Collection | ? | JUNG_E (2023) (TMDb: 843794)                                       |
[2023-02-14 01:03:02,635] [builder.py:1943]           [INFO]     | Popular Movies Collection | ? | The Pale Blue Eye (2022) (TMDb: 800815)                            |
[2023-02-14 01:03:02,736] [builder.py:1943]           [INFO]     | Popular Movies Collection | ? | Wolf Hound (2022) (TMDb: 542196)                                   |
[2023-02-14 01:03:02,829] [builder.py:1943]           [INFO]     | Popular Movies Collection | ? | The Sting (1973) (TMDb: 9277)                                      |
[2023-02-14 01:03:02,923] [builder.py:1943]           [INFO]     | Popular Movies Collection | ? | The Towering Inferno (1974) (TMDb: 5919)                           |
[2023-02-14 01:03:02,924] [builder.py:1947]           [INFO]     |                                                                                                    |
[2023-02-14 01:03:02,924] [builder.py:1948]           [INFO]     | 26 Movies Missing                                                                                  |
[2023-02-14 01:03:02,988] [builder.py:2147]           [INFO]     |                                                                                                    |
[2023-02-14 01:03:02,988] [util.py:216]               [INFO]     |========================== Updating Details of Popular Movies Collection ===========================|
[2023-02-14 01:03:02,989] [builder.py:2149]           [INFO]     |                                                                                                    |
[2023-02-14 01:03:02,989] [builder.py:2156]           [INFO]     | Detail: summary updated Collection Summary                                                         |
[2023-02-14 01:03:02,990] [builder.py:2258]           [DEBUG]    | 1 posters found:                                                                                   |
[2023-02-14 01:03:02,990] [builder.py:2260]           [DEBUG]    | Method: url_poster Poster: https://i.imgur.com/WhHiFPX.jpg                                         |
[2023-02-14 01:03:02,990] [builder.py:2327]           [INFO]     | No background collection detail or asset folder found                                              |
[2023-02-14 01:03:02,999] [library.py:147]            [INFO]     | Detail: poster update not needed                                                                   |
[2023-02-14 01:03:03,480] [plex_meta_manager.py:880]  [INFO]     |                                                                                                    |
[2023-02-14 01:03:03,480] [util.py:209]               [INFO]     |====================================================================================================|
[2023-02-14 01:03:03,480] [util.py:216]               [INFO]     |                                 Finished Popular Movies Collection                                 |
[2023-02-14 01:03:03,481] [util.py:216]               [INFO]     |                                    Collection Run Time: 0:00:05                                    |
[2023-02-14 01:03:03,481] [util.py:220]               [INFO]     |====================================================================================================|
