[2023-01-31 01:01:05,905] [util.py:209]               [INFO]     |====================================================================================================|
[2023-01-31 01:01:05,906] [util.py:216]               [INFO]     |                                    Jumanji Collection in Movies                                    |
[2023-01-31 01:01:05,906] [util.py:220]               [INFO]     |====================================================================================================|
[2023-01-31 01:01:05,907] [plex_meta_manager.py:750]  [INFO]     |                                                                                                    |
[2023-01-31 01:01:05,908] [util.py:216]               [INFO]     |================================== Validating Jumanji Attributes ===================================|
[2023-01-31 01:01:05,908] [builder.py:265]            [DEBUG]    |                                                                                                    |
[2023-01-31 01:01:05,908] [builder.py:266]            [DEBUG]    | Validating Method: template                                                                        |
[2023-01-31 01:01:05,909] [meta.py:83]                [DEBUG]    | Value: ordereddict([('name', 'Movie'), ('collection', 495527), ('summary', 495527), ('poster', 'https://theposterdb.com/api/assets/54112')]) |
[2023-01-31 01:01:05,909] [builder.py:330]            [DEBUG]    |                                                                                                    |
[2023-01-31 01:01:05,909] [builder.py:331]            [DEBUG]    | Validating Method: sync_mode                                                                       |
[2023-01-31 01:01:05,909] [builder.py:335]            [DEBUG]    | Value: sync                                                                                        |
[2023-01-31 01:01:05,910] [builder.py:453]            [DEBUG]    |                                                                                                    |
[2023-01-31 01:01:05,910] [builder.py:454]            [DEBUG]    | Validating Method: collection_order                                                                |
[2023-01-31 01:01:05,910] [builder.py:455]            [DEBUG]    | Value: release                                                                                     |
[2023-01-31 01:01:05,911] [builder.py:472]            [DEBUG]    |                                                                                                    |
[2023-01-31 01:01:05,911] [builder.py:473]            [DEBUG]    | Validating Method: url_poster                                                                      |
[2023-01-31 01:01:05,911] [builder.py:474]            [DEBUG]    | Value: https://theposterdb.com/api/assets/54112                                                    |
[2023-01-31 01:01:05,911] [builder.py:472]            [DEBUG]    |                                                                                                    |
[2023-01-31 01:01:05,912] [builder.py:473]            [DEBUG]    | Validating Method: tmdb_collection                                                                 |
[2023-01-31 01:01:05,912] [builder.py:474]            [DEBUG]    | Value: 495527                                                                                      |
[2023-01-31 01:01:06,014] [builder.py:472]            [DEBUG]    |                                                                                                    |
[2023-01-31 01:01:06,014] [builder.py:473]            [DEBUG]    | Validating Method: tmdb_summary                                                                    |
[2023-01-31 01:01:06,015] [builder.py:474]            [DEBUG]    | Value: 495527                                                                                      |
[2023-01-31 01:01:06,015] [builder.py:472]            [DEBUG]    |                                                                                                    |
[2023-01-31 01:01:06,015] [builder.py:473]            [DEBUG]    | Validating Method: sort_title                                                                      |
[2023-01-31 01:01:06,016] [builder.py:474]            [DEBUG]    | Value: 00000f_Jumanji                                                                              |
[2023-01-31 01:01:06,016] [builder.py:472]            [DEBUG]    |                                                                                                    |
[2023-01-31 01:01:06,016] [builder.py:473]            [DEBUG]    | Validating Method: radarr_add_missing                                                              |
[2023-01-31 01:01:06,017] [builder.py:474]            [DEBUG]    | Value: True                                                                                        |
[2023-01-31 01:01:06,199] [builder.py:619]            [INFO]     |                                                                                                    |
[2023-01-31 01:01:06,200] [builder.py:620]            [INFO]     | Validation Successful                                                                              |
[2023-01-31 01:01:06,201] [plex_meta_manager.py:758]  [INFO]     |                                                                                                    |
[2023-01-31 01:01:06,201] [util.py:216]               [INFO]     |==================================== Running Jumanji Collection ====================================|
[2023-01-31 01:01:06,201] [plex_meta_manager.py:773]  [INFO]     |                                                                                                    |
[2023-01-31 01:01:06,202] [plex_meta_manager.py:774]  [INFO]     | Sync Mode: sync                                                                                    |
[2023-01-31 01:01:06,202] [builder.py:1275]           [DEBUG]    |                                                                                                    |
[2023-01-31 01:01:06,202] [builder.py:1276]           [DEBUG]    | Builder: tmdb_collection: 495527                                                                   |
[2023-01-31 01:01:06,203] [builder.py:1277]           [INFO]     |                                                                                                    |
[2023-01-31 01:01:06,203] [tmdb.py:323]               [INFO]     | Processing TMDb Collection: (495527) Jumanji Collection (3 Items)                                  |
[2023-01-31 01:01:06,203] [builder.py:1282]           [DEBUG]    |                                                                                                    |
[2023-01-31 01:01:06,204] [builder.py:1283]           [DEBUG]    | 3 IDs Found: [(8844, 'tmdb'), (353486, 'tmdb'), (512200, 'tmdb')]                                  |
[2023-01-31 01:01:06,204] [builder.py:1284]           [DEBUG]    |                                                                                                    |
[2023-01-31 01:01:06,271] [builder.py:1697]           [INFO]     |                                                                                                    |
[2023-01-31 01:01:06,272] [util.py:216]               [INFO]     |=================================== Adding to Jumanji Collection ===================================|
[2023-01-31 01:01:06,272] [builder.py:1699]           [INFO]     |                                                                                                    |
[2023-01-31 01:01:06,272] [builder.py:1709]           [INFO]     | 1/3 | Jumanji Collection | = | Jumanji (1995)                                                      |
[2023-01-31 01:01:06,273] [builder.py:1709]           [INFO]     | 2/3 | Jumanji Collection | = | Jumanji: Welcome to the Jungle (2017)                               |
[2023-01-31 01:01:06,273] [builder.py:1709]           [INFO]     | 3/3 | Jumanji Collection | = | Jumanji: The Next Level (2019)                                      |
[2023-01-31 01:01:06,274] [builder.py:1734]           [INFO]     |                                                                                                    |
[2023-01-31 01:01:06,274] [builder.py:1735]           [INFO]     | 3 Movies Processed                                                                                 |
[2023-01-31 01:01:06,278] [builder.py:2147]           [INFO]     |                                                                                                    |
[2023-01-31 01:01:06,278] [util.py:216]               [INFO]     |============================== Updating Details of Jumanji Collection ==============================|
[2023-01-31 01:01:06,278] [builder.py:2149]           [INFO]     |                                                                                                    |
[2023-01-31 01:01:06,279] [builder.py:2156]           [INFO]     | Detail: tmdb_summary updated Collection Summary                                                    |
[2023-01-31 01:01:06,280] [builder.py:2258]           [DEBUG]    | 1 posters found:                                                                                   |
[2023-01-31 01:01:06,280] [builder.py:2260]           [DEBUG]    | Method: url_poster Poster: https://theposterdb.com/api/assets/54112                                |
[2023-01-31 01:01:06,281] [builder.py:2327]           [INFO]     | No background collection detail or asset folder found                                              |
[2023-01-31 01:01:06,281] [library.py:147]            [INFO]     | Detail: poster update not needed                                                                   |
[2023-01-31 01:01:06,460] [plex_meta_manager.py:880]  [INFO]     |                                                                                                    |
[2023-01-31 01:01:06,460] [util.py:209]               [INFO]     |====================================================================================================|
[2023-01-31 01:01:06,461] [util.py:216]               [INFO]     |                                    Finished Jumanji Collection                                     |
[2023-01-31 01:01:06,461] [util.py:216]               [INFO]     |                                    Collection Run Time: 0:00:00                                    |
[2023-01-31 01:01:06,461] [util.py:220]               [INFO]     |====================================================================================================|
