[2023-02-14 02:34:52,947] [util.py:209]               [INFO]     |====================================================================================================|
[2023-02-14 02:34:52,948] [util.py:216]               [INFO]     |                                  Showtime Collection in TV Shows                                   |
[2023-02-14 02:34:52,948] [util.py:220]               [INFO]     |====================================================================================================|
[2023-02-14 02:34:52,948] [plex_meta_manager.py:750]  [INFO]     |                                                                                                    |
[2023-02-14 02:34:52,949] [util.py:216]               [INFO]     |================================== Validating Showtime Attributes ==================================|
[2023-02-14 02:34:52,949] [builder.py:265]            [DEBUG]    |                                                                                                    |
[2023-02-14 02:34:52,949] [builder.py:266]            [DEBUG]    | Validating Method: template                                                                        |
[2023-02-14 02:34:52,950] [meta.py:83]                [DEBUG]    | Value: ordereddict([('name', 'network'), ('network', 67), ('poster', 'https://theposterdb.com/api/assets/138092')]) |
[2023-02-14 02:34:52,950] [builder.py:330]            [DEBUG]    |                                                                                                    |
[2023-02-14 02:34:52,950] [builder.py:331]            [DEBUG]    | Validating Method: sync_mode                                                                       |
[2023-02-14 02:34:52,950] [builder.py:335]            [DEBUG]    | Value: sync                                                                                        |
[2023-02-14 02:34:52,951] [builder.py:453]            [DEBUG]    |                                                                                                    |
[2023-02-14 02:34:52,951] [builder.py:454]            [DEBUG]    | Validating Method: collection_order                                                                |
[2023-02-14 02:34:52,951] [builder.py:455]            [DEBUG]    | Value: alpha                                                                                       |
[2023-02-14 02:34:52,952] [builder.py:472]            [DEBUG]    |                                                                                                    |
[2023-02-14 02:34:52,952] [builder.py:473]            [DEBUG]    | Validating Method: tmdb_network                                                                    |
[2023-02-14 02:34:52,952] [builder.py:474]            [DEBUG]    | Value: 67                                                                                          |
[2023-02-14 02:34:53,055] [builder.py:472]            [DEBUG]    |                                                                                                    |
[2023-02-14 02:34:53,056] [builder.py:473]            [DEBUG]    | Validating Method: url_poster                                                                      |
[2023-02-14 02:34:53,056] [builder.py:474]            [DEBUG]    | Value: https://theposterdb.com/api/assets/138092                                                   |
[2023-02-14 02:34:53,056] [builder.py:472]            [DEBUG]    |                                                                                                    |
[2023-02-14 02:34:53,057] [builder.py:473]            [DEBUG]    | Validating Method: sort_title                                                                      |
[2023-02-14 02:34:53,057] [builder.py:474]            [DEBUG]    | Value: +4_Showtime                                                                                 |
[2023-02-14 02:34:53,133] [builder.py:619]            [INFO]     |                                                                                                    |
[2023-02-14 02:34:53,133] [builder.py:620]            [INFO]     | Validation Successful                                                                              |
[2023-02-14 02:34:53,134] [plex_meta_manager.py:758]  [INFO]     |                                                                                                    |
[2023-02-14 02:34:53,134] [util.py:216]               [INFO]     |=================================== Running Showtime Collection ====================================|
[2023-02-14 02:34:53,134] [plex_meta_manager.py:773]  [INFO]     |                                                                                                    |
[2023-02-14 02:34:53,134] [plex_meta_manager.py:774]  [INFO]     | Sync Mode: sync                                                                                    |
[2023-02-14 02:34:53,135] [builder.py:1275]           [DEBUG]    |                                                                                                    |
[2023-02-14 02:34:53,135] [builder.py:1276]           [DEBUG]    | Builder: tmdb_network: 67                                                                          |
[2023-02-14 02:34:53,135] [builder.py:1277]           [INFO]     |                                                                                                    |
[2023-02-14 02:34:54,356] [tmdb.py:282]               [INFO]     | Processing TMDb Network: (67) Showtime (211 Shows)                                                 |
[2023-02-14 02:34:54,357] [builder.py:1282]           [DEBUG]    |                                                                                                    |
[2023-02-14 02:34:54,357] [builder.py:1283]           [DEBUG]    | 211 IDs Found: [(34307, 'tmdb_show'), (86430, 'tmdb_show'), (4629, 'tmdb_show'), (1405, 'tmdb_show'), (1407, 'tmdb_show'), (1920, 'tmdb_show'), (62852, 'tmdb_show'), (1423, 'tmdb_show'), (1215, 'tmdb_show'), (131927, 'tmdb_show'), (117488, 'tmdb_show'), (2942, 'tmdb_show'), (186, 'tmdb_show'), (118663, 'tmdb_show'), (66389, 'tmdb_show'), (2902, 'tmdb_show'), (58937, 'tmdb_show'), (3475, 'tmdb_show'), (33025, 'tmdb_show'), (61463, 'tmdb_show'), (89630, 'tmdb_show'), (79618, 'tmdb_show'), (54671, 'tmdb_show'), (3470, 'tmdb_show'), (217732, 'tmdb_show'), (21561, 'tmdb_show'), (83685, 'tmdb_show'), (136735, 'tmdb_show'), (39702, 'tmdb_show'), (2566, 'tmdb_show'), (71932, 'tmdb_show'), (14315, 'tmdb_show'), (1082, 'tmdb_show'), (10047, 'tmdb_show'), (243, 'tmdb_show'), (18053, 'tmdb_show'), (71733, 'tmdb_show'), (126301, 'tmdb_show'), (65339, 'tmdb_show'), (7097, 'tmdb_show'), (37581, 'tmdb_show'), (72071, 'tmdb_show'), (12832, 'tmdb_show'), (73925, 'tmdb_show'), (72787, 'tmdb_show'), (2204, 'tmdb_show'), (80730, 'tmdb_show'), (84970, 'tmdb_show'), (32406, 'tmdb_show'), (14653, 'tmdb_show'), (127585, 'tmdb_show'), (2409, 'tmdb_show'), (72039, 'tmdb_show'), (80443, 'tmdb_show'), (80230, 'tmdb_show'), (80703, 'tmdb_show'), (31841, 'tmdb_show'), (219001, 'tmdb_show'), (99070, 'tmdb_show'), (87523, 'tmdb_show'), (75804, 'tmdb_show'), (80750, 'tmdb_show'), (201380, 'tmdb_show'), (68319, 'tmdb_show'), (104954, 'tmdb_show'), (38953, 'tmdb_show'), (65748, 'tmdb_show'), (66620, 'tmdb_show'), (184, 'tmdb_show'), (91746, 'tmdb_show'), (74906, 'tmdb_show'), (4603, 'tmdb_show'), (6460, 'tmdb_show'), (2302, 'tmdb_show'), (109377, 'tmdb_show'), (33054, 'tmdb_show'), (21031, 'tmdb_show'), (3173, 'tmdb_show'), (12635, 'tmdb_show'), (61541, 'tmdb_show'), (4715, 'tmdb_show'), (57391, 'tmdb_show'), (122804, 'tmdb_show'), (11183, 'tmdb_show'), (4981, 'tmdb_show'), (71550, 'tmdb_show'), (64607, 'tmdb_show'), (73924, 'tmdb_show'), (12856, 'tmdb_show'), (91820, 'tmdb_show'), (11134, 'tmdb_show'), (195815, 'tmdb_show'), (111500, 'tmdb_show'), (66094, 'tmdb_show'), (1898, 'tmdb_show'), (46353, 'tmdb_show'), (1445, 'tmdb_show'), (91814, 'tmdb_show'), (9861, 'tmdb_show'), (217198, 'tmdb_show'), (39916, 'tmdb_show'), (9841, 'tmdb_show'), (85999, 'tmdb_show'), (59397, 'tmdb_show'), (36518, 'tmdb_show'), (10639, 'tmdb_show'), (123198, 'tmdb_show'), (5912, 'tmdb_show'), (3119, 'tmdb_show'), (114655, 'tmdb_show'), (100662, 'tmdb_show'), (109332, 'tmdb_show'), (127642, 'tmdb_show'), (46679, 'tmdb_show'), (34234, 'tmdb_show'), (24149, 'tmdb_show'), (6623, 'tmdb_show'), (46502, 'tmdb_show'), (59087, 'tmdb_show'), (2805, 'tmdb_show'), (153742, 'tmdb_show'), (210077, 'tmdb_show'), (73473, 'tmdb_show'), (3300, 'tmdb_show'), (73767, 'tmdb_show'), (75502, 'tmdb_show'), (91821, 'tmdb_show'), (52684, 'tmdb_show'), (2501, 'tmdb_show'), (30867, 'tmdb_show'), (76230, 'tmdb_show'), (8000, 'tmdb_show'), (103050, 'tmdb_show'), (33961, 'tmdb_show'), (23656, 'tmdb_show'), (70134, 'tmdb_show'), (55725, 'tmdb_show'), (24311, 'tmdb_show'), (4073, 'tmdb_show'), (110334, 'tmdb_show'), (19797, 'tmdb_show'), (136011, 'tmdb_show'), (14120, 'tmdb_show'), (29998, 'tmdb_show'), (687, 'tmdb_show'), (118570, 'tmdb_show'), (1851, 'tmdb_show'), (42022, 'tmdb_show'), (5218, 'tmdb_show'), (81442, 'tmdb_show'), (23344, 'tmdb_show'), (209922, 'tmdb_show'), (155819, 'tmdb_show'), (83170, 'tmdb_show'), (39813, 'tmdb_show'), (16172, 'tmdb_show'), (99054, 'tmdb_show'), (25942, 'tmdb_show'), (13673, 'tmdb_show'), (38168, 'tmdb_show'), (15481, 'tmdb_show'), (20473, 'tmdb_show'), (67735, 'tmdb_show'), (98562, 'tmdb_show'), (157312, 'tmdb_show'), (44719, 'tmdb_show'), (46969, 'tmdb_show'), (23131, 'tmdb_show'), (73462, 'tmdb_show'), (79202, 'tmdb_show'), (10657, 'tmdb_show'), (32879, 'tmdb_show'), (89954, 'tmdb_show'), (61204, 'tmdb_show'), (71900, 'tmdb_show'), (21294, 'tmdb_show'), (93446, 'tmdb_show'), (28216, 'tmdb_show'), (28083, 'tmdb_show'), (24593, 'tmdb_show'), (204672, 'tmdb_show'), (15424, 'tmdb_show'), (216089, 'tmdb_show'), (131300, 'tmdb_show'), (36343, 'tmdb_show'), (131163, 'tmdb_show'), (62903, 'tmdb_show'), (55627, 'tmdb_show'), (47310, 'tmdb_show'), (39744, 'tmdb_show'), (38497, 'tmdb_show'), (37411, 'tmdb_show'), (37401, 'tmdb_show'), (36096, 'tmdb_show'), (35619, 'tmdb_show'), (33724, 'tmdb_show'), (31113, 'tmdb_show'), (31030, 'tmdb_show'), (30554, 'tmdb_show'), (30330, 'tmdb_show'), (29550, 'tmdb_show'), (27663, 'tmdb_show'), (26727, 'tmdb_show'), (25792, 'tmdb_show'), (25386, 'tmdb_show'), (25250, 'tmdb_show'), (25053, 'tmdb_show'), (23085, 'tmdb_show'), (15880, 'tmdb_show'), (6970, 'tmdb_show'), (5879, 'tmdb_show')] |
[2023-02-14 02:34:54,357] [builder.py:1284]           [DEBUG]    |                                                                                                    |
[2023-02-14 02:34:54,608] [builder.py:1361]           [ERROR]    | Convert Error: No TVDb ID Found for TMDb ID: 219001                                                |
[2023-02-14 02:34:54,829] [builder.py:1361]           [ERROR]    | Convert Error: No TVDb ID Found for TMDb ID: 3119                                                  |
[2023-02-14 02:34:54,927] [builder.py:1361]           [ERROR]    | Convert Error: No TVDb ID Found for TMDb ID: 114655                                                |
[2023-02-14 02:34:55,024] [builder.py:1361]           [ERROR]    | Convert Error: No TVDb ID Found for TMDb ID: 100662                                                |
[2023-02-14 02:34:55,123] [builder.py:1361]           [ERROR]    | Convert Error: No TVDb ID Found for TMDb ID: 46679                                                 |
[2023-02-14 02:34:55,225] [builder.py:1361]           [ERROR]    | Convert Error: No TVDb ID Found for TMDb ID: 46502                                                 |
[2023-02-14 02:34:55,339] [builder.py:1361]           [ERROR]    | Convert Error: No TVDb ID Found for TMDb ID: 155819                                                |
[2023-02-14 02:34:55,440] [builder.py:1361]           [ERROR]    | Convert Error: No TVDb ID Found for TMDb ID: 99054                                                 |
[2023-02-14 02:34:55,537] [builder.py:1361]           [ERROR]    | Convert Error: No TVDb ID Found for TMDb ID: 15481                                                 |
[2023-02-14 02:34:55,650] [builder.py:1361]           [ERROR]    | Convert Error: No TVDb ID Found for TMDb ID: 44719                                                 |
[2023-02-14 02:34:55,748] [builder.py:1361]           [ERROR]    | Convert Error: No TVDb ID Found for TMDb ID: 46969                                                 |
[2023-02-14 02:34:55,863] [builder.py:1361]           [ERROR]    | Convert Error: No TVDb ID Found for TMDb ID: 23131                                                 |
[2023-02-14 02:34:55,963] [builder.py:1361]           [ERROR]    | Convert Error: No TVDb ID Found for TMDb ID: 73462                                                 |
[2023-02-14 02:34:56,067] [builder.py:1361]           [ERROR]    | Convert Error: No TVDb ID Found for TMDb ID: 28083                                                 |
[2023-02-14 02:34:56,168] [builder.py:1361]           [ERROR]    | Convert Error: No TVDb ID Found for TMDb ID: 36343                                                 |
[2023-02-14 02:34:56,282] [builder.py:1361]           [ERROR]    | Convert Error: No TVDb ID Found for TMDb ID: 131163                                                |
[2023-02-14 02:34:56,376] [builder.py:1361]           [ERROR]    | Convert Error: No TVDb ID Found for TMDb ID: 55627                                                 |
[2023-02-14 02:34:56,469] [builder.py:1361]           [ERROR]    | Convert Error: No TVDb ID Found for TMDb ID: 37411                                                 |
[2023-02-14 02:34:56,591] [builder.py:1361]           [ERROR]    | Convert Error: No TVDb ID Found for TMDb ID: 37401                                                 |
[2023-02-14 02:34:56,696] [builder.py:1361]           [ERROR]    | Convert Error: No TVDb ID Found for TMDb ID: 36096                                                 |
[2023-02-14 02:34:56,788] [builder.py:1361]           [ERROR]    | Convert Error: No TVDb ID Found for TMDb ID: 35619                                                 |
[2023-02-14 02:34:56,879] [builder.py:1361]           [ERROR]    | Convert Error: No TVDb ID Found for TMDb ID: 33724                                                 |
[2023-02-14 02:34:56,968] [builder.py:1361]           [ERROR]    | Convert Error: No TVDb ID Found for TMDb ID: 31030                                                 |
[2023-02-14 02:34:57,093] [builder.py:1361]           [ERROR]    | Convert Error: No TVDb ID Found for TMDb ID: 30554                                                 |
[2023-02-14 02:34:57,200] [builder.py:1361]           [ERROR]    | Convert Error: No TVDb ID Found for TMDb ID: 30330                                                 |
[2023-02-14 02:34:57,297] [builder.py:1361]           [ERROR]    | Convert Error: No TVDb ID Found for TMDb ID: 29550                                                 |
[2023-02-14 02:34:57,395] [builder.py:1361]           [ERROR]    | Convert Error: No TVDb ID Found for TMDb ID: 27663                                                 |
[2023-02-14 02:34:57,504] [builder.py:1361]           [ERROR]    | Convert Error: No TVDb ID Found for TMDb ID: 26727                                                 |
[2023-02-14 02:34:57,607] [builder.py:1361]           [ERROR]    | Convert Error: No TVDb ID Found for TMDb ID: 25386                                                 |
[2023-02-14 02:34:57,702] [builder.py:1361]           [ERROR]    | Convert Error: No TVDb ID Found for TMDb ID: 25250                                                 |
[2023-02-14 02:34:57,809] [builder.py:1361]           [ERROR]    | Convert Error: No TVDb ID Found for TMDb ID: 23085                                                 |
[2023-02-14 02:34:57,908] [builder.py:1361]           [ERROR]    | Convert Error: No TVDb ID Found for TMDb ID: 15880                                                 |
[2023-02-14 02:34:58,005] [builder.py:1361]           [ERROR]    | Convert Error: No TVDb ID Found for TMDb ID: 6970                                                  |
[2023-02-14 02:34:58,107] [builder.py:1361]           [ERROR]    | Convert Error: No TVDb ID Found for TMDb ID: 5879                                                  |
[2023-02-14 02:34:58,107] [builder.py:1697]           [INFO]     |                                                                                                    |
[2023-02-14 02:34:58,108] [util.py:216]               [INFO]     |================================== Adding to Showtime Collection ===================================|
[2023-02-14 02:34:58,108] [builder.py:1699]           [INFO]     |                                                                                                    |
[2023-02-14 02:34:58,108] [builder.py:1709]           [INFO]     | 1/1 | Showtime Collection | = | Let the Right One In                                               |
[2023-02-14 02:34:58,108] [builder.py:1734]           [INFO]     |                                                                                                    |
[2023-02-14 02:34:58,109] [builder.py:1735]           [INFO]     | 1 Show Processed                                                                                   |
[2023-02-14 02:34:58,109] [builder.py:1969]           [INFO]     |                                                                                                    |
[2023-02-14 02:34:58,109] [util.py:216]               [INFO]     |=============================== Missing Shows from Library: Showtime ===============================|
[2023-02-14 02:34:58,110] [builder.py:1971]           [INFO]     |                                                                                                    |
[2023-02-14 02:34:58,860] [builder.py:1982]           [INFO]     | Showtime Collection | ? | Shameless (US) (TVDB: 161511)                                            |
[2023-02-14 02:34:59,170] [builder.py:1982]           [INFO]     | Showtime Collection | ? | Your Honor (US) (TVDB: 359579)                                           |
[2023-02-14 02:35:00,019] [builder.py:1982]           [INFO]     | Showtime Collection | ? | Stargate SG-1 (TVDB: 72449)                                              |
[2023-02-14 02:35:00,863] [builder.py:1982]           [INFO]     | Showtime Collection | ? | Dexter (TVDB: 79349)                                                     |
[2023-02-14 02:35:01,734] [builder.py:1982]           [INFO]     | Showtime Collection | ? | Homeland (TVDB: 247897)                                                  |
[2023-02-14 02:35:02,356] [builder.py:1982]           [INFO]     | Showtime Collection | ? | Twin Peaks (TVDB: 70533)                                                 |
[2023-02-14 02:35:02,876] [builder.py:1982]           [INFO]     | Showtime Collection | ? | Billions (TVDB: 279536)                                                  |
[2023-02-14 02:35:03,420] [builder.py:1982]           [INFO]     | Showtime Collection | ? | Ray Donovan (TVDB: 259866)                                               |
[2023-02-14 02:35:04,109] [builder.py:1982]           [INFO]     | Showtime Collection | ? | Californication (TVDB: 80349)                                            |
[2023-02-14 02:35:04,357] [builder.py:1982]           [INFO]     | Showtime Collection | ? | Dexter: New Blood (TVDB: 412366)                                         |
[2023-02-14 02:35:04,653] [builder.py:1982]           [INFO]     | Showtime Collection | ? | Yellowjackets (TVDB: 399731)                                             |
[2023-02-14 02:35:05,144] [builder.py:1982]           [INFO]     | Showtime Collection | ? | The Tudors (TVDB: 79925)                                                 |
[2023-02-14 02:35:05,882] [builder.py:1982]           [INFO]     | Showtime Collection | ? | Weeds (TVDB: 74845)                                                      |
[2023-02-14 02:35:06,129] [builder.py:1982]           [INFO]     | Showtime Collection | ? | The Man Who Fell to Earth (TVDB: 414721)                                 |
[2023-02-14 02:35:06,508] [builder.py:1982]           [INFO]     | Showtime Collection | ? | Submission (TVDB: 311108)                                                |
[2023-02-14 02:35:07,049] [builder.py:1982]           [INFO]     | Showtime Collection | ? | Queer as Folk (US) (TVDB: 75367)                                         |
[2023-02-14 02:35:07,423] [builder.py:1982]           [INFO]     | Showtime Collection | ? | Masters of Sex (TVDB: 261557)                                            |
[2023-02-14 02:35:07,885] [builder.py:1982]           [INFO]     | Showtime Collection | ? | The L Word (TVDB: 72477)                                                 |
[2023-02-14 02:35:08,276] [builder.py:1982]           [INFO]     | Showtime Collection | ? | The Borgias (TVDB: 187881)                                               |
[2023-02-14 02:35:08,693] [builder.py:1982]           [INFO]     | Showtime Collection | ? | The Affair (TVDB: 270439)                                                |
[2023-02-14 02:35:08,984] [builder.py:1982]           [INFO]     | Showtime Collection | ? | The L Word: Generation Q (TVDB: 364477)                                  |
[2023-02-14 02:35:09,298] [builder.py:1982]           [INFO]     | Showtime Collection | ? | City on a Hill (TVDB: 356672)                                            |
[2023-02-14 02:35:09,718] [builder.py:1982]           [INFO]     | Showtime Collection | ? | Penny Dreadful (TVDB: 265766)                                            |
[2023-02-14 02:35:10,043] [builder.py:1982]           [INFO]     | Showtime Collection | ? | Masters of Horror (TVDB: 79066)                                          |
[2023-02-14 02:35:10,230] [builder.py:1982]           [INFO]     | Showtime Collection | ? | Murder in Big Horn (TVDB: 429726)                                        |
[2023-02-14 02:35:10,612] [builder.py:1982]           [INFO]     | Showtime Collection | ? | The Outer Limits (1995) (TVDB: 72224)                                    |
[2023-02-14 02:35:10,866] [builder.py:1982]           [INFO]     | Showtime Collection | ? | Penny Dreadful: City of Angels (TVDB: 360892)                            |
[2023-02-14 02:35:11,199] [builder.py:1982]           [INFO]     | Showtime Collection | ? | House of Lies (TVDB: 247909)                                             |
[2023-02-14 02:35:11,555] [builder.py:1982]           [INFO]     | Showtime Collection | ? | Dead Like Me (TVDB: 72129)                                               |
[2023-02-14 02:35:11,745] [builder.py:1982]           [INFO]     | Showtime Collection | ? | AVN Awards (TVDB: 247823)                                                |
[2023-02-14 02:35:12,115] [builder.py:1982]           [INFO]     | Showtime Collection | ? | Secret Diary of a Call Girl (TVDB: 80621)                                |
[2023-02-14 02:35:12,391] [builder.py:1982]           [INFO]     | Showtime Collection | ? | Red Shoe Diaries (TVDB: 76949)                                           |
[2023-02-14 02:35:12,817] [builder.py:1982]           [INFO]     | Showtime Collection | ? | Inside The NFL (TVDB: 72075)                                             |
[2023-02-14 02:35:13,270] [builder.py:1982]           [INFO]     | Showtime Collection | ? | Penn & Teller: Bullshit! (TVDB: 72301)                                   |
[2023-02-14 02:35:13,807] [builder.py:1982]           [INFO]     | Showtime Collection | ? | Nurse Jackie (TVDB: 95731)                                               |
[2023-02-14 02:35:14,054] [builder.py:1982]           [INFO]     | Showtime Collection | ? | SMILF (TVDB: 332898)                                                     |
[2023-02-14 02:35:14,294] [builder.py:1982]           [INFO]     | Showtime Collection | ? | Super Pumped (TVDB: 403415)                                              |
[2023-02-14 02:35:14,718] [builder.py:1982]           [INFO]     | Showtime Collection | ? | The Circus (TVDB: 304498)                                                |
[2023-02-14 02:35:15,077] [builder.py:1982]           [INFO]     | Showtime Collection | ? | United States of Tara (TVDB: 83463)                                      |
[2023-02-14 02:35:15,262] [builder.py:1982]           [INFO]     | Showtime Collection | ? | Beach Heat: Miami (TVDB: 252741)                                         |
[2023-02-14 02:35:15,647] [builder.py:1982]           [INFO]     | Showtime Collection | ? | The Chi (TVDB: 336602)                                                   |
[2023-02-14 02:35:15,873] [builder.py:1982]           [INFO]     | Showtime Collection | ? | The Hunger (TVDB: 76238)                                                 |
[2023-02-14 02:35:16,173] [builder.py:1982]           [INFO]     | Showtime Collection | ? | Kidding (TVDB: 348841)                                                   |
[2023-02-14 02:35:16,450] [builder.py:1982]           [INFO]     | Showtime Collection | ? | Patrick Melrose (TVDB: 338946)                                           |
[2023-02-14 02:35:16,744] [builder.py:1982]           [INFO]     | Showtime Collection | ? | Brotherhood (TVDB: 79356)                                                |
[2023-02-14 02:35:17,018] [builder.py:1982]           [INFO]     | Showtime Collection | ? | Who Is America? (TVDB: 350028)                                           |
[2023-02-14 02:35:17,371] [builder.py:1982]           [INFO]     | Showtime Collection | ? | Desus & Mero (2019) (TVDB: 356163)                                       |
[2023-02-14 02:35:17,748] [builder.py:1982]           [INFO]     | Showtime Collection | ? | The Big C (TVDB: 161501)                                                 |
[2023-02-14 02:35:18,195] [builder.py:1982]           [INFO]     | Showtime Collection | ? | The Paper Chase (TVDB: 73769)                                            |
[2023-02-14 02:35:18,459] [builder.py:1982]           [INFO]     | Showtime Collection | ? | American Gigolo (TVDB: 404938)                                           |
[2023-02-14 02:35:18,790] [builder.py:1982]           [INFO]     | Showtime Collection | ? | Sleeper Cell (TVDB: 74843)                                               |
[2023-02-14 02:35:18,990] [builder.py:1982]           [INFO]     | Showtime Collection | ? | Escape at Dannemora (TVDB: 349738)                                       |
[2023-02-14 02:35:19,253] [builder.py:1982]           [INFO]     | Showtime Collection | ? | The Loudest Voice (TVDB: 358970)                                         |
[2023-02-14 02:35:19,569] [builder.py:1982]           [INFO]     | Showtime Collection | ? | Black Monday (TVDB: 349338)                                              |
[2023-02-14 02:35:19,814] [builder.py:1982]           [INFO]     | Showtime Collection | ? | On Becoming a God in Central Florida (TVDB: 349638)                      |
[2023-02-14 02:35:20,239] [builder.py:1982]           [INFO]     | Showtime Collection | ? | Episodes (TVDB: 123581)                                                  |
[2023-02-14 02:35:20,562] [builder.py:1982]           [INFO]     | Showtime Collection | ? | The First Lady (2022) (TVDB: 389612)                                     |
[2023-02-14 02:35:20,799] [builder.py:1982]           [INFO]     | Showtime Collection | ? | The Good Lord Bird (TVDB: 367633)                                        |
[2023-02-14 02:35:21,094] [builder.py:1982]           [INFO]     | Showtime Collection | ? | Our Cartoon President (TVDB: 339467)                                     |
[2023-02-14 02:35:21,318] [builder.py:1982]           [INFO]     | Showtime Collection | ? | Moonbase 8 (TVDB: 366383)                                                |
[2023-02-14 02:35:21,553] [builder.py:1982]           [INFO]     | Showtime Collection | ? | Uncoupled (TVDB: 402799)                                                 |
[2023-02-14 02:35:21,835] [builder.py:1982]           [INFO]     | Showtime Collection | ? | Desus & Mero (TVDB: 317301)                                              |
[2023-02-14 02:35:22,061] [builder.py:1982]           [INFO]     | Showtime Collection | ? | The Comey Rule (TVDB: 384097)                                            |
[2023-02-14 02:35:22,347] [builder.py:1982]           [INFO]     | Showtime Collection | ? | Gigolos (TVDB: 245941)                                                   |
[2023-02-14 02:35:22,624] [builder.py:1982]           [INFO]     | Showtime Collection | ? | Roadies (TVDB: 307368)                                                   |
[2023-02-14 02:35:22,875] [builder.py:1982]           [INFO]     | Showtime Collection | ? | I'm Dying Up Here (TVDB: 322434)                                         |
[2023-02-14 02:35:23,140] [builder.py:1982]           [INFO]     | Showtime Collection | ? | Jeremiah (TVDB: 78820)                                                   |
[2023-02-14 02:35:23,359] [builder.py:1982]           [INFO]     | Showtime Collection | ? | American Rust (TVDB: 367660)                                             |
[2023-02-14 02:35:23,549] [builder.py:1982]           [INFO]     | Showtime Collection | ? | History of the Eagles (TVDB: 274224)                                     |
[2023-02-14 02:35:23,869] [builder.py:1982]           [INFO]     | Showtime Collection | ? | Faerie Tale Theatre (TVDB: 75391)                                        |
[2023-02-14 02:35:24,252] [builder.py:1982]           [INFO]     | Showtime Collection | ? | The Busy World of Richard Scarry (TVDB: 74992)                           |
[2023-02-14 02:35:24,509] [builder.py:1982]           [INFO]     | Showtime Collection | ? | Huff (TVDB: 74663)                                                       |
[2023-02-14 02:35:24,746] [builder.py:1982]           [INFO]     | Showtime Collection | ? | George & Tammy (TVDB: 402025)                                            |
[2023-02-14 02:35:24,979] [builder.py:1982]           [INFO]     | Showtime Collection | ? | The Real L Word (TVDB: 171241)                                           |
[2023-02-14 02:35:25,168] [builder.py:1982]           [INFO]     | Showtime Collection | ? | Dead Man's Gun (TVDB: 73600)                                             |
[2023-02-14 02:35:25,422] [builder.py:1982]           [INFO]     | Showtime Collection | ? | The Chris Isaak Show (TVDB: 72944)                                       |
[2023-02-14 02:35:25,726] [builder.py:1982]           [INFO]     | Showtime Collection | ? | Brothers (TVDB: 71477)                                                   |
[2023-02-14 02:35:26,142] [builder.py:1982]           [INFO]     | Showtime Collection | ? | Web Therapy (2011) (TVDB: 250078)                                        |
[2023-02-14 02:35:26,382] [builder.py:1982]           [INFO]     | Showtime Collection | ? | Cape Wrath (Meadowlands) (TVDB: 80223)                                   |
[2023-02-14 02:35:26,608] [builder.py:1982]           [INFO]     | Showtime Collection | ? | HAPPYish (TVDB: 277431)                                                  |
[2023-02-14 02:35:26,899] [builder.py:1982]           [INFO]     | Showtime Collection | ? | Ziwe (TVDB: 400803)                                                      |
[2023-02-14 02:35:27,170] [builder.py:1982]           [INFO]     | Showtime Collection | ? | Poltergeist: The Legacy (TVDB: 77952)                                    |
[2023-02-14 02:35:27,401] [builder.py:1982]           [INFO]     | Showtime Collection | ? | Fallen Angels (TVDB: 72927)                                              |
[2023-02-14 02:35:27,584] [builder.py:1982]           [INFO]     | Showtime Collection | ? | The Putin Interviews (TVDB: 327978)                                      |
[2023-02-14 02:35:27,791] [builder.py:1982]           [INFO]     | Showtime Collection | ? | Dark Net (TVDB: 303598)                                                  |
[2023-02-14 02:35:28,036] [builder.py:1982]           [INFO]     | Showtime Collection | ? | White Famous (TVDB: 333010)                                              |
[2023-02-14 02:35:28,283] [builder.py:1982]           [INFO]     | Showtime Collection | ? | Beggars and Choosers (TVDB: 78373)                                       |
[2023-02-14 02:35:28,515] [builder.py:1982]           [INFO]     | Showtime Collection | ? | Couples Therapy (2019) (TVDB: 367813)                                    |
[2023-02-14 02:35:28,774] [builder.py:1982]           [INFO]     | Showtime Collection | ? | Family Business (TVDB: 78819)                                            |
[2023-02-14 02:35:29,021] [builder.py:1982]           [INFO]     | Showtime Collection | ? | I Love That for You (TVDB: 406308)                                       |
[2023-02-14 02:35:29,287] [builder.py:1982]           [INFO]     | Showtime Collection | ? | Flatbush Misdemeanors (TVDB: 390125)                                     |
[2023-02-14 02:35:29,498] [builder.py:1982]           [INFO]     | Showtime Collection | ? | Dice (2016) (TVDB: 306859)                                               |
[2023-02-14 02:35:29,730] [builder.py:1982]           [INFO]     | Showtime Collection | ? | Odyssey 5 (TVDB: 70694)                                                  |
[2023-02-14 02:35:29,941] [builder.py:1982]           [INFO]     | Showtime Collection | ? | The Untold History of the United States (TVDB: 263532)                   |
[2023-02-14 02:35:30,120] [builder.py:1982]           [INFO]     | Showtime Collection | ? | Lady Chatterley's Stories (TVDB: 70968)                                  |
[2023-02-14 02:35:30,375] [builder.py:1982]           [INFO]     | Showtime Collection | ? | Work in Progress (TVDB: 367632)                                          |
[2023-02-14 02:35:30,588] [builder.py:1982]           [INFO]     | Showtime Collection | ? | Barbershop (TVDB: 74828)                                                 |
[2023-02-14 02:35:30,760] [builder.py:1982]           [INFO]     | Showtime Collection | ? | Boys in Blue (TVDB: 428622)                                              |
[2023-02-14 02:35:30,972] [builder.py:1982]           [INFO]     | Showtime Collection | ? | The Green Room with Paul Provenza (TVDB: 163611)                         |
[2023-02-14 02:35:31,288] [builder.py:1982]           [INFO]     | Showtime Collection | ? | It's Garry Shandling's Show (TVDB: 71275)                                |
[2023-02-14 02:35:31,502] [builder.py:1982]           [INFO]     | Showtime Collection | ? | Wu-Tang Clan: Of Mics and Men (TVDB: 358700)                             |
[2023-02-14 02:35:31,747] [builder.py:1982]           [INFO]     | Showtime Collection | ? | Inside Comedy (TVDB: 255569)                                             |
[2023-02-14 02:35:31,934] [builder.py:1982]           [INFO]     | Showtime Collection | ? | Deeper Throat (TVDB: 145631)                                             |
[2023-02-14 02:35:32,220] [builder.py:1982]           [INFO]     | Showtime Collection | ? | Resurrection Blvd. (TVDB: 72717)                                         |
[2023-02-14 02:35:32,407] [builder.py:1982]           [INFO]     | Showtime Collection | ? | Cinema Toast (TVDB: 400989)                                              |
[2023-02-14 02:35:32,630] [builder.py:1982]           [INFO]     | Showtime Collection | ? | This American Life (TVDB: 79928)                                         |
[2023-02-14 02:35:32,845] [builder.py:1982]           [INFO]     | Showtime Collection | ? | The Comedy Store (TVDB: 384494)                                          |
[2023-02-14 02:35:33,048] [builder.py:1982]           [INFO]     | Showtime Collection | ? | UFO (2021) (TVDB: 405061)                                                |
[2023-02-14 02:35:33,262] [builder.py:1982]           [INFO]     | Showtime Collection | ? | Look (TVDB: 87821)                                                       |
[2023-02-14 02:35:33,446] [builder.py:1982]           [INFO]     | Showtime Collection | ? | Hot Springs Hotel (TVDB: 256576)                                         |
[2023-02-14 02:35:33,999] [builder.py:1982]           [INFO]     | Showtime Collection | ? | Big Brother After Dark (TVDB: 81491)                                     |
[2023-02-14 02:35:34,220] [builder.py:1982]           [INFO]     | Showtime Collection | ? | Polyamory: Married & Dating (TVDB: 260377)                               |
[2023-02-14 02:35:34,529] [builder.py:1982]           [INFO]     | Showtime Collection | ? | Soul Food (TVDB: 81878)                                                  |
[2023-02-14 02:35:34,721] [builder.py:1982]           [INFO]     | Showtime Collection | ? | We Need to Talk About Cosby (TVDB: 413655)                               |
[2023-02-14 02:35:34,889] [builder.py:1982]           [INFO]     | Showtime Collection | ? | The Lincoln Project (TVDB: 424725)                                       |
[2023-02-14 02:35:35,212] [builder.py:1982]           [INFO]     | Showtime Collection | ? | Naked SNCTM (TVDB: 333274)                                               |
[2023-02-14 02:35:35,482] [builder.py:1982]           [INFO]     | Showtime Collection | ? | Rude Awakening (TVDB: 72473)                                             |
[2023-02-14 02:35:35,661] [builder.py:1982]           [INFO]     | Showtime Collection | ? | Active Shooter: America Under Fire (TVDB: 334632)                        |
[2023-02-14 02:35:35,848] [builder.py:1982]           [INFO]     | Showtime Collection | ? | The Trade (TVDB: 338850)                                                 |
[2023-02-14 02:35:36,026] [builder.py:1982]           [INFO]     | Showtime Collection | ? | Murder in the Bayou (TVDB: 367630)                                       |
[2023-02-14 02:35:36,224] [builder.py:1982]           [INFO]     | Showtime Collection | ? | Years of Living Dangerously (TVDB: 274880)                               |
[2023-02-14 02:35:36,443] [builder.py:1982]           [INFO]     | Showtime Collection | ? | Fat Actress (TVDB: 74813)                                                |
[2023-02-14 02:35:36,706] [builder.py:1982]           [INFO]     | Showtime Collection | ? | Full Color Football: The History of the American Football League (TVDB: 122201) |
[2023-02-14 02:35:36,893] [builder.py:1982]           [INFO]     | Showtime Collection | ? | The Fourth Estate (TVDB: 347162)                                         |
[2023-02-14 02:35:37,149] [builder.py:1982]           [INFO]     | Showtime Collection | ? | Going to California (TVDB: 194531)                                       |
[2023-02-14 02:35:37,320] [builder.py:1982]           [INFO]     | Showtime Collection | ? | Outcry (TVDB: 383603)                                                    |
[2023-02-14 02:35:37,508] [builder.py:1982]           [INFO]     | Showtime Collection | ? | Body Language (2008) (TVDB: 253966)                                      |
[2023-02-14 02:35:37,739] [builder.py:1982]           [INFO]     | Showtime Collection | ? | Sherman Oaks (TVDB: 76357)                                               |
[2023-02-14 02:35:37,955] [builder.py:1982]           [INFO]     | Showtime Collection | ? | Guerrilla (TVDB: 322433)                                                 |
[2023-02-14 02:35:38,217] [builder.py:1982]           [INFO]     | Showtime Collection | ? | 60 Minutes Sports (TVDB: 266539)                                         |
[2023-02-14 02:35:38,404] [builder.py:1982]           [INFO]     | Showtime Collection | ? | Street Time (TVDB: 83154)                                                |
[2023-02-14 02:35:38,624] [builder.py:1982]           [INFO]     | Showtime Collection | ? | Linc's (TVDB: 70962)                                                     |
[2023-02-14 02:35:38,801] [builder.py:1982]           [INFO]     | Showtime Collection | ? | The Reagans (TVDB: 384493)                                               |
[2023-02-14 02:35:39,010] [builder.py:1982]           [INFO]     | Showtime Collection | ? | Free for All (TVDB: 79597)                                               |
[2023-02-14 02:35:39,183] [builder.py:1982]           [INFO]     | Showtime Collection | ? | Buried (TVDB: 408674)                                                    |
[2023-02-14 02:35:39,376] [builder.py:1982]           [INFO]     | Showtime Collection | ? | Out of Order (TVDB: 71508)                                               |
[2023-02-14 02:35:39,635] [builder.py:1982]           [INFO]     | Showtime Collection | ? | Fast Track (TVDB: 70972)                                                 |
[2023-02-14 02:35:39,835] [builder.py:1982]           [INFO]     | Showtime Collection | ? | Queer Duck (TVDB: 267629)                                                |
[2023-02-14 02:35:40,008] [builder.py:1982]           [INFO]     | Showtime Collection | ? | Supervillain: The Making of Tekashi 6ix9ine (TVDB: 396215)               |
[2023-02-14 02:35:40,229] [builder.py:1982]           [INFO]     | Showtime Collection | ? | The Underground (TVDB: 79428)                                            |
[2023-02-14 02:35:40,426] [builder.py:1982]           [INFO]     | Showtime Collection | ? | Dave's Old Porn (TVDB: 252798)                                           |
[2023-02-14 02:35:40,609] [builder.py:1982]           [INFO]     | Showtime Collection | ? | Kama Sutra (TVDB: 70451)                                                 |
[2023-02-14 02:35:40,785] [builder.py:1982]           [INFO]     | Showtime Collection | ? | Shut Up and Dribble (TVDB: 354542)                                       |
[2023-02-14 02:35:40,970] [builder.py:1982]           [INFO]     | Showtime Collection | ? | I Can't Believe I'm Still Single (TVDB: 100911)                          |
[2023-02-14 02:35:41,142] [builder.py:1982]           [INFO]     | Showtime Collection | ? | The Woman in the Wall (TVDB: 423577)                                     |
[2023-02-14 02:35:41,309] [builder.py:1982]           [INFO]     | Showtime Collection | ? | Enemies: The President, Justice & The FBI (TVDB: 353953)                 |
[2023-02-14 02:35:41,521] [builder.py:1982]           [INFO]     | Showtime Collection | ? | The Franchise (TVDB: 249594)                                             |
[2023-02-14 02:35:41,746] [builder.py:1982]           [INFO]     | Showtime Collection | ? | Chris Cross (TVDB: 77557)                                                |
[2023-02-14 02:35:41,947] [builder.py:1982]           [INFO]     | Showtime Collection | ? | Chromiumblue.com (TVDB: 72872)                                           |
[2023-02-14 02:35:42,151] [builder.py:1982]           [INFO]     | Showtime Collection | ? | The Hoop Life (TVDB: 76145)                                              |
[2023-02-14 02:35:42,448] [builder.py:1982]           [INFO]     | Showtime Collection | ? | Cloudstreet (TVDB: 248563)                                               |
[2023-02-14 02:35:42,629] [builder.py:1982]           [INFO]     | Showtime Collection | ? | Tall Tales and Legends (TVDB: 70652)                                     |
[2023-02-14 02:35:42,859] [builder.py:1982]           [INFO]     | Showtime Collection | ? | A Season With (TVDB: 299392)                                             |
[2023-02-14 02:35:43,030] [builder.py:1982]           [INFO]     | Showtime Collection | ? | Love Fraud (TVDB: 376355)                                                |
[2023-02-14 02:35:43,203] [builder.py:1982]           [INFO]     | Showtime Collection | ? | everything’s gonna be all white (TVDB: 415560)                           |
[2023-02-14 02:35:43,382] [builder.py:1982]           [INFO]     | Showtime Collection | ? | Just Another Immigrant (TVDB: 347028)                                    |
[2023-02-14 02:35:43,578] [builder.py:1982]           [INFO]     | Showtime Collection | ? | Leap Years (TVDB: 76854)                                                 |
[2023-02-14 02:35:43,781] [builder.py:1982]           [INFO]     | Showtime Collection | ? | La La Land (TVDB: 137751)                                                |
[2023-02-14 02:35:43,974] [builder.py:1982]           [INFO]     | Showtime Collection | ? | Shangri-La (2019) (TVDB: 364956)                                         |
[2023-02-14 02:35:44,146] [builder.py:1982]           [INFO]     | Showtime Collection | ? | 7 Deadly Sins (TVDB: 282547)                                             |
[2023-02-14 02:35:44,421] [builder.py:1982]           [INFO]     | Showtime Collection | ? | Quest for the Stanley Cup (TVDB: 311789)                                 |
[2023-02-14 02:35:44,602] [builder.py:1982]           [INFO]     | Showtime Collection | ? | My Life as a Dog (TVDB: 76970)                                           |
[2023-02-14 02:35:44,812] [builder.py:1982]           [INFO]     | Showtime Collection | ? | Action (2019) (TVDB: 361190)                                             |
[2023-02-14 02:35:45,040] [builder.py:1982]           [INFO]     | Showtime Collection | ? | Washingtoon (TVDB: 70671)                                                |
[2023-02-14 02:35:45,227] [builder.py:1982]           [INFO]     | Showtime Collection | ? | Love Street (TVDB: 70803)                                                |
[2023-02-14 02:35:45,403] [builder.py:1982]           [INFO]     | Showtime Collection | ? | Supreme Team (TVDB: 422152)                                              |
[2023-02-14 02:35:45,676] [builder.py:1982]           [INFO]     | Showtime Collection | ? | Tracey Ullman's State of the Union (TVDB: 81646)                         |
[2023-02-14 02:35:45,860] [builder.py:1982]           [INFO]     | Showtime Collection | ? | Fellow Travelers (TVDB: 419379)                                          |
[2023-02-14 02:35:46,060] [builder.py:1982]           [INFO]     | Showtime Collection | ? | Gossip (2021) (TVDB: 408536)                                             |
[2023-02-14 02:35:46,228] [builder.py:1982]           [INFO]     | Showtime Collection | ? | 3AM (TVDB: 296083)                                                       |
[2023-02-14 02:35:46,416] [builder.py:1982]           [INFO]     | Showtime Collection | ? | Shelley Duvall's Bedtime Stories (TVDB: 152801)                          |
[2023-02-14 02:35:46,635] [builder.py:1982]           [INFO]     | Showtime Collection | ? | Live Nude Comedy (TVDB: 186211)                                          |
[2023-02-14 02:35:46,804] [builder.py:1982]           [INFO]     | Showtime Collection | ? | Laugh Out Loud Comedy Festival (TVDB: 338880)                            |
[2023-02-14 02:35:46,991] [builder.py:1982]           [INFO]     | Showtime Collection | ? | Lock 'N Load (TVDB: 106591)                                              |
[2023-02-14 02:35:47,181] [builder.py:1982]           [INFO]     | Showtime Collection | ? | Kurt Vonnegut's Monkey House (TVDB: 76749)                               |
[2023-02-14 02:35:47,356] [builder.py:1982]           [INFO]     | Showtime Collection | ? | Sexual Healing (TVDB: 132801)                                            |
[2023-02-14 02:35:47,356] [builder.py:1986]           [INFO]     |                                                                                                    |
[2023-02-14 02:35:47,356] [builder.py:1987]           [INFO]     | 176 Shows Missing                                                                                  |
[2023-02-14 02:35:47,986] [builder.py:2147]           [INFO]     |                                                                                                    |
[2023-02-14 02:35:47,987] [util.py:216]               [INFO]     |============================= Updating Details of Showtime Collection ==============================|
[2023-02-14 02:35:47,987] [builder.py:2149]           [INFO]     |                                                                                                    |
[2023-02-14 02:35:47,996] [builder.py:2258]           [DEBUG]    | 1 posters found:                                                                                   |
[2023-02-14 02:35:47,996] [builder.py:2260]           [DEBUG]    | Method: url_poster Poster: https://theposterdb.com/api/assets/138092                               |
[2023-02-14 02:35:47,996] [builder.py:2327]           [INFO]     | No background collection detail or asset folder found                                              |
[2023-02-14 02:35:47,998] [library.py:147]            [INFO]     | Detail: poster update not needed                                                                   |
[2023-02-14 02:35:48,071] [plex_meta_manager.py:880]  [INFO]     |                                                                                                    |
[2023-02-14 02:35:48,071] [util.py:209]               [INFO]     |====================================================================================================|
[2023-02-14 02:35:48,071] [util.py:216]               [INFO]     |                                    Finished Showtime Collection                                    |
[2023-02-14 02:35:48,072] [util.py:216]               [INFO]     |                                    Collection Run Time: 0:00:55                                    |
[2023-02-14 02:35:48,072] [util.py:220]               [INFO]     |====================================================================================================|
