[2023-01-31 01:01:38,536] [util.py:209]               [INFO]     |====================================================================================================|
[2023-01-31 01:01:38,537] [util.py:216]               [INFO]     |                              Love Is In The Air Collection in Movies                               |
[2023-01-31 01:01:38,537] [util.py:220]               [INFO]     |====================================================================================================|
[2023-01-31 01:01:38,538] [plex_meta_manager.py:750]  [INFO]     |                                                                                                    |
[2023-01-31 01:01:38,538] [util.py:216]               [INFO]     |============================= Validating Love Is In The Air Attributes =============================|
[2023-01-31 01:01:38,538] [builder.py:265]            [DEBUG]    |                                                                                                    |
[2023-01-31 01:01:38,539] [builder.py:266]            [DEBUG]    | Validating Method: template                                                                        |
[2023-01-31 01:01:38,539] [meta.py:83]                [DEBUG]    | Value: ordereddict([('name', 'Holiday'), ('poster', './config/posters/paintings/romance.jpg')])    |
[2023-01-31 01:01:38,539] [builder.py:273]            [DEBUG]    |                                                                                                    |
[2023-01-31 01:01:38,540] [builder.py:274]            [DEBUG]    | Validating Method: delete_not_scheduled                                                            |
[2023-01-31 01:01:38,540] [builder.py:275]            [DEBUG]    | Value: True                                                                                        |
[2023-01-31 01:01:38,540] [builder.py:279]            [DEBUG]    |                                                                                                    |
[2023-01-31 01:01:38,540] [builder.py:280]            [DEBUG]    | Validating Method: schedule                                                                        |
[2023-01-31 01:01:38,541] [builder.py:284]            [DEBUG]    | Value: range(02/07-02/15)                                                                          |
[2023-01-31 01:01:38,543] [plex.py:687]               [DEBUG]    | Looking for: Love Is In The Air                                                                    |
[2023-01-31 01:01:38,544] [util.py:161]               [INFO]     |                                                                                                    |
[2023-01-31 01:01:38,544] [util.py:161]               [INFO]     | Scheduled between February 7th and February 15th                                                   |
[2023-01-31 01:01:38,544] [util.py:161]               [INFO]     |                                                                                                    |
[2023-01-31 01:01:38,545] [util.py:161]               [INFO]     | Collection Love Is In The Air not scheduled to run and could not be found to delete                |
[2023-01-31 01:01:38,545] [plex_meta_manager.py:880]  [INFO]     |                                                                                                    |
[2023-01-31 01:01:38,545] [util.py:209]               [INFO]     |====================================================================================================|
[2023-01-31 01:01:38,546] [util.py:216]               [INFO]     |                               Finished Love Is In The Air Collection                               |
[2023-01-31 01:01:38,546] [util.py:216]               [INFO]     |                                    Collection Run Time: 0:00:00                                    |
[2023-01-31 01:01:38,546] [util.py:220]               [INFO]     |====================================================================================================|
