[2023-01-31 01:15:49,922] [util.py:209]               [INFO]     |====================================================================================================|
[2023-01-31 01:15:49,923] [util.py:216]               [INFO]     |                                    Horror Collection in Movies                                     |
[2023-01-31 01:15:49,923] [util.py:220]               [INFO]     |====================================================================================================|
[2023-01-31 01:15:49,923] [plex_meta_manager.py:750]  [INFO]     |                                                                                                    |
[2023-01-31 01:15:49,924] [util.py:216]               [INFO]     |=================================== Validating Horror Attributes ===================================|
[2023-01-31 01:15:49,924] [builder.py:265]            [DEBUG]    |                                                                                                    |
[2023-01-31 01:15:49,924] [builder.py:266]            [DEBUG]    | Validating Method: template                                                                        |
[2023-01-31 01:15:49,925] [meta.py:83]                [DEBUG]    | Value: ordereddict([('name', 'Genre'), ('genre', 'Horror'), ('poster', 'https://theposterdb.com/api/assets/51475')]) |
[2023-01-31 01:15:49,925] [builder.py:453]            [DEBUG]    |                                                                                                    |
[2023-01-31 01:15:49,925] [builder.py:454]            [DEBUG]    | Validating Method: collection_order                                                                |
[2023-01-31 01:15:49,926] [builder.py:455]            [DEBUG]    | Value: alpha                                                                                       |
[2023-01-31 01:15:49,926] [builder.py:472]            [DEBUG]    |                                                                                                    |
[2023-01-31 01:15:49,926] [builder.py:473]            [DEBUG]    | Validating Method: summary                                                                         |
[2023-01-31 01:15:49,926] [builder.py:474]            [DEBUG]    | Value: Horror film is a genre that aims to create a sense of fear, panic, alarm, and dread for the audience. These films are often unsettling and rely on scaring the audience through a portrayal of their worst fears and nightmares. Horror films usually center on the arrival of an evil force, person, or event. Many Horror films include mythical creatures such as ghosts, vampires, and zombies. Traditionally, Horror films incorporate a large amount of violence and gore into the plot. Though it has its own style, Horror film often overlaps into Fantasy, Thriller, and Science-Fiction genres. |
[2023-01-31 01:15:49,927] [builder.py:472]            [DEBUG]    |                                                                                                    |
[2023-01-31 01:15:49,927] [builder.py:473]            [DEBUG]    | Validating Method: plex_search                                                                     |
[2023-01-31 01:15:49,927] [builder.py:474]            [DEBUG]    | Value: {'genre': 'Horror'}                                                                         |
[2023-01-31 01:15:49,985] [builder.py:472]            [DEBUG]    |                                                                                                    |
[2023-01-31 01:15:49,985] [builder.py:473]            [DEBUG]    | Validating Method: url_poster                                                                      |
[2023-01-31 01:15:49,985] [builder.py:474]            [DEBUG]    | Value: https://theposterdb.com/api/assets/51475                                                    |
[2023-01-31 01:15:49,986] [builder.py:472]            [DEBUG]    |                                                                                                    |
[2023-01-31 01:15:49,986] [builder.py:473]            [DEBUG]    | Validating Method: sort_title                                                                      |
[2023-01-31 01:15:49,986] [builder.py:474]            [DEBUG]    | Value: 00000d_Horror                                                                               |
[2023-01-31 01:15:51,018] [builder.py:619]            [INFO]     |                                                                                                    |
[2023-01-31 01:15:51,019] [builder.py:620]            [INFO]     | Validation Successful                                                                              |
[2023-01-31 01:15:51,019] [plex_meta_manager.py:758]  [INFO]     |                                                                                                    |
[2023-01-31 01:15:51,019] [util.py:216]               [INFO]     |==================================== Running Horror Collection =====================================|
[2023-01-31 01:15:51,020] [plex_meta_manager.py:773]  [INFO]     |                                                                                                    |
[2023-01-31 01:15:51,020] [plex_meta_manager.py:774]  [INFO]     | Sync Mode: append                                                                                  |
[2023-01-31 01:15:51,020] [builder.py:1275]           [DEBUG]    |                                                                                                    |
[2023-01-31 01:15:51,020] [builder.py:1276]           [DEBUG]    | Builder: plex_search: (1, 'Plex Movie Search\nSort By: title.asc\nFilter:\n  Match all of the following:\n    Match any of the following:\n      Genre is Horror', '?type=1&sort=titleSort&push=1&genre=247&pop=1') |
[2023-01-31 01:15:51,021] [builder.py:1277]           [INFO]     |                                                                                                    |
[2023-01-31 01:15:51,021] [util.py:161]               [INFO]     | Plex Movie Search                                                                                  |
[2023-01-31 01:15:51,021] [util.py:161]               [INFO]     | Sort By: title.asc                                                                                 |
[2023-01-31 01:15:51,021] [util.py:161]               [INFO]     | Filter:                                                                                            |
[2023-01-31 01:15:51,022] [util.py:161]               [INFO]     |   Match all of the following:                                                                      |
[2023-01-31 01:15:51,022] [util.py:161]               [INFO]     |     Match any of the following:                                                                    |
[2023-01-31 01:15:51,022] [util.py:161]               [INFO]     |       Genre is Horror                                                                              |
[2023-01-31 01:15:51,708] [plex.py:748]               [DEBUG]    |                                                                                                    |
[2023-01-31 01:15:51,708] [plex.py:749]               [DEBUG]    | 328 Keys Found: [(121439, 'ratingKey'), (126650, 'ratingKey'), (111654, 'ratingKey'), (99266, 'ratingKey'), (99140, 'ratingKey'), (99117, 'ratingKey'), (121374, 'ratingKey'), (129064, 'ratingKey'), (126981, 'ratingKey'), (121322, 'ratingKey'), (128748, 'ratingKey'), (117922, 'ratingKey'), (98663, 'ratingKey'), (118110, 'ratingKey'), (98982, 'ratingKey'), (98612, 'ratingKey'), (98976, 'ratingKey'), (122459, 'ratingKey'), (121320, 'ratingKey'), (99182, 'ratingKey'), (122257, 'ratingKey'), (122861, 'ratingKey'), (121344, 'ratingKey'), (124447, 'ratingKey'), (113116, 'ratingKey'), (118111, 'ratingKey'), (121370, 'ratingKey'), (117398, 'ratingKey'), (122152, 'ratingKey'), (126804, 'ratingKey'), (127451, 'ratingKey'), (99290, 'ratingKey'), (99091, 'ratingKey'), (121460, 'ratingKey'), (119489, 'ratingKey'), (99495, 'ratingKey'), (99342, 'ratingKey'), (99394, 'ratingKey'), (117237, 'ratingKey'), (126984, 'ratingKey'), (127421, 'ratingKey'), (113416, 'ratingKey'), (122408, 'ratingKey'), (99382, 'ratingKey'), (111731, 'ratingKey'), (118324, 'ratingKey'), (104174, 'ratingKey'), (99629, 'ratingKey'), (127404, 'ratingKey'), (100173, 'ratingKey'), (111684, 'ratingKey'), (125921, 'ratingKey'), (99405, 'ratingKey'), (104184, 'ratingKey'), (99439, 'ratingKey'), (104185, 'ratingKey'), (100138, 'ratingKey'), (116700, 'ratingKey'), (127690, 'ratingKey'), (127633, 'ratingKey'), (126814, 'ratingKey'), (122372, 'ratingKey'), (104189, 'ratingKey'), (118408, 'ratingKey'), (118417, 'ratingKey'), (128813, 'ratingKey'), (108589, 'ratingKey'), (126967, 'ratingKey'), (122487, 'ratingKey'), (117134, 'ratingKey'), (116637, 'ratingKey'), (117130, 'ratingKey'), (99670, 'ratingKey'), (113388, 'ratingKey'), (127781, 'ratingKey'), (127403, 'ratingKey'), (116689, 'ratingKey'), (101204, 'ratingKey'), (124914, 'ratingKey'), (101027, 'ratingKey'), (99719, 'ratingKey'), (99730, 'ratingKey'), (99724, 'ratingKey'), (117636, 'ratingKey'), (99050, 'ratingKey'), (105782, 'ratingKey'), (122276, 'ratingKey'), (104310, 'ratingKey'), (104312, 'ratingKey'), (104515, 'ratingKey'), (99772, 'ratingKey'), (124494, 'ratingKey'), (128677, 'ratingKey'), (99998, 'ratingKey'), (128738, 'ratingKey'), (122368, 'ratingKey'), (127251, 'ratingKey'), (96876, 'ratingKey'), (99774, 'ratingKey'), (127401, 'ratingKey'), (125953, 'ratingKey'), (119561, 'ratingKey'), (127012, 'ratingKey'), (119567, 'ratingKey'), (127395, 'ratingKey'), (119593, 'ratingKey'), (122283, 'ratingKey'), (116724, 'ratingKey'), (122431, 'ratingKey'), (128826, 'ratingKey'), (99836, 'ratingKey'), (99098, 'ratingKey'), (116866, 'ratingKey'), (104330, 'ratingKey'), (99909, 'ratingKey'), (99902, 'ratingKey'), (119575, 'ratingKey'), (126851, 'ratingKey'), (121287, 'ratingKey'), (116791, 'ratingKey'), (113326, 'ratingKey'), (102190, 'ratingKey'), (112620, 'ratingKey'), (115776, 'ratingKey'), (99921, 'ratingKey'), (128531, 'ratingKey'), (126500, 'ratingKey'), (116790, 'ratingKey'), (100177, 'ratingKey'), (119678, 'ratingKey'), (128655, 'ratingKey'), (128690, 'ratingKey'), (128684, 'ratingKey'), (128687, 'ratingKey'), (126316, 'ratingKey'), (115503, 'ratingKey'), (115656, 'ratingKey'), (100217, 'ratingKey'), (115515, 'ratingKey'), (101094, 'ratingKey'), (104352, 'ratingKey'), (115641, 'ratingKey'), (111729, 'ratingKey'), (125968, 'ratingKey'), (118619, 'ratingKey'), (125989, 'ratingKey'), (102203, 'ratingKey'), (128528, 'ratingKey'), (128723, 'ratingKey'), (127201, 'ratingKey'), (126242, 'ratingKey'), (115542, 'ratingKey'), (112058, 'ratingKey'), (100275, 'ratingKey'), (102208, 'ratingKey'), (128696, 'ratingKey'), (128847, 'ratingKey'), (128868, 'ratingKey'), (104224, 'ratingKey'), (116559, 'ratingKey'), (112551, 'ratingKey'), (100511, 'ratingKey'), (100508, 'ratingKey'), (102210, 'ratingKey'), (100464, 'ratingKey'), (102136, 'ratingKey'), (129001, 'ratingKey'), (104407, 'ratingKey'), (102215, 'ratingKey'), (104389, 'ratingKey'), (101166, 'ratingKey'), (112548, 'ratingKey'), (112348, 'ratingKey'), (126118, 'ratingKey'), (115242, 'ratingKey'), (115217, 'ratingKey'), (100352, 'ratingKey'), (100559, 'ratingKey'), (116576, 'ratingKey'), (101227, 'ratingKey'), (101224, 'ratingKey'), (100550, 'ratingKey'), (122491, 'ratingKey'), (100529, 'ratingKey'), (124466, 'ratingKey'), (124818, 'ratingKey'), (113175, 'ratingKey'), (101378, 'ratingKey'), (100606, 'ratingKey'), (101384, 'ratingKey'), (124836, 'ratingKey'), (100462, 'ratingKey'), (124491, 'ratingKey'), (101401, 'ratingKey'), (100534, 'ratingKey'), (128753, 'ratingKey'), (100335, 'ratingKey'), (114591, 'ratingKey'), (101448, 'ratingKey'), (116473, 'ratingKey'), (126585, 'ratingKey'), (128925, 'ratingKey'), (100101, 'ratingKey'), (126135, 'ratingKey'), (114481, 'ratingKey'), (124489, 'ratingKey'), (112819, 'ratingKey'), (114313, 'ratingKey'), (127301, 'ratingKey'), (100543, 'ratingKey'), (101522, 'ratingKey'), (104435, 'ratingKey'), (114220, 'ratingKey'), (101550, 'ratingKey'), (104456, 'ratingKey'), (101557, 'ratingKey'), (116439, 'ratingKey'), (112428, 'ratingKey'), (112400, 'ratingKey'), (124498, 'ratingKey'), (100296, 'ratingKey'), (41412, 'ratingKey'), (100538, 'ratingKey'), (122416, 'ratingKey'), (104521, 'ratingKey'), (127946, 'ratingKey'), (128765, 'ratingKey'), (66354, 'ratingKey'), (124536, 'ratingKey'), (124495, 'ratingKey'), (122928, 'ratingKey'), (80324, 'ratingKey'), (122407, 'ratingKey'), (71963, 'ratingKey'), (124443, 'ratingKey'), (41382, 'ratingKey'), (70739, 'ratingKey'), (70839, 'ratingKey'), (77693, 'ratingKey'), (122398, 'ratingKey'), (37766, 'ratingKey'), (122835, 'ratingKey'), (116375, 'ratingKey'), (114185, 'ratingKey'), (80654, 'ratingKey'), (124028, 'ratingKey'), (102313, 'ratingKey'), (37114, 'ratingKey'), (124374, 'ratingKey'), (122460, 'ratingKey'), (96844, 'ratingKey'), (101842, 'ratingKey'), (78505, 'ratingKey'), (105219, 'ratingKey'), (37702, 'ratingKey'), (101789, 'ratingKey'), (102223, 'ratingKey'), (101804, 'ratingKey'), (104992, 'ratingKey'), (124442, 'ratingKey'), (118799, 'ratingKey'), (101828, 'ratingKey'), (78648, 'ratingKey'), (80325, 'ratingKey'), (108086, 'ratingKey'), (122893, 'ratingKey'), (39706, 'ratingKey'), (40781, 'ratingKey'), (104263, 'ratingKey'), (39990, 'ratingKey'), (73762, 'ratingKey'), (101849, 'ratingKey'), (126315, 'ratingKey'), (124367, 'ratingKey'), (126261, 'ratingKey'), (124457, 'ratingKey'), (101868, 'ratingKey'), (129032, 'ratingKey'), (124617, 'ratingKey'), (41375, 'ratingKey'), (41221, 'ratingKey'), (100724, 'ratingKey'), (112156, 'ratingKey'), (122777, 'ratingKey'), (112764, 'ratingKey'), (101928, 'ratingKey'), (105073, 'ratingKey'), (101960, 'ratingKey'), (101970, 'ratingKey'), (114032, 'ratingKey'), (98594, 'ratingKey'), (113747, 'ratingKey'), (105099, 'ratingKey'), (102044, 'ratingKey'), (113900, 'ratingKey'), (102051, 'ratingKey'), (107687, 'ratingKey'), (121396, 'ratingKey'), (113766, 'ratingKey'), (105108, 'ratingKey'), (102069, 'ratingKey'), (100882, 'ratingKey'), (100884, 'ratingKey'), (112226, 'ratingKey'), (105241, 'ratingKey'), (100887, 'ratingKey'), (102075, 'ratingKey'), (102076, 'ratingKey'), (124888, 'ratingKey'), (115926, 'ratingKey'), (100930, 'ratingKey'), (123407, 'ratingKey'), (119517, 'ratingKey'), (102092, 'ratingKey'), (122341, 'ratingKey'), (105918, 'ratingKey'), (122457, 'ratingKey'), (108082, 'ratingKey'), (113543, 'ratingKey'), (102102, 'ratingKey'), (100919, 'ratingKey'), (119685, 'ratingKey'), (122136, 'ratingKey'), (112153, 'ratingKey'), (102106, 'ratingKey'), (112698, 'ratingKey'), (113550, 'ratingKey'), (126473, 'ratingKey')] |
[2023-01-31 01:15:51,711] [builder.py:1282]           [DEBUG]    |                                                                                                    |
[2023-01-31 01:15:51,711] [builder.py:1283]           [DEBUG]    | 328 IDs Found: [(121439, 'ratingKey'), (126650, 'ratingKey'), (111654, 'ratingKey'), (99266, 'ratingKey'), (99140, 'ratingKey'), (99117, 'ratingKey'), (121374, 'ratingKey'), (129064, 'ratingKey'), (126981, 'ratingKey'), (121322, 'ratingKey'), (128748, 'ratingKey'), (117922, 'ratingKey'), (98663, 'ratingKey'), (118110, 'ratingKey'), (98982, 'ratingKey'), (98612, 'ratingKey'), (98976, 'ratingKey'), (122459, 'ratingKey'), (121320, 'ratingKey'), (99182, 'ratingKey'), (122257, 'ratingKey'), (122861, 'ratingKey'), (121344, 'ratingKey'), (124447, 'ratingKey'), (113116, 'ratingKey'), (118111, 'ratingKey'), (121370, 'ratingKey'), (117398, 'ratingKey'), (122152, 'ratingKey'), (126804, 'ratingKey'), (127451, 'ratingKey'), (99290, 'ratingKey'), (99091, 'ratingKey'), (121460, 'ratingKey'), (119489, 'ratingKey'), (99495, 'ratingKey'), (99342, 'ratingKey'), (99394, 'ratingKey'), (117237, 'ratingKey'), (126984, 'ratingKey'), (127421, 'ratingKey'), (113416, 'ratingKey'), (122408, 'ratingKey'), (99382, 'ratingKey'), (111731, 'ratingKey'), (118324, 'ratingKey'), (104174, 'ratingKey'), (99629, 'ratingKey'), (127404, 'ratingKey'), (100173, 'ratingKey'), (111684, 'ratingKey'), (125921, 'ratingKey'), (99405, 'ratingKey'), (104184, 'ratingKey'), (99439, 'ratingKey'), (104185, 'ratingKey'), (100138, 'ratingKey'), (116700, 'ratingKey'), (127690, 'ratingKey'), (127633, 'ratingKey'), (126814, 'ratingKey'), (122372, 'ratingKey'), (104189, 'ratingKey'), (118408, 'ratingKey'), (118417, 'ratingKey'), (128813, 'ratingKey'), (108589, 'ratingKey'), (126967, 'ratingKey'), (122487, 'ratingKey'), (117134, 'ratingKey'), (116637, 'ratingKey'), (117130, 'ratingKey'), (99670, 'ratingKey'), (113388, 'ratingKey'), (127781, 'ratingKey'), (127403, 'ratingKey'), (116689, 'ratingKey'), (101204, 'ratingKey'), (124914, 'ratingKey'), (101027, 'ratingKey'), (99719, 'ratingKey'), (99730, 'ratingKey'), (99724, 'ratingKey'), (117636, 'ratingKey'), (99050, 'ratingKey'), (105782, 'ratingKey'), (122276, 'ratingKey'), (104310, 'ratingKey'), (104312, 'ratingKey'), (104515, 'ratingKey'), (99772, 'ratingKey'), (124494, 'ratingKey'), (128677, 'ratingKey'), (99998, 'ratingKey'), (128738, 'ratingKey'), (122368, 'ratingKey'), (127251, 'ratingKey'), (96876, 'ratingKey'), (99774, 'ratingKey'), (127401, 'ratingKey'), (125953, 'ratingKey'), (119561, 'ratingKey'), (127012, 'ratingKey'), (119567, 'ratingKey'), (127395, 'ratingKey'), (119593, 'ratingKey'), (122283, 'ratingKey'), (116724, 'ratingKey'), (122431, 'ratingKey'), (128826, 'ratingKey'), (99836, 'ratingKey'), (99098, 'ratingKey'), (116866, 'ratingKey'), (104330, 'ratingKey'), (99909, 'ratingKey'), (99902, 'ratingKey'), (119575, 'ratingKey'), (126851, 'ratingKey'), (121287, 'ratingKey'), (116791, 'ratingKey'), (113326, 'ratingKey'), (102190, 'ratingKey'), (112620, 'ratingKey'), (115776, 'ratingKey'), (99921, 'ratingKey'), (128531, 'ratingKey'), (126500, 'ratingKey'), (116790, 'ratingKey'), (100177, 'ratingKey'), (119678, 'ratingKey'), (128655, 'ratingKey'), (128690, 'ratingKey'), (128684, 'ratingKey'), (128687, 'ratingKey'), (126316, 'ratingKey'), (115503, 'ratingKey'), (115656, 'ratingKey'), (100217, 'ratingKey'), (115515, 'ratingKey'), (101094, 'ratingKey'), (104352, 'ratingKey'), (115641, 'ratingKey'), (111729, 'ratingKey'), (125968, 'ratingKey'), (118619, 'ratingKey'), (125989, 'ratingKey'), (102203, 'ratingKey'), (128528, 'ratingKey'), (128723, 'ratingKey'), (127201, 'ratingKey'), (126242, 'ratingKey'), (115542, 'ratingKey'), (112058, 'ratingKey'), (100275, 'ratingKey'), (102208, 'ratingKey'), (128696, 'ratingKey'), (128847, 'ratingKey'), (128868, 'ratingKey'), (104224, 'ratingKey'), (116559, 'ratingKey'), (112551, 'ratingKey'), (100511, 'ratingKey'), (100508, 'ratingKey'), (102210, 'ratingKey'), (100464, 'ratingKey'), (102136, 'ratingKey'), (129001, 'ratingKey'), (104407, 'ratingKey'), (102215, 'ratingKey'), (104389, 'ratingKey'), (101166, 'ratingKey'), (112548, 'ratingKey'), (112348, 'ratingKey'), (126118, 'ratingKey'), (115242, 'ratingKey'), (115217, 'ratingKey'), (100352, 'ratingKey'), (100559, 'ratingKey'), (116576, 'ratingKey'), (101227, 'ratingKey'), (101224, 'ratingKey'), (100550, 'ratingKey'), (122491, 'ratingKey'), (100529, 'ratingKey'), (124466, 'ratingKey'), (124818, 'ratingKey'), (113175, 'ratingKey'), (101378, 'ratingKey'), (100606, 'ratingKey'), (101384, 'ratingKey'), (124836, 'ratingKey'), (100462, 'ratingKey'), (124491, 'ratingKey'), (101401, 'ratingKey'), (100534, 'ratingKey'), (128753, 'ratingKey'), (100335, 'ratingKey'), (114591, 'ratingKey'), (101448, 'ratingKey'), (116473, 'ratingKey'), (126585, 'ratingKey'), (128925, 'ratingKey'), (100101, 'ratingKey'), (126135, 'ratingKey'), (114481, 'ratingKey'), (124489, 'ratingKey'), (112819, 'ratingKey'), (114313, 'ratingKey'), (127301, 'ratingKey'), (100543, 'ratingKey'), (101522, 'ratingKey'), (104435, 'ratingKey'), (114220, 'ratingKey'), (101550, 'ratingKey'), (104456, 'ratingKey'), (101557, 'ratingKey'), (116439, 'ratingKey'), (112428, 'ratingKey'), (112400, 'ratingKey'), (124498, 'ratingKey'), (100296, 'ratingKey'), (41412, 'ratingKey'), (100538, 'ratingKey'), (122416, 'ratingKey'), (104521, 'ratingKey'), (127946, 'ratingKey'), (128765, 'ratingKey'), (66354, 'ratingKey'), (124536, 'ratingKey'), (124495, 'ratingKey'), (122928, 'ratingKey'), (80324, 'ratingKey'), (122407, 'ratingKey'), (71963, 'ratingKey'), (124443, 'ratingKey'), (41382, 'ratingKey'), (70739, 'ratingKey'), (70839, 'ratingKey'), (77693, 'ratingKey'), (122398, 'ratingKey'), (37766, 'ratingKey'), (122835, 'ratingKey'), (116375, 'ratingKey'), (114185, 'ratingKey'), (80654, 'ratingKey'), (124028, 'ratingKey'), (102313, 'ratingKey'), (37114, 'ratingKey'), (124374, 'ratingKey'), (122460, 'ratingKey'), (96844, 'ratingKey'), (101842, 'ratingKey'), (78505, 'ratingKey'), (105219, 'ratingKey'), (37702, 'ratingKey'), (101789, 'ratingKey'), (102223, 'ratingKey'), (101804, 'ratingKey'), (104992, 'ratingKey'), (124442, 'ratingKey'), (118799, 'ratingKey'), (101828, 'ratingKey'), (78648, 'ratingKey'), (80325, 'ratingKey'), (108086, 'ratingKey'), (122893, 'ratingKey'), (39706, 'ratingKey'), (40781, 'ratingKey'), (104263, 'ratingKey'), (39990, 'ratingKey'), (73762, 'ratingKey'), (101849, 'ratingKey'), (126315, 'ratingKey'), (124367, 'ratingKey'), (126261, 'ratingKey'), (124457, 'ratingKey'), (101868, 'ratingKey'), (129032, 'ratingKey'), (124617, 'ratingKey'), (41375, 'ratingKey'), (41221, 'ratingKey'), (100724, 'ratingKey'), (112156, 'ratingKey'), (122777, 'ratingKey'), (112764, 'ratingKey'), (101928, 'ratingKey'), (105073, 'ratingKey'), (101960, 'ratingKey'), (101970, 'ratingKey'), (114032, 'ratingKey'), (98594, 'ratingKey'), (113747, 'ratingKey'), (105099, 'ratingKey'), (102044, 'ratingKey'), (113900, 'ratingKey'), (102051, 'ratingKey'), (107687, 'ratingKey'), (121396, 'ratingKey'), (113766, 'ratingKey'), (105108, 'ratingKey'), (102069, 'ratingKey'), (100882, 'ratingKey'), (100884, 'ratingKey'), (112226, 'ratingKey'), (105241, 'ratingKey'), (100887, 'ratingKey'), (102075, 'ratingKey'), (102076, 'ratingKey'), (124888, 'ratingKey'), (115926, 'ratingKey'), (100930, 'ratingKey'), (123407, 'ratingKey'), (119517, 'ratingKey'), (102092, 'ratingKey'), (122341, 'ratingKey'), (105918, 'ratingKey'), (122457, 'ratingKey'), (108082, 'ratingKey'), (113543, 'ratingKey'), (102102, 'ratingKey'), (100919, 'ratingKey'), (119685, 'ratingKey'), (122136, 'ratingKey'), (112153, 'ratingKey'), (102106, 'ratingKey'), (112698, 'ratingKey'), (113550, 'ratingKey'), (126473, 'ratingKey')] |
[2023-01-31 01:15:51,711] [builder.py:1284]           [DEBUG]    |                                                                                                    |
[2023-01-31 01:15:57,294] [builder.py:1697]           [INFO]     |                                                                                                    |
[2023-01-31 01:15:57,295] [util.py:216]               [INFO]     |=================================== Adding to Horror Collection ====================================|
[2023-01-31 01:15:57,295] [builder.py:1699]           [INFO]     |                                                                                                    |
[2023-01-31 01:15:57,295] [builder.py:1709]           [INFO]     |   1/328 | Horror Collection | = | 1BR (2020)                                                       |
[2023-01-31 01:15:57,296] [builder.py:1709]           [INFO]     |   2/328 | Horror Collection | = | 3 from Hell (2019)                                               |
[2023-01-31 01:15:57,296] [builder.py:1709]           [INFO]     |   3/328 | Horror Collection | = | 10 Cloverfield Lane (2016)                                       |
[2023-01-31 01:15:57,296] [builder.py:1709]           [INFO]     |   4/328 | Horror Collection | = | 12 Hour Shift (2020)                                             |
[2023-01-31 01:15:57,297] [builder.py:1709]           [INFO]     |   5/328 | Horror Collection | = | 28 Days Later... (2002)                                          |
[2023-01-31 01:15:57,297] [builder.py:1709]           [INFO]     |   6/328 | Horror Collection | = | 28 Weeks Later (2007)                                            |
[2023-01-31 01:15:57,297] [builder.py:1709]           [INFO]     |   7/328 | Horror Collection | = | 1408 (2007)                                                      |
[2023-01-31 01:15:57,298] [builder.py:1709]           [INFO]     |   8/328 | Horror Collection | = | 1922 (2017)                                                      |
[2023-01-31 01:15:57,298] [builder.py:1709]           [INFO]     |   9/328 | Horror Collection | = | The Addams Family (1991)                                         |
[2023-01-31 01:15:57,298] [builder.py:1709]           [INFO]     |  10/328 | Horror Collection | = | The Adventures of Ichabod and Mr. Toad (1950)                    |
[2023-01-31 01:15:57,299] [builder.py:1709]           [INFO]     |  11/328 | Horror Collection | = | After Midnight (2020)                                            |
[2023-01-31 01:15:57,299] [builder.py:1709]           [INFO]     |  12/328 | Horror Collection | = | Alien (1979)                                                     |
[2023-01-31 01:15:57,299] [builder.py:1709]           [INFO]     |  13/328 | Horror Collection | = | Alien vs. Predator (2004)                                        |
[2023-01-31 01:15:57,300] [builder.py:1709]           [INFO]     |  14/328 | Horror Collection | = | Alien: Covenant (2017)                                           |
[2023-01-31 01:15:57,300] [builder.py:1709]           [INFO]     |  15/328 | Horror Collection | = | Alien: Resurrection (1997)                                       |
[2023-01-31 01:15:57,300] [builder.py:1709]           [INFO]     |  16/328 | Horror Collection | = | Alien³ (1992)                                                    |
[2023-01-31 01:15:57,301] [builder.py:1709]           [INFO]     |  17/328 | Horror Collection | = | Aliens vs. Predator: Requiem (2007)                              |
[2023-01-31 01:15:57,301] [builder.py:1709]           [INFO]     |  18/328 | Horror Collection | = | #Alive (2020)                                                    |
[2023-01-31 01:15:57,301] [builder.py:1709]           [INFO]     |  19/328 | Horror Collection | = | All My Friends Hate Me (2022)                                    |
[2023-01-31 01:15:57,302] [builder.py:1709]           [INFO]     |  20/328 | Horror Collection | = | Alone (2020)                                                     |
[2023-01-31 01:15:57,302] [builder.py:1709]           [INFO]     |  21/328 | Horror Collection | = | American Psycho (2000)                                           |
[2023-01-31 01:15:57,302] [builder.py:1709]           [INFO]     |  22/328 | Horror Collection | = | An American Werewolf in London (1981)                            |
[2023-01-31 01:15:57,303] [builder.py:1709]           [INFO]     |  23/328 | Horror Collection | = | Angel Heart (1987)                                               |
[2023-01-31 01:15:57,303] [builder.py:1709]           [INFO]     |  24/328 | Horror Collection | = | Anna and the Apocalypse (2018)                                   |
[2023-01-31 01:15:57,303] [builder.py:1709]           [INFO]     |  25/328 | Horror Collection | = | Annabelle Comes Home (2019)                                      |
[2023-01-31 01:15:57,304] [builder.py:1709]           [INFO]     |  26/328 | Horror Collection | = | Annihilation (2018)                                              |
[2023-01-31 01:15:57,304] [builder.py:1709]           [INFO]     |  27/328 | Horror Collection | = | Antichrist (2009)                                                |
[2023-01-31 01:15:57,304] [builder.py:1709]           [INFO]     |  28/328 | Horror Collection | = | Antlers (2021)                                                   |
[2023-01-31 01:15:57,305] [builder.py:1709]           [INFO]     |  29/328 | Horror Collection | = | Apollo 18 (2011)                                                 |
[2023-01-31 01:15:57,305] [builder.py:1709]           [INFO]     |  30/328 | Horror Collection | = | Army of the Dead (2021)                                          |
[2023-01-31 01:15:57,305] [builder.py:1709]           [INFO]     |  31/328 | Horror Collection | = | The Babadook (2014)                                              |
[2023-01-31 01:15:57,306] [builder.py:1709]           [INFO]     |  32/328 | Horror Collection | = | Bacurau (2019)                                                   |
[2023-01-31 01:15:57,306] [builder.py:1709]           [INFO]     |  33/328 | Horror Collection | = | Bad Hair (2021)                                                  |
[2023-01-31 01:15:57,307] [builder.py:1709]           [INFO]     |  34/328 | Horror Collection | = | Bad Ronald (1974)                                                |
[2023-01-31 01:15:57,307] [builder.py:1709]           [INFO]     |  35/328 | Horror Collection | = | Barbarian (2022)                                                 |
[2023-01-31 01:15:57,308] [builder.py:1709]           [INFO]     |  36/328 | Horror Collection | = | Becky (2020)                                                     |
[2023-01-31 01:15:57,308] [builder.py:1709]           [INFO]     |  37/328 | Horror Collection | = | Benny Loves You (2021)                                           |
[2023-01-31 01:15:57,308] [builder.py:1709]           [INFO]     |  38/328 | Horror Collection | = | Berserk: The Golden Age Arc II - The Battle for Doldrey (2012)   |
[2023-01-31 01:15:57,309] [builder.py:1709]           [INFO]     |  39/328 | Horror Collection | = | The Beta Test (2021)                                             |
[2023-01-31 01:15:57,309] [builder.py:1709]           [INFO]     |  40/328 | Horror Collection | = | Bird Box (2018)                                                  |
[2023-01-31 01:15:57,309] [builder.py:1709]           [INFO]     |  41/328 | Horror Collection | = | The Birds (1963)                                                 |
[2023-01-31 01:15:57,310] [builder.py:1709]           [INFO]     |  42/328 | Horror Collection | = | Black Box (2020)                                                 |
[2023-01-31 01:15:57,310] [builder.py:1709]           [INFO]     |  43/328 | Horror Collection | = | Black Christmas (1974)                                           |
[2023-01-31 01:15:57,311] [builder.py:1709]           [INFO]     |  44/328 | Horror Collection | = | The Black Phone (2022)                                           |
[2023-01-31 01:15:57,311] [builder.py:1709]           [INFO]     |  45/328 | Horror Collection | = | Black Swan (2010)                                                |
[2023-01-31 01:15:57,311] [builder.py:1709]           [INFO]     |  46/328 | Horror Collection | = | Blade (1998)                                                     |
[2023-01-31 01:15:57,312] [builder.py:1709]           [INFO]     |  47/328 | Horror Collection | = | The Blair Witch Project (1999)                                   |
[2023-01-31 01:15:57,312] [builder.py:1709]           [INFO]     |  48/328 | Horror Collection | = | Bliss (2019)                                                     |
[2023-01-31 01:15:57,312] [builder.py:1709]           [INFO]     |  49/328 | Horror Collection | = | The Block Island Sound (2020)                                    |
[2023-01-31 01:15:57,313] [builder.py:1709]           [INFO]     |  50/328 | Horror Collection | = | Bloody Hell (2020)                                               |
[2023-01-31 01:15:57,313] [builder.py:1709]           [INFO]     |  51/328 | Horror Collection | = | Bodies Bodies Bodies (2022)                                      |
[2023-01-31 01:15:57,314] [builder.py:1709]           [INFO]     |  52/328 | Horror Collection | = | Bones and All (2022)                                             |
[2023-01-31 01:15:57,314] [builder.py:1709]           [INFO]     |  53/328 | Horror Collection | = | The Boy Behind the Door (2021)                                   |
[2023-01-31 01:15:57,314] [builder.py:1709]           [INFO]     |  54/328 | Horror Collection | = | Boys from County Hell (2021)                                     |
[2023-01-31 01:15:57,315] [builder.py:1709]           [INFO]     |  55/328 | Horror Collection | = | The Bride of Frankenstein (1935)                                 |
[2023-01-31 01:15:57,315] [builder.py:1709]           [INFO]     |  56/328 | Horror Collection | = | Broadcast Signal Intrusion (2021)                                |
[2023-01-31 01:15:57,315] [builder.py:1709]           [INFO]     |  57/328 | Horror Collection | = | Butt Boy (2020)                                                  |
[2023-01-31 01:15:57,316] [builder.py:1709]           [INFO]     |  58/328 | Horror Collection | = | The Cabin in the Woods (2012)                                    |
[2023-01-31 01:15:57,316] [builder.py:1709]           [INFO]     |  59/328 | Horror Collection | = | The Cabinet of Dr. Caligari (1920)                               |
[2023-01-31 01:15:57,317] [builder.py:1709]           [INFO]     |  60/328 | Horror Collection | = | Candyman (1992)                                                  |
[2023-01-31 01:15:57,317] [builder.py:1709]           [INFO]     |  61/328 | Horror Collection | = | Candyman (2021)                                                  |
[2023-01-31 01:15:57,319] [builder.py:1709]           [INFO]     |  62/328 | Horror Collection | = | Carrie (1976)                                                    |
[2023-01-31 01:15:57,320] [builder.py:1709]           [INFO]     |  63/328 | Horror Collection | = | Caveat (2021)                                                    |
[2023-01-31 01:15:57,320] [builder.py:1709]           [INFO]     |  64/328 | Horror Collection | = | Child's Play (1988)                                              |
[2023-01-31 01:15:57,321] [builder.py:1709]           [INFO]     |  65/328 | Horror Collection | = | Child's Play 2 (1990)                                            |
[2023-01-31 01:15:57,321] [builder.py:1709]           [INFO]     |  66/328 | Horror Collection | = | Children of the Corn (1984)                                      |
[2023-01-31 01:15:57,322] [builder.py:1709]           [INFO]     |  67/328 | Horror Collection | = | The Clovehitch Killer (2018)                                     |
[2023-01-31 01:15:57,322] [builder.py:1709]           [INFO]     |  68/328 | Horror Collection | = | Cloverfield (2008)                                               |
[2023-01-31 01:15:57,322] [builder.py:1709]           [INFO]     |  69/328 | Horror Collection | = | The Cloverfield Paradox (2018)                                   |
[2023-01-31 01:15:57,323] [builder.py:1709]           [INFO]     |  70/328 | Horror Collection | = | Color Out of Space (2020)                                        |
[2023-01-31 01:15:57,323] [builder.py:1709]           [INFO]     |  71/328 | Horror Collection | = | Come Play (2020)                                                 |
[2023-01-31 01:15:57,324] [builder.py:1709]           [INFO]     |  72/328 | Horror Collection | = | The Conjuring (2013)                                             |
[2023-01-31 01:15:57,324] [builder.py:1709]           [INFO]     |  73/328 | Horror Collection | = | The Conjuring 2 (2016)                                           |
[2023-01-31 01:15:57,325] [builder.py:1709]           [INFO]     |  74/328 | Horror Collection | = | The Conjuring: The Devil Made Me Do It (2021)                    |
[2023-01-31 01:15:57,325] [builder.py:1709]           [INFO]     |  75/328 | Horror Collection | = | Crawl (2019)                                                     |
[2023-01-31 01:15:57,326] [builder.py:1709]           [INFO]     |  76/328 | Horror Collection | = | Creature from the Black Lagoon (1954)                            |
[2023-01-31 01:15:57,326] [builder.py:1709]           [INFO]     |  77/328 | Horror Collection | = | Crimes of the Future (2022)                                      |
[2023-01-31 01:15:57,326] [builder.py:1709]           [INFO]     |  78/328 | Horror Collection | = | Cronos (1993)                                                    |
[2023-01-31 01:15:57,327] [builder.py:1709]           [INFO]     |  79/328 | Horror Collection | = | The Curse of Bridge Hollow (2022)                                |
[2023-01-31 01:15:57,327] [builder.py:1709]           [INFO]     |  80/328 | Horror Collection | = | The Cursed (2022)                                                |
[2023-01-31 01:15:57,328] [builder.py:1709]           [INFO]     |  81/328 | Horror Collection | = | Daniel Isn't Real (2019)                                         |
[2023-01-31 01:15:57,328] [builder.py:1709]           [INFO]     |  82/328 | Horror Collection | = | The Dark and the Wicked (2020)                                   |
[2023-01-31 01:15:57,329] [builder.py:1709]           [INFO]     |  83/328 | Horror Collection | = | A Dark Song (2016)                                               |
[2023-01-31 01:15:57,329] [builder.py:1709]           [INFO]     |  84/328 | Horror Collection | = | Dawn of the Dead (1978)                                          |
[2023-01-31 01:15:57,330] [builder.py:1709]           [INFO]     |  85/328 | Horror Collection | = | Dawn of the Dead (2004)                                          |
[2023-01-31 01:15:57,330] [builder.py:1709]           [INFO]     |  86/328 | Horror Collection | = | Day Shift (2022)                                                 |
[2023-01-31 01:15:57,331] [builder.py:1709]           [INFO]     |  87/328 | Horror Collection | = | The Dead (2010)                                                  |
[2023-01-31 01:15:57,331] [builder.py:1709]           [INFO]     |  88/328 | Horror Collection | = | The Dead Center (2019)                                           |
[2023-01-31 01:15:57,331] [builder.py:1709]           [INFO]     |  89/328 | Horror Collection | = | Deadtectives (2019)                                              |
[2023-01-31 01:15:57,332] [builder.py:1709]           [INFO]     |  90/328 | Horror Collection | = | Depraved (2019)                                                  |
[2023-01-31 01:15:57,332] [builder.py:1709]           [INFO]     |  91/328 | Horror Collection | = | The Descent (2005)                                               |
[2023-01-31 01:15:57,333] [builder.py:1709]           [INFO]     |  92/328 | Horror Collection | = | The Descent: Part 2 (2009)                                       |
[2023-01-31 01:15:57,334] [builder.py:1709]           [INFO]     |  93/328 | Horror Collection | = | Destroy All Monsters (1968)                                      |
[2023-01-31 01:15:57,335] [builder.py:1709]           [INFO]     |  94/328 | Horror Collection | = | The Devil's Backbone (2001)                                      |
[2023-01-31 01:15:57,335] [builder.py:1709]           [INFO]     |  95/328 | Horror Collection | = | The Devil's Candy (2016)                                         |
[2023-01-31 01:15:57,335] [builder.py:1709]           [INFO]     |  96/328 | Horror Collection | = | Diabolique (1955)                                                |
[2023-01-31 01:15:57,336] [builder.py:1709]           [INFO]     |  97/328 | Horror Collection | = | Doctor Sleep (2019)                                              |
[2023-01-31 01:15:57,336] [builder.py:1709]           [INFO]     |  98/328 | Horror Collection | = | Doctor Strange in the Multiverse of Madness (2022)               |
[2023-01-31 01:15:57,337] [builder.py:1709]           [INFO]     |  99/328 | Horror Collection | = | Don't Breathe (2016)                                             |
[2023-01-31 01:15:57,337] [builder.py:1709]           [INFO]     | 100/328 | Horror Collection | = | Don't Breathe 2 (2021)                                           |
[2023-01-31 01:15:57,338] [builder.py:1709]           [INFO]     | 101/328 | Horror Collection | = | Don't Worry Darling (2022)                                       |
[2023-01-31 01:15:57,338] [builder.py:1709]           [INFO]     | 102/328 | Horror Collection | = | Dr. Jekyll and Mr. Hyde (1932)                                   |
[2023-01-31 01:15:57,339] [builder.py:1709]           [INFO]     | 103/328 | Horror Collection | = | Dracula (1931)                                                   |
[2023-01-31 01:15:57,339] [builder.py:1709]           [INFO]     | 104/328 | Horror Collection | = | Drag Me to Hell (2009)                                           |
[2023-01-31 01:15:57,339] [builder.py:1709]           [INFO]     | 105/328 | Horror Collection | = | The Empty Man (2020)                                             |
[2023-01-31 01:15:57,340] [builder.py:1709]           [INFO]     | 106/328 | Horror Collection | = | The Endless (2018)                                               |
[2023-01-31 01:15:57,340] [builder.py:1709]           [INFO]     | 107/328 | Horror Collection | = | Eraserhead (1978)                                                |
[2023-01-31 01:15:57,341] [builder.py:1709]           [INFO]     | 108/328 | Horror Collection | = | Escape Room: Tournament of Champions (2021)                      |
[2023-01-31 01:15:57,341] [builder.py:1709]           [INFO]     | 109/328 | Horror Collection | = | The Evil Dead (1983)                                             |
[2023-01-31 01:15:57,342] [builder.py:1709]           [INFO]     | 110/328 | Horror Collection | = | Evil Dead II (1987)                                              |
[2023-01-31 01:15:57,342] [builder.py:1709]           [INFO]     | 111/328 | Horror Collection | = | The Exorcism of God (2022)                                       |
[2023-01-31 01:15:57,343] [builder.py:1709]           [INFO]     | 112/328 | Horror Collection | = | The Exorcist (1973)                                              |
[2023-01-31 01:15:57,343] [builder.py:1709]           [INFO]     | 113/328 | Horror Collection | = | Fear of Rain (2021)                                              |
[2023-01-31 01:15:57,344] [builder.py:1709]           [INFO]     | 114/328 | Horror Collection | = | Fear Street: Part One - 1994 (2021)                              |
[2023-01-31 01:15:57,344] [builder.py:1709]           [INFO]     | 115/328 | Horror Collection | = | Fear Street: Part Three - 1666 (2021)                            |
[2023-01-31 01:15:57,345] [builder.py:1709]           [INFO]     | 116/328 | Horror Collection | = | Fear Street: Part Two - 1978 (2021)                              |
[2023-01-31 01:15:57,345] [builder.py:1709]           [INFO]     | 117/328 | Horror Collection | = | The First Purge (2018)                                           |
[2023-01-31 01:15:57,346] [builder.py:1709]           [INFO]     | 118/328 | Horror Collection | = | Flux Gourmet (2022)                                              |
[2023-01-31 01:15:57,346] [builder.py:1709]           [INFO]     | 119/328 | Horror Collection | = | The Fly (1986)                                                   |
[2023-01-31 01:15:57,347] [builder.py:1709]           [INFO]     | 120/328 | Horror Collection | = | The Fog (1980)                                                   |
[2023-01-31 01:15:57,347] [builder.py:1709]           [INFO]     | 121/328 | Horror Collection | = | Frankenstein (1931)                                              |
[2023-01-31 01:15:57,348] [builder.py:1709]           [INFO]     | 122/328 | Horror Collection | = | Freaks (1932)                                                    |
[2023-01-31 01:15:57,348] [builder.py:1709]           [INFO]     | 123/328 | Horror Collection | = | Freaky (2020)                                                    |
[2023-01-31 01:15:57,350] [builder.py:1709]           [INFO]     | 124/328 | Horror Collection | = | Fresh (2022)                                                     |
[2023-01-31 01:15:57,350] [builder.py:1709]           [INFO]     | 125/328 | Horror Collection | = | From Dusk Till Dawn (1996)                                       |
[2023-01-31 01:15:57,351] [builder.py:1709]           [INFO]     | 126/328 | Horror Collection | = | Funny Games (1997)                                               |
[2023-01-31 01:15:57,351] [builder.py:1709]           [INFO]     | 127/328 | Horror Collection | = | Gerald's Game (2017)                                             |
[2023-01-31 01:15:57,352] [builder.py:1709]           [INFO]     | 128/328 | Horror Collection | = | Get Out (2017)                                                   |
[2023-01-31 01:15:57,352] [builder.py:1709]           [INFO]     | 129/328 | Horror Collection | = | Ghost Rider (2007)                                               |
[2023-01-31 01:15:57,353] [builder.py:1709]           [INFO]     | 130/328 | Horror Collection | = | A Girl Walks Home Alone at Night (2015)                          |
[2023-01-31 01:15:57,353] [builder.py:1709]           [INFO]     | 131/328 | Horror Collection | = | Godzilla (1954)                                                  |
[2023-01-31 01:15:57,354] [builder.py:1709]           [INFO]     | 132/328 | Horror Collection | = | Godzilla Raids Again (1955)                                      |
[2023-01-31 01:15:57,354] [builder.py:1709]           [INFO]     | 133/328 | Horror Collection | = | Godzilla vs. Hedorah (1971)                                      |
[2023-01-31 01:15:57,355] [builder.py:1709]           [INFO]     | 134/328 | Horror Collection | = | Godzilla: King of the Monsters! (1956)                           |
[2023-01-31 01:15:57,355] [builder.py:1709]           [INFO]     | 135/328 | Horror Collection | = | Goosebumps (2015)                                                |
[2023-01-31 01:15:57,356] [builder.py:1709]           [INFO]     | 136/328 | Horror Collection | = | Green Room (2016)                                                |
[2023-01-31 01:15:57,356] [builder.py:1709]           [INFO]     | 137/328 | Horror Collection | = | Gremlins (1984)                                                  |
[2023-01-31 01:15:57,357] [builder.py:1709]           [INFO]     | 138/328 | Horror Collection | = | Gremlins 2: The New Batch (1990)                                 |
[2023-01-31 01:15:57,357] [builder.py:1709]           [INFO]     | 139/328 | Horror Collection | = | Gretel & Hansel (2020)                                           |
[2023-01-31 01:15:57,358] [builder.py:1709]           [INFO]     | 140/328 | Horror Collection | = | The Grudge (2004)                                                |
[2023-01-31 01:15:57,358] [builder.py:1709]           [INFO]     | 141/328 | Horror Collection | = | The Hallow (2015)                                                |
[2023-01-31 01:15:57,359] [builder.py:1709]           [INFO]     | 142/328 | Horror Collection | = | Halloween (1978)                                                 |
[2023-01-31 01:15:57,360] [builder.py:1709]           [INFO]     | 143/328 | Horror Collection | = | Halloween (2007)                                                 |
[2023-01-31 01:15:57,360] [builder.py:1709]           [INFO]     | 144/328 | Horror Collection | = | Halloween (2018)                                                 |
[2023-01-31 01:15:57,361] [builder.py:1709]           [INFO]     | 145/328 | Horror Collection | = | Halloween Ends (2022)                                            |
[2023-01-31 01:15:57,361] [builder.py:1709]           [INFO]     | 146/328 | Horror Collection | = | Halloween II (1981)                                              |
[2023-01-31 01:15:57,362] [builder.py:1709]           [INFO]     | 147/328 | Horror Collection | = | Hatching (2022)                                                  |
[2023-01-31 01:15:57,362] [builder.py:1709]           [INFO]     | 148/328 | Horror Collection | = | The Haunted Mansion (2003)                                       |
[2023-01-31 01:15:57,363] [builder.py:1709]           [INFO]     | 149/328 | Horror Collection | = | Hellbender (2022)                                                |
[2023-01-31 01:15:57,363] [builder.py:1709]           [INFO]     | 150/328 | Horror Collection | = | Hellboy (2004)                                                   |
[2023-01-31 01:15:57,364] [builder.py:1709]           [INFO]     | 151/328 | Horror Collection | = | Hellboy II: The Golden Army (2008)                               |
[2023-01-31 01:15:57,365] [builder.py:1709]           [INFO]     | 152/328 | Horror Collection | = | Hereditary (2018)                                                |
[2023-01-31 01:15:57,366] [builder.py:1709]           [INFO]     | 153/328 | Horror Collection | = | Hocus Pocus (1993)                                               |
[2023-01-31 01:15:57,367] [builder.py:1709]           [INFO]     | 154/328 | Horror Collection | = | The Hole in the Ground (2019)                                    |
[2023-01-31 01:15:57,367] [builder.py:1709]           [INFO]     | 155/328 | Horror Collection | = | Host (2020)                                                      |
[2023-01-31 01:15:57,368] [builder.py:1709]           [INFO]     | 156/328 | Horror Collection | = | Hotel Transylvania (2012)                                        |
[2023-01-31 01:15:57,368] [builder.py:1709]           [INFO]     | 157/328 | Horror Collection | = | Hotel Transylvania 2 (2015)                                      |
[2023-01-31 01:15:57,369] [builder.py:1709]           [INFO]     | 158/328 | Horror Collection | = | Hotel Transylvania 3: Summer Vacation (2018)                     |
[2023-01-31 01:15:57,369] [builder.py:1709]           [INFO]     | 159/328 | Horror Collection | = | The House of the Devil (2009)                                    |
[2023-01-31 01:15:57,370] [builder.py:1709]           [INFO]     | 160/328 | Horror Collection | = | Hubie Halloween (2020)                                           |
[2023-01-31 01:15:57,370] [builder.py:1709]           [INFO]     | 161/328 | Horror Collection | = | The Hunt (2020)                                                  |
[2023-01-31 01:15:57,371] [builder.py:1709]           [INFO]     | 162/328 | Horror Collection | = | Hunter Hunter (2020)                                             |
[2023-01-31 01:15:57,372] [builder.py:1709]           [INFO]     | 163/328 | Horror Collection | = | Hush (2016)                                                      |
[2023-01-31 01:15:57,372] [builder.py:1709]           [INFO]     | 164/328 | Horror Collection | = | I Saw the Devil (2010)                                           |
[2023-01-31 01:15:57,373] [builder.py:1709]           [INFO]     | 165/328 | Horror Collection | = | I See You (2019)                                                 |
[2023-01-31 01:15:57,374] [builder.py:1709]           [INFO]     | 166/328 | Horror Collection | = | Incantation (2022)                                               |
[2023-01-31 01:15:57,374] [builder.py:1709]           [INFO]     | 167/328 | Horror Collection | = | Initiation (2021)                                                |
[2023-01-31 01:15:57,375] [builder.py:1709]           [INFO]     | 168/328 | Horror Collection | = | The Innocents (2021)                                             |
[2023-01-31 01:15:57,376] [builder.py:1709]           [INFO]     | 169/328 | Horror Collection | = | Insidious (2011)                                                 |
[2023-01-31 01:15:57,376] [builder.py:1709]           [INFO]     | 170/328 | Horror Collection | = | Insidious: Chapter 2 (2013)                                      |
[2023-01-31 01:15:57,377] [builder.py:1709]           [INFO]     | 171/328 | Horror Collection | = | Insidious: Chapter 3 (2015)                                      |
[2023-01-31 01:15:57,377] [builder.py:1709]           [INFO]     | 172/328 | Horror Collection | = | Invasion of the Body Snatchers (1978)                            |
[2023-01-31 01:15:57,378] [builder.py:1709]           [INFO]     | 173/328 | Horror Collection | = | The Invisible Man (2020)                                         |
[2023-01-31 01:15:57,379] [builder.py:1709]           [INFO]     | 174/328 | Horror Collection | = | The Invitation (2022)                                            |
[2023-01-31 01:15:57,379] [builder.py:1709]           [INFO]     | 175/328 | Horror Collection | = | It (2017)                                                        |
[2023-01-31 01:15:57,381] [builder.py:1709]           [INFO]     | 176/328 | Horror Collection | = | It Chapter Two (2019)                                            |
[2023-01-31 01:15:57,382] [builder.py:1709]           [INFO]     | 177/328 | Horror Collection | = | It Follows (2015)                                                |
[2023-01-31 01:15:57,382] [builder.py:1709]           [INFO]     | 178/328 | Horror Collection | = | Jakob's Wife (2021)                                              |
[2023-01-31 01:15:57,383] [builder.py:1709]           [INFO]     | 179/328 | Horror Collection | = | Jaws (1975)                                                      |
[2023-01-31 01:15:57,384] [builder.py:1709]           [INFO]     | 180/328 | Horror Collection | = | Jaws 2 (1978)                                                    |
[2023-01-31 01:15:57,384] [builder.py:1709]           [INFO]     | 181/328 | Horror Collection | = | Jaws 3-D (1983)                                                  |
[2023-01-31 01:15:57,385] [builder.py:1709]           [INFO]     | 182/328 | Horror Collection | = | Jaws: The Revenge (1987)                                         |
[2023-01-31 01:15:57,385] [builder.py:1709]           [INFO]     | 183/328 | Horror Collection | = | Jennifer's Body (2009)                                           |
[2023-01-31 01:15:57,386] [builder.py:1709]           [INFO]     | 184/328 | Horror Collection | = | King Kong (1933)                                                 |
[2023-01-31 01:15:57,387] [builder.py:1709]           [INFO]     | 185/328 | Horror Collection | = | Krampus (2015)                                                   |
[2023-01-31 01:15:57,387] [builder.py:1709]           [INFO]     | 186/328 | Horror Collection | = | Land of the Dead (2005)                                          |
[2023-01-31 01:15:57,388] [builder.py:1709]           [INFO]     | 187/328 | Horror Collection | = | Last Night in Soho (2021)                                        |
[2023-01-31 01:15:57,389] [builder.py:1709]           [INFO]     | 188/328 | Horror Collection | = | Let the Right One In (2008)                                      |
[2023-01-31 01:15:57,389] [builder.py:1709]           [INFO]     | 189/328 | Horror Collection | = | Let Us Prey (2014)                                               |
[2023-01-31 01:15:57,390] [builder.py:1709]           [INFO]     | 190/328 | Horror Collection | = | The Lighthouse (2019)                                            |
[2023-01-31 01:15:57,391] [builder.py:1709]           [INFO]     | 191/328 | Horror Collection | = | Lights Out (2016)                                                |
[2023-01-31 01:15:57,391] [builder.py:1709]           [INFO]     | 192/328 | Horror Collection | = | Little Monsters (2019)                                           |
[2023-01-31 01:15:57,392] [builder.py:1709]           [INFO]     | 193/328 | Horror Collection | = | The Little Vampire (2000)                                        |
[2023-01-31 01:15:57,392] [builder.py:1709]           [INFO]     | 194/328 | Horror Collection | = | The Lodge (2020)                                                 |
[2023-01-31 01:15:57,393] [builder.py:1709]           [INFO]     | 195/328 | Horror Collection | = | Lucky (2021)                                                     |
[2023-01-31 01:15:57,394] [builder.py:1709]           [INFO]     | 196/328 | Horror Collection | = | M3GAN (2022)                                                     |
[2023-01-31 01:15:57,394] [builder.py:1709]           [INFO]     | 197/328 | Horror Collection | = | Mad God (2022)                                                   |
[2023-01-31 01:15:57,395] [builder.py:1709]           [INFO]     | 198/328 | Horror Collection | = | Malignant (2021)                                                 |
[2023-01-31 01:15:57,396] [builder.py:1709]           [INFO]     | 199/328 | Horror Collection | = | Mandy (2018)                                                     |
[2023-01-31 01:15:57,397] [builder.py:1709]           [INFO]     | 200/328 | Horror Collection | = | The Manor (2021)                                                 |
[2023-01-31 01:15:57,398] [builder.py:1709]           [INFO]     | 201/328 | Horror Collection | = | Master (2022)                                                    |
[2023-01-31 01:15:57,399] [builder.py:1709]           [INFO]     | 202/328 | Horror Collection | = | The Meg (2018)                                                   |
[2023-01-31 01:15:57,399] [builder.py:1709]           [INFO]     | 203/328 | Horror Collection | = | Men (2022)                                                       |
[2023-01-31 01:15:57,400] [builder.py:1709]           [INFO]     | 204/328 | Horror Collection | = | The Menu (2022)                                                  |
[2023-01-31 01:15:57,401] [builder.py:1709]           [INFO]     | 205/328 | Horror Collection | = | Midsommar (2019)                                                 |
[2023-01-31 01:15:57,401] [builder.py:1709]           [INFO]     | 206/328 | Horror Collection | = | The Mist (2007)                                                  |
[2023-01-31 01:15:57,402] [builder.py:1709]           [INFO]     | 207/328 | Horror Collection | = | Morbius (2022)                                                   |
[2023-01-31 01:15:57,403] [builder.py:1709]           [INFO]     | 208/328 | Horror Collection | = | The Mortuary Collection (2020)                                   |
[2023-01-31 01:15:57,404] [builder.py:1709]           [INFO]     | 209/328 | Horror Collection | = | The Mummy (1932)                                                 |
[2023-01-31 01:15:57,404] [builder.py:1709]           [INFO]     | 210/328 | Horror Collection | = | The Mummy (1999)                                                 |
[2023-01-31 01:15:57,405] [builder.py:1709]           [INFO]     | 211/328 | Horror Collection | = | The Mummy: Tomb of the Dragon Emperor (2008)                     |
[2023-01-31 01:15:57,406] [builder.py:1709]           [INFO]     | 212/328 | Horror Collection | = | My Heart Can't Beat Unless You Tell It To (2021)                 |
[2023-01-31 01:15:57,406] [builder.py:1709]           [INFO]     | 213/328 | Horror Collection | = | The Night House (2021)                                           |
[2023-01-31 01:15:57,407] [builder.py:1709]           [INFO]     | 214/328 | Horror Collection | = | Night of the Living Dead (1968)                                  |
[2023-01-31 01:15:57,408] [builder.py:1709]           [INFO]     | 215/328 | Horror Collection | = | A Nightmare on Elm Street (1984)                                 |
[2023-01-31 01:15:57,409] [builder.py:1709]           [INFO]     | 216/328 | Horror Collection | = | Ninja Scroll (1993)                                              |
[2023-01-31 01:15:57,410] [builder.py:1709]           [INFO]     | 217/328 | Horror Collection | = | No Exit (2022)                                                   |
[2023-01-31 01:15:57,410] [builder.py:1709]           [INFO]     | 218/328 | Horror Collection | = | No One Gets Out Alive (2021)                                     |
[2023-01-31 01:15:57,412] [builder.py:1709]           [INFO]     | 219/328 | Horror Collection | = | Nocturne (2020)                                                  |
[2023-01-31 01:15:57,412] [builder.py:1709]           [INFO]     | 220/328 | Horror Collection | = | Nope (2022)                                                      |
[2023-01-31 01:15:57,413] [builder.py:1709]           [INFO]     | 221/328 | Horror Collection | = | Nosferatu (1922)                                                 |
[2023-01-31 01:15:57,414] [builder.py:1709]           [INFO]     | 222/328 | Horror Collection | = | Old (2021)                                                       |
[2023-01-31 01:15:57,415] [builder.py:1709]           [INFO]     | 223/328 | Horror Collection | = | The Old Ways (2020)                                              |
[2023-01-31 01:15:57,415] [builder.py:1709]           [INFO]     | 224/328 | Horror Collection | = | The Omen (1976)                                                  |
[2023-01-31 01:15:57,416] [builder.py:1709]           [INFO]     | 225/328 | Horror Collection | = | One Cut of the Dead (2018)                                       |
[2023-01-31 01:15:57,417] [builder.py:1709]           [INFO]     | 226/328 | Horror Collection | = | Orphan: First Kill (2022)                                        |
[2023-01-31 01:15:57,417] [builder.py:1709]           [INFO]     | 227/328 | Horror Collection | = | Overlord (2018)                                                  |
[2023-01-31 01:15:57,418] [builder.py:1709]           [INFO]     | 228/328 | Horror Collection | = | Pacific Rim: Uprising (2018)                                     |
[2023-01-31 01:15:57,419] [builder.py:1709]           [INFO]     | 229/328 | Horror Collection | = | Paranormal Activity (2009)                                       |
[2023-01-31 01:15:57,419] [builder.py:1709]           [INFO]     | 230/328 | Horror Collection | = | Paranormal Activity 2 (2010)                                     |
[2023-01-31 01:15:57,420] [builder.py:1709]           [INFO]     | 231/328 | Horror Collection | = | Pearl (2022)                                                     |
[2023-01-31 01:15:57,421] [builder.py:1709]           [INFO]     | 232/328 | Horror Collection | = | Peninsula (2020)                                                 |
[2023-01-31 01:15:57,422] [builder.py:1709]           [INFO]     | 233/328 | Horror Collection | = | The Phantom of the Opera (1925)                                  |
[2023-01-31 01:15:57,422] [builder.py:1709]           [INFO]     | 234/328 | Horror Collection | = | Pitch Black (2000)                                               |
[2023-01-31 01:15:57,423] [builder.py:1709]           [INFO]     | 235/328 | Horror Collection | = | Poltergeist (1982)                                               |
[2023-01-31 01:15:57,424] [builder.py:1709]           [INFO]     | 236/328 | Horror Collection | = | Possessor (2020)                                                 |
[2023-01-31 01:15:57,424] [builder.py:1709]           [INFO]     | 237/328 | Horror Collection | = | Predator (1987)                                                  |
[2023-01-31 01:15:57,425] [builder.py:1709]           [INFO]     | 238/328 | Horror Collection | = | The Predator (2018)                                              |
[2023-01-31 01:15:57,426] [builder.py:1709]           [INFO]     | 239/328 | Horror Collection | = | Predator 2 (1990)                                                |
[2023-01-31 01:15:57,427] [builder.py:1709]           [INFO]     | 240/328 | Horror Collection | = | Prey (2022)                                                      |
[2023-01-31 01:15:57,428] [builder.py:1709]           [INFO]     | 241/328 | Horror Collection | = | Psycho (1960)                                                    |
[2023-01-31 01:15:57,429] [builder.py:1709]           [INFO]     | 242/328 | Horror Collection | = | Puppet Master (1989)                                             |
[2023-01-31 01:15:57,430] [builder.py:1709]           [INFO]     | 243/328 | Horror Collection | = | A Quiet Place (2018)                                             |
[2023-01-31 01:15:57,430] [builder.py:1709]           [INFO]     | 244/328 | Horror Collection | = | A Quiet Place Part II (2021)                                     |
[2023-01-31 01:15:57,431] [builder.py:1709]           [INFO]     | 245/328 | Horror Collection | = | Random Acts of Violence (2019)                                   |
[2023-01-31 01:15:57,432] [builder.py:1709]           [INFO]     | 246/328 | Horror Collection | = | Rare Exports: A Christmas Tale (2010)                            |
[2023-01-31 01:15:57,433] [builder.py:1709]           [INFO]     | 247/328 | Horror Collection | = | Raw (2017)                                                       |
[2023-01-31 01:15:57,434] [builder.py:1709]           [INFO]     | 248/328 | Horror Collection | = | Ready or Not (2019)                                              |
[2023-01-31 01:15:57,434] [builder.py:1709]           [INFO]     | 249/328 | Horror Collection | = | Red Christmas (2017)                                             |
[2023-01-31 01:15:57,435] [builder.py:1709]           [INFO]     | 250/328 | Horror Collection | = | Red Snow (2021)                                                  |
[2023-01-31 01:15:57,436] [builder.py:1709]           [INFO]     | 251/328 | Horror Collection | = | Relic (2020)                                                     |
[2023-01-31 01:15:57,437] [builder.py:1709]           [INFO]     | 252/328 | Horror Collection | = | Rent-A-Pal (2020)                                                |
[2023-01-31 01:15:57,438] [builder.py:1709]           [INFO]     | 253/328 | Horror Collection | = | The Rental (2020)                                                |
[2023-01-31 01:15:57,438] [builder.py:1709]           [INFO]     | 254/328 | Horror Collection | = | Repulsion (1965)                                                 |
[2023-01-31 01:15:57,439] [builder.py:1709]           [INFO]     | 255/328 | Horror Collection | = | Resident Evil: Welcome to Raccoon City (2021)                    |
[2023-01-31 01:15:57,440] [builder.py:1709]           [INFO]     | 256/328 | Horror Collection | = | Revenge (2018)                                                   |
[2023-01-31 01:15:57,441] [builder.py:1709]           [INFO]     | 257/328 | Horror Collection | = | Rider (2018)                                                     |
[2023-01-31 01:15:57,442] [builder.py:1709]           [INFO]     | 258/328 | Horror Collection | = | The Ring (2002)                                                  |
[2023-01-31 01:15:57,443] [builder.py:1709]           [INFO]     | 259/328 | Horror Collection | = | Ringu (1998)                                                     |
[2023-01-31 01:15:57,444] [builder.py:1709]           [INFO]     | 260/328 | Horror Collection | = | The Ritual (2017)                                                |
[2023-01-31 01:15:57,445] [builder.py:1709]           [INFO]     | 261/328 | Horror Collection | = | The Rocky Horror Picture Show (1975)                             |
[2023-01-31 01:15:57,446] [builder.py:1709]           [INFO]     | 262/328 | Horror Collection | = | Rosemary's Baby (1968)                                           |
[2023-01-31 01:15:57,446] [builder.py:1709]           [INFO]     | 263/328 | Horror Collection | = | Run (2020)                                                       |
[2023-01-31 01:15:57,447] [builder.py:1709]           [INFO]     | 264/328 | Horror Collection | = | The Sadness (2021)                                               |
[2023-01-31 01:15:57,448] [builder.py:1709]           [INFO]     | 265/328 | Horror Collection | = | Scare Package (2020)                                             |
[2023-01-31 01:15:57,449] [builder.py:1709]           [INFO]     | 266/328 | Horror Collection | = | Scooby-Doo 2: Monsters Unleashed (2004)                          |
[2023-01-31 01:15:57,450] [builder.py:1709]           [INFO]     | 267/328 | Horror Collection | = | Scream (1996)                                                    |
[2023-01-31 01:15:57,451] [builder.py:1709]           [INFO]     | 268/328 | Horror Collection | = | Scream (2022)                                                    |
[2023-01-31 01:15:57,451] [builder.py:1709]           [INFO]     | 269/328 | Horror Collection | = | Sea Fever (2020)                                                 |
[2023-01-31 01:15:57,452] [builder.py:1709]           [INFO]     | 270/328 | Horror Collection | = | Shaun of the Dead (2004)                                         |
[2023-01-31 01:15:57,453] [builder.py:1709]           [INFO]     | 271/328 | Horror Collection | = | The Shining (1980)                                               |
[2023-01-31 01:15:57,454] [builder.py:1709]           [INFO]     | 272/328 | Horror Collection | = | Shut In (2022)                                                   |
[2023-01-31 01:15:57,455] [builder.py:1709]           [INFO]     | 273/328 | Horror Collection | = | Significant Other (2022)                                         |
[2023-01-31 01:15:57,456] [builder.py:1709]           [INFO]     | 274/328 | Horror Collection | = | Silent Night (2012)                                              |
[2023-01-31 01:15:57,457] [builder.py:1709]           [INFO]     | 275/328 | Horror Collection | = | Silent Night (2021)                                              |
[2023-01-31 01:15:57,458] [builder.py:1709]           [INFO]     | 276/328 | Horror Collection | = | Silent Night, Deadly Night (1984)                                |
[2023-01-31 01:15:57,459] [builder.py:1709]           [INFO]     | 277/328 | Horror Collection | = | Sinister (2012)                                                  |
[2023-01-31 01:15:57,460] [builder.py:1709]           [INFO]     | 278/328 | Horror Collection | = | Slash/Back (2022)                                                |
[2023-01-31 01:15:57,461] [builder.py:1709]           [INFO]     | 279/328 | Horror Collection | = | Smile (2022)                                                     |
[2023-01-31 01:15:57,462] [builder.py:1709]           [INFO]     | 280/328 | Horror Collection | = | Son (2021)                                                       |
[2023-01-31 01:15:57,463] [builder.py:1709]           [INFO]     | 281/328 | Horror Collection | = | The Spine of Night (2021)                                        |
[2023-01-31 01:15:57,464] [builder.py:1709]           [INFO]     | 282/328 | Horror Collection | = | Spontaneous (2020)                                               |
[2023-01-31 01:15:57,465] [builder.py:1709]           [INFO]     | 283/328 | Horror Collection | = | Spree (2020)                                                     |
[2023-01-31 01:15:57,466] [builder.py:1709]           [INFO]     | 284/328 | Horror Collection | = | Spring (2015)                                                    |
[2023-01-31 01:15:57,467] [builder.py:1709]           [INFO]     | 285/328 | Horror Collection | = | Studio 666 (2022)                                                |
[2023-01-31 01:15:57,468] [builder.py:1709]           [INFO]     | 286/328 | Horror Collection | = | The Stylist (2021)                                               |
[2023-01-31 01:15:57,469] [builder.py:1709]           [INFO]     | 287/328 | Horror Collection | = | Superhost (2021)                                                 |
[2023-01-31 01:15:57,469] [builder.py:1709]           [INFO]     | 288/328 | Horror Collection | = | Synchronic (2020)                                                |
[2023-01-31 01:15:57,470] [builder.py:1709]           [INFO]     | 289/328 | Horror Collection | = | A Tale of Two Sisters (2003)                                     |
[2023-01-31 01:15:57,471] [builder.py:1709]           [INFO]     | 290/328 | Horror Collection | = | The Texas Chain Saw Massacre (1974)                              |
[2023-01-31 01:15:57,472] [builder.py:1709]           [INFO]     | 291/328 | Horror Collection | = | The Thing (1982)                                                 |
[2023-01-31 01:15:57,474] [builder.py:1709]           [INFO]     | 292/328 | Horror Collection | = | Till Death (2021)                                                |
[2023-01-31 01:15:57,475] [builder.py:1709]           [INFO]     | 293/328 | Horror Collection | = | To Your Last Death (2020)                                        |
[2023-01-31 01:15:57,476] [builder.py:1709]           [INFO]     | 294/328 | Horror Collection | = | Train to Busan (2016)                                            |
[2023-01-31 01:15:57,477] [builder.py:1709]           [INFO]     | 295/328 | Horror Collection | = | Tremors (1990)                                                   |
[2023-01-31 01:15:57,477] [builder.py:1709]           [INFO]     | 296/328 | Horror Collection | = | Trick 'r Treat (2007)                                            |
[2023-01-31 01:15:57,478] [builder.py:1709]           [INFO]     | 297/328 | Horror Collection | = | Uncle Peckerhead (2020)                                          |
[2023-01-31 01:15:57,479] [builder.py:1709]           [INFO]     | 298/328 | Horror Collection | = | Unfriended (2015)                                                |
[2023-01-31 01:15:57,480] [builder.py:1709]           [INFO]     | 299/328 | Horror Collection | = | Us (2019)                                                        |
[2023-01-31 01:15:57,481] [builder.py:1709]           [INFO]     | 300/328 | Horror Collection | = | Vampire Hunter D (1985)                                          |
[2023-01-31 01:15:57,482] [builder.py:1709]           [INFO]     | 301/328 | Horror Collection | = | Vampire Hunter D: Bloodlust (2000)                               |
[2023-01-31 01:15:57,483] [builder.py:1709]           [INFO]     | 302/328 | Horror Collection | = | Vampires vs. the Bronx (2020)                                    |
[2023-01-31 01:15:57,484] [builder.py:1709]           [INFO]     | 303/328 | Horror Collection | = | Vampyr (1932)                                                    |
[2023-01-31 01:15:57,485] [builder.py:1709]           [INFO]     | 304/328 | Horror Collection | = | VFW (2020)                                                       |
[2023-01-31 01:15:57,486] [builder.py:1709]           [INFO]     | 305/328 | Horror Collection | = | The Vigil (2019)                                                 |
[2023-01-31 01:15:57,487] [builder.py:1709]           [INFO]     | 306/328 | Horror Collection | = | Villains (2019)                                                  |
[2023-01-31 01:15:57,487] [builder.py:1709]           [INFO]     | 307/328 | Horror Collection | = | The Wailing (2016)                                               |
[2023-01-31 01:15:57,488] [builder.py:1709]           [INFO]     | 308/328 | Horror Collection | = | Wait Until Dark (1967)                                           |
[2023-01-31 01:15:57,490] [builder.py:1709]           [INFO]     | 309/328 | Horror Collection | = | Warm Bodies (2013)                                               |
[2023-01-31 01:15:57,490] [builder.py:1709]           [INFO]     | 310/328 | Horror Collection | = | Watcher (2022)                                                   |
[2023-01-31 01:15:57,491] [builder.py:1709]           [INFO]     | 311/328 | Horror Collection | = | We Summon the Darkness (2020)                                    |
[2023-01-31 01:15:57,492] [builder.py:1709]           [INFO]     | 312/328 | Horror Collection | = | Wendell & Wild (2022)                                            |
[2023-01-31 01:15:57,493] [builder.py:1709]           [INFO]     | 313/328 | Horror Collection | = | Werewolf by Night (2022)                                         |
[2023-01-31 01:15:57,494] [builder.py:1709]           [INFO]     | 314/328 | Horror Collection | = | Werewolves Within (2021)                                         |
[2023-01-31 01:15:57,495] [builder.py:1709]           [INFO]     | 315/328 | Horror Collection | = | What Ever Happened to Baby Jane? (1962)                          |
[2023-01-31 01:15:57,496] [builder.py:1709]           [INFO]     | 316/328 | Horror Collection | = | What Josiah Saw (2022)                                           |
[2023-01-31 01:15:57,497] [builder.py:1709]           [INFO]     | 317/328 | Horror Collection | = | The Wicker Man (1973)                                            |
[2023-01-31 01:15:57,498] [builder.py:1709]           [INFO]     | 318/328 | Horror Collection | = | Willy's Wonderland (2021)                                        |
[2023-01-31 01:15:57,499] [builder.py:1709]           [INFO]     | 319/328 | Horror Collection | = | The Witch (2015)                                                 |
[2023-01-31 01:15:57,499] [builder.py:1709]           [INFO]     | 320/328 | Horror Collection | = | The Wolf Man (1941)                                              |
[2023-01-31 01:15:57,500] [builder.py:1709]           [INFO]     | 321/328 | Horror Collection | = | The Wolf of Snow Hollow (2020)                                   |
[2023-01-31 01:15:57,501] [builder.py:1709]           [INFO]     | 322/328 | Horror Collection | = | The Woman in Black (2012)                                        |
[2023-01-31 01:15:57,502] [builder.py:1709]           [INFO]     | 323/328 | Horror Collection | = | World War Z (2013)                                               |
[2023-01-31 01:15:57,503] [builder.py:1709]           [INFO]     | 324/328 | Horror Collection | = | The Wretched (2016)                                              |
[2023-01-31 01:15:57,505] [builder.py:1709]           [INFO]     | 325/328 | Horror Collection | = | Wrong Turn (2021)                                                |
[2023-01-31 01:15:57,506] [builder.py:1709]           [INFO]     | 326/328 | Horror Collection | = | X (2022)                                                         |
[2023-01-31 01:15:57,507] [builder.py:1709]           [INFO]     | 327/328 | Horror Collection | = | Zombieland (2009)                                                |
[2023-01-31 01:15:57,508] [builder.py:1709]           [INFO]     | 328/328 | Horror Collection | = | Zombieland: Double Tap (2019)                                    |
[2023-01-31 01:15:57,508] [builder.py:1734]           [INFO]     |                                                                                                    |
[2023-01-31 01:15:57,508] [builder.py:1735]           [INFO]     | 328 Movies Processed                                                                               |
[2023-01-31 01:15:57,516] [builder.py:2147]           [INFO]     |                                                                                                    |
[2023-01-31 01:15:57,516] [util.py:216]               [INFO]     |============================== Updating Details of Horror Collection ===============================|
[2023-01-31 01:15:57,516] [builder.py:2149]           [INFO]     |                                                                                                    |
[2023-01-31 01:15:57,517] [builder.py:2156]           [INFO]     | Detail: summary updated Collection Summary                                                         |
[2023-01-31 01:15:57,517] [builder.py:2258]           [DEBUG]    | 1 posters found:                                                                                   |
[2023-01-31 01:15:57,517] [builder.py:2260]           [DEBUG]    | Method: url_poster Poster: https://theposterdb.com/api/assets/51475                                |
[2023-01-31 01:15:57,518] [builder.py:2327]           [INFO]     | No background collection detail or asset folder found                                              |
[2023-01-31 01:15:57,518] [library.py:147]            [INFO]     | Detail: poster update not needed                                                                   |
[2023-01-31 01:15:58,572] [plex_meta_manager.py:880]  [INFO]     |                                                                                                    |
[2023-01-31 01:15:58,573] [util.py:209]               [INFO]     |====================================================================================================|
[2023-01-31 01:15:58,573] [util.py:216]               [INFO]     |                                     Finished Horror Collection                                     |
[2023-01-31 01:15:58,573] [util.py:216]               [INFO]     |                                    Collection Run Time: 0:00:08                                    |
[2023-01-31 01:15:58,574] [util.py:220]               [INFO]     |====================================================================================================|
