[2023-01-31 01:00:56,945] [util.py:209]               [INFO]     |====================================================================================================|
[2023-01-31 01:00:56,946] [util.py:216]               [INFO]     |                               The Hunger Games Collection in Movies                                |
[2023-01-31 01:00:56,946] [util.py:220]               [INFO]     |====================================================================================================|
[2023-01-31 01:00:56,946] [plex_meta_manager.py:750]  [INFO]     |                                                                                                    |
[2023-01-31 01:00:56,947] [util.py:216]               [INFO]     |============================== Validating The Hunger Games Attributes ==============================|
[2023-01-31 01:00:56,947] [builder.py:265]            [DEBUG]    |                                                                                                    |
[2023-01-31 01:00:56,947] [builder.py:266]            [DEBUG]    | Validating Method: template                                                                        |
[2023-01-31 01:00:56,948] [meta.py:83]                [DEBUG]    | Value: ordereddict([('name', 'Movie'), ('collection', 131635), ('summary', 131635), ('poster', 'https://theposterdb.com/api/assets/18154')]) |
[2023-01-31 01:00:56,948] [builder.py:330]            [DEBUG]    |                                                                                                    |
[2023-01-31 01:00:56,948] [builder.py:331]            [DEBUG]    | Validating Method: sync_mode                                                                       |
[2023-01-31 01:00:56,948] [builder.py:335]            [DEBUG]    | Value: sync                                                                                        |
[2023-01-31 01:00:56,949] [builder.py:453]            [DEBUG]    |                                                                                                    |
[2023-01-31 01:00:56,949] [builder.py:454]            [DEBUG]    | Validating Method: collection_order                                                                |
[2023-01-31 01:00:56,949] [builder.py:455]            [DEBUG]    | Value: release                                                                                     |
[2023-01-31 01:00:56,949] [builder.py:472]            [DEBUG]    |                                                                                                    |
[2023-01-31 01:00:56,949] [builder.py:473]            [DEBUG]    | Validating Method: url_poster                                                                      |
[2023-01-31 01:00:56,950] [builder.py:474]            [DEBUG]    | Value: https://theposterdb.com/api/assets/18154                                                    |
[2023-01-31 01:00:56,950] [builder.py:472]            [DEBUG]    |                                                                                                    |
[2023-01-31 01:00:56,950] [builder.py:473]            [DEBUG]    | Validating Method: tmdb_collection                                                                 |
[2023-01-31 01:00:56,950] [builder.py:474]            [DEBUG]    | Value: 131635                                                                                      |
[2023-01-31 01:00:57,044] [builder.py:472]            [DEBUG]    |                                                                                                    |
[2023-01-31 01:00:57,044] [builder.py:473]            [DEBUG]    | Validating Method: tmdb_summary                                                                    |
[2023-01-31 01:00:57,044] [builder.py:474]            [DEBUG]    | Value: 131635                                                                                      |
[2023-01-31 01:00:57,045] [builder.py:472]            [DEBUG]    |                                                                                                    |
[2023-01-31 01:00:57,045] [builder.py:473]            [DEBUG]    | Validating Method: sort_title                                                                      |
[2023-01-31 01:00:57,045] [builder.py:474]            [DEBUG]    | Value: 00000f_The Hunger Games                                                                     |
[2023-01-31 01:00:57,045] [builder.py:472]            [DEBUG]    |                                                                                                    |
[2023-01-31 01:00:57,046] [builder.py:473]            [DEBUG]    | Validating Method: radarr_add_missing                                                              |
[2023-01-31 01:00:57,046] [builder.py:474]            [DEBUG]    | Value: True                                                                                        |
[2023-01-31 01:00:57,241] [builder.py:619]            [INFO]     |                                                                                                    |
[2023-01-31 01:00:57,241] [builder.py:620]            [INFO]     | Validation Successful                                                                              |
[2023-01-31 01:00:57,242] [plex_meta_manager.py:758]  [INFO]     |                                                                                                    |
[2023-01-31 01:00:57,242] [util.py:216]               [INFO]     |=============================== Running The Hunger Games Collection ================================|
[2023-01-31 01:00:57,243] [plex_meta_manager.py:773]  [INFO]     |                                                                                                    |
[2023-01-31 01:00:57,243] [plex_meta_manager.py:774]  [INFO]     | Sync Mode: sync                                                                                    |
[2023-01-31 01:00:57,243] [builder.py:1275]           [DEBUG]    |                                                                                                    |
[2023-01-31 01:00:57,244] [builder.py:1276]           [DEBUG]    | Builder: tmdb_collection: 131635                                                                   |
[2023-01-31 01:00:57,244] [builder.py:1277]           [INFO]     |                                                                                                    |
[2023-01-31 01:00:57,244] [tmdb.py:323]               [INFO]     | Processing TMDb Collection: (131635) The Hunger Games Collection (4 Items)                         |
[2023-01-31 01:00:57,245] [builder.py:1282]           [DEBUG]    |                                                                                                    |
[2023-01-31 01:00:57,245] [builder.py:1283]           [DEBUG]    | 4 IDs Found: [(131631, 'tmdb'), (131634, 'tmdb'), (70160, 'tmdb'), (101299, 'tmdb')]               |
[2023-01-31 01:00:57,245] [builder.py:1284]           [DEBUG]    |                                                                                                    |
[2023-01-31 01:00:57,330] [builder.py:1697]           [INFO]     |                                                                                                    |
[2023-01-31 01:00:57,331] [util.py:216]               [INFO]     |============================== Adding to The Hunger Games Collection ===============================|
[2023-01-31 01:00:57,331] [builder.py:1699]           [INFO]     |                                                                                                    |
[2023-01-31 01:00:57,332] [builder.py:1709]           [INFO]     | 1/4 | The Hunger Games Collection | = | The Hunger Games: Mockingjay - Part 1 (2014)               |
[2023-01-31 01:00:57,332] [builder.py:1709]           [INFO]     | 2/4 | The Hunger Games Collection | = | The Hunger Games: Mockingjay - Part 2 (2015)               |
[2023-01-31 01:00:57,332] [builder.py:1709]           [INFO]     | 3/4 | The Hunger Games Collection | = | The Hunger Games (2012)                                    |
[2023-01-31 01:00:57,333] [builder.py:1709]           [INFO]     | 4/4 | The Hunger Games Collection | = | The Hunger Games: Catching Fire (2013)                     |
[2023-01-31 01:00:57,333] [builder.py:1734]           [INFO]     |                                                                                                    |
[2023-01-31 01:00:57,333] [builder.py:1735]           [INFO]     | 4 Movies Processed                                                                                 |
[2023-01-31 01:00:57,337] [builder.py:2147]           [INFO]     |                                                                                                    |
[2023-01-31 01:00:57,338] [util.py:216]               [INFO]     |========================= Updating Details of The Hunger Games Collection ==========================|
[2023-01-31 01:00:57,338] [builder.py:2149]           [INFO]     |                                                                                                    |
[2023-01-31 01:00:57,338] [builder.py:2156]           [INFO]     | Detail: tmdb_summary updated Collection Summary                                                    |
[2023-01-31 01:00:57,339] [builder.py:2258]           [DEBUG]    | 1 posters found:                                                                                   |
[2023-01-31 01:00:57,340] [builder.py:2260]           [DEBUG]    | Method: url_poster Poster: https://theposterdb.com/api/assets/18154                                |
[2023-01-31 01:00:57,340] [builder.py:2327]           [INFO]     | No background collection detail or asset folder found                                              |
[2023-01-31 01:00:57,341] [library.py:147]            [INFO]     | Detail: poster update not needed                                                                   |
[2023-01-31 01:00:57,527] [plex_meta_manager.py:880]  [INFO]     |                                                                                                    |
[2023-01-31 01:00:57,527] [util.py:209]               [INFO]     |====================================================================================================|
[2023-01-31 01:00:57,528] [util.py:216]               [INFO]     |                                Finished The Hunger Games Collection                                |
[2023-01-31 01:00:57,528] [util.py:216]               [INFO]     |                                    Collection Run Time: 0:00:00                                    |
[2023-01-31 01:00:57,529] [util.py:220]               [INFO]     |====================================================================================================|
