[2023-01-31 01:01:29,843] [util.py:209]               [INFO]     |====================================================================================================|
[2023-01-31 01:01:29,844] [util.py:216]               [INFO]     |                                  Pacific Rim Collection in Movies                                  |
[2023-01-31 01:01:29,845] [util.py:220]               [INFO]     |====================================================================================================|
[2023-01-31 01:01:29,845] [plex_meta_manager.py:750]  [INFO]     |                                                                                                    |
[2023-01-31 01:01:29,845] [util.py:216]               [INFO]     |================================ Validating Pacific Rim Attributes =================================|
[2023-01-31 01:01:29,846] [builder.py:265]            [DEBUG]    |                                                                                                    |
[2023-01-31 01:01:29,846] [builder.py:266]            [DEBUG]    | Validating Method: template                                                                        |
[2023-01-31 01:01:29,846] [meta.py:83]                [DEBUG]    | Value: ordereddict([('name', 'Movie'), ('collection', 363369), ('summary', 363369), ('poster', 'https://theposterdb.com/api/assets/3397')]) |
[2023-01-31 01:01:29,847] [builder.py:330]            [DEBUG]    |                                                                                                    |
[2023-01-31 01:01:29,847] [builder.py:331]            [DEBUG]    | Validating Method: sync_mode                                                                       |
[2023-01-31 01:01:29,847] [builder.py:335]            [DEBUG]    | Value: sync                                                                                        |
[2023-01-31 01:01:29,847] [builder.py:453]            [DEBUG]    |                                                                                                    |
[2023-01-31 01:01:29,848] [builder.py:454]            [DEBUG]    | Validating Method: collection_order                                                                |
[2023-01-31 01:01:29,848] [builder.py:455]            [DEBUG]    | Value: release                                                                                     |
[2023-01-31 01:01:29,848] [builder.py:472]            [DEBUG]    |                                                                                                    |
[2023-01-31 01:01:29,848] [builder.py:473]            [DEBUG]    | Validating Method: url_poster                                                                      |
[2023-01-31 01:01:29,849] [builder.py:474]            [DEBUG]    | Value: https://theposterdb.com/api/assets/3397                                                     |
[2023-01-31 01:01:29,849] [builder.py:472]            [DEBUG]    |                                                                                                    |
[2023-01-31 01:01:29,849] [builder.py:473]            [DEBUG]    | Validating Method: tmdb_collection                                                                 |
[2023-01-31 01:01:29,849] [builder.py:474]            [DEBUG]    | Value: 363369                                                                                      |
[2023-01-31 01:01:29,964] [builder.py:472]            [DEBUG]    |                                                                                                    |
[2023-01-31 01:01:29,964] [builder.py:473]            [DEBUG]    | Validating Method: tmdb_summary                                                                    |
[2023-01-31 01:01:29,965] [builder.py:474]            [DEBUG]    | Value: 363369                                                                                      |
[2023-01-31 01:01:29,965] [builder.py:472]            [DEBUG]    |                                                                                                    |
[2023-01-31 01:01:29,965] [builder.py:473]            [DEBUG]    | Validating Method: sort_title                                                                      |
[2023-01-31 01:01:29,966] [builder.py:474]            [DEBUG]    | Value: 00000f_Pacific Rim                                                                          |
[2023-01-31 01:01:29,966] [builder.py:472]            [DEBUG]    |                                                                                                    |
[2023-01-31 01:01:29,966] [builder.py:473]            [DEBUG]    | Validating Method: radarr_add_missing                                                              |
[2023-01-31 01:01:29,967] [builder.py:474]            [DEBUG]    | Value: True                                                                                        |
[2023-01-31 01:01:30,151] [builder.py:619]            [INFO]     |                                                                                                    |
[2023-01-31 01:01:30,152] [builder.py:620]            [INFO]     | Validation Successful                                                                              |
[2023-01-31 01:01:30,153] [plex_meta_manager.py:758]  [INFO]     |                                                                                                    |
[2023-01-31 01:01:30,153] [util.py:216]               [INFO]     |================================== Running Pacific Rim Collection ==================================|
[2023-01-31 01:01:30,154] [plex_meta_manager.py:773]  [INFO]     |                                                                                                    |
[2023-01-31 01:01:30,154] [plex_meta_manager.py:774]  [INFO]     | Sync Mode: sync                                                                                    |
[2023-01-31 01:01:30,154] [builder.py:1275]           [DEBUG]    |                                                                                                    |
[2023-01-31 01:01:30,155] [builder.py:1276]           [DEBUG]    | Builder: tmdb_collection: 363369                                                                   |
[2023-01-31 01:01:30,155] [builder.py:1277]           [INFO]     |                                                                                                    |
[2023-01-31 01:01:30,155] [tmdb.py:323]               [INFO]     | Processing TMDb Collection: (363369) Pacific Rim Collection (2 Items)                              |
[2023-01-31 01:01:30,155] [builder.py:1282]           [DEBUG]    |                                                                                                    |
[2023-01-31 01:01:30,156] [builder.py:1283]           [DEBUG]    | 2 IDs Found: [(68726, 'tmdb'), (268896, 'tmdb')]                                                   |
[2023-01-31 01:01:30,156] [builder.py:1284]           [DEBUG]    |                                                                                                    |
[2023-01-31 01:01:30,201] [builder.py:1697]           [INFO]     |                                                                                                    |
[2023-01-31 01:01:30,202] [util.py:216]               [INFO]     |================================= Adding to Pacific Rim Collection =================================|
[2023-01-31 01:01:30,202] [builder.py:1699]           [INFO]     |                                                                                                    |
[2023-01-31 01:01:30,202] [builder.py:1709]           [INFO]     | 1/2 | Pacific Rim Collection | = | Pacific Rim (2013)                                              |
[2023-01-31 01:01:30,203] [builder.py:1709]           [INFO]     | 2/2 | Pacific Rim Collection | = | Pacific Rim: Uprising (2018)                                    |
[2023-01-31 01:01:30,203] [builder.py:1734]           [INFO]     |                                                                                                    |
[2023-01-31 01:01:30,204] [builder.py:1735]           [INFO]     | 2 Movies Processed                                                                                 |
[2023-01-31 01:01:30,207] [builder.py:2147]           [INFO]     |                                                                                                    |
[2023-01-31 01:01:30,208] [util.py:216]               [INFO]     |============================ Updating Details of Pacific Rim Collection ============================|
[2023-01-31 01:01:30,208] [builder.py:2149]           [INFO]     |                                                                                                    |
[2023-01-31 01:01:30,208] [builder.py:2156]           [INFO]     | Detail: tmdb_summary updated Collection Summary                                                    |
[2023-01-31 01:01:30,209] [builder.py:2258]           [DEBUG]    | 1 posters found:                                                                                   |
[2023-01-31 01:01:30,209] [builder.py:2260]           [DEBUG]    | Method: url_poster Poster: https://theposterdb.com/api/assets/3397                                 |
[2023-01-31 01:01:30,210] [builder.py:2327]           [INFO]     | No background collection detail or asset folder found                                              |
[2023-01-31 01:01:30,210] [library.py:147]            [INFO]     | Detail: poster update not needed                                                                   |
[2023-01-31 01:01:30,385] [plex_meta_manager.py:880]  [INFO]     |                                                                                                    |
[2023-01-31 01:01:30,385] [util.py:209]               [INFO]     |====================================================================================================|
[2023-01-31 01:01:30,386] [util.py:216]               [INFO]     |                                  Finished Pacific Rim Collection                                   |
[2023-01-31 01:01:30,386] [util.py:216]               [INFO]     |                                    Collection Run Time: 0:00:00                                    |
[2023-01-31 01:01:30,387] [util.py:220]               [INFO]     |====================================================================================================|
