[2023-01-31 01:00:53,679] [util.py:209]               [INFO]     |====================================================================================================|
[2023-01-31 01:00:53,679] [util.py:216]               [INFO]     |                              High School Musical Collection in Movies                              |
[2023-01-31 01:00:53,679] [util.py:220]               [INFO]     |====================================================================================================|
[2023-01-31 01:00:53,680] [plex_meta_manager.py:750]  [INFO]     |                                                                                                    |
[2023-01-31 01:00:53,680] [util.py:216]               [INFO]     |============================ Validating High School Musical Attributes =============================|
[2023-01-31 01:00:53,680] [builder.py:265]            [DEBUG]    |                                                                                                    |
[2023-01-31 01:00:53,681] [builder.py:266]            [DEBUG]    | Validating Method: template                                                                        |
[2023-01-31 01:00:53,681] [meta.py:83]                [DEBUG]    | Value: ordereddict([('name', 'Movie'), ('collection', 87253), ('summary', 87253), ('poster', 'https://theposterdb.com/api/assets/82921')]) |
[2023-01-31 01:00:53,681] [builder.py:330]            [DEBUG]    |                                                                                                    |
[2023-01-31 01:00:53,682] [builder.py:331]            [DEBUG]    | Validating Method: sync_mode                                                                       |
[2023-01-31 01:00:53,682] [builder.py:335]            [DEBUG]    | Value: sync                                                                                        |
[2023-01-31 01:00:53,682] [builder.py:453]            [DEBUG]    |                                                                                                    |
[2023-01-31 01:00:53,682] [builder.py:454]            [DEBUG]    | Validating Method: collection_order                                                                |
[2023-01-31 01:00:53,683] [builder.py:455]            [DEBUG]    | Value: release                                                                                     |
[2023-01-31 01:00:53,683] [builder.py:472]            [DEBUG]    |                                                                                                    |
[2023-01-31 01:00:53,683] [builder.py:473]            [DEBUG]    | Validating Method: url_poster                                                                      |
[2023-01-31 01:00:53,683] [builder.py:474]            [DEBUG]    | Value: https://theposterdb.com/api/assets/82921                                                    |
[2023-01-31 01:00:53,684] [builder.py:472]            [DEBUG]    |                                                                                                    |
[2023-01-31 01:00:53,684] [builder.py:473]            [DEBUG]    | Validating Method: tmdb_collection                                                                 |
[2023-01-31 01:00:53,684] [builder.py:474]            [DEBUG]    | Value: 87253                                                                                       |
[2023-01-31 01:00:53,811] [builder.py:472]            [DEBUG]    |                                                                                                    |
[2023-01-31 01:00:53,811] [builder.py:473]            [DEBUG]    | Validating Method: tmdb_summary                                                                    |
[2023-01-31 01:00:53,812] [builder.py:474]            [DEBUG]    | Value: 87253                                                                                       |
[2023-01-31 01:00:53,812] [builder.py:472]            [DEBUG]    |                                                                                                    |
[2023-01-31 01:00:53,812] [builder.py:473]            [DEBUG]    | Validating Method: sort_title                                                                      |
[2023-01-31 01:00:53,812] [builder.py:474]            [DEBUG]    | Value: 00000f_High School Musical                                                                  |
[2023-01-31 01:00:53,813] [builder.py:472]            [DEBUG]    |                                                                                                    |
[2023-01-31 01:00:53,813] [builder.py:473]            [DEBUG]    | Validating Method: radarr_add_missing                                                              |
[2023-01-31 01:00:53,813] [builder.py:474]            [DEBUG]    | Value: True                                                                                        |
[2023-01-31 01:00:53,994] [builder.py:619]            [INFO]     |                                                                                                    |
[2023-01-31 01:00:53,994] [builder.py:620]            [INFO]     | Validation Successful                                                                              |
[2023-01-31 01:00:53,995] [plex_meta_manager.py:758]  [INFO]     |                                                                                                    |
[2023-01-31 01:00:53,995] [util.py:216]               [INFO]     |============================== Running High School Musical Collection ==============================|
[2023-01-31 01:00:53,996] [plex_meta_manager.py:773]  [INFO]     |                                                                                                    |
[2023-01-31 01:00:53,996] [plex_meta_manager.py:774]  [INFO]     | Sync Mode: sync                                                                                    |
[2023-01-31 01:00:53,997] [builder.py:1275]           [DEBUG]    |                                                                                                    |
[2023-01-31 01:00:53,997] [builder.py:1276]           [DEBUG]    | Builder: tmdb_collection: 87253                                                                    |
[2023-01-31 01:00:53,997] [builder.py:1277]           [INFO]     |                                                                                                    |
[2023-01-31 01:00:53,997] [tmdb.py:323]               [INFO]     | Processing TMDb Collection: (87253) High School Musical Collection (3 Items)                       |
[2023-01-31 01:00:53,998] [builder.py:1282]           [DEBUG]    |                                                                                                    |
[2023-01-31 01:00:53,998] [builder.py:1283]           [DEBUG]    | 3 IDs Found: [(10947, 'tmdb'), (13649, 'tmdb'), (11887, 'tmdb')]                                   |
[2023-01-31 01:00:53,998] [builder.py:1284]           [DEBUG]    |                                                                                                    |
[2023-01-31 01:00:54,055] [builder.py:1697]           [INFO]     |                                                                                                    |
[2023-01-31 01:00:54,055] [util.py:216]               [INFO]     |============================= Adding to High School Musical Collection =============================|
[2023-01-31 01:00:54,056] [builder.py:1699]           [INFO]     |                                                                                                    |
[2023-01-31 01:00:54,056] [builder.py:1709]           [INFO]     | 1/3 | High School Musical Collection | = | High School Musical (2006)                              |
[2023-01-31 01:00:54,057] [builder.py:1709]           [INFO]     | 2/3 | High School Musical Collection | = | High School Musical 2 (2007)                            |
[2023-01-31 01:00:54,057] [builder.py:1709]           [INFO]     | 3/3 | High School Musical Collection | = | High School Musical 3: Senior Year (2008)               |
[2023-01-31 01:00:54,057] [builder.py:1734]           [INFO]     |                                                                                                    |
[2023-01-31 01:00:54,058] [builder.py:1735]           [INFO]     | 3 Movies Processed                                                                                 |
[2023-01-31 01:00:54,061] [builder.py:2147]           [INFO]     |                                                                                                    |
[2023-01-31 01:00:54,062] [util.py:216]               [INFO]     |======================== Updating Details of High School Musical Collection ========================|
[2023-01-31 01:00:54,062] [builder.py:2149]           [INFO]     |                                                                                                    |
[2023-01-31 01:00:54,062] [builder.py:2156]           [INFO]     | Detail: tmdb_summary updated Collection Summary                                                    |
[2023-01-31 01:00:54,063] [builder.py:2258]           [DEBUG]    | 1 posters found:                                                                                   |
[2023-01-31 01:00:54,063] [builder.py:2260]           [DEBUG]    | Method: url_poster Poster: https://theposterdb.com/api/assets/82921                                |
[2023-01-31 01:00:54,063] [builder.py:2327]           [INFO]     | No background collection detail or asset folder found                                              |
[2023-01-31 01:00:54,065] [library.py:147]            [INFO]     | Detail: poster update not needed                                                                   |
[2023-01-31 01:00:54,241] [plex_meta_manager.py:880]  [INFO]     |                                                                                                    |
[2023-01-31 01:00:54,242] [util.py:209]               [INFO]     |====================================================================================================|
[2023-01-31 01:00:54,242] [util.py:216]               [INFO]     |                              Finished High School Musical Collection                               |
[2023-01-31 01:00:54,243] [util.py:216]               [INFO]     |                                    Collection Run Time: 0:00:00                                    |
[2023-01-31 01:00:54,243] [util.py:220]               [INFO]     |====================================================================================================|
