[2023-02-14 01:10:03,363] [util.py:209]               [INFO]     |====================================================================================================|
[2023-02-14 01:10:03,364] [util.py:216]               [INFO]     |                               Christopher Nolan Collection in Movies                               |
[2023-02-14 01:10:03,364] [util.py:220]               [INFO]     |====================================================================================================|
[2023-02-14 01:10:03,365] [plex_meta_manager.py:750]  [INFO]     |                                                                                                    |
[2023-02-14 01:10:03,365] [util.py:216]               [INFO]     |============================= Validating Christopher Nolan Attributes ==============================|
[2023-02-14 01:10:03,365] [builder.py:265]            [DEBUG]    |                                                                                                    |
[2023-02-14 01:10:03,366] [builder.py:266]            [DEBUG]    | Validating Method: template                                                                        |
[2023-02-14 01:10:03,366] [meta.py:83]                [DEBUG]    | Value: ordereddict([('name', 'Director'), ('director', 525), ('poster', 'https://theposterdb.com/api/assets/213359')]) |
[2023-02-14 01:10:03,366] [builder.py:330]            [DEBUG]    |                                                                                                    |
[2023-02-14 01:10:03,366] [builder.py:331]            [DEBUG]    | Validating Method: sync_mode                                                                       |
[2023-02-14 01:10:03,367] [builder.py:335]            [DEBUG]    | Value: sync                                                                                        |
[2023-02-14 01:10:03,367] [builder.py:453]            [DEBUG]    |                                                                                                    |
[2023-02-14 01:10:03,367] [builder.py:454]            [DEBUG]    | Validating Method: collection_order                                                                |
[2023-02-14 01:10:03,367] [builder.py:455]            [DEBUG]    | Value: release.desc                                                                                |
[2023-02-14 01:10:03,367] [builder.py:472]            [DEBUG]    |                                                                                                    |
[2023-02-14 01:10:03,368] [builder.py:473]            [DEBUG]    | Validating Method: url_poster                                                                      |
[2023-02-14 01:10:03,368] [builder.py:474]            [DEBUG]    | Value: https://theposterdb.com/api/assets/213359                                                   |
[2023-02-14 01:10:03,368] [builder.py:472]            [DEBUG]    |                                                                                                    |
[2023-02-14 01:10:03,368] [builder.py:473]            [DEBUG]    | Validating Method: tmdb_director                                                                   |
[2023-02-14 01:10:03,368] [builder.py:474]            [DEBUG]    | Value: 525                                                                                         |
[2023-02-14 01:10:03,464] [builder.py:472]            [DEBUG]    |                                                                                                    |
[2023-02-14 01:10:03,464] [builder.py:473]            [DEBUG]    | Validating Method: tmdb_director_details                                                           |
[2023-02-14 01:10:03,465] [builder.py:474]            [DEBUG]    | Value: 525                                                                                         |
[2023-02-14 01:10:03,465] [builder.py:472]            [DEBUG]    |                                                                                                    |
[2023-02-14 01:10:03,465] [builder.py:473]            [DEBUG]    | Validating Method: sort_title                                                                      |
[2023-02-14 01:10:03,466] [builder.py:474]            [DEBUG]    | Value: 00000g_Christopher Nolan                                                                    |
[2023-02-14 01:10:03,466] [builder.py:472]            [DEBUG]    |                                                                                                    |
[2023-02-14 01:10:03,466] [builder.py:473]            [DEBUG]    | Validating Method: visible_library                                                                 |
[2023-02-14 01:10:03,466] [builder.py:474]            [DEBUG]    | Value: False                                                                                       |
[2023-02-14 01:10:03,467] [builder.py:472]            [DEBUG]    |                                                                                                    |
[2023-02-14 01:10:03,467] [builder.py:473]            [DEBUG]    | Validating Method: visible_home                                                                    |
[2023-02-14 01:10:03,467] [builder.py:474]            [DEBUG]    | Value: False                                                                                       |
[2023-02-14 01:10:03,467] [builder.py:472]            [DEBUG]    |                                                                                                    |
[2023-02-14 01:10:03,468] [builder.py:473]            [DEBUG]    | Validating Method: visible_shared                                                                  |
[2023-02-14 01:10:03,468] [builder.py:474]            [DEBUG]    | Value: False                                                                                       |
[2023-02-14 01:10:03,468] [builder.py:472]            [DEBUG]    |                                                                                                    |
[2023-02-14 01:10:03,468] [builder.py:473]            [DEBUG]    | Validating Method: radarr_add_missing                                                              |
[2023-02-14 01:10:03,468] [builder.py:474]            [DEBUG]    | Value: True                                                                                        |
[2023-02-14 01:10:03,594] [builder.py:619]            [INFO]     |                                                                                                    |
[2023-02-14 01:10:03,595] [builder.py:620]            [INFO]     | Validation Successful                                                                              |
[2023-02-14 01:10:03,595] [plex_meta_manager.py:758]  [INFO]     |                                                                                                    |
[2023-02-14 01:10:03,595] [util.py:216]               [INFO]     |=============================== Running Christopher Nolan Collection ===============================|
[2023-02-14 01:10:03,596] [plex_meta_manager.py:773]  [INFO]     |                                                                                                    |
[2023-02-14 01:10:03,596] [plex_meta_manager.py:774]  [INFO]     | Sync Mode: sync                                                                                    |
[2023-02-14 01:10:03,596] [builder.py:1275]           [DEBUG]    |                                                                                                    |
[2023-02-14 01:10:03,596] [builder.py:1276]           [DEBUG]    | Builder: tmdb_director: 525                                                                        |
[2023-02-14 01:10:03,597] [builder.py:1277]           [INFO]     |                                                                                                    |
[2023-02-14 01:10:03,692] [tmdb.py:323]               [INFO]     | Processing TMDb Director: (525) Christopher Nolan (18 Items)                                       |
[2023-02-14 01:10:03,692] [builder.py:1282]           [DEBUG]    |                                                                                                    |
[2023-02-14 01:10:03,693] [builder.py:1283]           [DEBUG]    | 18 IDs Found: [(43629, 'tmdb'), (505819, 'tmdb'), (320, 'tmdb'), (157336, 'tmdb'), (77, 'tmdb'), (155, 'tmdb'), (27205, 'tmdb'), (272, 'tmdb'), (11660, 'tmdb'), (456684, 'tmdb'), (577922, 'tmdb'), (1124, 'tmdb'), (352114, 'tmdb'), (374720, 'tmdb'), (49026, 'tmdb'), (804706, 'tmdb'), (872585, 'tmdb'), (126444, 'tmdb')] |
[2023-02-14 01:10:03,693] [builder.py:1284]           [DEBUG]    |                                                                                                    |
[2023-02-14 01:10:03,953] [builder.py:1275]           [DEBUG]    |                                                                                                    |
[2023-02-14 01:10:03,954] [builder.py:1276]           [DEBUG]    | Builder: tmdb_director: 525                                                                        |
[2023-02-14 01:10:03,954] [builder.py:1277]           [INFO]     |                                                                                                    |
[2023-02-14 01:10:03,955] [tmdb.py:323]               [INFO]     | Processing TMDb Director: (525) Christopher Nolan (18 Items)                                       |
[2023-02-14 01:10:03,955] [builder.py:1282]           [DEBUG]    |                                                                                                    |
[2023-02-14 01:10:03,956] [builder.py:1283]           [DEBUG]    | 18 IDs Found: [(43629, 'tmdb'), (505819, 'tmdb'), (320, 'tmdb'), (157336, 'tmdb'), (77, 'tmdb'), (155, 'tmdb'), (27205, 'tmdb'), (272, 'tmdb'), (11660, 'tmdb'), (456684, 'tmdb'), (577922, 'tmdb'), (1124, 'tmdb'), (352114, 'tmdb'), (374720, 'tmdb'), (49026, 'tmdb'), (804706, 'tmdb'), (872585, 'tmdb'), (126444, 'tmdb')] |
[2023-02-14 01:10:03,956] [builder.py:1284]           [DEBUG]    |                                                                                                    |
[2023-02-14 01:10:04,221] [builder.py:1697]           [INFO]     |                                                                                                    |
[2023-02-14 01:10:04,221] [util.py:216]               [INFO]     |============================== Adding to Christopher Nolan Collection ==============================|
[2023-02-14 01:10:04,221] [builder.py:1699]           [INFO]     |                                                                                                    |
[2023-02-14 01:10:04,222] [builder.py:1709]           [INFO]     |  1/11 | Christopher Nolan Collection | = | Insomnia (2002)                                         |
[2023-02-14 01:10:04,222] [builder.py:1709]           [INFO]     |  2/11 | Christopher Nolan Collection | = | Interstellar (2014)                                     |
[2023-02-14 01:10:04,223] [builder.py:1709]           [INFO]     |  3/11 | Christopher Nolan Collection | = | Memento (2000)                                          |
[2023-02-14 01:10:04,223] [builder.py:1709]           [INFO]     |  4/11 | Christopher Nolan Collection | = | The Dark Knight (2008)                                  |
[2023-02-14 01:10:04,223] [builder.py:1709]           [INFO]     |  5/11 | Christopher Nolan Collection | = | Inception (2010)                                        |
[2023-02-14 01:10:04,224] [builder.py:1709]           [INFO]     |  6/11 | Christopher Nolan Collection | = | Batman Begins (2005)                                    |
[2023-02-14 01:10:04,224] [builder.py:1709]           [INFO]     |  7/11 | Christopher Nolan Collection | = | Following (1999)                                        |
[2023-02-14 01:10:04,224] [builder.py:1709]           [INFO]     |  8/11 | Christopher Nolan Collection | = | Tenet (2020)                                            |
[2023-02-14 01:10:04,225] [builder.py:1709]           [INFO]     |  9/11 | Christopher Nolan Collection | = | The Prestige (2006)                                     |
[2023-02-14 01:10:04,225] [builder.py:1709]           [INFO]     | 10/11 | Christopher Nolan Collection | = | Dunkirk (2017)                                          |
[2023-02-14 01:10:04,225] [builder.py:1709]           [INFO]     | 11/11 | Christopher Nolan Collection | = | The Dark Knight Rises (2012)                            |
[2023-02-14 01:10:04,225] [builder.py:1734]           [INFO]     |                                                                                                    |
[2023-02-14 01:10:04,226] [builder.py:1735]           [INFO]     | 11 Movies Processed                                                                                |
[2023-02-14 01:10:04,226] [builder.py:1929]           [INFO]     |                                                                                                    |
[2023-02-14 01:10:04,226] [util.py:216]               [INFO]     |========================== Missing Movies from Library: Christopher Nolan ==========================|
[2023-02-14 01:10:04,227] [builder.py:1931]           [INFO]     |                                                                                                    |
[2023-02-14 01:10:04,335] [builder.py:1943]           [INFO]     | Christopher Nolan Collection | ? | Doodlebug (1997) (TMDb: 43629)                                  |
[2023-02-14 01:10:04,436] [builder.py:1943]           [INFO]     | Christopher Nolan Collection | ? | Cinema 16: European Short Films (U.S. Edition) (2007) (TMDb: 505819) |
[2023-02-14 01:10:04,542] [builder.py:1943]           [INFO]     | Christopher Nolan Collection | ? | Larceny (1996) (TMDb: 456684)                                   |
[2023-02-14 01:10:04,665] [builder.py:1943]           [INFO]     | Christopher Nolan Collection | ? | Quay (2015) (TMDb: 352114)                                      |
[2023-02-14 01:10:04,780] [builder.py:1943]           [INFO]     | Christopher Nolan Collection | ? | Tarantella (2021) (TMDb: 804706)                                |
[2023-02-14 01:10:04,876] [builder.py:1943]           [INFO]     | Christopher Nolan Collection | ? | Oppenheimer (2023) (TMDb: 872585)                               |
[2023-02-14 01:10:04,986] [builder.py:1943]           [INFO]     | Christopher Nolan Collection | ? | Cinema16: British Short Films (2003) (TMDb: 126444)             |
[2023-02-14 01:10:04,986] [builder.py:1947]           [INFO]     |                                                                                                    |
[2023-02-14 01:10:04,986] [builder.py:1948]           [INFO]     | 7 Movies Missing                                                                                   |
[2023-02-14 01:10:05,206] [radarr.py:46]              [INFO]     |                                                                                                    |
[2023-02-14 01:10:05,206] [util.py:216]               [INFO]     |===================================== Adding Missing to Radarr =====================================|
[2023-02-14 01:10:05,207] [radarr.py:48]              [DEBUG]    |                                                                                                    |
[2023-02-14 01:10:05,207] [radarr.py:49]              [DEBUG]    | Radarr Adds: [43629, 505819, 456684, 352114, 804706, 872585, 126444]                               |
[2023-02-14 01:10:06,617] [radarr.py:138]             [INFO]     |                                                                                                    |
[2023-02-14 01:10:06,617] [radarr.py:146]             [INFO]     | Skipped: In Cache | 43629                                                                          |
[2023-02-14 01:10:06,618] [radarr.py:146]             [INFO]     | Skipped: In Cache | 505819                                                                         |
[2023-02-14 01:10:06,618] [radarr.py:146]             [INFO]     | Skipped: In Cache | 456684                                                                         |
[2023-02-14 01:10:06,618] [radarr.py:146]             [INFO]     | Skipped: In Cache | 352114                                                                         |
[2023-02-14 01:10:06,618] [radarr.py:146]             [INFO]     | Skipped: In Cache | 804706                                                                         |
[2023-02-14 01:10:06,619] [radarr.py:146]             [INFO]     | Skipped: In Cache | 872585                                                                         |
[2023-02-14 01:10:06,619] [radarr.py:146]             [INFO]     | Skipped: In Cache | 126444                                                                         |
[2023-02-14 01:10:06,619] [radarr.py:147]             [INFO]     | 7 Movies already exist in Radarr                                                                   |
[2023-02-14 01:10:06,641] [builder.py:2147]           [INFO]     |                                                                                                    |
[2023-02-14 01:10:06,642] [util.py:216]               [INFO]     |========================= Updating Details of Christopher Nolan Collection =========================|
[2023-02-14 01:10:06,642] [builder.py:2149]           [INFO]     |                                                                                                    |
[2023-02-14 01:10:06,642] [builder.py:2156]           [INFO]     | Detail: tmdb_director_details updated Collection Summary                                           |
[2023-02-14 01:10:06,645] [builder.py:2258]           [DEBUG]    | 2 posters found:                                                                                   |
[2023-02-14 01:10:06,645] [builder.py:2260]           [DEBUG]    | Method: url_poster Poster: https://theposterdb.com/api/assets/213359                               |
[2023-02-14 01:10:06,645] [builder.py:2260]           [DEBUG]    | Method: tmdb_director_details Poster: https://image.tmdb.org/t/p/original/xuAIuYSmsUzKlUMBFGVZaWsY3DZ.jpg |
[2023-02-14 01:10:06,645] [builder.py:2327]           [INFO]     | No background collection detail or asset folder found                                              |
[2023-02-14 01:10:06,647] [library.py:147]            [INFO]     | Detail: poster update not needed                                                                   |
[2023-02-14 01:10:06,925] [plex_meta_manager.py:880]  [INFO]     |                                                                                                    |
[2023-02-14 01:10:06,926] [util.py:209]               [INFO]     |====================================================================================================|
[2023-02-14 01:10:06,926] [util.py:216]               [INFO]     |                               Finished Christopher Nolan Collection                                |
[2023-02-14 01:10:06,926] [util.py:216]               [INFO]     |                                    Collection Run Time: 0:00:03                                    |
[2023-02-14 01:10:06,927] [util.py:220]               [INFO]     |====================================================================================================|
