[2023-02-25 01:01:34,550] [util.py:209]               [INFO]     |====================================================================================================|
[2023-02-25 01:01:34,551] [util.py:216]               [INFO]     |                              Celebrating Easter Collection in Movies                               |
[2023-02-25 01:01:34,552] [util.py:220]               [INFO]     |====================================================================================================|
[2023-02-25 01:01:34,552] [plex_meta_manager.py:750]  [INFO]     |                                                                                                    |
[2023-02-25 01:01:34,553] [util.py:216]               [INFO]     |============================= Validating Celebrating Easter Attributes =============================|
[2023-02-25 01:01:34,553] [builder.py:265]            [DEBUG]    |                                                                                                    |
[2023-02-25 01:01:34,553] [builder.py:266]            [DEBUG]    | Validating Method: template                                                                        |
[2023-02-25 01:01:34,553] [meta.py:83]                [DEBUG]    | Value: ordereddict([('name', 'Holiday'), ('poster', './config/posters/paintings/easter_2.jpg')])   |
[2023-02-25 01:01:34,554] [builder.py:273]            [DEBUG]    |                                                                                                    |
[2023-02-25 01:01:34,554] [builder.py:274]            [DEBUG]    | Validating Method: delete_not_scheduled                                                            |
[2023-02-25 01:01:34,554] [builder.py:275]            [DEBUG]    | Value: True                                                                                        |
[2023-02-25 01:01:34,554] [builder.py:279]            [DEBUG]    |                                                                                                    |
[2023-02-25 01:01:34,555] [builder.py:280]            [DEBUG]    | Validating Method: schedule                                                                        |
[2023-02-25 01:01:34,555] [builder.py:284]            [DEBUG]    | Value: range(03/20-04/26)                                                                          |
[2023-02-25 01:01:34,557] [plex.py:687]               [DEBUG]    | Looking for: Celebrating Easter                                                                    |
[2023-02-25 01:01:34,558] [util.py:161]               [INFO]     |                                                                                                    |
[2023-02-25 01:01:34,558] [util.py:161]               [INFO]     | Scheduled between March 20th and April 26th                                                        |
[2023-02-25 01:01:34,558] [util.py:161]               [INFO]     |                                                                                                    |
[2023-02-25 01:01:34,558] [util.py:161]               [INFO]     | Collection Celebrating Easter not scheduled to run and could not be found to delete                |
[2023-02-25 01:01:34,559] [plex_meta_manager.py:880]  [INFO]     |                                                                                                    |
[2023-02-25 01:01:34,559] [util.py:209]               [INFO]     |====================================================================================================|
[2023-02-25 01:01:34,559] [util.py:216]               [INFO]     |                               Finished Celebrating Easter Collection                               |
[2023-02-25 01:01:34,560] [util.py:216]               [INFO]     |                                    Collection Run Time: 0:00:00                                    |
[2023-02-25 01:01:34,560] [util.py:220]               [INFO]     |====================================================================================================|
