[2023-01-31 01:00:14,216] [util.py:209]               [INFO]     |====================================================================================================|
[2023-01-31 01:00:14,217] [util.py:216]               [INFO]     |                                 Austin Powers Collection in Movies                                 |
[2023-01-31 01:00:14,217] [util.py:220]               [INFO]     |====================================================================================================|
[2023-01-31 01:00:14,217] [plex_meta_manager.py:750]  [INFO]     |                                                                                                    |
[2023-01-31 01:00:14,218] [util.py:216]               [INFO]     |=============================== Validating Austin Powers Attributes ================================|
[2023-01-31 01:00:14,218] [builder.py:265]            [DEBUG]    |                                                                                                    |
[2023-01-31 01:00:14,219] [builder.py:266]            [DEBUG]    | Validating Method: template                                                                        |
[2023-01-31 01:00:14,219] [meta.py:83]                [DEBUG]    | Value: ordereddict([('name', 'Movie'), ('collection', 1006), ('summary', 1006), ('poster', 'https://theposterdb.com/api/assets/35262')]) |
[2023-01-31 01:00:14,219] [builder.py:330]            [DEBUG]    |                                                                                                    |
[2023-01-31 01:00:14,219] [builder.py:331]            [DEBUG]    | Validating Method: sync_mode                                                                       |
[2023-01-31 01:00:14,220] [builder.py:335]            [DEBUG]    | Value: sync                                                                                        |
[2023-01-31 01:00:14,220] [builder.py:453]            [DEBUG]    |                                                                                                    |
[2023-01-31 01:00:14,220] [builder.py:454]            [DEBUG]    | Validating Method: collection_order                                                                |
[2023-01-31 01:00:14,220] [builder.py:455]            [DEBUG]    | Value: release                                                                                     |
[2023-01-31 01:00:14,221] [builder.py:472]            [DEBUG]    |                                                                                                    |
[2023-01-31 01:00:14,221] [builder.py:473]            [DEBUG]    | Validating Method: url_poster                                                                      |
[2023-01-31 01:00:14,221] [builder.py:474]            [DEBUG]    | Value: https://theposterdb.com/api/assets/35262                                                    |
[2023-01-31 01:00:14,221] [builder.py:472]            [DEBUG]    |                                                                                                    |
[2023-01-31 01:00:14,222] [builder.py:473]            [DEBUG]    | Validating Method: tmdb_collection                                                                 |
[2023-01-31 01:00:14,222] [builder.py:474]            [DEBUG]    | Value: 1006                                                                                        |
[2023-01-31 01:00:14,365] [builder.py:472]            [DEBUG]    |                                                                                                    |
[2023-01-31 01:00:14,365] [builder.py:473]            [DEBUG]    | Validating Method: tmdb_summary                                                                    |
[2023-01-31 01:00:14,365] [builder.py:474]            [DEBUG]    | Value: 1006                                                                                        |
[2023-01-31 01:00:14,366] [builder.py:472]            [DEBUG]    |                                                                                                    |
[2023-01-31 01:00:14,366] [builder.py:473]            [DEBUG]    | Validating Method: sort_title                                                                      |
[2023-01-31 01:00:14,366] [builder.py:474]            [DEBUG]    | Value: 00000f_Austin Powers                                                                        |
[2023-01-31 01:00:14,367] [builder.py:472]            [DEBUG]    |                                                                                                    |
[2023-01-31 01:00:14,367] [builder.py:473]            [DEBUG]    | Validating Method: radarr_add_missing                                                              |
[2023-01-31 01:00:14,367] [builder.py:474]            [DEBUG]    | Value: True                                                                                        |
[2023-01-31 01:00:14,546] [builder.py:619]            [INFO]     |                                                                                                    |
[2023-01-31 01:00:14,546] [builder.py:620]            [INFO]     | Validation Successful                                                                              |
[2023-01-31 01:00:14,548] [plex_meta_manager.py:758]  [INFO]     |                                                                                                    |
[2023-01-31 01:00:14,548] [util.py:216]               [INFO]     |================================= Running Austin Powers Collection =================================|
[2023-01-31 01:00:14,548] [plex_meta_manager.py:773]  [INFO]     |                                                                                                    |
[2023-01-31 01:00:14,549] [plex_meta_manager.py:774]  [INFO]     | Sync Mode: sync                                                                                    |
[2023-01-31 01:00:14,549] [builder.py:1275]           [DEBUG]    |                                                                                                    |
[2023-01-31 01:00:14,549] [builder.py:1276]           [DEBUG]    | Builder: tmdb_collection: 1006                                                                     |
[2023-01-31 01:00:14,549] [builder.py:1277]           [INFO]     |                                                                                                    |
[2023-01-31 01:00:14,550] [tmdb.py:323]               [INFO]     | Processing TMDb Collection: (1006) Austin Powers Collection (3 Items)                              |
[2023-01-31 01:00:14,550] [builder.py:1282]           [DEBUG]    |                                                                                                    |
[2023-01-31 01:00:14,550] [builder.py:1283]           [DEBUG]    | 3 IDs Found: [(816, 'tmdb'), (817, 'tmdb'), (818, 'tmdb')]                                         |
[2023-01-31 01:00:14,550] [builder.py:1284]           [DEBUG]    |                                                                                                    |
[2023-01-31 01:00:14,615] [builder.py:1697]           [INFO]     |                                                                                                    |
[2023-01-31 01:00:14,616] [util.py:216]               [INFO]     |================================ Adding to Austin Powers Collection ================================|
[2023-01-31 01:00:14,616] [builder.py:1699]           [INFO]     |                                                                                                    |
[2023-01-31 01:00:14,616] [builder.py:1709]           [INFO]     | 1/3 | Austin Powers Collection | = | Austin Powers: International Man of Mystery (1997)            |
[2023-01-31 01:00:14,617] [builder.py:1709]           [INFO]     | 2/3 | Austin Powers Collection | = | Austin Powers: The Spy Who Shagged Me (1999)                  |
[2023-01-31 01:00:14,617] [builder.py:1709]           [INFO]     | 3/3 | Austin Powers Collection | = | Austin Powers in Goldmember (2002)                            |
[2023-01-31 01:00:14,617] [builder.py:1734]           [INFO]     |                                                                                                    |
[2023-01-31 01:00:14,618] [builder.py:1735]           [INFO]     | 3 Movies Processed                                                                                 |
[2023-01-31 01:00:14,622] [builder.py:2147]           [INFO]     |                                                                                                    |
[2023-01-31 01:00:14,622] [util.py:216]               [INFO]     |=========================== Updating Details of Austin Powers Collection ===========================|
[2023-01-31 01:00:14,623] [builder.py:2149]           [INFO]     |                                                                                                    |
[2023-01-31 01:00:14,623] [builder.py:2156]           [INFO]     | Detail: tmdb_summary updated Collection Summary                                                    |
[2023-01-31 01:00:14,624] [builder.py:2258]           [DEBUG]    | 1 posters found:                                                                                   |
[2023-01-31 01:00:14,624] [builder.py:2260]           [DEBUG]    | Method: url_poster Poster: https://theposterdb.com/api/assets/35262                                |
[2023-01-31 01:00:14,624] [builder.py:2327]           [INFO]     | No background collection detail or asset folder found                                              |
[2023-01-31 01:00:14,625] [library.py:147]            [INFO]     | Detail: poster update not needed                                                                   |
[2023-01-31 01:00:14,803] [plex_meta_manager.py:880]  [INFO]     |                                                                                                    |
[2023-01-31 01:00:14,803] [util.py:209]               [INFO]     |====================================================================================================|
[2023-01-31 01:00:14,804] [util.py:216]               [INFO]     |                                 Finished Austin Powers Collection                                  |
[2023-01-31 01:00:14,805] [util.py:216]               [INFO]     |                                    Collection Run Time: 0:00:00                                    |
[2023-01-31 01:00:14,805] [util.py:220]               [INFO]     |====================================================================================================|
