[2023-02-28 13:18:01,699] [util.py:209]               [INFO]     |====================================================================================================|
[2023-02-28 13:18:01,700] [util.py:216]               [INFO]     |                                   Halloween Collection in Movies                                   |
[2023-02-28 13:18:01,700] [util.py:220]               [INFO]     |====================================================================================================|
[2023-02-28 13:18:01,701] [plex_meta_manager.py:750]  [INFO]     |                                                                                                    |
[2023-02-28 13:18:01,701] [util.py:216]               [INFO]     |================================= Validating Halloween Attributes ==================================|
[2023-02-28 13:18:01,701] [builder.py:265]            [DEBUG]    |                                                                                                    |
[2023-02-28 13:18:01,702] [builder.py:266]            [DEBUG]    | Validating Method: template                                                                        |
[2023-02-28 13:18:01,702] [meta.py:83]                [DEBUG]    | Value: ordereddict([('name', 'Collection'), ('collection', '91361, 126209'), ('poster', 'https://theposterdb.com/api/assets/190032')]) |
[2023-02-28 13:18:01,702] [builder.py:330]            [DEBUG]    |                                                                                                    |
[2023-02-28 13:18:01,703] [builder.py:331]            [DEBUG]    | Validating Method: sync_mode                                                                       |
[2023-02-28 13:18:01,703] [builder.py:335]            [DEBUG]    | Value: sync                                                                                        |
[2023-02-28 13:18:01,703] [builder.py:453]            [DEBUG]    |                                                                                                    |
[2023-02-28 13:18:01,703] [builder.py:454]            [DEBUG]    | Validating Method: collection_order                                                                |
[2023-02-28 13:18:01,704] [builder.py:455]            [DEBUG]    | Value: release                                                                                     |
[2023-02-28 13:18:01,704] [builder.py:472]            [DEBUG]    |                                                                                                    |
[2023-02-28 13:18:01,704] [builder.py:473]            [DEBUG]    | Validating Method: tmdb_collection_details                                                         |
[2023-02-28 13:18:01,704] [builder.py:474]            [DEBUG]    | Value: 91361, 126209                                                                               |
[2023-02-28 13:18:01,806] [tmdb.py:242]               [ERROR]    | TMDb Error: No Collection found for TMDb ID 91361: The resource you requested could not be found.  |
[2023-02-28 13:18:01,904] [builder.py:472]            [DEBUG]    |                                                                                                    |
[2023-02-28 13:18:01,904] [builder.py:473]            [DEBUG]    | Validating Method: sort_title                                                                      |
[2023-02-28 13:18:01,904] [builder.py:474]            [DEBUG]    | Value: 00000f_Halloween                                                                            |
[2023-02-28 13:18:01,904] [builder.py:472]            [DEBUG]    |                                                                                                    |
[2023-02-28 13:18:01,905] [builder.py:473]            [DEBUG]    | Validating Method: url_poster                                                                      |
[2023-02-28 13:18:01,905] [builder.py:474]            [DEBUG]    | Value: https://theposterdb.com/api/assets/190032                                                   |
[2023-02-28 13:18:02,094] [builder.py:619]            [INFO]     |                                                                                                    |
[2023-02-28 13:18:02,094] [builder.py:620]            [INFO]     | Validation Successful                                                                              |
[2023-02-28 13:18:02,095] [plex_meta_manager.py:758]  [INFO]     |                                                                                                    |
[2023-02-28 13:18:02,095] [util.py:216]               [INFO]     |=================================== Running Halloween Collection ===================================|
[2023-02-28 13:18:02,095] [plex_meta_manager.py:773]  [INFO]     |                                                                                                    |
[2023-02-28 13:18:02,096] [plex_meta_manager.py:774]  [INFO]     | Sync Mode: sync                                                                                    |
[2023-02-28 13:18:02,096] [builder.py:1275]           [DEBUG]    |                                                                                                    |
[2023-02-28 13:18:02,096] [builder.py:1276]           [DEBUG]    | Builder: tmdb_collection: 126209                                                                   |
[2023-02-28 13:18:02,096] [builder.py:1277]           [INFO]     |                                                                                                    |
[2023-02-28 13:18:02,097] [tmdb.py:323]               [INFO]     | Processing TMDb Collection: (126209) Halloween (Rob Zombie Series) Collection (2 Items)            |
[2023-02-28 13:18:02,097] [builder.py:1282]           [DEBUG]    |                                                                                                    |
[2023-02-28 13:18:02,097] [builder.py:1283]           [DEBUG]    | 2 IDs Found: [(24150, 'tmdb'), (2082, 'tmdb')]                                                     |
[2023-02-28 13:18:02,097] [builder.py:1284]           [DEBUG]    |                                                                                                    |
[2023-02-28 13:18:02,116] [builder.py:1697]           [INFO]     |                                                                                                    |
[2023-02-28 13:18:02,116] [util.py:216]               [INFO]     |================================== Adding to Halloween Collection ==================================|
[2023-02-28 13:18:02,116] [builder.py:1699]           [INFO]     |                                                                                                    |
[2023-02-28 13:18:02,116] [builder.py:1709]           [INFO]     | 1/1 | Halloween Collection | = | Halloween (2007)                                                  |
[2023-02-28 13:18:02,117] [builder.py:1734]           [INFO]     |                                                                                                    |
[2023-02-28 13:18:02,117] [builder.py:1735]           [INFO]     | 1 Movie Processed                                                                                  |
[2023-02-28 13:18:02,117] [builder.py:1743]           [INFO]     |                                                                                                    |
[2023-02-28 13:18:02,118] [util.py:216]               [INFO]     |================================ Removed from Halloween Collection =================================|
[2023-02-28 13:18:02,118] [builder.py:1745]           [INFO]     |                                                                                                    |
[2023-02-28 13:18:02,132] [builder.py:1751]           [INFO]     | 1/4 | Halloween Collection | - | Halloween (1978)                                                  |
[2023-02-28 13:18:02,295] [builder.py:1751]           [INFO]     | 2/4 | Halloween Collection | - | Halloween II (1981)                                               |
[2023-02-28 13:18:02,452] [builder.py:1751]           [INFO]     | 3/4 | Halloween Collection | - | Halloween (2018)                                                  |
[2023-02-28 13:18:02,602] [builder.py:1751]           [INFO]     | 4/4 | Halloween Collection | - | Halloween Ends (2022)                                             |
[2023-02-28 13:18:02,735] [builder.py:1768]           [INFO]     |                                                                                                    |
[2023-02-28 13:18:02,735] [builder.py:1769]           [INFO]     | 4 Movie Removed                                                                                    |
[2023-02-28 13:18:02,736] [builder.py:1929]           [INFO]     |                                                                                                    |
[2023-02-28 13:18:02,736] [util.py:216]               [INFO]     |============================== Missing Movies from Library: Halloween ==============================|
[2023-02-28 13:18:02,736] [builder.py:1931]           [INFO]     |                                                                                                    |
[2023-02-28 13:18:02,889] [builder.py:1943]           [INFO]     | Halloween Collection | ? | Halloween II (2009) (TMDb: 24150)                                       |
[2023-02-28 13:18:02,889] [builder.py:1947]           [INFO]     |                                                                                                    |
[2023-02-28 13:18:02,890] [builder.py:1948]           [INFO]     | 1 Movie Missing                                                                                    |
[2023-02-28 13:18:02,962] [builder.py:2147]           [INFO]     |                                                                                                    |
[2023-02-28 13:18:02,962] [util.py:216]               [INFO]     |============================= Updating Details of Halloween Collection =============================|
[2023-02-28 13:18:02,962] [builder.py:2149]           [INFO]     |                                                                                                    |
[2023-02-28 13:18:02,963] [builder.py:2156]           [INFO]     | Detail: tmdb_collection_details updated Collection Summary                                         |
[2023-02-28 13:18:02,963] [builder.py:2235]           [DEBUG]    | {'summary.value': 'An American slasher film series directed and produced by Rob Zombie. The series is a reboot of the 1978 horror film of the same name. Rob Zombie\'s "reimagining" follows the premise of John Carpenter\'s original, with Michael Myers stalking Laurie Strode and her friends on Halloween night. Zombie\'s film goes deeper into the character\'s psyche, trying to answer the question of what drove him to kill people.', 'summary.locked': 1} |
[2023-02-28 13:18:02,971] [builder.py:2237]           [INFO]     | Details: have been updated                                                                         |
[2023-02-28 13:18:02,971] [builder.py:2258]           [DEBUG]    | 2 posters found:                                                                                   |
[2023-02-28 13:18:02,972] [builder.py:2260]           [DEBUG]    | Method: tmdb_collection_details Poster: https://image.tmdb.org/t/p/original/9FXXvpOSnOosyiYbhVuWpZubTzA.jpg |
[2023-02-28 13:18:02,972] [builder.py:2260]           [DEBUG]    | Method: url_poster Poster: https://theposterdb.com/api/assets/190032                               |
[2023-02-28 13:18:02,972] [builder.py:2298]           [DEBUG]    | 1 backgrounds found:                                                                               |
[2023-02-28 13:18:02,973] [builder.py:2300]           [DEBUG]    | Method: tmdb_collection_details Background: https://image.tmdb.org/t/p/original/tXXPOkcFLcDiJ4OU5SOU3JnhQrg.jpg |
[2023-02-28 13:18:04,027] [library.py:145]            [INFO]     | Detail: url_poster updated poster to [URL] https://theposterdb.com/api/assets/190032               |
[2023-02-28 13:18:04,156] [library.py:195]            [INFO]     | Detail: tmdb_collection_details updated background to [URL] https://image.tmdb.org/t/p/original/tXXPOkcFLcDiJ4OU5SOU3JnhQrg.jpg |
[2023-02-28 13:18:04,357] [plex_meta_manager.py:880]  [INFO]     |                                                                                                    |
[2023-02-28 13:18:04,358] [util.py:209]               [INFO]     |====================================================================================================|
[2023-02-28 13:18:04,358] [util.py:216]               [INFO]     |                                   Finished Halloween Collection                                    |
[2023-02-28 13:18:04,359] [util.py:216]               [INFO]     |                                    Collection Run Time: 0:00:02                                    |
[2023-02-28 13:18:04,359] [util.py:220]               [INFO]     |====================================================================================================|
