[2023-01-31 01:01:13,877] [util.py:209]               [INFO]     |====================================================================================================|
[2023-01-31 01:01:13,877] [util.py:216]               [INFO]     |                                   The Mummy Collection in Movies                                   |
[2023-01-31 01:01:13,878] [util.py:220]               [INFO]     |====================================================================================================|
[2023-01-31 01:01:13,878] [plex_meta_manager.py:750]  [INFO]     |                                                                                                    |
[2023-01-31 01:01:13,878] [util.py:216]               [INFO]     |================================= Validating The Mummy Attributes ==================================|
[2023-01-31 01:01:13,879] [builder.py:265]            [DEBUG]    |                                                                                                    |
[2023-01-31 01:01:13,879] [builder.py:266]            [DEBUG]    | Validating Method: template                                                                        |
[2023-01-31 01:01:13,879] [meta.py:83]                [DEBUG]    | Value: ordereddict([('name', 'Movie'), ('collection', 1733), ('summary', 1733), ('poster', 'https://theposterdb.com/api/assets/69966')]) |
[2023-01-31 01:01:13,880] [builder.py:330]            [DEBUG]    |                                                                                                    |
[2023-01-31 01:01:13,880] [builder.py:331]            [DEBUG]    | Validating Method: sync_mode                                                                       |
[2023-01-31 01:01:13,880] [builder.py:335]            [DEBUG]    | Value: sync                                                                                        |
[2023-01-31 01:01:13,880] [builder.py:453]            [DEBUG]    |                                                                                                    |
[2023-01-31 01:01:13,881] [builder.py:454]            [DEBUG]    | Validating Method: collection_order                                                                |
[2023-01-31 01:01:13,881] [builder.py:455]            [DEBUG]    | Value: release                                                                                     |
[2023-01-31 01:01:13,881] [builder.py:472]            [DEBUG]    |                                                                                                    |
[2023-01-31 01:01:13,881] [builder.py:473]            [DEBUG]    | Validating Method: url_poster                                                                      |
[2023-01-31 01:01:13,881] [builder.py:474]            [DEBUG]    | Value: https://theposterdb.com/api/assets/69966                                                    |
[2023-01-31 01:01:13,882] [builder.py:472]            [DEBUG]    |                                                                                                    |
[2023-01-31 01:01:13,882] [builder.py:473]            [DEBUG]    | Validating Method: tmdb_collection                                                                 |
[2023-01-31 01:01:13,882] [builder.py:474]            [DEBUG]    | Value: 1733                                                                                        |
[2023-01-31 01:01:13,980] [builder.py:472]            [DEBUG]    |                                                                                                    |
[2023-01-31 01:01:13,980] [builder.py:473]            [DEBUG]    | Validating Method: tmdb_summary                                                                    |
[2023-01-31 01:01:13,981] [builder.py:474]            [DEBUG]    | Value: 1733                                                                                        |
[2023-01-31 01:01:13,981] [builder.py:472]            [DEBUG]    |                                                                                                    |
[2023-01-31 01:01:13,981] [builder.py:473]            [DEBUG]    | Validating Method: sort_title                                                                      |
[2023-01-31 01:01:13,982] [builder.py:474]            [DEBUG]    | Value: 00000f_The Mummy                                                                            |
[2023-01-31 01:01:13,982] [builder.py:472]            [DEBUG]    |                                                                                                    |
[2023-01-31 01:01:13,982] [builder.py:473]            [DEBUG]    | Validating Method: radarr_add_missing                                                              |
[2023-01-31 01:01:13,982] [builder.py:474]            [DEBUG]    | Value: True                                                                                        |
[2023-01-31 01:01:14,164] [builder.py:619]            [INFO]     |                                                                                                    |
[2023-01-31 01:01:14,164] [builder.py:620]            [INFO]     | Validation Successful                                                                              |
[2023-01-31 01:01:14,165] [plex_meta_manager.py:758]  [INFO]     |                                                                                                    |
[2023-01-31 01:01:14,166] [util.py:216]               [INFO]     |=================================== Running The Mummy Collection ===================================|
[2023-01-31 01:01:14,167] [plex_meta_manager.py:773]  [INFO]     |                                                                                                    |
[2023-01-31 01:01:14,167] [plex_meta_manager.py:774]  [INFO]     | Sync Mode: sync                                                                                    |
[2023-01-31 01:01:14,167] [builder.py:1275]           [DEBUG]    |                                                                                                    |
[2023-01-31 01:01:14,167] [builder.py:1276]           [DEBUG]    | Builder: tmdb_collection: 1733                                                                     |
[2023-01-31 01:01:14,168] [builder.py:1277]           [INFO]     |                                                                                                    |
[2023-01-31 01:01:14,168] [tmdb.py:323]               [INFO]     | Processing TMDb Collection: (1733) The Mummy Collection (3 Items)                                  |
[2023-01-31 01:01:14,168] [builder.py:1282]           [DEBUG]    |                                                                                                    |
[2023-01-31 01:01:14,169] [builder.py:1283]           [DEBUG]    | 3 IDs Found: [(564, 'tmdb'), (1734, 'tmdb'), (1735, 'tmdb')]                                       |
[2023-01-31 01:01:14,169] [builder.py:1284]           [DEBUG]    |                                                                                                    |
[2023-01-31 01:01:14,239] [builder.py:1697]           [INFO]     |                                                                                                    |
[2023-01-31 01:01:14,240] [util.py:216]               [INFO]     |================================== Adding to The Mummy Collection ==================================|
[2023-01-31 01:01:14,240] [builder.py:1699]           [INFO]     |                                                                                                    |
[2023-01-31 01:01:14,240] [builder.py:1709]           [INFO]     | 1/3 | The Mummy Collection | = | The Mummy (1999)                                                  |
[2023-01-31 01:01:14,241] [builder.py:1709]           [INFO]     | 2/3 | The Mummy Collection | = | The Mummy Returns (2001)                                          |
[2023-01-31 01:01:14,241] [builder.py:1709]           [INFO]     | 3/3 | The Mummy Collection | = | The Mummy: Tomb of the Dragon Emperor (2008)                      |
[2023-01-31 01:01:14,241] [builder.py:1734]           [INFO]     |                                                                                                    |
[2023-01-31 01:01:14,242] [builder.py:1735]           [INFO]     | 3 Movies Processed                                                                                 |
[2023-01-31 01:01:14,245] [builder.py:2147]           [INFO]     |                                                                                                    |
[2023-01-31 01:01:14,246] [util.py:216]               [INFO]     |============================= Updating Details of The Mummy Collection =============================|
[2023-01-31 01:01:14,246] [builder.py:2149]           [INFO]     |                                                                                                    |
[2023-01-31 01:01:14,246] [builder.py:2156]           [INFO]     | Detail: tmdb_summary updated Collection Summary                                                    |
[2023-01-31 01:01:14,247] [builder.py:2258]           [DEBUG]    | 1 posters found:                                                                                   |
[2023-01-31 01:01:14,247] [builder.py:2260]           [DEBUG]    | Method: url_poster Poster: https://theposterdb.com/api/assets/69966                                |
[2023-01-31 01:01:14,248] [builder.py:2327]           [INFO]     | No background collection detail or asset folder found                                              |
[2023-01-31 01:01:14,248] [library.py:147]            [INFO]     | Detail: poster update not needed                                                                   |
[2023-01-31 01:01:14,425] [plex_meta_manager.py:880]  [INFO]     |                                                                                                    |
[2023-01-31 01:01:14,426] [util.py:209]               [INFO]     |====================================================================================================|
[2023-01-31 01:01:14,427] [util.py:216]               [INFO]     |                                   Finished The Mummy Collection                                    |
[2023-01-31 01:01:14,427] [util.py:216]               [INFO]     |                                    Collection Run Time: 0:00:00                                    |
[2023-01-31 01:01:14,427] [util.py:220]               [INFO]     |====================================================================================================|
