[2023-01-31 01:00:46,669] [util.py:209]               [INFO]     |====================================================================================================|
[2023-01-31 01:00:46,670] [util.py:216]               [INFO]     |                               Godzilla (Heisei) Collection in Movies                               |
[2023-01-31 01:00:46,670] [util.py:220]               [INFO]     |====================================================================================================|
[2023-01-31 01:00:46,670] [plex_meta_manager.py:750]  [INFO]     |                                                                                                    |
[2023-01-31 01:00:46,671] [util.py:216]               [INFO]     |============================= Validating Godzilla (Heisei) Attributes ==============================|
[2023-01-31 01:00:46,671] [builder.py:265]            [DEBUG]    |                                                                                                    |
[2023-01-31 01:00:46,671] [builder.py:266]            [DEBUG]    | Validating Method: template                                                                        |
[2023-01-31 01:00:46,672] [meta.py:83]                [DEBUG]    | Value: ordereddict([('name', 'Movie'), ('collection', 374511), ('summary', 374511), ('movie', 39256), ('poster', 'https://theposterdb.com/api/assets/311343')]) |
[2023-01-31 01:00:46,672] [builder.py:330]            [DEBUG]    |                                                                                                    |
[2023-01-31 01:00:46,672] [builder.py:331]            [DEBUG]    | Validating Method: sync_mode                                                                       |
[2023-01-31 01:00:46,673] [builder.py:335]            [DEBUG]    | Value: sync                                                                                        |
[2023-01-31 01:00:46,673] [builder.py:453]            [DEBUG]    |                                                                                                    |
[2023-01-31 01:00:46,673] [builder.py:454]            [DEBUG]    | Validating Method: collection_order                                                                |
[2023-01-31 01:00:46,673] [builder.py:455]            [DEBUG]    | Value: release                                                                                     |
[2023-01-31 01:00:46,674] [builder.py:472]            [DEBUG]    |                                                                                                    |
[2023-01-31 01:00:46,674] [builder.py:473]            [DEBUG]    | Validating Method: sort_title                                                                      |
[2023-01-31 01:00:46,674] [builder.py:474]            [DEBUG]    | Value: 00000f_Godzilla 02 (Heisei)                                                                 |
[2023-01-31 01:00:46,674] [builder.py:472]            [DEBUG]    |                                                                                                    |
[2023-01-31 01:00:46,675] [builder.py:473]            [DEBUG]    | Validating Method: url_poster                                                                      |
[2023-01-31 01:00:46,675] [builder.py:474]            [DEBUG]    | Value: https://theposterdb.com/api/assets/311343                                                   |
[2023-01-31 01:00:46,675] [builder.py:472]            [DEBUG]    |                                                                                                    |
[2023-01-31 01:00:46,675] [builder.py:473]            [DEBUG]    | Validating Method: tmdb_collection                                                                 |
[2023-01-31 01:00:46,676] [builder.py:474]            [DEBUG]    | Value: 374511                                                                                      |
[2023-01-31 01:00:46,778] [builder.py:472]            [DEBUG]    |                                                                                                    |
[2023-01-31 01:00:46,778] [builder.py:473]            [DEBUG]    | Validating Method: tmdb_summary                                                                    |
[2023-01-31 01:00:46,778] [builder.py:474]            [DEBUG]    | Value: 374511                                                                                      |
[2023-01-31 01:00:46,779] [builder.py:472]            [DEBUG]    |                                                                                                    |
[2023-01-31 01:00:46,779] [builder.py:473]            [DEBUG]    | Validating Method: radarr_add_missing                                                              |
[2023-01-31 01:00:46,779] [builder.py:474]            [DEBUG]    | Value: True                                                                                        |
[2023-01-31 01:00:46,783] [plex.py:687]               [DEBUG]    | Looking for: Godzilla (Heisei)                                                                     |
[2023-01-31 01:00:46,783] [builder.py:619]            [INFO]     |                                                                                                    |
[2023-01-31 01:00:46,784] [builder.py:620]            [INFO]     | Validation Successful                                                                              |
[2023-01-31 01:00:46,785] [plex_meta_manager.py:758]  [INFO]     |                                                                                                    |
[2023-01-31 01:00:46,786] [util.py:216]               [INFO]     |=============================== Running Godzilla (Heisei) Collection ===============================|
[2023-01-31 01:00:46,786] [plex_meta_manager.py:773]  [INFO]     |                                                                                                    |
[2023-01-31 01:00:46,786] [plex_meta_manager.py:774]  [INFO]     | Sync Mode: sync                                                                                    |
[2023-01-31 01:00:46,787] [builder.py:1275]           [DEBUG]    |                                                                                                    |
[2023-01-31 01:00:46,787] [builder.py:1276]           [DEBUG]    | Builder: tmdb_collection: 374511                                                                   |
[2023-01-31 01:00:46,787] [builder.py:1277]           [INFO]     |                                                                                                    |
[2023-01-31 01:00:46,788] [tmdb.py:323]               [INFO]     | Processing TMDb Collection: (374511) Godzilla (Heisei) Collection (7 Items)                        |
[2023-01-31 01:00:46,788] [builder.py:1282]           [DEBUG]    |                                                                                                    |
[2023-01-31 01:00:46,788] [builder.py:1283]           [DEBUG]    | 7 IDs Found: [(18289, 'tmdb'), (36679, 'tmdb'), (39465, 'tmdb'), (6593, 'tmdb'), (39466, 'tmdb'), (12561, 'tmdb'), (421467, 'tmdb')] |
[2023-01-31 01:00:46,788] [builder.py:1284]           [DEBUG]    |                                                                                                    |
[2023-01-31 01:00:46,789] [plex_meta_manager.py:797]  [INFO]     |                                                                                                    |
[2023-01-31 01:00:46,789] [plex_meta_manager.py:798]  [INFO]     | Collection Minimum: 1 not met for Godzilla (Heisei) Collection                                     |
[2023-01-31 01:00:46,790] [builder.py:1929]           [INFO]     |                                                                                                    |
[2023-01-31 01:00:46,790] [util.py:216]               [INFO]     |========================== Missing Movies from Library: Godzilla (Heisei) ==========================|
[2023-01-31 01:00:46,790] [builder.py:1931]           [INFO]     |                                                                                                    |
[2023-01-31 01:00:46,905] [builder.py:1943]           [INFO]     | Godzilla (Heisei) Collection | ? | Godzilla vs. Biollante (1989) (TMDb: 18289)                     |
[2023-01-31 01:00:47,015] [builder.py:1943]           [INFO]     | Godzilla (Heisei) Collection | ? | Godzilla vs. King Ghidorah (1991) (TMDb: 36679)                 |
[2023-01-31 01:00:47,260] [builder.py:1943]           [INFO]     | Godzilla (Heisei) Collection | ? | Godzilla vs. Mothra (1992) (TMDb: 39465)                        |
[2023-01-31 01:00:47,378] [builder.py:1943]           [INFO]     | Godzilla (Heisei) Collection | ? | Godzilla vs. Mechagodzilla II (1993) (TMDb: 6593)               |
[2023-01-31 01:00:47,555] [builder.py:1943]           [INFO]     | Godzilla (Heisei) Collection | ? | Godzilla vs. SpaceGodzilla (1994) (TMDb: 39466)                 |
[2023-01-31 01:00:47,677] [builder.py:1943]           [INFO]     | Godzilla (Heisei) Collection | ? | Godzilla vs. Destoroyah (1995) (TMDb: 12561)                    |
[2023-01-31 01:00:47,787] [builder.py:1943]           [INFO]     | Godzilla (Heisei) Collection | ? | The Return of Godzilla (1984) (TMDb: 421467)                    |
[2023-01-31 01:00:47,788] [builder.py:1947]           [INFO]     |                                                                                                    |
[2023-01-31 01:00:47,788] [builder.py:1948]           [INFO]     | 7 Movies Missing                                                                                   |
[2023-01-31 01:00:47,794] [radarr.py:46]              [INFO]     |                                                                                                    |
[2023-01-31 01:00:47,795] [util.py:216]               [INFO]     |===================================== Adding Missing to Radarr =====================================|
[2023-01-31 01:00:47,795] [radarr.py:48]              [DEBUG]    |                                                                                                    |
[2023-01-31 01:00:47,795] [radarr.py:49]              [DEBUG]    | Radarr Adds: [18289, 36679, 39465, 6593, 39466, 12561, 421467]                                     |
[2023-01-31 01:00:49,152] [radarr.py:138]             [INFO]     |                                                                                                    |
[2023-01-31 01:00:49,153] [radarr.py:146]             [INFO]     | Skipped: In Cache | 18289                                                                          |
[2023-01-31 01:00:49,153] [radarr.py:146]             [INFO]     | Skipped: In Cache | 36679                                                                          |
[2023-01-31 01:00:49,153] [radarr.py:146]             [INFO]     | Skipped: In Cache | 39465                                                                          |
[2023-01-31 01:00:49,154] [radarr.py:146]             [INFO]     | Skipped: In Cache | 6593                                                                           |
[2023-01-31 01:00:49,154] [radarr.py:146]             [INFO]     | Skipped: In Cache | 39466                                                                          |
[2023-01-31 01:00:49,154] [radarr.py:146]             [INFO]     | Skipped: In Cache | 12561                                                                          |
[2023-01-31 01:00:49,155] [radarr.py:146]             [INFO]     | Skipped: In Cache | 421467                                                                         |
[2023-01-31 01:00:49,155] [radarr.py:147]             [INFO]     | 7 Movies already exist in Radarr                                                                   |
[2023-01-31 01:00:49,171] [plex_meta_manager.py:880]  [INFO]     |                                                                                                    |
[2023-01-31 01:00:49,172] [util.py:209]               [INFO]     |====================================================================================================|
[2023-01-31 01:00:49,173] [util.py:216]               [INFO]     |                               Finished Godzilla (Heisei) Collection                                |
[2023-01-31 01:00:49,173] [util.py:216]               [INFO]     |                                    Collection Run Time: 0:00:02                                    |
[2023-01-31 01:00:49,173] [util.py:220]               [INFO]     |====================================================================================================|
