[2023-01-31 01:01:38,523] [util.py:209]               [INFO]     |====================================================================================================|
[2023-01-31 01:01:38,524] [util.py:216]               [INFO]     |                           Celebrating Black Cinema Collection in Movies                            |
[2023-01-31 01:01:38,524] [util.py:220]               [INFO]     |====================================================================================================|
[2023-01-31 01:01:38,526] [plex_meta_manager.py:750]  [INFO]     |                                                                                                    |
[2023-01-31 01:01:38,526] [util.py:216]               [INFO]     |========================== Validating Celebrating Black Cinema Attributes ==========================|
[2023-01-31 01:01:38,527] [builder.py:265]            [DEBUG]    |                                                                                                    |
[2023-01-31 01:01:38,527] [builder.py:266]            [DEBUG]    | Validating Method: template                                                                        |
[2023-01-31 01:01:38,527] [meta.py:83]                [DEBUG]    | Value: ordereddict([('name', 'Holiday'), ('poster', './config/posters/paintings/essential_black.jpg')]) |
[2023-01-31 01:01:38,527] [builder.py:273]            [DEBUG]    |                                                                                                    |
[2023-01-31 01:01:38,528] [builder.py:274]            [DEBUG]    | Validating Method: delete_not_scheduled                                                            |
[2023-01-31 01:01:38,528] [builder.py:275]            [DEBUG]    | Value: True                                                                                        |
[2023-01-31 01:01:38,528] [builder.py:279]            [DEBUG]    |                                                                                                    |
[2023-01-31 01:01:38,528] [builder.py:280]            [DEBUG]    | Validating Method: schedule                                                                        |
[2023-01-31 01:01:38,529] [builder.py:284]            [DEBUG]    | Value: range(02/01-03/01)                                                                          |
[2023-01-31 01:01:38,532] [plex.py:687]               [DEBUG]    | Looking for: Celebrating Black Cinema                                                              |
[2023-01-31 01:01:38,532] [util.py:161]               [INFO]     |                                                                                                    |
[2023-01-31 01:01:38,532] [util.py:161]               [INFO]     | Scheduled between February 1st and March 1st                                                       |
[2023-01-31 01:01:38,532] [util.py:161]               [INFO]     |                                                                                                    |
[2023-01-31 01:01:38,533] [util.py:161]               [INFO]     | Collection Celebrating Black Cinema not scheduled to run and could not be found to delete          |
[2023-01-31 01:01:38,533] [plex_meta_manager.py:880]  [INFO]     |                                                                                                    |
[2023-01-31 01:01:38,533] [util.py:209]               [INFO]     |====================================================================================================|
[2023-01-31 01:01:38,534] [util.py:216]               [INFO]     |                            Finished Celebrating Black Cinema Collection                            |
[2023-01-31 01:01:38,534] [util.py:216]               [INFO]     |                                    Collection Run Time: 0:00:00                                    |
[2023-01-31 01:01:38,534] [util.py:220]               [INFO]     |====================================================================================================|
