[2023-02-28 13:23:34,364] [util.py:209]               [INFO]     |====================================================================================================|
[2023-02-28 13:23:34,364] [util.py:216]               [INFO]     |                                Trending Movies Collection in Movies                                |
[2023-02-28 13:23:34,364] [util.py:220]               [INFO]     |====================================================================================================|
[2023-02-28 13:23:34,365] [plex_meta_manager.py:750]  [INFO]     |                                                                                                    |
[2023-02-28 13:23:34,365] [util.py:216]               [INFO]     |============================== Validating Trending Movies Attributes ===============================|
[2023-02-28 13:23:34,366] [builder.py:453]            [DEBUG]    |                                                                                                    |
[2023-02-28 13:23:34,366] [builder.py:454]            [DEBUG]    | Validating Method: collection_order                                                                |
[2023-02-28 13:23:34,366] [builder.py:455]            [DEBUG]    | Value: custom                                                                                      |
[2023-02-28 13:23:34,367] [builder.py:472]            [DEBUG]    |                                                                                                    |
[2023-02-28 13:23:34,367] [builder.py:473]            [DEBUG]    | Validating Method: sort_title                                                                      |
[2023-02-28 13:23:34,367] [builder.py:474]            [DEBUG]    | Value: 00000b_2                                                                                    |
[2023-02-28 13:23:34,367] [builder.py:472]            [DEBUG]    |                                                                                                    |
[2023-02-28 13:23:34,368] [builder.py:473]            [DEBUG]    | Validating Method: trakt_trending                                                                  |
[2023-02-28 13:23:34,368] [builder.py:474]            [DEBUG]    | Value: 75                                                                                          |
[2023-02-28 13:23:34,368] [builder.py:472]            [DEBUG]    |                                                                                                    |
[2023-02-28 13:23:34,368] [builder.py:473]            [DEBUG]    | Validating Method: summary                                                                         |
[2023-02-28 13:23:34,369] [builder.py:474]            [DEBUG]    | Value: A collection of movies trending across the internet                                         |
[2023-02-28 13:23:34,369] [builder.py:472]            [DEBUG]    |                                                                                                    |
[2023-02-28 13:23:34,369] [builder.py:473]            [DEBUG]    | Validating Method: url_poster                                                                      |
[2023-02-28 13:23:34,369] [builder.py:474]            [DEBUG]    | Value: https://i.imgur.com/LFJnVzC.jpg                                                             |
[2023-02-28 13:23:36,732] [builder.py:619]            [INFO]     |                                                                                                    |
[2023-02-28 13:23:36,732] [builder.py:620]            [INFO]     | Validation Successful                                                                              |
[2023-02-28 13:23:36,733] [plex_meta_manager.py:758]  [INFO]     |                                                                                                    |
[2023-02-28 13:23:36,733] [util.py:216]               [INFO]     |================================ Running Trending Movies Collection ================================|
[2023-02-28 13:23:36,733] [plex_meta_manager.py:773]  [INFO]     |                                                                                                    |
[2023-02-28 13:23:36,733] [plex_meta_manager.py:774]  [INFO]     | Sync Mode: append                                                                                  |
[2023-02-28 13:23:36,734] [builder.py:1275]           [DEBUG]    |                                                                                                    |
[2023-02-28 13:23:36,734] [builder.py:1276]           [DEBUG]    | Builder: trakt_trending: 75                                                                        |
[2023-02-28 13:23:36,734] [builder.py:1277]           [INFO]     |                                                                                                    |
[2023-02-28 13:23:36,735] [trakt.py:236]              [INFO]     | Processing Trakt Trending: 75 Movies                                                               |
[2023-02-28 13:23:37,099] [builder.py:1282]           [DEBUG]    |                                                                                                    |
[2023-02-28 13:23:37,100] [builder.py:1283]           [DEBUG]    | 75 IDs Found: [(937278, 'tmdb'), (785084, 'tmdb'), (631842, 'tmdb'), (906221, 'tmdb'), (646389, 'tmdb'), (615777, 'tmdb'), (505642, 'tmdb'), (545611, 'tmdb'), (717980, 'tmdb'), (1077280, 'tmdb'), (674, 'tmdb'), (536554, 'tmdb'), (842942, 'tmdb'), (804150, 'tmdb'), (671, 'tmdb'), (76600, 'tmdb'), (614934, 'tmdb'), (315162, 'tmdb'), (674324, 'tmdb'), (804095, 'tmdb'), (852096, 'tmdb'), (672, 'tmdb'), (673, 'tmdb'), (593643, 'tmdb'), (899112, 'tmdb'), (640146, 'tmdb'), (696157, 'tmdb'), (1087112, 'tmdb'), (1032782, 'tmdb'), (335787, 'tmdb'), (480530, 'tmdb'), (497828, 'tmdb'), (667216, 'tmdb'), (848685, 'tmdb'), (299534, 'tmdb'), (767, 'tmdb'), (414906, 'tmdb'), (361743, 'tmdb'), (661374, 'tmdb'), (436270, 'tmdb'), (507086, 'tmdb'), (431, 'tmdb'), (664469, 'tmdb'), (817758, 'tmdb'), (823951, 'tmdb'), (1075334, 'tmdb'), (109445, 'tmdb'), (675, 'tmdb'), (22, 'tmdb'), (12444, 'tmdb'), (634649, 'tmdb'), (920, 'tmdb'), (70981, 'tmdb'), (2080, 'tmdb'), (110415, 'tmdb'), (615457, 'tmdb'), (791373, 'tmdb'), (718930, 'tmdb'), (526896, 'tmdb'), (648579, 'tmdb'), (319, 'tmdb'), (228205, 'tmdb'), (843794, 'tmdb'), (714888, 'tmdb'), (1061671, 'tmdb'), (542196, 'tmdb'), (155, 'tmdb'), (27205, 'tmdb'), (157336, 'tmdb'), (297762, 'tmdb'), (120, 'tmdb'), (286217, 'tmdb'), (277834, 'tmdb'), (245891, 'tmdb'), (324552, 'tmdb')] |
[2023-02-28 13:23:37,100] [builder.py:1284]           [DEBUG]    |                                                                                                    |
[2023-02-28 13:23:38,377] [builder.py:1697]           [INFO]     |                                                                                                    |
[2023-02-28 13:23:38,377] [util.py:216]               [INFO]     |=============================== Adding to Trending Movies Collection ===============================|
[2023-02-28 13:23:38,378] [builder.py:1699]           [INFO]     |                                                                                                    |
[2023-02-28 13:23:38,378] [builder.py:1709]           [INFO]     |  1/48 | Trending Movies Collection | = | Everything Everywhere All at Once (2022)                  |
[2023-02-28 13:23:38,379] [builder.py:1709]           [INFO]     |  2/48 | Trending Movies Collection | = | Harry Potter and the Goblet of Fire (2005)                |
[2023-02-28 13:23:38,379] [builder.py:1709]           [INFO]     |  3/48 | Trending Movies Collection | = | M3GAN (2022)                                              |
[2023-02-28 13:23:38,380] [builder.py:1709]           [INFO]     |  4/48 | Trending Movies Collection | = | Bandit (2022)                                             |
[2023-02-28 13:23:38,381] [builder.py:1709]           [INFO]     |  5/48 | Trending Movies Collection | = | Harry Potter and the Sorcerer's Stone (2001)              |
[2023-02-28 13:23:38,382] [builder.py:1709]           [INFO]     |  6/48 | Trending Movies Collection | = | Elvis (2022)                                              |
[2023-02-28 13:23:38,383] [builder.py:1709]           [INFO]     |  7/48 | Trending Movies Collection | = | Puss in Boots: The Last Wish (2022)                       |
[2023-02-28 13:23:38,384] [builder.py:1709]           [INFO]     |  8/48 | Trending Movies Collection | = | The Banshees of Inisherin (2022)                          |
[2023-02-28 13:23:38,384] [builder.py:1709]           [INFO]     |  9/48 | Trending Movies Collection | = | The Fabelmans (2022)                                      |
[2023-02-28 13:23:38,385] [builder.py:1709]           [INFO]     | 10/48 | Trending Movies Collection | = | Harry Potter and the Chamber of Secrets (2002)            |
[2023-02-28 13:23:38,386] [builder.py:1709]           [INFO]     | 11/48 | Trending Movies Collection | = | Harry Potter and the Prisoner of Azkaban (2004)           |
[2023-02-28 13:23:38,387] [builder.py:1709]           [INFO]     | 12/48 | Trending Movies Collection | = | The Menu (2022)                                           |
[2023-02-28 13:23:38,388] [builder.py:1709]           [INFO]     | 13/48 | Trending Movies Collection | = | Violent Night (2022)                                      |
[2023-02-28 13:23:38,389] [builder.py:1709]           [INFO]     | 14/48 | Trending Movies Collection | = | Uncharted (2022)                                          |
[2023-02-28 13:23:38,389] [builder.py:1709]           [INFO]     | 15/48 | Trending Movies Collection | = | Triangle of Sadness (2022)                                |
[2023-02-28 13:23:38,390] [builder.py:1709]           [INFO]     | 16/48 | Trending Movies Collection | = | Avengers: Endgame (2019)                                  |
[2023-02-28 13:23:38,391] [builder.py:1709]           [INFO]     | 17/48 | Trending Movies Collection | = | Harry Potter and the Half-Blood Prince (2009)             |
[2023-02-28 13:23:38,392] [builder.py:1709]           [INFO]     | 18/48 | Trending Movies Collection | = | The Batman (2022)                                         |
[2023-02-28 13:23:38,393] [builder.py:1709]           [INFO]     | 19/48 | Trending Movies Collection | = | Top Gun: Maverick (2022)                                  |
[2023-02-28 13:23:38,394] [builder.py:1709]           [INFO]     | 20/48 | Trending Movies Collection | = | Glass Onion (2022)                                        |
[2023-02-28 13:23:38,395] [builder.py:1709]           [INFO]     | 21/48 | Trending Movies Collection | = | Black Adam (2022)                                         |
[2023-02-28 13:23:38,395] [builder.py:1709]           [INFO]     | 22/48 | Trending Movies Collection | = | Jurassic World: Dominion (2022)                           |
[2023-02-28 13:23:38,396] [builder.py:1709]           [INFO]     | 23/48 | Trending Movies Collection | = | Amsterdam (2022)                                          |
[2023-02-28 13:23:38,398] [builder.py:1709]           [INFO]     | 24/48 | Trending Movies Collection | = | Tár (2022)                                                |
[2023-02-28 13:23:38,398] [builder.py:1709]           [INFO]     | 25/48 | Trending Movies Collection | = | Frozen (2013)                                             |
[2023-02-28 13:23:38,399] [builder.py:1709]           [INFO]     | 26/48 | Trending Movies Collection | = | Harry Potter and the Order of the Phoenix (2007)          |
[2023-02-28 13:23:38,400] [builder.py:1709]           [INFO]     | 27/48 | Trending Movies Collection | = | Pirates of the Caribbean: The Curse of the Black Pearl (2003) |
[2023-02-28 13:23:38,401] [builder.py:1709]           [INFO]     | 28/48 | Trending Movies Collection | = | Harry Potter and the Deathly Hallows: Part 1 (2010)       |
[2023-02-28 13:23:38,402] [builder.py:1709]           [INFO]     | 29/48 | Trending Movies Collection | = | Spider-Man: No Way Home (2021)                            |
[2023-02-28 13:23:38,402] [builder.py:1709]           [INFO]     | 30/48 | Trending Movies Collection | = | Cars (2006)                                               |
[2023-02-28 13:23:38,403] [builder.py:1709]           [INFO]     | 31/48 | Trending Movies Collection | = | Prometheus (2012)                                         |
[2023-02-28 13:23:38,404] [builder.py:1709]           [INFO]     | 32/48 | Trending Movies Collection | = | X-Men Origins: Wolverine (2009)                           |
[2023-02-28 13:23:38,405] [builder.py:1709]           [INFO]     | 33/48 | Trending Movies Collection | = | Snowpiercer (2013)                                        |
[2023-02-28 13:23:38,407] [builder.py:1709]           [INFO]     | 34/48 | Trending Movies Collection | = | Nobody (2021)                                             |
[2023-02-28 13:23:38,409] [builder.py:1709]           [INFO]     | 35/48 | Trending Movies Collection | = | Zack Snyder's Justice League (2021)                       |
[2023-02-28 13:23:38,410] [builder.py:1709]           [INFO]     | 36/48 | Trending Movies Collection | = | Bullet Train (2022)                                       |
[2023-02-28 13:23:38,410] [builder.py:1709]           [INFO]     | 37/48 | Trending Movies Collection | = | Morbius (2022)                                            |
[2023-02-28 13:23:38,411] [builder.py:1709]           [INFO]     | 38/48 | Trending Movies Collection | = | The Unbearable Weight of Massive Talent (2022)            |
[2023-02-28 13:23:38,412] [builder.py:1709]           [INFO]     | 39/48 | Trending Movies Collection | = | Argentina, 1985 (2022)                                    |
[2023-02-28 13:23:38,413] [builder.py:1709]           [INFO]     | 40/48 | Trending Movies Collection | = | The Dark Knight (2008)                                    |
[2023-02-28 13:23:38,414] [builder.py:1709]           [INFO]     | 41/48 | Trending Movies Collection | = | Inception (2010)                                          |
[2023-02-28 13:23:38,415] [builder.py:1709]           [INFO]     | 42/48 | Trending Movies Collection | = | Interstellar (2014)                                       |
[2023-02-28 13:23:38,415] [builder.py:1709]           [INFO]     | 43/48 | Trending Movies Collection | = | Wonder Woman (2017)                                       |
[2023-02-28 13:23:38,416] [builder.py:1709]           [INFO]     | 44/48 | Trending Movies Collection | = | The Lord of the Rings: The Fellowship of the Ring (2001)  |
[2023-02-28 13:23:38,417] [builder.py:1709]           [INFO]     | 45/48 | Trending Movies Collection | = | The Martian (2015)                                        |
[2023-02-28 13:23:38,417] [builder.py:1709]           [INFO]     | 46/48 | Trending Movies Collection | = | Moana (2016)                                              |
[2023-02-28 13:23:38,418] [builder.py:1709]           [INFO]     | 47/48 | Trending Movies Collection | = | John Wick (2014)                                          |
[2023-02-28 13:23:38,419] [builder.py:1709]           [INFO]     | 48/48 | Trending Movies Collection | = | John Wick: Chapter 2 (2017)                               |
[2023-02-28 13:23:38,420] [builder.py:1734]           [INFO]     |                                                                                                    |
[2023-02-28 13:23:38,420] [builder.py:1735]           [INFO]     | 48 Movies Processed                                                                                |
[2023-02-28 13:23:38,421] [builder.py:1929]           [INFO]     |                                                                                                    |
[2023-02-28 13:23:38,421] [util.py:216]               [INFO]     |=========================== Missing Movies from Library: Trending Movies ===========================|
[2023-02-28 13:23:38,421] [builder.py:1931]           [INFO]     |                                                                                                    |
[2023-02-28 13:23:38,541] [builder.py:1943]           [INFO]     | Trending Movies Collection | ? | A Man Called Otto (2022) (TMDb: 937278)                           |
[2023-02-28 13:23:38,653] [builder.py:1943]           [INFO]     | Trending Movies Collection | ? | The Whale (2022) (TMDb: 785084)                                   |
[2023-02-28 13:23:38,779] [builder.py:1943]           [INFO]     | Trending Movies Collection | ? | Knock at the Cabin (2023) (TMDb: 631842)                          |
[2023-02-28 13:23:38,913] [builder.py:1943]           [INFO]     | Trending Movies Collection | ? | Magic Mike's Last Dance (2023) (TMDb: 906221)                     |
[2023-02-28 13:23:39,038] [builder.py:1943]           [INFO]     | Trending Movies Collection | ? | Plane (2023) (TMDb: 646389)                                       |
[2023-02-28 13:23:39,169] [builder.py:1943]           [INFO]     | Trending Movies Collection | ? | Babylon (2022) (TMDb: 615777)                                     |
[2023-02-28 13:23:39,174] [builder.py:1943]           [INFO]     | Trending Movies Collection | ? | Black Panther: Wakanda Forever (2022) (TMDb: 505642)              |
[2023-02-28 13:23:39,317] [builder.py:1943]           [INFO]     | Trending Movies Collection | ? | Sharper (2023) (TMDb: 717980)                                     |
[2023-02-28 13:23:39,427] [builder.py:1943]           [INFO]     | Trending Movies Collection | ? | Die Hart (2023) (TMDb: 1077280)                                   |
[2023-02-28 13:23:39,552] [builder.py:1943]           [INFO]     | Trending Movies Collection | ? | Cocaine Bear (2023) (TMDb: 804150)                                |
[2023-02-28 13:23:39,555] [builder.py:1943]           [INFO]     | Trending Movies Collection | ? | Avatar: The Way of Water (2022) (TMDb: 76600)                     |
[2023-02-28 13:23:39,689] [builder.py:1943]           [INFO]     | Trending Movies Collection | ? | We Have a Ghost (2023) (TMDb: 852096)                             |
[2023-02-28 13:23:39,692] [builder.py:1943]           [INFO]     | Trending Movies Collection | ? | Ant-Man and the Wasp: Quantumania (2023) (TMDb: 640146)           |
[2023-02-28 13:23:39,812] [builder.py:1943]           [INFO]     | Trending Movies Collection | ? | Whitney Houston: I Wanna Dance with Somebody (2022) (TMDb: 696157) |
[2023-02-28 13:23:39,947] [builder.py:1943]           [INFO]     | Trending Movies Collection | ? | Ukraine War From the Air (2023) (TMDb: 1087112)                   |
[2023-02-28 13:23:40,058] [builder.py:1943]           [INFO]     | Trending Movies Collection | ? | Spolu (2022) (TMDb: 1032782)                                      |
[2023-02-28 13:23:40,061] [builder.py:1943]           [INFO]     | Trending Movies Collection | ? | Creed II (2018) (TMDb: 480530)                                    |
[2023-02-28 13:23:40,182] [builder.py:1943]           [INFO]     | Trending Movies Collection | ? | Infinity Pool (2023) (TMDb: 667216)                               |
[2023-02-28 13:23:40,296] [builder.py:1943]           [INFO]     | Trending Movies Collection | ? | The Beasts (2022) (TMDb: 848685)                                  |
[2023-02-28 13:23:40,298] [builder.py:1943]           [INFO]     | Trending Movies Collection | ? | Cube (1997) (TMDb: 431)                                           |
[2023-02-28 13:23:40,409] [builder.py:1943]           [INFO]     | Trending Movies Collection | ? | November (2022) (TMDb: 823951)                                    |
[2023-02-28 13:23:40,580] [builder.py:1943]           [INFO]     | Trending Movies Collection | ? | The Girl Who Escaped: The Kara Robinson Story (2023) (TMDb: 1075334) |
[2023-02-28 13:23:40,727] [builder.py:1943]           [INFO]     | Trending Movies Collection | ? | True Romance (1993) (TMDb: 319)                                   |
[2023-02-28 13:23:40,847] [builder.py:1943]           [INFO]     | Trending Movies Collection | ? | The Longest Ride (2015) (TMDb: 228205)                            |
[2023-02-28 13:23:40,965] [builder.py:1943]           [INFO]     | Trending Movies Collection | ? | JUNG_E (2023) (TMDb: 843794)                                      |
[2023-02-28 13:23:41,088] [builder.py:1943]           [INFO]     | Trending Movies Collection | ? | Pamela, A Love Story (2023) (TMDb: 1061671)                       |
[2023-02-28 13:23:41,207] [builder.py:1943]           [INFO]     | Trending Movies Collection | ? | Wolf Hound (2022) (TMDb: 542196)                                  |
[2023-02-28 13:23:41,207] [builder.py:1947]           [INFO]     |                                                                                                    |
[2023-02-28 13:23:41,207] [builder.py:1948]           [INFO]     | 27 Movies Missing                                                                                  |
[2023-02-28 13:23:41,370] [builder.py:2147]           [INFO]     |                                                                                                    |
[2023-02-28 13:23:41,370] [util.py:216]               [INFO]     |========================== Updating Details of Trending Movies Collection ==========================|
[2023-02-28 13:23:41,370] [builder.py:2149]           [INFO]     |                                                                                                    |
[2023-02-28 13:23:41,371] [builder.py:2156]           [INFO]     | Detail: summary updated Collection Summary                                                         |
[2023-02-28 13:23:41,372] [builder.py:2258]           [DEBUG]    | 1 posters found:                                                                                   |
[2023-02-28 13:23:41,372] [builder.py:2260]           [DEBUG]    | Method: url_poster Poster: https://i.imgur.com/LFJnVzC.jpg                                         |
[2023-02-28 13:23:41,372] [builder.py:2327]           [INFO]     | No background collection detail or asset folder found                                              |
[2023-02-28 13:23:41,373] [library.py:147]            [INFO]     | Detail: poster update not needed                                                                   |
[2023-02-28 13:23:43,747] [plex_meta_manager.py:880]  [INFO]     |                                                                                                    |
[2023-02-28 13:23:43,748] [util.py:209]               [INFO]     |====================================================================================================|
[2023-02-28 13:23:43,748] [util.py:216]               [INFO]     |                                Finished Trending Movies Collection                                 |
[2023-02-28 13:23:43,749] [util.py:216]               [INFO]     |                                    Collection Run Time: 0:00:09                                    |
[2023-02-28 13:23:43,749] [util.py:220]               [INFO]     |====================================================================================================|
