[2023-02-24 01:02:57,810] [util.py:209]               [INFO]     |====================================================================================================|
[2023-02-24 01:02:57,811] [util.py:216]               [INFO]     |                            Celebrating Fathers Day Collection in Movies                            |
[2023-02-24 01:02:57,811] [util.py:220]               [INFO]     |====================================================================================================|
[2023-02-24 01:02:57,811] [plex_meta_manager.py:750]  [INFO]     |                                                                                                    |
[2023-02-24 01:02:57,811] [util.py:216]               [INFO]     |========================== Validating Celebrating Fathers Day Attributes ===========================|
[2023-02-24 01:02:57,812] [builder.py:265]            [DEBUG]    |                                                                                                    |
[2023-02-24 01:02:57,812] [builder.py:266]            [DEBUG]    | Validating Method: template                                                                        |
[2023-02-24 01:02:57,812] [meta.py:83]                [DEBUG]    | Value: ordereddict([('name', 'Holiday'), ('poster', './config/posters/paintings/fathers_day.jpg')]) |
[2023-02-24 01:02:57,813] [builder.py:273]            [DEBUG]    |                                                                                                    |
[2023-02-24 01:02:57,813] [builder.py:274]            [DEBUG]    | Validating Method: delete_not_scheduled                                                            |
[2023-02-24 01:02:57,813] [builder.py:275]            [DEBUG]    | Value: True                                                                                        |
[2023-02-24 01:02:57,813] [builder.py:279]            [DEBUG]    |                                                                                                    |
[2023-02-24 01:02:57,813] [builder.py:280]            [DEBUG]    | Validating Method: schedule                                                                        |
[2023-02-24 01:02:57,814] [builder.py:284]            [DEBUG]    | Value: range(06/10-06/22)                                                                          |
[2023-02-24 01:02:57,816] [plex.py:687]               [DEBUG]    | Looking for: Celebrating Fathers Day                                                               |
[2023-02-24 01:02:57,817] [util.py:161]               [INFO]     |                                                                                                    |
[2023-02-24 01:02:57,817] [util.py:161]               [INFO]     | Scheduled between June 10th and June 22nd                                                          |
[2023-02-24 01:02:57,818] [util.py:161]               [INFO]     |                                                                                                    |
[2023-02-24 01:02:57,819] [util.py:161]               [INFO]     | Collection Celebrating Fathers Day not scheduled to run and could not be found to delete           |
[2023-02-24 01:02:57,819] [plex_meta_manager.py:880]  [INFO]     |                                                                                                    |
[2023-02-24 01:02:57,819] [util.py:209]               [INFO]     |====================================================================================================|
[2023-02-24 01:02:57,819] [util.py:216]               [INFO]     |                            Finished Celebrating Fathers Day Collection                             |
[2023-02-24 01:02:57,820] [util.py:216]               [INFO]     |                                    Collection Run Time: 0:00:00                                    |
[2023-02-24 01:02:57,820] [util.py:220]               [INFO]     |====================================================================================================|
