[2023-02-02 01:02:29,276] [util.py:209]               [INFO]     |====================================================================================================|
[2023-02-02 01:02:29,277] [util.py:216]               [INFO]     |                                 Seasonal Fall Collection in Anime                                  |
[2023-02-02 01:02:29,277] [util.py:220]               [INFO]     |====================================================================================================|
[2023-02-02 01:02:29,277] [plex_meta_manager.py:750]  [INFO]     |                                                                                                    |
[2023-02-02 01:02:29,278] [util.py:216]               [INFO]     |=============================== Validating Seasonal Fall Attributes ================================|
[2023-02-02 01:02:29,278] [builder.py:273]            [DEBUG]    |                                                                                                    |
[2023-02-02 01:02:29,278] [builder.py:274]            [DEBUG]    | Validating Method: delete_not_scheduled                                                            |
[2023-02-02 01:02:29,279] [builder.py:275]            [DEBUG]    | Value: True                                                                                        |
[2023-02-02 01:02:29,279] [builder.py:279]            [DEBUG]    |                                                                                                    |
[2023-02-02 01:02:29,279] [builder.py:280]            [DEBUG]    | Validating Method: schedule                                                                        |
[2023-02-02 01:02:29,280] [builder.py:284]            [DEBUG]    | Value: range(10/01-01/01)                                                                          |
[2023-02-02 01:02:29,283] [plex.py:687]               [DEBUG]    | Looking for: Seasonal Fall                                                                         |
[2023-02-02 01:02:29,283] [util.py:161]               [INFO]     |                                                                                                    |
[2023-02-02 01:02:29,283] [util.py:161]               [INFO]     | Scheduled between October 1st and January 1st                                                      |
[2023-02-02 01:02:29,284] [util.py:161]               [INFO]     |                                                                                                    |
[2023-02-02 01:02:29,284] [util.py:161]               [INFO]     | Collection Seasonal Fall not scheduled to run and could not be found to delete                     |
[2023-02-02 01:02:29,284] [plex_meta_manager.py:880]  [INFO]     |                                                                                                    |
[2023-02-02 01:02:29,285] [util.py:209]               [INFO]     |====================================================================================================|
[2023-02-02 01:02:29,285] [util.py:216]               [INFO]     |                                 Finished Seasonal Fall Collection                                  |
[2023-02-02 01:02:29,285] [util.py:216]               [INFO]     |                                    Collection Run Time: 0:00:00                                    |
[2023-02-02 01:02:29,286] [util.py:220]               [INFO]     |====================================================================================================|
