[2023-02-28 01:09:03,937] [util.py:209]               [INFO]     |====================================================================================================|
[2023-02-28 01:09:03,938] [util.py:216]               [INFO]     |                                  James Bond Collection in Movies                                   |
[2023-02-28 01:09:03,938] [util.py:220]               [INFO]     |====================================================================================================|
[2023-02-28 01:09:03,938] [plex_meta_manager.py:750]  [INFO]     |                                                                                                    |
[2023-02-28 01:09:03,939] [util.py:216]               [INFO]     |================================= Validating James Bond Attributes =================================|
[2023-02-28 01:09:03,939] [builder.py:265]            [DEBUG]    |                                                                                                    |
[2023-02-28 01:09:03,939] [builder.py:266]            [DEBUG]    | Validating Method: template                                                                        |
[2023-02-28 01:09:03,940] [meta.py:83]                [DEBUG]    | Value: ordereddict([('name', 'Collection'), ('collection', 645), ('poster', 'https://theposterdb.com/api/assets/126240')]) |
[2023-02-28 01:09:03,940] [builder.py:330]            [DEBUG]    |                                                                                                    |
[2023-02-28 01:09:03,940] [builder.py:331]            [DEBUG]    | Validating Method: sync_mode                                                                       |
[2023-02-28 01:09:03,940] [builder.py:335]            [DEBUG]    | Value: sync                                                                                        |
[2023-02-28 01:09:03,941] [builder.py:453]            [DEBUG]    |                                                                                                    |
[2023-02-28 01:09:03,941] [builder.py:454]            [DEBUG]    | Validating Method: collection_order                                                                |
[2023-02-28 01:09:03,941] [builder.py:455]            [DEBUG]    | Value: release                                                                                     |
[2023-02-28 01:09:03,941] [builder.py:472]            [DEBUG]    |                                                                                                    |
[2023-02-28 01:09:03,942] [builder.py:473]            [DEBUG]    | Validating Method: tmdb_collection_details                                                         |
[2023-02-28 01:09:03,942] [builder.py:474]            [DEBUG]    | Value: 645                                                                                         |
[2023-02-28 01:09:04,044] [builder.py:472]            [DEBUG]    |                                                                                                    |
[2023-02-28 01:09:04,045] [builder.py:473]            [DEBUG]    | Validating Method: sort_title                                                                      |
[2023-02-28 01:09:04,045] [builder.py:474]            [DEBUG]    | Value: 00000f_James Bond                                                                           |
[2023-02-28 01:09:04,045] [builder.py:472]            [DEBUG]    |                                                                                                    |
[2023-02-28 01:09:04,045] [builder.py:473]            [DEBUG]    | Validating Method: url_poster                                                                      |
[2023-02-28 01:09:04,046] [builder.py:474]            [DEBUG]    | Value: https://theposterdb.com/api/assets/126240                                                   |
[2023-02-28 01:09:04,308] [builder.py:619]            [INFO]     |                                                                                                    |
[2023-02-28 01:09:04,309] [builder.py:620]            [INFO]     | Validation Successful                                                                              |
[2023-02-28 01:09:04,309] [plex_meta_manager.py:758]  [INFO]     |                                                                                                    |
[2023-02-28 01:09:04,310] [util.py:216]               [INFO]     |================================== Running James Bond Collection ===================================|
[2023-02-28 01:09:04,310] [plex_meta_manager.py:773]  [INFO]     |                                                                                                    |
[2023-02-28 01:09:04,310] [plex_meta_manager.py:774]  [INFO]     | Sync Mode: sync                                                                                    |
[2023-02-28 01:09:04,310] [builder.py:1275]           [DEBUG]    |                                                                                                    |
[2023-02-28 01:09:04,311] [builder.py:1276]           [DEBUG]    | Builder: tmdb_collection: 645                                                                      |
[2023-02-28 01:09:04,311] [builder.py:1277]           [INFO]     |                                                                                                    |
[2023-02-28 01:09:04,311] [tmdb.py:323]               [INFO]     | Processing TMDb Collection: (645) James Bond Collection (26 Items)                                 |
[2023-02-28 01:09:04,312] [builder.py:1282]           [DEBUG]    |                                                                                                    |
[2023-02-28 01:09:04,312] [builder.py:1283]           [DEBUG]    | 26 IDs Found: [(253, 'tmdb'), (646, 'tmdb'), (657, 'tmdb'), (658, 'tmdb'), (660, 'tmdb'), (667, 'tmdb'), (668, 'tmdb'), (681, 'tmdb'), (682, 'tmdb'), (691, 'tmdb'), (698, 'tmdb'), (699, 'tmdb'), (700, 'tmdb'), (707, 'tmdb'), (709, 'tmdb'), (710, 'tmdb'), (714, 'tmdb'), (10764, 'tmdb'), (36557, 'tmdb'), (36643, 'tmdb'), (36669, 'tmdb'), (37724, 'tmdb'), (206647, 'tmdb'), (708, 'tmdb'), (370172, 'tmdb'), (36670, 'tmdb')] |
[2023-02-28 01:09:04,312] [builder.py:1284]           [DEBUG]    |                                                                                                    |
[2023-02-28 01:09:04,835] [builder.py:1697]           [INFO]     |                                                                                                    |
[2023-02-28 01:09:04,835] [util.py:216]               [INFO]     |================================= Adding to James Bond Collection ==================================|
[2023-02-28 01:09:04,835] [builder.py:1699]           [INFO]     |                                                                                                    |
[2023-02-28 01:09:04,835] [builder.py:1709]           [INFO]     |  1/25 | James Bond Collection | = | Live and Let Die (1973)                                        |
[2023-02-28 01:09:04,836] [builder.py:1709]           [INFO]     |  2/25 | James Bond Collection | = | Dr. No (1962)                                                  |
[2023-02-28 01:09:04,836] [builder.py:1709]           [INFO]     |  3/25 | James Bond Collection | = | From Russia with Love (1963)                                   |
[2023-02-28 01:09:04,836] [builder.py:1709]           [INFO]     |  4/25 | James Bond Collection | = | Goldfinger (1964)                                              |
[2023-02-28 01:09:04,837] [builder.py:1709]           [INFO]     |  5/25 | James Bond Collection | = | Thunderball (1965)                                             |
[2023-02-28 01:09:04,837] [builder.py:1709]           [INFO]     |  6/25 | James Bond Collection | = | On Her Majesty's Secret Service (1969)                         |
[2023-02-28 01:09:04,837] [builder.py:1709]           [INFO]     |  7/25 | James Bond Collection | = | Diamonds Are Forever (1971)                                    |
[2023-02-28 01:09:04,837] [builder.py:1709]           [INFO]     |  8/25 | James Bond Collection | = | The Man with the Golden Gun (1974)                             |
[2023-02-28 01:09:04,838] [builder.py:1709]           [INFO]     |  9/25 | James Bond Collection | = | The Spy Who Loved Me (1977)                                    |
[2023-02-28 01:09:04,838] [builder.py:1709]           [INFO]     | 10/25 | James Bond Collection | = | Moonraker (1979)                                               |
[2023-02-28 01:09:04,838] [builder.py:1709]           [INFO]     | 11/25 | James Bond Collection | = | For Your Eyes Only (1981)                                      |
[2023-02-28 01:09:04,839] [builder.py:1709]           [INFO]     | 12/25 | James Bond Collection | = | Octopussy (1983)                                               |
[2023-02-28 01:09:04,839] [builder.py:1709]           [INFO]     | 13/25 | James Bond Collection | = | A View to a Kill (1985)                                        |
[2023-02-28 01:09:04,839] [builder.py:1709]           [INFO]     | 14/25 | James Bond Collection | = | Licence to Kill (1989)                                         |
[2023-02-28 01:09:04,840] [builder.py:1709]           [INFO]     | 15/25 | James Bond Collection | = | GoldenEye (1995)                                               |
[2023-02-28 01:09:04,840] [builder.py:1709]           [INFO]     | 16/25 | James Bond Collection | = | Tomorrow Never Dies (1997)                                     |
[2023-02-28 01:09:04,840] [builder.py:1709]           [INFO]     | 17/25 | James Bond Collection | = | Quantum of Solace (2008)                                       |
[2023-02-28 01:09:04,841] [builder.py:1709]           [INFO]     | 18/25 | James Bond Collection | = | Casino Royale (2006)                                           |
[2023-02-28 01:09:04,841] [builder.py:1709]           [INFO]     | 19/25 | James Bond Collection | = | The World Is Not Enough (1999)                                 |
[2023-02-28 01:09:04,841] [builder.py:1709]           [INFO]     | 20/25 | James Bond Collection | = | Die Another Day (2002)                                         |
[2023-02-28 01:09:04,842] [builder.py:1709]           [INFO]     | 21/25 | James Bond Collection | = | Skyfall (2012)                                                 |
[2023-02-28 01:09:04,842] [builder.py:1709]           [INFO]     | 22/25 | James Bond Collection | = | Spectre (2015)                                                 |
[2023-02-28 01:09:04,842] [builder.py:1709]           [INFO]     | 23/25 | James Bond Collection | = | The Living Daylights (1987)                                    |
[2023-02-28 01:09:04,843] [builder.py:1709]           [INFO]     | 24/25 | James Bond Collection | = | No Time to Die (2021)                                          |
[2023-02-28 01:09:04,843] [builder.py:1709]           [INFO]     | 25/25 | James Bond Collection | = | Never Say Never Again (1983)                                   |
[2023-02-28 01:09:04,844] [builder.py:1734]           [INFO]     |                                                                                                    |
[2023-02-28 01:09:04,844] [builder.py:1735]           [INFO]     | 25 Movies Processed                                                                                |
[2023-02-28 01:09:04,844] [builder.py:1929]           [INFO]     |                                                                                                    |
[2023-02-28 01:09:04,844] [util.py:216]               [INFO]     |============================= Missing Movies from Library: James Bond ==============================|
[2023-02-28 01:09:04,845] [builder.py:1931]           [INFO]     |                                                                                                    |
[2023-02-28 01:09:06,769] [builder.py:1943]           [INFO]     | James Bond Collection | ? | You Only Live Twice (1967) (TMDb: 667)                                 |
[2023-02-28 01:09:06,770] [builder.py:1947]           [INFO]     |                                                                                                    |
[2023-02-28 01:09:06,770] [builder.py:1948]           [INFO]     | 1 Movie Missing                                                                                    |
[2023-02-28 01:09:06,888] [builder.py:2147]           [INFO]     |                                                                                                    |
[2023-02-28 01:09:06,889] [util.py:216]               [INFO]     |============================ Updating Details of James Bond Collection =============================|
[2023-02-28 01:09:06,889] [builder.py:2149]           [INFO]     |                                                                                                    |
[2023-02-28 01:09:06,889] [builder.py:2156]           [INFO]     | Detail: tmdb_collection_details updated Collection Summary                                         |
[2023-02-28 01:09:06,890] [builder.py:2258]           [DEBUG]    | 2 posters found:                                                                                   |
[2023-02-28 01:09:06,890] [builder.py:2260]           [DEBUG]    | Method: tmdb_collection_details Poster: https://image.tmdb.org/t/p/original/HORpg5CSkmeQlAolx3bKMrKgfi.jpg |
[2023-02-28 01:09:06,891] [builder.py:2260]           [DEBUG]    | Method: url_poster Poster: https://theposterdb.com/api/assets/126240                               |
[2023-02-28 01:09:06,891] [builder.py:2298]           [DEBUG]    | 1 backgrounds found:                                                                               |
[2023-02-28 01:09:06,891] [builder.py:2300]           [DEBUG]    | Method: tmdb_collection_details Background: https://image.tmdb.org/t/p/original/dOSECZImeyZldoq0ObieBE0lwie.jpg |
[2023-02-28 01:09:06,892] [library.py:147]            [INFO]     | Detail: poster update not needed                                                                   |
[2023-02-28 01:09:06,892] [library.py:197]            [INFO]     | Detail: background update not needed                                                               |
[2023-02-28 01:09:07,162] [plex_meta_manager.py:880]  [INFO]     |                                                                                                    |
[2023-02-28 01:09:07,163] [util.py:209]               [INFO]     |====================================================================================================|
[2023-02-28 01:09:07,163] [util.py:216]               [INFO]     |                                   Finished James Bond Collection                                   |
[2023-02-28 01:09:07,163] [util.py:216]               [INFO]     |                                    Collection Run Time: 0:00:03                                    |
[2023-02-28 01:09:07,163] [util.py:220]               [INFO]     |====================================================================================================|
