[2023-02-28 13:20:07,873] [util.py:209]               [INFO]     |====================================================================================================|
[2023-02-28 13:20:07,873] [util.py:216]               [INFO]     |                                  Paddington Collection in Movies                                   |
[2023-02-28 13:20:07,874] [util.py:220]               [INFO]     |====================================================================================================|
[2023-02-28 13:20:07,874] [plex_meta_manager.py:750]  [INFO]     |                                                                                                    |
[2023-02-28 13:20:07,874] [util.py:216]               [INFO]     |================================= Validating Paddington Attributes =================================|
[2023-02-28 13:20:07,875] [builder.py:265]            [DEBUG]    |                                                                                                    |
[2023-02-28 13:20:07,875] [builder.py:266]            [DEBUG]    | Validating Method: template                                                                        |
[2023-02-28 13:20:07,875] [meta.py:83]                [DEBUG]    | Value: ordereddict([('name', 'Collection'), ('collection', 488924), ('poster', 'https://www.themoviedb.org/t/p/original/zvMcT9kPOj5sqY7r1XQRjcey1o6.jpg')]) |
[2023-02-28 13:20:07,876] [builder.py:330]            [DEBUG]    |                                                                                                    |
[2023-02-28 13:20:07,876] [builder.py:331]            [DEBUG]    | Validating Method: sync_mode                                                                       |
[2023-02-28 13:20:07,876] [builder.py:335]            [DEBUG]    | Value: sync                                                                                        |
[2023-02-28 13:20:07,876] [builder.py:453]            [DEBUG]    |                                                                                                    |
[2023-02-28 13:20:07,876] [builder.py:454]            [DEBUG]    | Validating Method: collection_order                                                                |
[2023-02-28 13:20:07,877] [builder.py:455]            [DEBUG]    | Value: release                                                                                     |
[2023-02-28 13:20:07,877] [builder.py:472]            [DEBUG]    |                                                                                                    |
[2023-02-28 13:20:07,877] [builder.py:473]            [DEBUG]    | Validating Method: tmdb_collection_details                                                         |
[2023-02-28 13:20:07,877] [builder.py:474]            [DEBUG]    | Value: 488924                                                                                      |
[2023-02-28 13:20:07,994] [builder.py:472]            [DEBUG]    |                                                                                                    |
[2023-02-28 13:20:07,995] [builder.py:473]            [DEBUG]    | Validating Method: sort_title                                                                      |
[2023-02-28 13:20:07,995] [builder.py:474]            [DEBUG]    | Value: 00000f_Paddington                                                                           |
[2023-02-28 13:20:07,995] [builder.py:472]            [DEBUG]    |                                                                                                    |
[2023-02-28 13:20:07,995] [builder.py:473]            [DEBUG]    | Validating Method: url_poster                                                                      |
[2023-02-28 13:20:07,996] [builder.py:474]            [DEBUG]    | Value: https://www.themoviedb.org/t/p/original/zvMcT9kPOj5sqY7r1XQRjcey1o6.jpg                     |
[2023-02-28 13:20:08,180] [builder.py:619]            [INFO]     |                                                                                                    |
[2023-02-28 13:20:08,181] [builder.py:620]            [INFO]     | Validation Successful                                                                              |
[2023-02-28 13:20:08,181] [plex_meta_manager.py:758]  [INFO]     |                                                                                                    |
[2023-02-28 13:20:08,182] [util.py:216]               [INFO]     |================================== Running Paddington Collection ===================================|
[2023-02-28 13:20:08,182] [plex_meta_manager.py:773]  [INFO]     |                                                                                                    |
[2023-02-28 13:20:08,182] [plex_meta_manager.py:774]  [INFO]     | Sync Mode: sync                                                                                    |
[2023-02-28 13:20:08,182] [builder.py:1275]           [DEBUG]    |                                                                                                    |
[2023-02-28 13:20:08,183] [builder.py:1276]           [DEBUG]    | Builder: tmdb_collection: 488924                                                                   |
[2023-02-28 13:20:08,183] [builder.py:1277]           [INFO]     |                                                                                                    |
[2023-02-28 13:20:08,183] [tmdb.py:323]               [INFO]     | Processing TMDb Collection: (488924) Paddington Collection (3 Items)                               |
[2023-02-28 13:20:08,183] [builder.py:1282]           [DEBUG]    |                                                                                                    |
[2023-02-28 13:20:08,184] [builder.py:1283]           [DEBUG]    | 3 IDs Found: [(116149, 'tmdb'), (346648, 'tmdb'), (516729, 'tmdb')]                                |
[2023-02-28 13:20:08,184] [builder.py:1284]           [DEBUG]    |                                                                                                    |
[2023-02-28 13:20:08,226] [builder.py:1697]           [INFO]     |                                                                                                    |
[2023-02-28 13:20:08,227] [util.py:216]               [INFO]     |================================= Adding to Paddington Collection ==================================|
[2023-02-28 13:20:08,227] [builder.py:1699]           [INFO]     |                                                                                                    |
[2023-02-28 13:20:08,227] [builder.py:1709]           [INFO]     | 1/2 | Paddington Collection | = | Paddington (2014)                                                |
[2023-02-28 13:20:08,228] [builder.py:1709]           [INFO]     | 2/2 | Paddington Collection | = | Paddington 2 (2017)                                              |
[2023-02-28 13:20:08,228] [builder.py:1734]           [INFO]     |                                                                                                    |
[2023-02-28 13:20:08,228] [builder.py:1735]           [INFO]     | 2 Movies Processed                                                                                 |
[2023-02-28 13:20:08,228] [builder.py:1929]           [INFO]     |                                                                                                    |
[2023-02-28 13:20:08,229] [util.py:216]               [INFO]     |============================= Missing Movies from Library: Paddington ==============================|
[2023-02-28 13:20:08,229] [builder.py:1931]           [INFO]     |                                                                                                    |
[2023-02-28 13:20:08,353] [builder.py:1943]           [INFO]     | Paddington Collection | ? | Paddington in Peru (TMDb: 516729)                                      |
[2023-02-28 13:20:08,354] [builder.py:1947]           [INFO]     |                                                                                                    |
[2023-02-28 13:20:08,354] [builder.py:1948]           [INFO]     | 1 Movie Missing                                                                                    |
[2023-02-28 13:20:08,455] [builder.py:2147]           [INFO]     |                                                                                                    |
[2023-02-28 13:20:08,456] [util.py:216]               [INFO]     |============================ Updating Details of Paddington Collection =============================|
[2023-02-28 13:20:08,456] [builder.py:2149]           [INFO]     |                                                                                                    |
[2023-02-28 13:20:08,457] [builder.py:2156]           [INFO]     | Detail: tmdb_collection_details updated Collection Summary                                         |
[2023-02-28 13:20:08,457] [builder.py:2258]           [DEBUG]    | 2 posters found:                                                                                   |
[2023-02-28 13:20:08,458] [builder.py:2260]           [DEBUG]    | Method: tmdb_collection_details Poster: https://image.tmdb.org/t/p/original/zvMcT9kPOj5sqY7r1XQRjcey1o6.jpg |
[2023-02-28 13:20:08,458] [builder.py:2260]           [DEBUG]    | Method: url_poster Poster: https://www.themoviedb.org/t/p/original/zvMcT9kPOj5sqY7r1XQRjcey1o6.jpg |
[2023-02-28 13:20:08,458] [builder.py:2298]           [DEBUG]    | 1 backgrounds found:                                                                               |
[2023-02-28 13:20:08,458] [builder.py:2300]           [DEBUG]    | Method: tmdb_collection_details Background: https://image.tmdb.org/t/p/original/toCfwADOGcjizpfJ22G7kurBEUG.jpg |
[2023-02-28 13:20:08,459] [library.py:147]            [INFO]     | Detail: poster update not needed                                                                   |
[2023-02-28 13:20:08,460] [library.py:197]            [INFO]     | Detail: background update not needed                                                               |
[2023-02-28 13:20:08,645] [plex_meta_manager.py:880]  [INFO]     |                                                                                                    |
[2023-02-28 13:20:08,646] [util.py:209]               [INFO]     |====================================================================================================|
[2023-02-28 13:20:08,646] [util.py:216]               [INFO]     |                                   Finished Paddington Collection                                   |
[2023-02-28 13:20:08,646] [util.py:216]               [INFO]     |                                    Collection Run Time: 0:00:00                                    |
[2023-02-28 13:20:08,647] [util.py:220]               [INFO]     |====================================================================================================|
