[2023-02-28 15:17:29,401] [util.py:209]               [INFO]     |====================================================================================================|
[2023-02-28 15:17:29,401] [util.py:216]               [INFO]     |                                     FXX Collection in TV Shows                                     |
[2023-02-28 15:17:29,401] [util.py:220]               [INFO]     |====================================================================================================|
[2023-02-28 15:17:29,402] [plex_meta_manager.py:750]  [INFO]     |                                                                                                    |
[2023-02-28 15:17:29,402] [util.py:216]               [INFO]     |==================================== Validating FXX Attributes =====================================|
[2023-02-28 15:17:29,402] [builder.py:265]            [DEBUG]    |                                                                                                    |
[2023-02-28 15:17:29,403] [builder.py:266]            [DEBUG]    | Validating Method: template                                                                        |
[2023-02-28 15:17:29,403] [meta.py:83]                [DEBUG]    | Value: ordereddict([('name', 'network'), ('network', 1035), ('poster', 'https://theposterdb.com/api/assets/113175')]) |
[2023-02-28 15:17:29,403] [builder.py:330]            [DEBUG]    |                                                                                                    |
[2023-02-28 15:17:29,404] [builder.py:331]            [DEBUG]    | Validating Method: sync_mode                                                                       |
[2023-02-28 15:17:29,404] [builder.py:335]            [DEBUG]    | Value: sync                                                                                        |
[2023-02-28 15:17:29,404] [builder.py:453]            [DEBUG]    |                                                                                                    |
[2023-02-28 15:17:29,405] [builder.py:454]            [DEBUG]    | Validating Method: collection_order                                                                |
[2023-02-28 15:17:29,405] [builder.py:455]            [DEBUG]    | Value: alpha                                                                                       |
[2023-02-28 15:17:29,405] [builder.py:472]            [DEBUG]    |                                                                                                    |
[2023-02-28 15:17:29,405] [builder.py:473]            [DEBUG]    | Validating Method: tmdb_network                                                                    |
[2023-02-28 15:17:29,405] [builder.py:474]            [DEBUG]    | Value: 1035                                                                                        |
[2023-02-28 15:17:29,547] [builder.py:472]            [DEBUG]    |                                                                                                    |
[2023-02-28 15:17:29,547] [builder.py:473]            [DEBUG]    | Validating Method: url_poster                                                                      |
[2023-02-28 15:17:29,548] [builder.py:474]            [DEBUG]    | Value: https://theposterdb.com/api/assets/113175                                                   |
[2023-02-28 15:17:29,548] [builder.py:472]            [DEBUG]    |                                                                                                    |
[2023-02-28 15:17:29,548] [builder.py:473]            [DEBUG]    | Validating Method: sort_title                                                                      |
[2023-02-28 15:17:29,548] [builder.py:474]            [DEBUG]    | Value: +4_FXX                                                                                      |
[2023-02-28 15:17:29,625] [builder.py:619]            [INFO]     |                                                                                                    |
[2023-02-28 15:17:29,626] [builder.py:620]            [INFO]     | Validation Successful                                                                              |
[2023-02-28 15:17:29,627] [plex_meta_manager.py:758]  [INFO]     |                                                                                                    |
[2023-02-28 15:17:29,627] [util.py:216]               [INFO]     |====================================== Running FXX Collection ======================================|
[2023-02-28 15:17:29,627] [plex_meta_manager.py:773]  [INFO]     |                                                                                                    |
[2023-02-28 15:17:29,627] [plex_meta_manager.py:774]  [INFO]     | Sync Mode: sync                                                                                    |
[2023-02-28 15:17:29,628] [builder.py:1275]           [DEBUG]    |                                                                                                    |
[2023-02-28 15:17:29,628] [builder.py:1276]           [DEBUG]    | Builder: tmdb_network: 1035                                                                        |
[2023-02-28 15:17:29,628] [builder.py:1277]           [INFO]     |                                                                                                    |
[2023-02-28 15:17:29,845] [tmdb.py:282]               [INFO]     | Processing TMDb Network: (1035) FXX (16 Shows)                                                     |
[2023-02-28 15:17:29,845] [builder.py:1282]           [DEBUG]    |                                                                                                    |
[2023-02-28 15:17:29,845] [builder.py:1283]           [DEBUG]    | 16 IDs Found: [(10283, 'tmdb_show'), (2710, 'tmdb_show'), (31497, 'tmdb_show'), (39525, 'tmdb_show'), (97084, 'tmdb_show'), (61118, 'tmdb_show'), (125392, 'tmdb_show'), (46405, 'tmdb_show'), (49008, 'tmdb_show'), (110682, 'tmdb_show'), (62744, 'tmdb_show'), (93035, 'tmdb_show'), (119305, 'tmdb_show'), (128576, 'tmdb_show'), (135715, 'tmdb_show'), (62861, 'tmdb_show')] |
[2023-02-28 15:17:29,846] [builder.py:1284]           [DEBUG]    |                                                                                                    |
[2023-02-28 15:17:29,871] [builder.py:1697]           [INFO]     |                                                                                                    |
[2023-02-28 15:17:29,871] [util.py:216]               [INFO]     |===================================== Adding to FXX Collection =====================================|
[2023-02-28 15:17:29,871] [builder.py:1699]           [INFO]     |                                                                                                    |
[2023-02-28 15:17:29,872] [builder.py:1709]           [INFO]     | 1/1 | FXX Collection | = | Archer (2009)                                                           |
[2023-02-28 15:17:29,872] [builder.py:1734]           [INFO]     |                                                                                                    |
[2023-02-28 15:17:29,872] [builder.py:1735]           [INFO]     | 1 Show Processed                                                                                   |
[2023-02-28 15:17:29,872] [builder.py:1969]           [INFO]     |                                                                                                    |
[2023-02-28 15:17:29,873] [util.py:216]               [INFO]     |================================= Missing Shows from Library: FXX ==================================|
[2023-02-28 15:17:29,873] [builder.py:1971]           [INFO]     |                                                                                                    |
[2023-02-28 15:17:30,932] [builder.py:1982]           [INFO]     | FXX Collection | ? | It's Always Sunny in Philadelphia (TVDB: 75805)                               |
[2023-02-28 15:17:31,400] [builder.py:1982]           [INFO]     | FXX Collection | ? | The League (TVDB: 114701)                                                     |
[2023-02-28 15:17:31,754] [builder.py:1982]           [INFO]     | FXX Collection | ? | Wilfred (US) (TVDB: 239761)                                                   |
[2023-02-28 15:17:32,058] [builder.py:1982]           [INFO]     | FXX Collection | ? | DAVE (TVDB: 354905)                                                           |
[2023-02-28 15:17:32,498] [builder.py:1982]           [INFO]     | FXX Collection | ? | You're the Worst (TVDB: 281776)                                               |
[2023-02-28 15:17:32,742] [builder.py:1982]           [INFO]     | FXX Collection | ? | Little Demon (TVDB: 381028)                                                   |
[2023-02-28 15:17:33,002] [builder.py:1982]           [INFO]     | FXX Collection | ? | Legit (2013) (TVDB: 264450)                                                   |
[2023-02-28 15:17:33,306] [builder.py:1982]           [INFO]     | FXX Collection | ? | Axe Cop (TVDB: 268186)                                                        |
[2023-02-28 15:17:33,559] [builder.py:1982]           [INFO]     | FXX Collection | ? | Dicktown (TVDB: 384776)                                                       |
[2023-02-28 15:17:33,774] [builder.py:1982]           [INFO]     | FXX Collection | ? | Major Lazer (TVDB: 293631)                                                    |
[2023-02-28 15:17:34,093] [builder.py:1982]           [INFO]     | FXX Collection | ? | Cake (2019) (TVDB: 368941)                                                    |
[2023-02-28 15:17:34,303] [builder.py:1982]           [INFO]     | FXX Collection | ? | Oh Jerome, No (TVDB: 389613)                                                  |
[2023-02-28 15:17:34,492] [builder.py:1982]           [INFO]     | FXX Collection | ? | Nine Films About Technology (TVDB: 404536)                                    |
[2023-02-28 15:17:34,688] [builder.py:1982]           [INFO]     | FXX Collection | ? | Poorly Drawn Lines (TVDB: 410996)                                             |
[2023-02-28 15:17:34,931] [builder.py:1982]           [INFO]     | FXX Collection | ? | Stone Quackers (TVDB: 290452)                                                 |
[2023-02-28 15:17:34,931] [builder.py:1986]           [INFO]     |                                                                                                    |
[2023-02-28 15:17:34,931] [builder.py:1987]           [INFO]     | 15 Shows Missing                                                                                   |
[2023-02-28 15:17:35,329] [builder.py:2147]           [INFO]     |                                                                                                    |
[2023-02-28 15:17:35,329] [util.py:216]               [INFO]     |================================ Updating Details of FXX Collection ================================|
[2023-02-28 15:17:35,330] [builder.py:2149]           [INFO]     |                                                                                                    |
[2023-02-28 15:17:35,330] [builder.py:2258]           [DEBUG]    | 1 posters found:                                                                                   |
[2023-02-28 15:17:35,331] [builder.py:2260]           [DEBUG]    | Method: url_poster Poster: https://theposterdb.com/api/assets/113175                               |
[2023-02-28 15:17:35,331] [builder.py:2327]           [INFO]     | No background collection detail or asset folder found                                              |
[2023-02-28 15:17:35,332] [library.py:147]            [INFO]     | Detail: poster update not needed                                                                   |
[2023-02-28 15:17:35,408] [plex_meta_manager.py:880]  [INFO]     |                                                                                                    |
[2023-02-28 15:17:35,408] [util.py:209]               [INFO]     |====================================================================================================|
[2023-02-28 15:17:35,408] [util.py:216]               [INFO]     |                                      Finished FXX Collection                                       |
[2023-02-28 15:17:35,409] [util.py:216]               [INFO]     |                                    Collection Run Time: 0:00:06                                    |
[2023-02-28 15:17:35,409] [util.py:220]               [INFO]     |====================================================================================================|
