[2023-02-24 01:31:23,505] [util.py:209]               [INFO]     |====================================================================================================|
[2023-02-24 01:31:23,505] [util.py:216]               [INFO]     |                                    Musical Collection in Movies                                    |
[2023-02-24 01:31:23,506] [util.py:220]               [INFO]     |====================================================================================================|
[2023-02-24 01:31:23,506] [plex_meta_manager.py:750]  [INFO]     |                                                                                                    |
[2023-02-24 01:31:23,506] [util.py:216]               [INFO]     |================================== Validating Musical Attributes ===================================|
[2023-02-24 01:31:23,507] [builder.py:265]            [DEBUG]    |                                                                                                    |
[2023-02-24 01:31:23,507] [builder.py:266]            [DEBUG]    | Validating Method: template                                                                        |
[2023-02-24 01:31:23,507] [meta.py:83]                [DEBUG]    | Value: ordereddict([('name', 'Genre'), ('genre', 'Musical'), ('poster', 'https://theposterdb.com/api/assets/51427')]) |
[2023-02-24 01:31:23,507] [builder.py:453]            [DEBUG]    |                                                                                                    |
[2023-02-24 01:31:23,508] [builder.py:454]            [DEBUG]    | Validating Method: collection_order                                                                |
[2023-02-24 01:31:23,508] [builder.py:455]            [DEBUG]    | Value: alpha                                                                                       |
[2023-02-24 01:31:23,508] [builder.py:472]            [DEBUG]    |                                                                                                    |
[2023-02-24 01:31:23,509] [builder.py:473]            [DEBUG]    | Validating Method: summary                                                                         |
[2023-02-24 01:31:23,509] [builder.py:474]            [DEBUG]    | Value: A Musical interweaves vocal and dance performances into the narrative of the film. The songs of a film can either be used to further the story or simply enhance the experience of the audience. These films are often done on a grand scale and incorporate lavish costumes and sets. Traditional musicals center on a well-known star, famous for their dancing or singing skills (i.e. Fred Astaire, Gene Kelly, Judy Garland). These films explore concepts such are love and success, allowing the audience to escape from reality. |
[2023-02-24 01:31:23,509] [builder.py:472]            [DEBUG]    |                                                                                                    |
[2023-02-24 01:31:23,509] [builder.py:473]            [DEBUG]    | Validating Method: plex_search                                                                     |
[2023-02-24 01:31:23,510] [builder.py:474]            [DEBUG]    | Value: {'genre': 'Musical'}                                                                        |
[2023-02-24 01:31:23,565] [builder.py:472]            [DEBUG]    |                                                                                                    |
[2023-02-24 01:31:23,565] [builder.py:473]            [DEBUG]    | Validating Method: url_poster                                                                      |
[2023-02-24 01:31:23,565] [builder.py:474]            [DEBUG]    | Value: https://theposterdb.com/api/assets/51427                                                    |
[2023-02-24 01:31:23,566] [builder.py:472]            [DEBUG]    |                                                                                                    |
[2023-02-24 01:31:23,566] [builder.py:473]            [DEBUG]    | Validating Method: sort_title                                                                      |
[2023-02-24 01:31:23,566] [builder.py:474]            [DEBUG]    | Value: 00000d_Musical                                                                              |
[2023-02-24 01:31:24,097] [builder.py:619]            [INFO]     |                                                                                                    |
[2023-02-24 01:31:24,098] [builder.py:620]            [INFO]     | Validation Successful                                                                              |
[2023-02-24 01:31:24,100] [plex_meta_manager.py:758]  [INFO]     |                                                                                                    |
[2023-02-24 01:31:24,100] [util.py:216]               [INFO]     |==================================== Running Musical Collection ====================================|
[2023-02-24 01:31:24,100] [plex_meta_manager.py:773]  [INFO]     |                                                                                                    |
[2023-02-24 01:31:24,100] [plex_meta_manager.py:774]  [INFO]     | Sync Mode: append                                                                                  |
[2023-02-24 01:31:24,101] [builder.py:1275]           [DEBUG]    |                                                                                                    |
[2023-02-24 01:31:24,101] [builder.py:1276]           [DEBUG]    | Builder: plex_search: (1, 'Plex Movie Search\nSort By: title.asc\nFilter:\n  Match all of the following:\n    Match any of the following:\n      Genre is Musical', '?type=1&sort=titleSort&push=1&genre=776&pop=1') |
[2023-02-24 01:31:24,101] [builder.py:1277]           [INFO]     |                                                                                                    |
[2023-02-24 01:31:24,102] [util.py:161]               [INFO]     | Plex Movie Search                                                                                  |
[2023-02-24 01:31:24,102] [util.py:161]               [INFO]     | Sort By: title.asc                                                                                 |
[2023-02-24 01:31:24,102] [util.py:161]               [INFO]     | Filter:                                                                                            |
[2023-02-24 01:31:24,102] [util.py:161]               [INFO]     |   Match all of the following:                                                                      |
[2023-02-24 01:31:24,103] [util.py:161]               [INFO]     |     Match any of the following:                                                                    |
[2023-02-24 01:31:24,103] [util.py:161]               [INFO]     |       Genre is Musical                                                                             |
[2023-02-24 01:31:24,380] [plex.py:748]               [DEBUG]    |                                                                                                    |
[2023-02-24 01:31:24,381] [plex.py:749]               [DEBUG]    | 125 Keys Found: [(124533, 'ratingKey'), (98460, 'ratingKey'), (126478, 'ratingKey'), (99180, 'ratingKey'), (123675, 'ratingKey'), (124447, 'ratingKey'), (123684, 'ratingKey'), (124555, 'ratingKey'), (125878, 'ratingKey'), (121350, 'ratingKey'), (124349, 'ratingKey'), (123949, 'ratingKey'), (126799, 'ratingKey'), (127473, 'ratingKey'), (99334, 'ratingKey'), (116714, 'ratingKey'), (127687, 'ratingKey'), (128788, 'ratingKey'), (104205, 'ratingKey'), (101010, 'ratingKey'), (123605, 'ratingKey'), (123628, 'ratingKey'), (124093, 'ratingKey'), (102142, 'ratingKey'), (113403, 'ratingKey'), (122251, 'ratingKey'), (123800, 'ratingKey'), (104482, 'ratingKey'), (100431, 'ratingKey'), (123810, 'ratingKey'), (105809, 'ratingKey'), (123821, 'ratingKey'), (126716, 'ratingKey'), (102194, 'ratingKey'), (126258, 'ratingKey'), (126283, 'ratingKey'), (115788, 'ratingKey'), (123652, 'ratingKey'), (104349, 'ratingKey'), (122950, 'ratingKey'), (112582, 'ratingKey'), (99925, 'ratingKey'), (99928, 'ratingKey'), (104367, 'ratingKey'), (104368, 'ratingKey'), (99927, 'ratingKey'), (123892, 'ratingKey'), (123912, 'ratingKey'), (100556, 'ratingKey'), (116438, 'ratingKey'), (116691, 'ratingKey'), (122933, 'ratingKey'), (116435, 'ratingKey'), (123929, 'ratingKey'), (102225, 'ratingKey'), (114781, 'ratingKey'), (108930, 'ratingKey'), (108104, 'ratingKey'), (125264, 'ratingKey'), (121701, 'ratingKey'), (124133, 'ratingKey'), (101348, 'ratingKey'), (124134, 'ratingKey'), (127158, 'ratingKey'), (125282, 'ratingKey'), (124135, 'ratingKey'), (127320, 'ratingKey'), (121830, 'ratingKey'), (114877, 'ratingKey'), (114590, 'ratingKey'), (122992, 'ratingKey'), (101473, 'ratingKey'), (123976, 'ratingKey'), (114325, 'ratingKey'), (116371, 'ratingKey'), (124142, 'ratingKey'), (124462, 'ratingKey'), (123984, 'ratingKey'), (126150, 'ratingKey'), (101547, 'ratingKey'), (104466, 'ratingKey'), (122997, 'ratingKey'), (100299, 'ratingKey'), (100658, 'ratingKey'), (102310, 'ratingKey'), (102311, 'ratingKey'), (124159, 'ratingKey'), (101715, 'ratingKey'), (126598, 'ratingKey'), (101765, 'ratingKey'), (100580, 'ratingKey'), (101806, 'ratingKey'), (100422, 'ratingKey'), (118799, 'ratingKey'), (124035, 'ratingKey'), (122334, 'ratingKey'), (124041, 'ratingKey'), (124050, 'ratingKey'), (124186, 'ratingKey'), (78918, 'ratingKey'), (75597, 'ratingKey'), (96820, 'ratingKey'), (100281, 'ratingKey'), (121720, 'ratingKey'), (101903, 'ratingKey'), (73918, 'ratingKey'), (100678, 'ratingKey'), (121802, 'ratingKey'), (116233, 'ratingKey'), (127297, 'ratingKey'), (116049, 'ratingKey'), (112725, 'ratingKey'), (105074, 'ratingKey'), (100860, 'ratingKey'), (124212, 'ratingKey'), (124214, 'ratingKey'), (122958, 'ratingKey'), (127013, 'ratingKey'), (112157, 'ratingKey'), (113642, 'ratingKey'), (124248, 'ratingKey'), (113610, 'ratingKey'), (100924, 'ratingKey'), (124197, 'ratingKey'), (105925, 'ratingKey')] |
[2023-02-24 01:31:24,382] [builder.py:1282]           [DEBUG]    |                                                                                                    |
[2023-02-24 01:31:24,382] [builder.py:1283]           [DEBUG]    | 125 IDs Found: [(124533, 'ratingKey'), (98460, 'ratingKey'), (126478, 'ratingKey'), (99180, 'ratingKey'), (123675, 'ratingKey'), (124447, 'ratingKey'), (123684, 'ratingKey'), (124555, 'ratingKey'), (125878, 'ratingKey'), (121350, 'ratingKey'), (124349, 'ratingKey'), (123949, 'ratingKey'), (126799, 'ratingKey'), (127473, 'ratingKey'), (99334, 'ratingKey'), (116714, 'ratingKey'), (127687, 'ratingKey'), (128788, 'ratingKey'), (104205, 'ratingKey'), (101010, 'ratingKey'), (123605, 'ratingKey'), (123628, 'ratingKey'), (124093, 'ratingKey'), (102142, 'ratingKey'), (113403, 'ratingKey'), (122251, 'ratingKey'), (123800, 'ratingKey'), (104482, 'ratingKey'), (100431, 'ratingKey'), (123810, 'ratingKey'), (105809, 'ratingKey'), (123821, 'ratingKey'), (126716, 'ratingKey'), (102194, 'ratingKey'), (126258, 'ratingKey'), (126283, 'ratingKey'), (115788, 'ratingKey'), (123652, 'ratingKey'), (104349, 'ratingKey'), (122950, 'ratingKey'), (112582, 'ratingKey'), (99925, 'ratingKey'), (99928, 'ratingKey'), (104367, 'ratingKey'), (104368, 'ratingKey'), (99927, 'ratingKey'), (123892, 'ratingKey'), (123912, 'ratingKey'), (100556, 'ratingKey'), (116438, 'ratingKey'), (116691, 'ratingKey'), (122933, 'ratingKey'), (116435, 'ratingKey'), (123929, 'ratingKey'), (102225, 'ratingKey'), (114781, 'ratingKey'), (108930, 'ratingKey'), (108104, 'ratingKey'), (125264, 'ratingKey'), (121701, 'ratingKey'), (124133, 'ratingKey'), (101348, 'ratingKey'), (124134, 'ratingKey'), (127158, 'ratingKey'), (125282, 'ratingKey'), (124135, 'ratingKey'), (127320, 'ratingKey'), (121830, 'ratingKey'), (114877, 'ratingKey'), (114590, 'ratingKey'), (122992, 'ratingKey'), (101473, 'ratingKey'), (123976, 'ratingKey'), (114325, 'ratingKey'), (116371, 'ratingKey'), (124142, 'ratingKey'), (124462, 'ratingKey'), (123984, 'ratingKey'), (126150, 'ratingKey'), (101547, 'ratingKey'), (104466, 'ratingKey'), (122997, 'ratingKey'), (100299, 'ratingKey'), (100658, 'ratingKey'), (102310, 'ratingKey'), (102311, 'ratingKey'), (124159, 'ratingKey'), (101715, 'ratingKey'), (126598, 'ratingKey'), (101765, 'ratingKey'), (100580, 'ratingKey'), (101806, 'ratingKey'), (100422, 'ratingKey'), (118799, 'ratingKey'), (124035, 'ratingKey'), (122334, 'ratingKey'), (124041, 'ratingKey'), (124050, 'ratingKey'), (124186, 'ratingKey'), (78918, 'ratingKey'), (75597, 'ratingKey'), (96820, 'ratingKey'), (100281, 'ratingKey'), (121720, 'ratingKey'), (101903, 'ratingKey'), (73918, 'ratingKey'), (100678, 'ratingKey'), (121802, 'ratingKey'), (116233, 'ratingKey'), (127297, 'ratingKey'), (116049, 'ratingKey'), (112725, 'ratingKey'), (105074, 'ratingKey'), (100860, 'ratingKey'), (124212, 'ratingKey'), (124214, 'ratingKey'), (122958, 'ratingKey'), (127013, 'ratingKey'), (112157, 'ratingKey'), (113642, 'ratingKey'), (124248, 'ratingKey'), (113610, 'ratingKey'), (100924, 'ratingKey'), (124197, 'ratingKey'), (105925, 'ratingKey')] |
[2023-02-24 01:31:24,382] [builder.py:1284]           [DEBUG]    |                                                                                                    |
[2023-02-24 01:31:26,632] [builder.py:1697]           [INFO]     |                                                                                                    |
[2023-02-24 01:31:26,633] [util.py:216]               [INFO]     |=================================== Adding to Musical Collection ===================================|
[2023-02-24 01:31:26,633] [builder.py:1699]           [INFO]     |                                                                                                    |
[2023-02-24 01:31:26,634] [builder.py:1709]           [INFO]     |   1/125 | Musical Collection | = | 8 Women (2002)                                                  |
[2023-02-24 01:31:26,634] [builder.py:1709]           [INFO]     |   2/125 | Musical Collection | = | Aladdin (1992)                                                  |
[2023-02-24 01:31:26,634] [builder.py:1709]           [INFO]     |   3/125 | Musical Collection | = | Aladdin (2019)                                                  |
[2023-02-24 01:31:26,634] [builder.py:1709]           [INFO]     |   4/125 | Musical Collection | = | Alice in Wonderland (1951)                                      |
[2023-02-24 01:31:26,635] [builder.py:1709]           [INFO]     |   5/125 | Musical Collection | = | An All Dogs Christmas Carol (1998)                              |
[2023-02-24 01:31:26,635] [builder.py:1709]           [INFO]     |   6/125 | Musical Collection | = | Anna and the Apocalypse (2018)                                  |
[2023-02-24 01:31:26,635] [builder.py:1709]           [INFO]     |   7/125 | Musical Collection | = | Annabelle's Wish (1997)                                         |
[2023-02-24 01:31:26,636] [builder.py:1709]           [INFO]     |   8/125 | Musical Collection | = | Annie (1982)                                                    |
[2023-02-24 01:31:26,636] [builder.py:1709]           [INFO]     |   9/125 | Musical Collection | = | Annie Live! (2021)                                              |
[2023-02-24 01:31:26,636] [builder.py:1709]           [INFO]     |  10/125 | Musical Collection | = | The Aristocats (1970)                                           |
[2023-02-24 01:31:26,637] [builder.py:1709]           [INFO]     |  11/125 | Musical Collection | = | Babes in Toyland (1961)                                         |
[2023-02-24 01:31:26,637] [builder.py:1709]           [INFO]     |  12/125 | Musical Collection | = | Bah Humduck!: A Looney Tunes Christmas (2006)                   |
[2023-02-24 01:31:26,637] [builder.py:1709]           [INFO]     |  13/125 | Musical Collection | = | Beauty and the Beast (1991)                                     |
[2023-02-24 01:31:26,638] [builder.py:1709]           [INFO]     |  14/125 | Musical Collection | = | Beauty and the Beast (2017)                                     |
[2023-02-24 01:31:26,638] [builder.py:1709]           [INFO]     |  15/125 | Musical Collection | = | Belle (2021)                                                    |
[2023-02-24 01:31:26,638] [builder.py:1709]           [INFO]     |  16/125 | Musical Collection | = | Bill & Ted Face the Music (2020)                                |
[2023-02-24 01:31:26,639] [builder.py:1709]           [INFO]     |  17/125 | Musical Collection | = | The Bob's Burgers Movie (2022)                                  |
[2023-02-24 01:31:26,639] [builder.py:1709]           [INFO]     |  18/125 | Musical Collection | = | Bohemian Rhapsody (2018)                                        |
[2023-02-24 01:31:26,639] [builder.py:1709]           [INFO]     |  19/125 | Musical Collection | = | A Boy Named Charlie Brown (1969)                                |
[2023-02-24 01:31:26,640] [builder.py:1709]           [INFO]     |  20/125 | Musical Collection | = | Brother Bear (2003)                                             |
[2023-02-24 01:31:26,640] [builder.py:1709]           [INFO]     |  21/125 | Musical Collection | = | A Chipmunk Christmas (1981)                                     |
[2023-02-24 01:31:26,640] [builder.py:1709]           [INFO]     |  22/125 | Musical Collection | = | A Christmas Carol: The Musical (2004)                           |
[2023-02-24 01:31:26,641] [builder.py:1709]           [INFO]     |  23/125 | Musical Collection | = | The Christmas Toy (1986)                                        |
[2023-02-24 01:31:26,641] [builder.py:1709]           [INFO]     |  24/125 | Musical Collection | = | Cinderella (1950)                                               |
[2023-02-24 01:31:26,641] [builder.py:1709]           [INFO]     |  25/125 | Musical Collection | = | Coco (2017)                                                     |
[2023-02-24 01:31:26,642] [builder.py:1709]           [INFO]     |  26/125 | Musical Collection | = | Corpse Bride (2005)                                             |
[2023-02-24 01:31:26,642] [builder.py:1709]           [INFO]     |  27/125 | Musical Collection | = | Cricket on the Hearth (1967)                                    |
[2023-02-24 01:31:26,643] [builder.py:1709]           [INFO]     |  28/125 | Musical Collection | = | David Byrne's American Utopia (2020)                            |
[2023-02-24 01:31:26,643] [builder.py:1709]           [INFO]     |  29/125 | Musical Collection | = | Dumbo (1941)                                                    |
[2023-02-24 01:31:26,643] [builder.py:1709]           [INFO]     |  30/125 | Musical Collection | = | Elf: Buddy's Musical Christmas (2013)                           |
[2023-02-24 01:31:26,644] [builder.py:1709]           [INFO]     |  31/125 | Musical Collection | = | Elvis (2022)                                                    |
[2023-02-24 01:31:26,644] [builder.py:1709]           [INFO]     |  32/125 | Musical Collection | = | Emmet Otter's Jug-Band Christmas (1977)                         |
[2023-02-24 01:31:26,644] [builder.py:1709]           [INFO]     |  33/125 | Musical Collection | = | Encanto (2021)                                                  |
[2023-02-24 01:31:26,645] [builder.py:1709]           [INFO]     |  34/125 | Musical Collection | = | Fantasia (1941)                                                 |
[2023-02-24 01:31:26,645] [builder.py:1709]           [INFO]     |  35/125 | Musical Collection | = | Frosty the Snowman (1969)                                       |
[2023-02-24 01:31:26,646] [builder.py:1709]           [INFO]     |  36/125 | Musical Collection | = | Frozen (2013)                                                   |
[2023-02-24 01:31:26,648] [builder.py:1709]           [INFO]     |  37/125 | Musical Collection | = | Frozen II (2019)                                                |
[2023-02-24 01:31:26,648] [builder.py:1709]           [INFO]     |  38/125 | Musical Collection | = | A Garfield Christmas Special (1987)                             |
[2023-02-24 01:31:26,648] [builder.py:1709]           [INFO]     |  39/125 | Musical Collection | = | The Great Mouse Detective (1986)                                |
[2023-02-24 01:31:26,649] [builder.py:1709]           [INFO]     |  40/125 | Musical Collection | = | Guillermo del Toro's Pinocchio (2022)                           |
[2023-02-24 01:31:26,649] [builder.py:1709]           [INFO]     |  41/125 | Musical Collection | = | Hamilton (2020)                                                 |
[2023-02-24 01:31:26,649] [builder.py:1709]           [INFO]     |  42/125 | Musical Collection | = | Hercules (1997)                                                 |
[2023-02-24 01:31:26,650] [builder.py:1709]           [INFO]     |  43/125 | Musical Collection | = | High School Musical (2006)                                      |
[2023-02-24 01:31:26,650] [builder.py:1709]           [INFO]     |  44/125 | Musical Collection | = | High School Musical 2 (2007)                                    |
[2023-02-24 01:31:26,650] [builder.py:1709]           [INFO]     |  45/125 | Musical Collection | = | High School Musical 3: Senior Year (2008)                       |
[2023-02-24 01:31:26,651] [builder.py:1709]           [INFO]     |  46/125 | Musical Collection | = | The Hobbit (1977)                                               |
[2023-02-24 01:31:26,651] [builder.py:1709]           [INFO]     |  47/125 | Musical Collection | = | Holiday Inn (1942)                                              |
[2023-02-24 01:31:26,652] [builder.py:1709]           [INFO]     |  48/125 | Musical Collection | = | How the Grinch Stole Christmas! (1966)                          |
[2023-02-24 01:31:26,652] [builder.py:1709]           [INFO]     |  49/125 | Musical Collection | = | The Hunchback of Notre Dame (1996)                              |
[2023-02-24 01:31:26,653] [builder.py:1709]           [INFO]     |  50/125 | Musical Collection | = | In the Heights (2021)                                           |
[2023-02-24 01:31:26,653] [builder.py:1709]           [INFO]     |  51/125 | Musical Collection | = | Inside (2021)                                                   |
[2023-02-24 01:31:26,654] [builder.py:1709]           [INFO]     |  52/125 | Musical Collection | = | It's a Very Merry Muppet Christmas Movie (2002)                 |
[2023-02-24 01:31:26,654] [builder.py:1709]           [INFO]     |  53/125 | Musical Collection | = | It's Flashbeagle, Charlie Brown (1984)                          |
[2023-02-24 01:31:26,654] [builder.py:1709]           [INFO]     |  54/125 | Musical Collection | = | Jack Frost (1979)                                               |
[2023-02-24 01:31:26,655] [builder.py:1709]           [INFO]     |  55/125 | Musical Collection | = | The Jungle Book (1967)                                          |
[2023-02-24 01:31:26,655] [builder.py:1709]           [INFO]     |  56/125 | Musical Collection | = | La La Land (2016)                                               |
[2023-02-24 01:31:26,656] [builder.py:1709]           [INFO]     |  57/125 | Musical Collection | = | Labyrinth (1986)                                                |
[2023-02-24 01:31:26,656] [builder.py:1709]           [INFO]     |  58/125 | Musical Collection | = | Lady and the Tramp (1955)                                       |
[2023-02-24 01:31:26,656] [builder.py:1709]           [INFO]     |  59/125 | Musical Collection | = | Lady and the Tramp (2019)                                       |
[2023-02-24 01:31:26,657] [builder.py:1709]           [INFO]     |  60/125 | Musical Collection | = | Lava (2015)                                                     |
[2023-02-24 01:31:26,657] [builder.py:1709]           [INFO]     |  61/125 | Musical Collection | = | The Leprechauns' Christmas Gold (1981)                          |
[2023-02-24 01:31:26,658] [builder.py:1709]           [INFO]     |  62/125 | Musical Collection | = | Les Misérables (2012)                                           |
[2023-02-24 01:31:26,658] [builder.py:1709]           [INFO]     |  63/125 | Musical Collection | = | The Life & Adventures of Santa Claus (1985)                     |
[2023-02-24 01:31:26,659] [builder.py:1709]           [INFO]     |  64/125 | Musical Collection | = | The Lion King (1994)                                            |
[2023-02-24 01:31:26,659] [builder.py:1709]           [INFO]     |  65/125 | Musical Collection | = | The Lion King (2019)                                            |
[2023-02-24 01:31:26,660] [builder.py:1709]           [INFO]     |  66/125 | Musical Collection | = | The Little Drummer Boy (1968)                                   |
[2023-02-24 01:31:26,660] [builder.py:1709]           [INFO]     |  67/125 | Musical Collection | = | The Little Mermaid (1989)                                       |
[2023-02-24 01:31:26,660] [builder.py:1709]           [INFO]     |  68/125 | Musical Collection | = | Lyle, Lyle, Crocodile (2022)                                    |
[2023-02-24 01:31:26,661] [builder.py:1709]           [INFO]     |  69/125 | Musical Collection | = | Mamma Mia! (2008)                                               |
[2023-02-24 01:31:26,661] [builder.py:1709]           [INFO]     |  70/125 | Musical Collection | = | Mamma Mia! Here We Go Again (2018)                              |
[2023-02-24 01:31:26,663] [builder.py:1709]           [INFO]     |  71/125 | Musical Collection | = | March of the Wooden Soldiers (1934)                             |
[2023-02-24 01:31:26,664] [builder.py:1709]           [INFO]     |  72/125 | Musical Collection | = | The Meaning of Life (1983)                                      |
[2023-02-24 01:31:26,664] [builder.py:1709]           [INFO]     |  73/125 | Musical Collection | = | Mister Magoo's Christmas Carol (1962)                           |
[2023-02-24 01:31:26,665] [builder.py:1709]           [INFO]     |  74/125 | Musical Collection | = | Moana (2016)                                                    |
[2023-02-24 01:31:26,665] [builder.py:1709]           [INFO]     |  75/125 | Musical Collection | = | Mulan (1998)                                                    |
[2023-02-24 01:31:26,666] [builder.py:1709]           [INFO]     |  76/125 | Musical Collection | = | The Muppet Christmas Carol (1992)                               |
[2023-02-24 01:31:26,666] [builder.py:1709]           [INFO]     |  77/125 | Musical Collection | = | A Muppet Family Christmas (1987)                                |
[2023-02-24 01:31:26,666] [builder.py:1709]           [INFO]     |  78/125 | Musical Collection | = | My Friends Tigger and Pooh - Super Sleuth Christmas Movie (2007) |
[2023-02-24 01:31:26,667] [builder.py:1709]           [INFO]     |  79/125 | Musical Collection | = | A Night at the Opera (1935)                                     |
[2023-02-24 01:31:26,667] [builder.py:1709]           [INFO]     |  80/125 | Musical Collection | = | The Nightmare Before Christmas (1993)                           |
[2023-02-24 01:31:26,668] [builder.py:1709]           [INFO]     |  81/125 | Musical Collection | = | Not the Messiah: He's a Very Naughty Boy (2010)                 |
[2023-02-24 01:31:26,668] [builder.py:1709]           [INFO]     |  82/125 | Musical Collection | = | Olive, the Other Reindeer (1999)                                |
[2023-02-24 01:31:26,669] [builder.py:1709]           [INFO]     |  83/125 | Musical Collection | = | Oliver & Company (1988)                                         |
[2023-02-24 01:31:26,669] [builder.py:1709]           [INFO]     |  84/125 | Musical Collection | = | Peter Pan (1953)                                                |
[2023-02-24 01:31:26,670] [builder.py:1709]           [INFO]     |  85/125 | Musical Collection | = | Pinocchio (1940)                                                |
[2023-02-24 01:31:26,670] [builder.py:1709]           [INFO]     |  86/125 | Musical Collection | = | Pocahontas (1995)                                               |
[2023-02-24 01:31:26,671] [builder.py:1709]           [INFO]     |  87/125 | Musical Collection | = | The Polar Express (2004)                                        |
[2023-02-24 01:31:26,671] [builder.py:1709]           [INFO]     |  88/125 | Musical Collection | = | The Prince of Egypt (1998)                                      |
[2023-02-24 01:31:26,672] [builder.py:1709]           [INFO]     |  89/125 | Musical Collection | = | The Princess and the Frog (2009)                                |
[2023-02-24 01:31:26,672] [builder.py:1709]           [INFO]     |  90/125 | Musical Collection | = | The Red Violin (1998)                                           |
[2023-02-24 01:31:26,673] [builder.py:1709]           [INFO]     |  91/125 | Musical Collection | = | The Road to El Dorado (2000)                                    |
[2023-02-24 01:31:26,673] [builder.py:1709]           [INFO]     |  92/125 | Musical Collection | = | Robin Hood (1973)                                               |
[2023-02-24 01:31:26,674] [builder.py:1709]           [INFO]     |  93/125 | Musical Collection | = | Robin Robin (2021)                                              |
[2023-02-24 01:31:26,674] [builder.py:1709]           [INFO]     |  94/125 | Musical Collection | = | The Rocky Horror Picture Show (1975)                            |
[2023-02-24 01:31:26,675] [builder.py:1709]           [INFO]     |  95/125 | Musical Collection | = | Rudolph and Frosty's Christmas in July (1979)                   |
[2023-02-24 01:31:26,676] [builder.py:1709]           [INFO]     |  96/125 | Musical Collection | = | Rudolph the Red-Nosed Reindeer (1964)                           |
[2023-02-24 01:31:26,676] [builder.py:1709]           [INFO]     |  97/125 | Musical Collection | = | Santa Claus Is Comin' to Town (1970)                            |
[2023-02-24 01:31:26,676] [builder.py:1709]           [INFO]     |  98/125 | Musical Collection | = | Scrooge (1970)                                                  |
[2023-02-24 01:31:26,677] [builder.py:1709]           [INFO]     |  99/125 | Musical Collection | = | The Search for Santa Paws (2010)                                |
[2023-02-24 01:31:26,678] [builder.py:1709]           [INFO]     | 100/125 | Musical Collection | = | Sing (2016)                                                     |
[2023-02-24 01:31:26,679] [builder.py:1709]           [INFO]     | 101/125 | Musical Collection | = | Sing 2 (2021)                                                   |
[2023-02-24 01:31:26,679] [builder.py:1709]           [INFO]     | 102/125 | Musical Collection | = | Singin' in the Rain (1952)                                      |
[2023-02-24 01:31:26,680] [builder.py:1709]           [INFO]     | 103/125 | Musical Collection | = | Sleeping Beauty (1959)                                          |
[2023-02-24 01:31:26,681] [builder.py:1709]           [INFO]     | 104/125 | Musical Collection | = | Slumberland (2022)                                              |
[2023-02-24 01:31:26,681] [builder.py:1709]           [INFO]     | 105/125 | Musical Collection | = | Snow White and the Seven Dwarfs (1938)                          |
[2023-02-24 01:31:26,682] [builder.py:1709]           [INFO]     | 106/125 | Musical Collection | = | Sound of Metal (2020)                                           |
[2023-02-24 01:31:26,682] [builder.py:1709]           [INFO]     | 107/125 | Musical Collection | = | The Sound of Music (1965)                                       |
[2023-02-24 01:31:26,683] [builder.py:1709]           [INFO]     | 108/125 | Musical Collection | = | Spirited (2022)                                                 |
[2023-02-24 01:31:26,683] [builder.py:1709]           [INFO]     | 109/125 | Musical Collection | = | A Star Is Born (2018)                                           |
[2023-02-24 01:31:26,684] [builder.py:1709]           [INFO]     | 110/125 | Musical Collection | = | Summer of Soul (...Or, When the Revolution Could Not Be Televised) (2021) |
[2023-02-24 01:31:26,684] [builder.py:1709]           [INFO]     | 111/125 | Musical Collection | = | The Sword in the Stone (1963)                                   |
[2023-02-24 01:31:26,685] [builder.py:1709]           [INFO]     | 112/125 | Musical Collection | = | Tangled (2010)                                                  |
[2023-02-24 01:31:26,685] [builder.py:1709]           [INFO]     | 113/125 | Musical Collection | = | Tenacious D in the Pick of Destiny (2006)                       |
[2023-02-24 01:31:26,686] [builder.py:1709]           [INFO]     | 114/125 | Musical Collection | = | tick, tick... BOOM! (2021)                                      |
[2023-02-24 01:31:26,687] [builder.py:1709]           [INFO]     | 115/125 | Musical Collection | = | Tom and Jerry: A Nutcracker Tale (2007)                         |
[2023-02-24 01:31:26,687] [builder.py:1709]           [INFO]     | 116/125 | Musical Collection | = | 'Twas the Night Before Christmas (1974)                         |
[2023-02-24 01:31:26,688] [builder.py:1709]           [INFO]     | 117/125 | Musical Collection | = | A Very Murray Christmas (2015)                                  |
[2023-02-24 01:31:26,688] [builder.py:1709]           [INFO]     | 118/125 | Musical Collection | = | West Side Story (1961)                                          |
[2023-02-24 01:31:26,689] [builder.py:1709]           [INFO]     | 119/125 | Musical Collection | = | West Side Story (2021)                                          |
[2023-02-24 01:31:26,689] [builder.py:1709]           [INFO]     | 120/125 | Musical Collection | = | Whiplash (2014)                                                 |
[2023-02-24 01:31:26,690] [builder.py:1709]           [INFO]     | 121/125 | Musical Collection | = | White Christmas (1954)                                          |
[2023-02-24 01:31:26,691] [builder.py:1709]           [INFO]     | 122/125 | Musical Collection | = | The Wizard of Oz (1939)                                         |
[2023-02-24 01:31:26,691] [builder.py:1709]           [INFO]     | 123/125 | Musical Collection | = | Words Bubble Up Like Soda Pop (2021)                            |
[2023-02-24 01:31:26,692] [builder.py:1709]           [INFO]     | 124/125 | Musical Collection | = | The Year Without a Santa Claus (1974)                           |
[2023-02-24 01:31:26,692] [builder.py:1709]           [INFO]     | 125/125 | Musical Collection | = | Z-O-M-B-I-E-S 3 (2022)                                          |
[2023-02-24 01:31:26,694] [builder.py:1734]           [INFO]     |                                                                                                    |
[2023-02-24 01:31:26,694] [builder.py:1735]           [INFO]     | 125 Movies Processed                                                                               |
[2023-02-24 01:31:26,700] [builder.py:2147]           [INFO]     |                                                                                                    |
[2023-02-24 01:31:26,700] [util.py:216]               [INFO]     |============================== Updating Details of Musical Collection ==============================|
[2023-02-24 01:31:26,700] [builder.py:2149]           [INFO]     |                                                                                                    |
[2023-02-24 01:31:26,701] [builder.py:2156]           [INFO]     | Detail: summary updated Collection Summary                                                         |
[2023-02-24 01:31:26,701] [builder.py:2258]           [DEBUG]    | 1 posters found:                                                                                   |
[2023-02-24 01:31:26,701] [builder.py:2260]           [DEBUG]    | Method: url_poster Poster: https://theposterdb.com/api/assets/51427                                |
[2023-02-24 01:31:26,702] [builder.py:2327]           [INFO]     | No background collection detail or asset folder found                                              |
[2023-02-24 01:31:26,710] [library.py:147]            [INFO]     | Detail: poster update not needed                                                                   |
[2023-02-24 01:31:27,223] [plex_meta_manager.py:880]  [INFO]     |                                                                                                    |
[2023-02-24 01:31:27,223] [util.py:209]               [INFO]     |====================================================================================================|
[2023-02-24 01:31:27,224] [util.py:216]               [INFO]     |                                    Finished Musical Collection                                     |
[2023-02-24 01:31:27,224] [util.py:216]               [INFO]     |                                    Collection Run Time: 0:00:03                                    |
[2023-02-24 01:31:27,224] [util.py:220]               [INFO]     |====================================================================================================|
