[2023-02-25 01:53:37,490] [util.py:209]               [INFO]     |====================================================================================================|
[2023-02-25 01:53:37,491] [util.py:216]               [INFO]     |                                    Sports Collection in Movies                                     |
[2023-02-25 01:53:37,491] [util.py:220]               [INFO]     |====================================================================================================|
[2023-02-25 01:53:37,492] [plex_meta_manager.py:750]  [INFO]     |                                                                                                    |
[2023-02-25 01:53:37,492] [util.py:216]               [INFO]     |=================================== Validating Sports Attributes ===================================|
[2023-02-25 01:53:37,492] [builder.py:265]            [DEBUG]    |                                                                                                    |
[2023-02-25 01:53:37,493] [builder.py:266]            [DEBUG]    | Validating Method: template                                                                        |
[2023-02-25 01:53:37,493] [meta.py:83]                [DEBUG]    | Value: ordereddict([('name', 'Genre'), ('genre', 'Sport'), ('poster', 'https://theposterdb.com/api/assets/60371')]) |
[2023-02-25 01:53:37,493] [builder.py:453]            [DEBUG]    |                                                                                                    |
[2023-02-25 01:53:37,494] [builder.py:454]            [DEBUG]    | Validating Method: collection_order                                                                |
[2023-02-25 01:53:37,494] [builder.py:455]            [DEBUG]    | Value: alpha                                                                                       |
[2023-02-25 01:53:37,494] [builder.py:472]            [DEBUG]    |                                                                                                    |
[2023-02-25 01:53:37,494] [builder.py:473]            [DEBUG]    | Validating Method: imdb_list                                                                       |
[2023-02-25 01:53:37,495] [builder.py:474]            [DEBUG]    | Value: [ordereddict([('url', 'https://www.imdb.com/search/title/?title_type=feature&release_date=1990-01-01,&user_rating=5.0,10.0&num_votes=100000,&genres=sport'), ('limit', 200)]), ordereddict([('url', 'https://www.imdb.com/search/title/?title_type=feature&release_date=1990-01-01,&user_rating=5.0,10.0&num_votes=100000,&genres=sport&sort=user_rating,desc'), ('limit', 200)])] |
[2023-02-25 01:53:38,893] [builder.py:472]            [DEBUG]    |                                                                                                    |
[2023-02-25 01:53:38,894] [builder.py:473]            [DEBUG]    | Validating Method: summary                                                                         |
[2023-02-25 01:53:38,894] [builder.py:474]            [DEBUG]    | Value: A Sport Film revolves around a sport setting, event, or an athlete. Often, these films will center on a single sporting event that carries significant importance. Sports films traditionally have a simple plot that builds up to the significant sporting event. This genre is known for incorporating film techniques to build anticipation and intensity. Sport films have a large range of sub-genres, from comedies to dramas, and are more likely than other genres to be based true-life events. |
[2023-02-25 01:53:38,894] [builder.py:472]            [DEBUG]    |                                                                                                    |
[2023-02-25 01:53:38,894] [builder.py:473]            [DEBUG]    | Validating Method: plex_search                                                                     |
[2023-02-25 01:53:38,895] [builder.py:474]            [DEBUG]    | Value: {'genre': 'Sport'}                                                                          |
[2023-02-25 01:53:38,949] [builder.py:472]            [DEBUG]    |                                                                                                    |
[2023-02-25 01:53:38,950] [builder.py:473]            [DEBUG]    | Validating Method: url_poster                                                                      |
[2023-02-25 01:53:38,950] [builder.py:474]            [DEBUG]    | Value: https://theposterdb.com/api/assets/60371                                                    |
[2023-02-25 01:53:38,950] [builder.py:472]            [DEBUG]    |                                                                                                    |
[2023-02-25 01:53:38,950] [builder.py:473]            [DEBUG]    | Validating Method: sort_title                                                                      |
[2023-02-25 01:53:38,951] [builder.py:474]            [DEBUG]    | Value: 00000d_Sports                                                                               |
[2023-02-25 01:53:39,209] [builder.py:619]            [INFO]     |                                                                                                    |
[2023-02-25 01:53:39,209] [builder.py:620]            [INFO]     | Validation Successful                                                                              |
[2023-02-25 01:53:39,212] [plex_meta_manager.py:758]  [INFO]     |                                                                                                    |
[2023-02-25 01:53:39,213] [util.py:216]               [INFO]     |==================================== Running Sports Collection =====================================|
[2023-02-25 01:53:39,213] [plex_meta_manager.py:773]  [INFO]     |                                                                                                    |
[2023-02-25 01:53:39,213] [plex_meta_manager.py:774]  [INFO]     | Sync Mode: append                                                                                  |
[2023-02-25 01:53:39,213] [builder.py:1275]           [DEBUG]    |                                                                                                    |
[2023-02-25 01:53:39,214] [builder.py:1276]           [DEBUG]    | Builder: imdb_list: {'url': 'https://www.imdb.com/search/title/?title_type=feature&release_date=1990-01-01,&user_rating=5.0,10.0&num_votes=100000,&genres=sport', 'limit': 200} |
[2023-02-25 01:53:39,214] [builder.py:1277]           [INFO]     |                                                                                                    |
[2023-02-25 01:53:39,214] [imdb.py:158]               [INFO]     | Processing IMDb List: 200 Items at https://www.imdb.com/search/title/?title_type=feature&release_date=1990-01-01,&user_rating=5.0,10.0&num_votes=100000,&genres=sport |
[2023-02-25 01:53:42,250] [imdb.py:127]               [DEBUG]    | 49 IMDb IDs Found: ['tt3076658', 'tt6343314', 'tt1950186', 'tt0116483', 'tt0454945', 'tt0317219', 'tt0116695', 'tt8009428', 'tt1210166', 'tt0878804', 'tt0398165', 'tt0210945', 'tt1291584', 'tt0104694', 'tt0364725', 'tt0120484', 'tt5580036', 'tt4209788', 'tt0479143', 'tt0415306', 'tt0393162', 'tt1979320', 'tt0405159', 'tt0112461', 'tt0964517', 'tt1809398', 'tt1125849', 'tt0100507', 'tt1798684', 'tt9620288', 'tt0433035', 'tt1216475', 'tt0117705', 'tt0248667', 'tt0445934', 'tt3606752', 'tt0146838', 'tt1023111', 'tt0974661', 'tt1155076', 'tt1100089', 'tt0106611', 'tt0352248', 'tt0385002', 'tt1057500', 'tt1860353', 'tt0286499', 'tt5074352', 'tt0169102'] |
[2023-02-25 01:53:42,250] [builder.py:1282]           [DEBUG]    |                                                                                                    |
[2023-02-25 01:53:42,250] [builder.py:1283]           [DEBUG]    | 49 IDs Found: [('tt3076658', 'imdb'), ('tt6343314', 'imdb'), ('tt1950186', 'imdb'), ('tt0116483', 'imdb'), ('tt0454945', 'imdb'), ('tt0317219', 'imdb'), ('tt0116695', 'imdb'), ('tt8009428', 'imdb'), ('tt1210166', 'imdb'), ('tt0878804', 'imdb'), ('tt0398165', 'imdb'), ('tt0210945', 'imdb'), ('tt1291584', 'imdb'), ('tt0104694', 'imdb'), ('tt0364725', 'imdb'), ('tt0120484', 'imdb'), ('tt5580036', 'imdb'), ('tt4209788', 'imdb'), ('tt0479143', 'imdb'), ('tt0415306', 'imdb'), ('tt0393162', 'imdb'), ('tt1979320', 'imdb'), ('tt0405159', 'imdb'), ('tt0112461', 'imdb'), ('tt0964517', 'imdb'), ('tt1809398', 'imdb'), ('tt1125849', 'imdb'), ('tt0100507', 'imdb'), ('tt1798684', 'imdb'), ('tt9620288', 'imdb'), ('tt0433035', 'imdb'), ('tt1216475', 'imdb'), ('tt0117705', 'imdb'), ('tt0248667', 'imdb'), ('tt0445934', 'imdb'), ('tt3606752', 'imdb'), ('tt0146838', 'imdb'), ('tt1023111', 'imdb'), ('tt0974661', 'imdb'), ('tt1155076', 'imdb'), ('tt1100089', 'imdb'), ('tt0106611', 'imdb'), ('tt0352248', 'imdb'), ('tt0385002', 'imdb'), ('tt1057500', 'imdb'), ('tt1860353', 'imdb'), ('tt0286499', 'imdb'), ('tt5074352', 'imdb'), ('tt0169102', 'imdb')] |
[2023-02-25 01:53:42,251] [builder.py:1284]           [DEBUG]    |                                                                                                    |
[2023-02-25 01:53:42,474] [builder.py:1275]           [DEBUG]    |                                                                                                    |
[2023-02-25 01:53:42,475] [builder.py:1276]           [DEBUG]    | Builder: imdb_list: {'url': 'https://www.imdb.com/search/title/?title_type=feature&release_date=1990-01-01,&user_rating=5.0,10.0&num_votes=100000,&genres=sport&sort=user_rating,desc', 'limit': 200} |
[2023-02-25 01:53:42,475] [builder.py:1277]           [INFO]     |                                                                                                    |
[2023-02-25 01:53:42,475] [imdb.py:158]               [INFO]     | Processing IMDb List: 200 Items at https://www.imdb.com/search/title/?title_type=feature&release_date=1990-01-01,&user_rating=5.0,10.0&num_votes=100000,&genres=sport&sort=user_rating,desc |
[2023-02-25 01:53:45,647] [imdb.py:127]               [DEBUG]    | 49 IMDb IDs Found: ['tt5074352', 'tt1291584', 'tt1950186', 'tt1979320', 'tt0405159', 'tt0169102', 'tt0352248', 'tt1125849', 'tt0210945', 'tt0964517', 'tt3076658', 'tt1210166', 'tt0878804', 'tt5580036', 'tt9620288', 'tt4209788', 'tt0385002', 'tt0116695', 'tt8009428', 'tt0104694', 'tt0393162', 'tt0112461', 'tt1798684', 'tt1057500', 'tt0317219', 'tt1809398', 'tt6343314', 'tt0479143', 'tt0116483', 'tt0433035', 'tt1100089', 'tt0106611', 'tt0146838', 'tt0364725', 'tt0248667', 'tt3606752', 'tt0286499', 'tt0415306', 'tt0117705', 'tt1023111', 'tt0398165', 'tt0974661', 'tt1860353', 'tt0454945', 'tt0445934', 'tt1216475', 'tt1155076', 'tt0120484', 'tt0100507'] |
[2023-02-25 01:53:45,647] [builder.py:1282]           [DEBUG]    |                                                                                                    |
[2023-02-25 01:53:45,647] [builder.py:1283]           [DEBUG]    | 49 IDs Found: [('tt5074352', 'imdb'), ('tt1291584', 'imdb'), ('tt1950186', 'imdb'), ('tt1979320', 'imdb'), ('tt0405159', 'imdb'), ('tt0169102', 'imdb'), ('tt0352248', 'imdb'), ('tt1125849', 'imdb'), ('tt0210945', 'imdb'), ('tt0964517', 'imdb'), ('tt3076658', 'imdb'), ('tt1210166', 'imdb'), ('tt0878804', 'imdb'), ('tt5580036', 'imdb'), ('tt9620288', 'imdb'), ('tt4209788', 'imdb'), ('tt0385002', 'imdb'), ('tt0116695', 'imdb'), ('tt8009428', 'imdb'), ('tt0104694', 'imdb'), ('tt0393162', 'imdb'), ('tt0112461', 'imdb'), ('tt1798684', 'imdb'), ('tt1057500', 'imdb'), ('tt0317219', 'imdb'), ('tt1809398', 'imdb'), ('tt6343314', 'imdb'), ('tt0479143', 'imdb'), ('tt0116483', 'imdb'), ('tt0433035', 'imdb'), ('tt1100089', 'imdb'), ('tt0106611', 'imdb'), ('tt0146838', 'imdb'), ('tt0364725', 'imdb'), ('tt0248667', 'imdb'), ('tt3606752', 'imdb'), ('tt0286499', 'imdb'), ('tt0415306', 'imdb'), ('tt0117705', 'imdb'), ('tt1023111', 'imdb'), ('tt0398165', 'imdb'), ('tt0974661', 'imdb'), ('tt1860353', 'imdb'), ('tt0454945', 'imdb'), ('tt0445934', 'imdb'), ('tt1216475', 'imdb'), ('tt1155076', 'imdb'), ('tt0120484', 'imdb'), ('tt0100507', 'imdb')] |
[2023-02-25 01:53:45,647] [builder.py:1284]           [DEBUG]    |                                                                                                    |
[2023-02-25 01:53:45,874] [builder.py:1275]           [DEBUG]    |                                                                                                    |
[2023-02-25 01:53:45,874] [builder.py:1276]           [DEBUG]    | Builder: plex_search: (1, 'Plex Movie Search\nSort By: title.asc\nFilter:\n  Match all of the following:\n    Match any of the following:\n      Genre is Sport', '?type=1&sort=titleSort&push=1&genre=1495&pop=1') |
[2023-02-25 01:53:45,875] [builder.py:1277]           [INFO]     |                                                                                                    |
[2023-02-25 01:53:45,875] [util.py:161]               [INFO]     | Plex Movie Search                                                                                  |
[2023-02-25 01:53:45,876] [util.py:161]               [INFO]     | Sort By: title.asc                                                                                 |
[2023-02-25 01:53:45,876] [util.py:161]               [INFO]     | Filter:                                                                                            |
[2023-02-25 01:53:45,876] [util.py:161]               [INFO]     |   Match all of the following:                                                                      |
[2023-02-25 01:53:45,876] [util.py:161]               [INFO]     |     Match any of the following:                                                                    |
[2023-02-25 01:53:45,877] [util.py:161]               [INFO]     |       Genre is Sport                                                                               |
[2023-02-25 01:53:45,944] [plex.py:748]               [DEBUG]    |                                                                                                    |
[2023-02-25 01:53:45,944] [plex.py:749]               [DEBUG]    | 33 Keys Found: [(121327, 'ratingKey'), (99283, 'ratingKey'), (99288, 'ratingKey'), (108983, 'ratingKey'), (112375, 'ratingKey'), (126352, 'ratingKey'), (126320, 'ratingKey'), (117149, 'ratingKey'), (104228, 'ratingKey'), (99827, 'ratingKey'), (117693, 'ratingKey'), (104306, 'ratingKey'), (126388, 'ratingKey'), (38440, 'ratingKey'), (128994, 'ratingKey'), (99494, 'ratingKey'), (100319, 'ratingKey'), (101133, 'ratingKey'), (100337, 'ratingKey'), (101285, 'ratingKey'), (112498, 'ratingKey'), (101344, 'ratingKey'), (104437, 'ratingKey'), (101493, 'ratingKey'), (100268, 'ratingKey'), (100690, 'ratingKey'), (100662, 'ratingKey'), (128006, 'ratingKey'), (104476, 'ratingKey'), (100496, 'ratingKey'), (128983, 'ratingKey'), (96911, 'ratingKey'), (113715, 'ratingKey')] |
[2023-02-25 01:53:45,945] [builder.py:1282]           [DEBUG]    |                                                                                                    |
[2023-02-25 01:53:45,945] [builder.py:1283]           [DEBUG]    | 33 IDs Found: [(121327, 'ratingKey'), (99283, 'ratingKey'), (99288, 'ratingKey'), (108983, 'ratingKey'), (112375, 'ratingKey'), (126352, 'ratingKey'), (126320, 'ratingKey'), (117149, 'ratingKey'), (104228, 'ratingKey'), (99827, 'ratingKey'), (117693, 'ratingKey'), (104306, 'ratingKey'), (126388, 'ratingKey'), (38440, 'ratingKey'), (128994, 'ratingKey'), (99494, 'ratingKey'), (100319, 'ratingKey'), (101133, 'ratingKey'), (100337, 'ratingKey'), (101285, 'ratingKey'), (112498, 'ratingKey'), (101344, 'ratingKey'), (104437, 'ratingKey'), (101493, 'ratingKey'), (100268, 'ratingKey'), (100690, 'ratingKey'), (100662, 'ratingKey'), (128006, 'ratingKey'), (104476, 'ratingKey'), (100496, 'ratingKey'), (128983, 'ratingKey'), (96911, 'ratingKey'), (113715, 'ratingKey')] |
[2023-02-25 01:53:45,945] [builder.py:1284]           [DEBUG]    |                                                                                                    |
[2023-02-25 01:53:46,576] [builder.py:1697]           [INFO]     |                                                                                                    |
[2023-02-25 01:53:46,576] [util.py:216]               [INFO]     |=================================== Adding to Sports Collection ====================================|
[2023-02-25 01:53:46,577] [builder.py:1699]           [INFO]     |                                                                                                    |
[2023-02-25 01:53:46,577] [builder.py:1709]           [INFO]     |  1/33 | Sports Collection | = | Creed (2015)                                                       |
[2023-02-25 01:53:46,577] [builder.py:1709]           [INFO]     |  2/33 | Sports Collection | = | Ford v Ferrari (2019)                                              |
[2023-02-25 01:53:46,578] [builder.py:1709]           [INFO]     |  3/33 | Sports Collection | = | Cars (2006)                                                        |
[2023-02-25 01:53:46,579] [builder.py:1709]           [INFO]     |  4/33 | Sports Collection | = | Hustle (2022)                                                      |
[2023-02-25 01:53:46,579] [builder.py:1709]           [INFO]     |  5/33 | Sports Collection | = | King Richard (2021)                                                |
[2023-02-25 01:53:46,579] [builder.py:1709]           [INFO]     |  6/33 | Sports Collection | = | Cars 2 (2011)                                                      |
[2023-02-25 01:53:46,580] [builder.py:1709]           [INFO]     |  7/33 | Sports Collection | = | Cars 3 (2017)                                                      |
[2023-02-25 01:53:46,580] [builder.py:1709]           [INFO]     |  8/33 | Sports Collection | = | The Karate Kid (2010)                                              |
[2023-02-25 01:53:46,580] [builder.py:1709]           [INFO]     |  9/33 | Sports Collection | = | Cool Runnings (1993)                                               |
[2023-02-25 01:53:46,581] [builder.py:1709]           [INFO]     | 10/33 | Sports Collection | = | AlphaGo (2017)                                                     |
[2023-02-25 01:53:46,581] [builder.py:1709]           [INFO]     | 11/33 | Sports Collection | = | Athlete A (2020)                                                   |
[2023-02-25 01:53:46,581] [builder.py:1709]           [INFO]     | 12/33 | Sports Collection | = | Audible (2021)                                                     |
[2023-02-25 01:53:46,582] [builder.py:1709]           [INFO]     | 13/33 | Sports Collection | = | Caddyshack (1980)                                                  |
[2023-02-25 01:53:46,582] [builder.py:1709]           [INFO]     | 14/33 | Sports Collection | = | Charlie Brown's All Stars! (1966)                                  |
[2023-02-25 01:53:46,582] [builder.py:1709]           [INFO]     | 15/33 | Sports Collection | = | The Color of Money (1986)                                          |
[2023-02-25 01:53:46,583] [builder.py:1709]           [INFO]     | 16/33 | Sports Collection | = | The Dawn Wall (2018)                                               |
[2023-02-25 01:53:46,583] [builder.py:1709]           [INFO]     | 17/33 | Sports Collection | = | Early Man (2018)                                                   |
[2023-02-25 01:53:46,583] [builder.py:1709]           [INFO]     | 18/33 | Sports Collection | = | Free Solo (2018)                                                   |
[2023-02-25 01:53:46,584] [builder.py:1709]           [INFO]     | 19/33 | Sports Collection | = | Hidalgo (2004)                                                     |
[2023-02-25 01:53:46,584] [builder.py:1709]           [INFO]     | 20/33 | Sports Collection | = | The Hustler (1961)                                                 |
[2023-02-25 01:53:46,584] [builder.py:1709]           [INFO]     | 21/33 | Sports Collection | = | It's Arbor Day, Charlie Brown (1976)                               |
[2023-02-25 01:53:46,585] [builder.py:1709]           [INFO]     | 22/33 | Sports Collection | = | The Last Dragon (1985)                                             |
[2023-02-25 01:53:46,585] [builder.py:1709]           [INFO]     | 23/33 | Sports Collection | = | Maiden (2019)                                                      |
[2023-02-25 01:53:46,585] [builder.py:1709]           [INFO]     | 24/33 | Sports Collection | = | Minding the Gap (2018)                                             |
[2023-02-25 01:53:46,586] [builder.py:1709]           [INFO]     | 25/33 | Sports Collection | = | The Phantom of the Open (2022)                                     |
[2023-02-25 01:53:46,586] [builder.py:1709]           [INFO]     | 26/33 | Sports Collection | = | Queen of Katwe (2016)                                              |
[2023-02-25 01:53:46,586] [builder.py:1709]           [INFO]     | 27/33 | Sports Collection | = | Raging Bull (1980)                                                 |
[2023-02-25 01:53:46,587] [builder.py:1709]           [INFO]     | 28/33 | Sports Collection | = | The Redeem Team (2022)                                             |
[2023-02-25 01:53:46,587] [builder.py:1709]           [INFO]     | 29/33 | Sports Collection | = | Redline (2010)                                                     |
[2023-02-25 01:53:46,587] [builder.py:1709]           [INFO]     | 30/33 | Sports Collection | = | Rise (2022)                                                        |
[2023-02-25 01:53:46,587] [builder.py:1709]           [INFO]     | 31/33 | Sports Collection | = | Rocky (1976)                                                       |
[2023-02-25 01:53:46,588] [builder.py:1709]           [INFO]     | 32/33 | Sports Collection | = | She's a Good Skate, Charlie Brown (1980)                           |
[2023-02-25 01:53:46,588] [builder.py:1709]           [INFO]     | 33/33 | Sports Collection | = | Waves (2019)                                                       |
[2023-02-25 01:53:46,588] [builder.py:1734]           [INFO]     |                                                                                                    |
[2023-02-25 01:53:46,589] [builder.py:1735]           [INFO]     | 33 Movies Processed                                                                                |
[2023-02-25 01:53:46,589] [builder.py:1929]           [INFO]     |                                                                                                    |
[2023-02-25 01:53:46,589] [util.py:216]               [INFO]     |=============================== Missing Movies from Library: Sports ================================|
[2023-02-25 01:53:46,589] [builder.py:1931]           [INFO]     |                                                                                                    |
[2023-02-25 01:53:46,601] [builder.py:1943]           [INFO]     | Sports Collection | ? | Creed II (2018) (TMDb: 480530)                                             |
[2023-02-25 01:53:46,602] [builder.py:1943]           [INFO]     | Sports Collection | ? | Happy Gilmore (1996) (TMDb: 9614)                                          |
[2023-02-25 01:53:46,755] [builder.py:1943]           [INFO]     | Sports Collection | ? | She's the Man (2006) (TMDb: 9655)                                          |
[2023-02-25 01:53:46,759] [builder.py:1943]           [INFO]     | Sports Collection | ? | Jerry Maguire (1996) (TMDb: 9390)                                          |
[2023-02-25 01:53:46,761] [builder.py:1943]           [INFO]     | Sports Collection | ? | Moneyball (2011) (TMDb: 60308)                                             |
[2023-02-25 01:53:46,763] [builder.py:1943]           [INFO]     | Sports Collection | ? | The Blind Side (2009) (TMDb: 22881)                                        |
[2023-02-25 01:53:46,766] [builder.py:1943]           [INFO]     | Sports Collection | ? | The Longest Yard (2005) (TMDb: 9291)                                       |
[2023-02-25 01:53:46,768] [builder.py:1943]           [INFO]     | Sports Collection | ? | Remember the Titans (2000) (TMDb: 10637)                                   |
[2023-02-25 01:53:46,770] [builder.py:1943]           [INFO]     | Sports Collection | ? | Warrior (2011) (TMDb: 59440)                                               |
[2023-02-25 01:53:46,771] [builder.py:1943]           [INFO]     | Sports Collection | ? | A League of Their Own (1992) (TMDb: 11287)                                 |
[2023-02-25 01:53:46,774] [builder.py:1943]           [INFO]     | Sports Collection | ? | DodgeBall: A True Underdog Story (2004) (TMDb: 9472)                       |
[2023-02-25 01:53:46,776] [builder.py:1943]           [INFO]     | Sports Collection | ? | The Waterboy (1998) (TMDb: 10663)                                          |
[2023-02-25 01:53:46,889] [builder.py:1943]           [INFO]     | Sports Collection | ? | I, Tonya (2017) (TMDb: 389015)                                             |
[2023-02-25 01:53:47,023] [builder.py:1943]           [INFO]     | Sports Collection | ? | Molly's Game (2017) (TMDb: 396371)                                         |
[2023-02-25 01:53:47,026] [builder.py:1943]           [INFO]     | Sports Collection | ? | Rocky Balboa (2006) (TMDb: 1246)                                           |
[2023-02-25 01:53:47,167] [builder.py:1943]           [INFO]     | Sports Collection | ? | Talladega Nights: The Ballad of Ricky Bobby (2006) (TMDb: 9718)            |
[2023-02-25 01:53:47,169] [builder.py:1943]           [INFO]     | Sports Collection | ? | Coach Carter (2005) (TMDb: 7214)                                           |
[2023-02-25 01:53:47,171] [builder.py:1943]           [INFO]     | Sports Collection | ? | Rush (2013) (TMDb: 96721)                                                  |
[2023-02-25 01:53:47,173] [builder.py:1943]           [INFO]     | Sports Collection | ? | Million Dollar Baby (2004) (TMDb: 70)                                      |
[2023-02-25 01:53:47,175] [builder.py:1943]           [INFO]     | Sports Collection | ? | The Basketball Diaries (1995) (TMDb: 10474)                                |
[2023-02-25 01:53:47,176] [builder.py:1943]           [INFO]     | Sports Collection | ? | The Fighter (2010) (TMDb: 45317)                                           |
[2023-02-25 01:53:47,294] [builder.py:1943]           [INFO]     | Sports Collection | ? | Unbroken (2014) (TMDb: 227306)                                             |
[2023-02-25 01:53:47,422] [builder.py:1943]           [INFO]     | Sports Collection | ? | The Wrestler (2008) (TMDb: 12163)                                          |
[2023-02-25 01:53:47,549] [builder.py:1943]           [INFO]     | Sports Collection | ? | Rocky V (1990) (TMDb: 1375)                                                |
[2023-02-25 01:53:47,677] [builder.py:1943]           [INFO]     | Sports Collection | ? | Southpaw (2015) (TMDb: 307081)                                             |
[2023-02-25 01:53:47,682] [builder.py:1943]           [INFO]     | Sports Collection | ? | Real Steel (2011) (TMDb: 39254)                                            |
[2023-02-25 01:53:47,808] [builder.py:1943]           [INFO]     | Sports Collection | ? | Space Jam (1996) (TMDb: 2300)                                              |
[2023-02-25 01:53:47,810] [builder.py:1943]           [INFO]     | Sports Collection | ? | Ali (2001) (TMDb: 8489)                                                    |
[2023-02-25 01:53:47,925] [builder.py:1943]           [INFO]     | Sports Collection | ? | Blades of Glory (2007) (TMDb: 9955)                                        |
[2023-02-25 01:53:48,048] [builder.py:1943]           [INFO]     | Sports Collection | ? | Any Given Sunday (1999) (TMDb: 9563)                                       |
[2023-02-25 01:53:48,049] [builder.py:1943]           [INFO]     | Sports Collection | ? | Never Back Down (2008) (TMDb: 8456)                                        |
[2023-02-25 01:53:48,052] [builder.py:1943]           [INFO]     | Sports Collection | ? | 17 Again (2009) (TMDb: 16996)                                              |
[2023-02-25 01:53:48,180] [builder.py:1943]           [INFO]     | Sports Collection | ? | Foxcatcher (2014) (TMDb: 87492)                                            |
[2023-02-25 01:53:48,183] [builder.py:1943]           [INFO]     | Sports Collection | ? | Cinderella Man (2005) (TMDb: 921)                                          |
[2023-02-25 01:53:48,280] [builder.py:1943]           [INFO]     | Sports Collection | ? | Green Street Hooligans (2005) (TMDb: 8923)                                 |
[2023-02-25 01:53:48,406] [builder.py:1943]           [INFO]     | Sports Collection | ? | Invictus (2009) (TMDb: 22954)                                              |
[2023-02-25 01:53:48,408] [builder.py:1943]           [INFO]     | Sports Collection | ? | Turbo (2013) (TMDb: 77950)                                                 |
[2023-02-25 01:53:48,523] [builder.py:1943]           [INFO]     | Sports Collection | ? | Bend It Like Beckham (2002) (TMDb: 455)                                    |
[2023-02-25 01:53:48,665] [builder.py:1943]           [INFO]     | Sports Collection | ? | Dangal (2016) (TMDb: 360814)                                               |
[2023-02-25 01:53:48,783] [builder.py:1943]           [INFO]     | Sports Collection | ? | Lagaan: Once Upon a Time in India (2001) (TMDb: 19666)                     |
[2023-02-25 01:53:48,784] [builder.py:1947]           [INFO]     |                                                                                                    |
[2023-02-25 01:53:48,784] [builder.py:1948]           [INFO]     | 40 Movies Missing                                                                                  |
[2023-02-25 01:53:49,991] [builder.py:2147]           [INFO]     |                                                                                                    |
[2023-02-25 01:53:49,992] [util.py:216]               [INFO]     |============================== Updating Details of Sports Collection ===============================|
[2023-02-25 01:53:49,992] [builder.py:2149]           [INFO]     |                                                                                                    |
[2023-02-25 01:53:49,993] [builder.py:2156]           [INFO]     | Detail: summary updated Collection Summary                                                         |
[2023-02-25 01:53:49,993] [builder.py:2258]           [DEBUG]    | 1 posters found:                                                                                   |
[2023-02-25 01:53:49,994] [builder.py:2260]           [DEBUG]    | Method: url_poster Poster: https://theposterdb.com/api/assets/60371                                |
[2023-02-25 01:53:49,994] [builder.py:2327]           [INFO]     | No background collection detail or asset folder found                                              |
[2023-02-25 01:53:49,994] [library.py:147]            [INFO]     | Detail: poster update not needed                                                                   |
[2023-02-25 01:53:50,254] [plex_meta_manager.py:880]  [INFO]     |                                                                                                    |
[2023-02-25 01:53:50,255] [util.py:209]               [INFO]     |====================================================================================================|
[2023-02-25 01:53:50,255] [util.py:216]               [INFO]     |                                     Finished Sports Collection                                     |
[2023-02-25 01:53:50,255] [util.py:216]               [INFO]     |                                    Collection Run Time: 0:00:12                                    |
[2023-02-25 01:53:50,256] [util.py:220]               [INFO]     |====================================================================================================|
