[2023-02-28 14:22:47,942] [util.py:209]               [INFO]     |====================================================================================================|
[2023-02-28 14:22:47,942] [util.py:216]               [INFO]     |                                  4K Overlay Collection in Movies                                   |
[2023-02-28 14:22:47,942] [util.py:220]               [INFO]     |====================================================================================================|
[2023-02-28 14:22:47,943] [plex_meta_manager.py:750]  [INFO]     |                                                                                                    |
[2023-02-28 14:22:47,943] [util.py:216]               [INFO]     |================================= Validating 4K Overlay Attributes =================================|
[2023-02-28 14:22:47,944] [builder.py:323]            [DEBUG]    |                                                                                                    |
[2023-02-28 14:22:47,944] [builder.py:324]            [DEBUG]    | Validating Method: build_collection                                                                |
[2023-02-28 14:22:47,944] [builder.py:325]            [DEBUG]    | Value: False                                                                                       |
[2023-02-28 14:22:47,944] [builder.py:472]            [DEBUG]    |                                                                                                    |
[2023-02-28 14:22:47,944] [builder.py:473]            [DEBUG]    | Validating Method: plex_search                                                                     |
[2023-02-28 14:22:47,945] [builder.py:474]            [DEBUG]    | Value: ordereddict([('all', ordereddict([('resolution', '4K'), ('hdr', False)]))])                 |
[2023-02-28 14:22:47,954] [builder.py:472]            [DEBUG]    |                                                                                                    |
[2023-02-28 14:22:47,955] [builder.py:473]            [DEBUG]    | Validating Method: item_overlay                                                                    |
[2023-02-28 14:22:47,955] [builder.py:474]            [DEBUG]    | Value: 4K                                                                                          |
[2023-02-28 14:22:47,955] [builder.py:472]            [DEBUG]    |                                                                                                    |
[2023-02-28 14:22:47,956] [builder.py:473]            [DEBUG]    | Validating Method: create_asset_folders                                                            |
[2023-02-28 14:22:47,956] [builder.py:474]            [DEBUG]    | Value: False                                                                                       |
[2023-02-28 14:22:47,956] [builder.py:619]            [INFO]     |                                                                                                    |
[2023-02-28 14:22:47,957] [builder.py:620]            [INFO]     | Validation Successful                                                                              |
[2023-02-28 14:22:47,957] [plex_meta_manager.py:758]  [INFO]     |                                                                                                    |
[2023-02-28 14:22:47,957] [util.py:216]               [INFO]     |================================== Running 4K Overlay Collection ===================================|
[2023-02-28 14:22:47,957] [plex_meta_manager.py:773]  [INFO]     |                                                                                                    |
[2023-02-28 14:22:47,958] [plex_meta_manager.py:774]  [INFO]     | Sync Mode: append                                                                                  |
[2023-02-28 14:22:47,958] [builder.py:1275]           [DEBUG]    |                                                                                                    |
[2023-02-28 14:22:47,958] [builder.py:1276]           [DEBUG]    | Builder: plex_search: (1, 'Plex Movie Search\nSort By: title.asc\nFilter:\n  Match all of the following:\n    Resolution is 4K\n    HDR is false', '?type=1&sort=titleSort&resolution=4k&and=1&hdr!=1') |
[2023-02-28 14:22:47,958] [builder.py:1277]           [INFO]     |                                                                                                    |
[2023-02-28 14:22:47,959] [util.py:161]               [INFO]     | Plex Movie Search                                                                                  |
[2023-02-28 14:22:47,959] [util.py:161]               [INFO]     | Sort By: title.asc                                                                                 |
[2023-02-28 14:22:47,959] [util.py:161]               [INFO]     | Filter:                                                                                            |
[2023-02-28 14:22:47,960] [util.py:161]               [INFO]     |   Match all of the following:                                                                      |
[2023-02-28 14:22:47,960] [util.py:161]               [INFO]     |     Resolution is 4K                                                                               |
[2023-02-28 14:22:47,960] [util.py:161]               [INFO]     |     HDR is false                                                                                   |
[2023-02-28 14:22:48,188] [plex.py:748]               [DEBUG]    |                                                                                                    |
[2023-02-28 14:22:48,189] [plex.py:749]               [DEBUG]    | 96 Keys Found: [(122926, 'ratingKey'), (117417, 'ratingKey'), (118376, 'ratingKey'), (118169, 'ratingKey'), (113116, 'ratingKey'), (117535, 'ratingKey'), (122339, 'ratingKey'), (122866, 'ratingKey'), (99288, 'ratingKey'), (121368, 'ratingKey'), (117237, 'ratingKey'), (116714, 'ratingKey'), (111684, 'ratingKey'), (117644, 'ratingKey'), (119499, 'ratingKey'), (124865, 'ratingKey'), (126830, 'ratingKey'), (121610, 'ratingKey'), (117134, 'ratingKey'), (126947, 'ratingKey'), (112697, 'ratingKey'), (128008, 'ratingKey'), (127384, 'ratingKey'), (117072, 'ratingKey'), (100241, 'ratingKey'), (122424, 'ratingKey'), (118422, 'ratingKey'), (116678, 'ratingKey'), (127455, 'ratingKey'), (3963, 'ratingKey'), (126500, 'ratingKey'), (102132, 'ratingKey'), (125611, 'ratingKey'), (125223, 'ratingKey'), (112586, 'ratingKey'), (112584, 'ratingKey'), (125636, 'ratingKey'), (126316, 'ratingKey'), (122950, 'ratingKey'), (118619, 'ratingKey'), (115328, 'ratingKey'), (112567, 'ratingKey'), (116516, 'ratingKey'), (116289, 'ratingKey'), (115530, 'ratingKey'), (126260, 'ratingKey'), (113255, 'ratingKey'), (115498, 'ratingKey'), (100309, 'ratingKey'), (101139, 'ratingKey'), (116691, 'ratingKey'), (126118, 'ratingKey'), (112886, 'ratingKey'), (114143, 'ratingKey'), (104548, 'ratingKey'), (101299, 'ratingKey'), (115044, 'ratingKey'), (113446, 'ratingKey'), (112499, 'ratingKey'), (121706, 'ratingKey'), (116486, 'ratingKey'), (125316, 'ratingKey'), (123954, 'ratingKey'), (113143, 'ratingKey'), (101462, 'ratingKey'), (126135, 'ratingKey'), (118711, 'ratingKey'), (128916, 'ratingKey'), (96826, 'ratingKey'), (122416, 'ratingKey'), (127946, 'ratingKey'), (127951, 'ratingKey'), (124375, 'ratingKey'), (127865, 'ratingKey'), (78501, 'ratingKey'), (128006, 'ratingKey'), (80978, 'ratingKey'), (78646, 'ratingKey'), (78648, 'ratingKey'), (128928, 'ratingKey'), (78956, 'ratingKey'), (102085, 'ratingKey'), (96916, 'ratingKey'), (128946, 'ratingKey'), (114032, 'ratingKey'), (125858, 'ratingKey'), (125779, 'ratingKey'), (113747, 'ratingKey'), (125807, 'ratingKey'), (113909, 'ratingKey'), (124413, 'ratingKey'), (115956, 'ratingKey'), (112337, 'ratingKey'), (119517, 'ratingKey'), (115861, 'ratingKey'), (121763, 'ratingKey')] |
[2023-02-28 14:22:48,190] [builder.py:1282]           [DEBUG]    |                                                                                                    |
[2023-02-28 14:22:48,190] [builder.py:1283]           [DEBUG]    | 96 IDs Found: [(122926, 'ratingKey'), (117417, 'ratingKey'), (118376, 'ratingKey'), (118169, 'ratingKey'), (113116, 'ratingKey'), (117535, 'ratingKey'), (122339, 'ratingKey'), (122866, 'ratingKey'), (99288, 'ratingKey'), (121368, 'ratingKey'), (117237, 'ratingKey'), (116714, 'ratingKey'), (111684, 'ratingKey'), (117644, 'ratingKey'), (119499, 'ratingKey'), (124865, 'ratingKey'), (126830, 'ratingKey'), (121610, 'ratingKey'), (117134, 'ratingKey'), (126947, 'ratingKey'), (112697, 'ratingKey'), (128008, 'ratingKey'), (127384, 'ratingKey'), (117072, 'ratingKey'), (100241, 'ratingKey'), (122424, 'ratingKey'), (118422, 'ratingKey'), (116678, 'ratingKey'), (127455, 'ratingKey'), (3963, 'ratingKey'), (126500, 'ratingKey'), (102132, 'ratingKey'), (125611, 'ratingKey'), (125223, 'ratingKey'), (112586, 'ratingKey'), (112584, 'ratingKey'), (125636, 'ratingKey'), (126316, 'ratingKey'), (122950, 'ratingKey'), (118619, 'ratingKey'), (115328, 'ratingKey'), (112567, 'ratingKey'), (116516, 'ratingKey'), (116289, 'ratingKey'), (115530, 'ratingKey'), (126260, 'ratingKey'), (113255, 'ratingKey'), (115498, 'ratingKey'), (100309, 'ratingKey'), (101139, 'ratingKey'), (116691, 'ratingKey'), (126118, 'ratingKey'), (112886, 'ratingKey'), (114143, 'ratingKey'), (104548, 'ratingKey'), (101299, 'ratingKey'), (115044, 'ratingKey'), (113446, 'ratingKey'), (112499, 'ratingKey'), (121706, 'ratingKey'), (116486, 'ratingKey'), (125316, 'ratingKey'), (123954, 'ratingKey'), (113143, 'ratingKey'), (101462, 'ratingKey'), (126135, 'ratingKey'), (118711, 'ratingKey'), (128916, 'ratingKey'), (96826, 'ratingKey'), (122416, 'ratingKey'), (127946, 'ratingKey'), (127951, 'ratingKey'), (124375, 'ratingKey'), (127865, 'ratingKey'), (78501, 'ratingKey'), (128006, 'ratingKey'), (80978, 'ratingKey'), (78646, 'ratingKey'), (78648, 'ratingKey'), (128928, 'ratingKey'), (78956, 'ratingKey'), (102085, 'ratingKey'), (96916, 'ratingKey'), (128946, 'ratingKey'), (114032, 'ratingKey'), (125858, 'ratingKey'), (125779, 'ratingKey'), (113747, 'ratingKey'), (125807, 'ratingKey'), (113909, 'ratingKey'), (124413, 'ratingKey'), (115956, 'ratingKey'), (112337, 'ratingKey'), (119517, 'ratingKey'), (115861, 'ratingKey'), (121763, 'ratingKey')] |
[2023-02-28 14:22:48,190] [builder.py:1284]           [DEBUG]    |                                                                                                    |
[2023-02-28 14:22:50,155] [builder.py:2015]           [INFO]     |                                                                                                    |
[2023-02-28 14:22:50,155] [util.py:216]               [INFO]     |============================== Items Found for 4K Overlay Collection ===============================|
[2023-02-28 14:22:50,156] [builder.py:2017]           [INFO]     |                                                                                                    |
[2023-02-28 14:22:50,156] [builder.py:2023]           [INFO]     |                                                                                                    |
[2023-02-28 14:22:50,156] [util.py:216]               [INFO]     |====================== Updating Details of the Items in 4K Overlay Collection ======================|
[2023-02-28 14:22:50,157] [builder.py:2025]           [INFO]     |                                                                                                    |
[2023-02-28 14:22:50,986] [library.py:179]            [INFO]     | Detail: Overlay: 4K applied to Athena                                                              |
[2023-02-28 14:22:51,624] [library.py:179]            [INFO]     | Detail: Overlay: 4K applied to Audible                                                             |
[2023-02-28 14:22:52,307] [library.py:179]            [INFO]     | Detail: Overlay: 4K applied to The Beta Test                                                       |
[2023-02-28 14:22:52,761] [library.py:179]            [INFO]     | Detail: Overlay: 4K applied to Bodies Bodies Bodies                                                |
[2023-02-28 14:22:53,346] [library.py:179]            [INFO]     | Detail: Overlay: 4K applied to Breaking                                                            |
[2023-02-28 14:22:54,242] [library.py:179]            [INFO]     | Detail: Overlay: 4K applied to Die Another Day                                                     |
[2023-02-28 14:22:54,999] [library.py:179]            [INFO]     | Detail: Overlay: 4K applied to Dr. No                                                              |
[2023-02-28 14:22:55,659] [library.py:179]            [INFO]     | Detail: Overlay: 4K applied to Emily the Criminal                                                  |
[2023-02-28 14:22:56,107] [library.py:179]            [INFO]     | Detail: Overlay: 4K applied to The French Dispatch                                                 |
[2023-02-28 14:22:56,716] [library.py:179]            [INFO]     | Detail: Overlay: 4K applied to God's Country                                                       |
[2023-02-28 14:22:56,866] [builder.py:2067]           [ERROR]    | Overlay Error: Poster already has an existing Overlay: 4K-HDR Overlay                              |
[2023-02-28 14:22:57,454] [library.py:179]            [INFO]     | Detail: Overlay: 4K applied to Hancock                                                             |
[2023-02-28 14:22:58,009] [library.py:179]            [INFO]     | Detail: Overlay: 4K applied to The Handmaiden                                                      |
[2023-02-28 14:22:58,489] [library.py:179]            [INFO]     | Detail: Overlay: 4K applied to Harry Potter 20th Anniversary: Return to Hogwarts                   |
[2023-02-28 14:22:58,967] [library.py:179]            [INFO]     | Detail: Overlay: 4K applied to The Hustle                                                          |
[2023-02-28 14:22:59,501] [library.py:179]            [INFO]     | Detail: Overlay: 4K applied to Inside                                                              |
[2023-02-28 14:23:00,086] [library.py:179]            [INFO]     | Detail: Overlay: 4K applied to Kitbull                                                             |
[2023-02-28 14:23:00,689] [library.py:179]            [INFO]     | Detail: Overlay: 4K applied to Lost Bullet                                                         |
[2023-02-28 14:23:01,223] [library.py:179]            [INFO]     | Detail: Overlay: 4K applied to Love Actually                                                       |
[2023-02-28 14:23:01,753] [library.py:179]            [INFO]     | Detail: Overlay: 4K applied to Memories of Murder                                                  |
[2023-02-28 14:23:02,388] [library.py:179]            [INFO]     | Detail: Overlay: 4K applied to My First Summer                                                     |
[2023-02-28 14:23:02,929] [library.py:179]            [INFO]     | Detail: Overlay: 4K applied to Red Notice                                                          |
[2023-02-28 14:23:03,533] [library.py:179]            [INFO]     | Detail: Overlay: 4K applied to Run                                                                 |
[2023-02-28 14:23:03,983] [library.py:179]            [INFO]     | Detail: Overlay: 4K applied to South Park the Streaming Wars Part 2                                |
[2023-02-28 14:23:04,296] [library.py:179]            [INFO]     | Detail: Overlay: 4K applied to The Sparks Brothers                                                 |
[2023-02-28 14:23:04,970] [library.py:179]            [INFO]     | Detail: Overlay: 4K applied to Till Death                                                          |
[2023-02-28 14:23:05,743] [library.py:179]            [INFO]     | Detail: Overlay: 4K applied to The Two Popes                                                       |
[2023-02-28 14:23:05,829] [plex_meta_manager.py:880]  [INFO]     |                                                                                                    |
[2023-02-28 14:23:05,829] [util.py:209]               [INFO]     |====================================================================================================|
[2023-02-28 14:23:05,830] [util.py:216]               [INFO]     |                                   Finished 4K Overlay Collection                                   |
[2023-02-28 14:23:05,830] [util.py:216]               [INFO]     |                                    Collection Run Time: 0:00:17                                    |
[2023-02-28 14:23:05,830] [util.py:220]               [INFO]     |====================================================================================================|
