[2023-02-28 01:04:29,807] [util.py:209]               [INFO]     |====================================================================================================|
[2023-02-28 01:04:29,807] [util.py:216]               [INFO]     |                       Cloudy with a Chance of Meatballs Collection in Movies                       |
[2023-02-28 01:04:29,808] [util.py:220]               [INFO]     |====================================================================================================|
[2023-02-28 01:04:29,808] [plex_meta_manager.py:750]  [INFO]     |                                                                                                    |
[2023-02-28 01:04:29,808] [util.py:216]               [INFO]     |===================== Validating Cloudy with a Chance of Meatballs Attributes ======================|
[2023-02-28 01:04:29,809] [builder.py:265]            [DEBUG]    |                                                                                                    |
[2023-02-28 01:04:29,809] [builder.py:266]            [DEBUG]    | Validating Method: template                                                                        |
[2023-02-28 01:04:29,809] [meta.py:83]                [DEBUG]    | Value: ordereddict([('name', 'Collection'), ('collection', 177467), ('poster', 'https://theposterdb.com/api/assets/37354')]) |
[2023-02-28 01:04:29,809] [builder.py:330]            [DEBUG]    |                                                                                                    |
[2023-02-28 01:04:29,810] [builder.py:331]            [DEBUG]    | Validating Method: sync_mode                                                                       |
[2023-02-28 01:04:29,810] [builder.py:335]            [DEBUG]    | Value: sync                                                                                        |
[2023-02-28 01:04:29,810] [builder.py:453]            [DEBUG]    |                                                                                                    |
[2023-02-28 01:04:29,810] [builder.py:454]            [DEBUG]    | Validating Method: collection_order                                                                |
[2023-02-28 01:04:29,811] [builder.py:455]            [DEBUG]    | Value: release                                                                                     |
[2023-02-28 01:04:29,811] [builder.py:472]            [DEBUG]    |                                                                                                    |
[2023-02-28 01:04:29,811] [builder.py:473]            [DEBUG]    | Validating Method: tmdb_collection_details                                                         |
[2023-02-28 01:04:29,811] [builder.py:474]            [DEBUG]    | Value: 177467                                                                                      |
[2023-02-28 01:04:29,931] [builder.py:472]            [DEBUG]    |                                                                                                    |
[2023-02-28 01:04:29,931] [builder.py:473]            [DEBUG]    | Validating Method: sort_title                                                                      |
[2023-02-28 01:04:29,931] [builder.py:474]            [DEBUG]    | Value: 00000f_Cloudy with a Chance of Meatballs                                                    |
[2023-02-28 01:04:29,932] [builder.py:472]            [DEBUG]    |                                                                                                    |
[2023-02-28 01:04:29,932] [builder.py:473]            [DEBUG]    | Validating Method: url_poster                                                                      |
[2023-02-28 01:04:29,932] [builder.py:474]            [DEBUG]    | Value: https://theposterdb.com/api/assets/37354                                                    |
[2023-02-28 01:04:30,119] [builder.py:619]            [INFO]     |                                                                                                    |
[2023-02-28 01:04:30,120] [builder.py:620]            [INFO]     | Validation Successful                                                                              |
[2023-02-28 01:04:30,120] [plex_meta_manager.py:758]  [INFO]     |                                                                                                    |
[2023-02-28 01:04:30,121] [util.py:216]               [INFO]     |======================= Running Cloudy with a Chance of Meatballs Collection =======================|
[2023-02-28 01:04:30,121] [plex_meta_manager.py:773]  [INFO]     |                                                                                                    |
[2023-02-28 01:04:30,121] [plex_meta_manager.py:774]  [INFO]     | Sync Mode: sync                                                                                    |
[2023-02-28 01:04:30,121] [builder.py:1275]           [DEBUG]    |                                                                                                    |
[2023-02-28 01:04:30,122] [builder.py:1276]           [DEBUG]    | Builder: tmdb_collection: 177467                                                                   |
[2023-02-28 01:04:30,122] [builder.py:1277]           [INFO]     |                                                                                                    |
[2023-02-28 01:04:30,122] [tmdb.py:323]               [INFO]     | Processing TMDb Collection: (177467) Cloudy with a Chance of Meatballs Collection (2 Items)        |
[2023-02-28 01:04:30,123] [builder.py:1282]           [DEBUG]    |                                                                                                    |
[2023-02-28 01:04:30,123] [builder.py:1283]           [DEBUG]    | 2 IDs Found: [(22794, 'tmdb'), (109451, 'tmdb')]                                                   |
[2023-02-28 01:04:30,123] [builder.py:1284]           [DEBUG]    |                                                                                                    |
[2023-02-28 01:04:30,158] [builder.py:1697]           [INFO]     |                                                                                                    |
[2023-02-28 01:04:30,158] [util.py:216]               [INFO]     |====================== Adding to Cloudy with a Chance of Meatballs Collection ======================|
[2023-02-28 01:04:30,158] [builder.py:1699]           [INFO]     |                                                                                                    |
[2023-02-28 01:04:30,158] [builder.py:1709]           [INFO]     | 1/2 | Cloudy with a Chance of Meatballs Collection | = | Cloudy with a Chance of Meatballs (2009)  |
[2023-02-28 01:04:30,159] [builder.py:1709]           [INFO]     | 2/2 | Cloudy with a Chance of Meatballs Collection | = | Cloudy with a Chance of Meatballs 2 (2013) |
[2023-02-28 01:04:30,159] [builder.py:1734]           [INFO]     |                                                                                                    |
[2023-02-28 01:04:30,159] [builder.py:1735]           [INFO]     | 2 Movies Processed                                                                                 |
[2023-02-28 01:04:30,164] [builder.py:2147]           [INFO]     |                                                                                                    |
[2023-02-28 01:04:30,165] [util.py:216]               [INFO]     |================= Updating Details of Cloudy with a Chance of Meatballs Collection =================|
[2023-02-28 01:04:30,165] [builder.py:2149]           [INFO]     |                                                                                                    |
[2023-02-28 01:04:30,165] [builder.py:2156]           [INFO]     | Detail: tmdb_collection_details updated Collection Summary                                         |
[2023-02-28 01:04:30,166] [builder.py:2258]           [DEBUG]    | 2 posters found:                                                                                   |
[2023-02-28 01:04:30,166] [builder.py:2260]           [DEBUG]    | Method: tmdb_collection_details Poster: https://image.tmdb.org/t/p/original/pRAzOs9cZN8LlhaCKo6LQ0bSfyi.jpg |
[2023-02-28 01:04:30,166] [builder.py:2260]           [DEBUG]    | Method: url_poster Poster: https://theposterdb.com/api/assets/37354                                |
[2023-02-28 01:04:30,166] [builder.py:2298]           [DEBUG]    | 1 backgrounds found:                                                                               |
[2023-02-28 01:04:30,167] [builder.py:2300]           [DEBUG]    | Method: tmdb_collection_details Background: https://image.tmdb.org/t/p/original/eANL41F9Zp1xHMD6VnHnD3QS7ui.jpg |
[2023-02-28 01:04:30,168] [library.py:147]            [INFO]     | Detail: poster update not needed                                                                   |
[2023-02-28 01:04:30,169] [library.py:197]            [INFO]     | Detail: background update not needed                                                               |
[2023-02-28 01:04:30,352] [plex_meta_manager.py:880]  [INFO]     |                                                                                                    |
[2023-02-28 01:04:30,353] [util.py:209]               [INFO]     |====================================================================================================|
[2023-02-28 01:04:30,353] [util.py:216]               [INFO]     |                       Finished Cloudy with a Chance of Meatballs Collection                        |
[2023-02-28 01:04:30,354] [util.py:216]               [INFO]     |                                    Collection Run Time: 0:00:00                                    |
[2023-02-28 01:04:30,354] [util.py:220]               [INFO]     |====================================================================================================|
