[2023-02-28 15:16:45,815] [util.py:209]               [INFO]     |====================================================================================================|
[2023-02-28 15:16:45,816] [util.py:216]               [INFO]     |                                  Freeform Collection in TV Shows                                   |
[2023-02-28 15:16:45,816] [util.py:220]               [INFO]     |====================================================================================================|
[2023-02-28 15:16:45,816] [plex_meta_manager.py:750]  [INFO]     |                                                                                                    |
[2023-02-28 15:16:45,817] [util.py:216]               [INFO]     |================================== Validating Freeform Attributes ==================================|
[2023-02-28 15:16:45,817] [builder.py:265]            [DEBUG]    |                                                                                                    |
[2023-02-28 15:16:45,817] [builder.py:266]            [DEBUG]    | Validating Method: template                                                                        |
[2023-02-28 15:16:45,817] [meta.py:83]                [DEBUG]    | Value: ordereddict([('name', 'network'), ('network', 1267), ('poster', 'https://theposterdb.com/api/assets/207424')]) |
[2023-02-28 15:16:45,818] [builder.py:330]            [DEBUG]    |                                                                                                    |
[2023-02-28 15:16:45,818] [builder.py:331]            [DEBUG]    | Validating Method: sync_mode                                                                       |
[2023-02-28 15:16:45,818] [builder.py:335]            [DEBUG]    | Value: sync                                                                                        |
[2023-02-28 15:16:45,818] [builder.py:453]            [DEBUG]    |                                                                                                    |
[2023-02-28 15:16:45,819] [builder.py:454]            [DEBUG]    | Validating Method: collection_order                                                                |
[2023-02-28 15:16:45,819] [builder.py:455]            [DEBUG]    | Value: alpha                                                                                       |
[2023-02-28 15:16:45,819] [builder.py:472]            [DEBUG]    |                                                                                                    |
[2023-02-28 15:16:45,819] [builder.py:473]            [DEBUG]    | Validating Method: tmdb_network                                                                    |
[2023-02-28 15:16:45,820] [builder.py:474]            [DEBUG]    | Value: 1267                                                                                        |
[2023-02-28 15:16:45,967] [builder.py:472]            [DEBUG]    |                                                                                                    |
[2023-02-28 15:16:45,967] [builder.py:473]            [DEBUG]    | Validating Method: url_poster                                                                      |
[2023-02-28 15:16:45,967] [builder.py:474]            [DEBUG]    | Value: https://theposterdb.com/api/assets/207424                                                   |
[2023-02-28 15:16:45,967] [builder.py:472]            [DEBUG]    |                                                                                                    |
[2023-02-28 15:16:45,968] [builder.py:473]            [DEBUG]    | Validating Method: sort_title                                                                      |
[2023-02-28 15:16:45,968] [builder.py:474]            [DEBUG]    | Value: +4_Freeform                                                                                 |
[2023-02-28 15:16:45,971] [plex.py:687]               [DEBUG]    | Looking for: Freeform                                                                              |
[2023-02-28 15:16:45,971] [builder.py:619]            [INFO]     |                                                                                                    |
[2023-02-28 15:16:45,971] [builder.py:620]            [INFO]     | Validation Successful                                                                              |
[2023-02-28 15:16:45,972] [plex_meta_manager.py:758]  [INFO]     |                                                                                                    |
[2023-02-28 15:16:45,973] [util.py:216]               [INFO]     |=================================== Running Freeform Collection ====================================|
[2023-02-28 15:16:45,973] [plex_meta_manager.py:773]  [INFO]     |                                                                                                    |
[2023-02-28 15:16:45,973] [plex_meta_manager.py:774]  [INFO]     | Sync Mode: sync                                                                                    |
[2023-02-28 15:16:45,974] [builder.py:1275]           [DEBUG]    |                                                                                                    |
[2023-02-28 15:16:45,974] [builder.py:1276]           [DEBUG]    | Builder: tmdb_network: 1267                                                                        |
[2023-02-28 15:16:45,974] [builder.py:1277]           [INFO]     |                                                                                                    |
[2023-02-28 15:16:46,434] [tmdb.py:282]               [INFO]     | Processing TMDb Network: (1267) Freeform (47 Shows)                                                |
[2023-02-28 15:16:46,435] [builder.py:1282]           [DEBUG]    |                                                                                                    |
[2023-02-28 15:16:46,435] [builder.py:1283]           [DEBUG]    | 47 IDs Found: [(31917, 'tmdb_show'), (63210, 'tmdb_show'), (71886, 'tmdb_show'), (46880, 'tmdb_show'), (42272, 'tmdb_show'), (71885, 'tmdb_show'), (98201, 'tmdb_show'), (37632, 'tmdb_show'), (69630, 'tmdb_show'), (205440, 'tmdb_show'), (80006, 'tmdb_show'), (91977, 'tmdb_show'), (219135, 'tmdb_show'), (66190, 'tmdb_show'), (60888, 'tmdb_show'), (62196, 'tmdb_show'), (79863, 'tmdb_show'), (661, 'tmdb_show'), (67726, 'tmdb_show'), (67725, 'tmdb_show'), (64673, 'tmdb_show'), (66489, 'tmdb_show'), (71884, 'tmdb_show'), (136739, 'tmdb_show'), (66490, 'tmdb_show'), (135312, 'tmdb_show'), (92524, 'tmdb_show'), (91980, 'tmdb_show'), (106567, 'tmdb_show'), (196965, 'tmdb_show'), (87890, 'tmdb_show'), (76388, 'tmdb_show'), (206594, 'tmdb_show'), (67829, 'tmdb_show'), (210114, 'tmdb_show'), (67528, 'tmdb_show'), (110315, 'tmdb_show'), (96090, 'tmdb_show'), (71547, 'tmdb_show'), (69582, 'tmdb_show'), (217462, 'tmdb_show'), (68216, 'tmdb_show'), (70619, 'tmdb_show'), (72849, 'tmdb_show'), (72846, 'tmdb_show'), (72850, 'tmdb_show'), (72848, 'tmdb_show')] |
[2023-02-28 15:16:46,435] [builder.py:1284]           [DEBUG]    |                                                                                                    |
[2023-02-28 15:16:46,582] [builder.py:1361]           [ERROR]    | Convert Error: No TVDb ID Found for TMDb ID: 96090                                                 |
[2023-02-28 15:16:46,724] [builder.py:1361]           [ERROR]    | Convert Error: No TVDb ID Found for TMDb ID: 70619                                                 |
[2023-02-28 15:16:46,847] [builder.py:1361]           [ERROR]    | Convert Error: No TVDb ID Found for TMDb ID: 72849                                                 |
[2023-02-28 15:16:46,954] [builder.py:1361]           [ERROR]    | Convert Error: No TVDb ID Found for TMDb ID: 72846                                                 |
[2023-02-28 15:16:47,088] [builder.py:1361]           [ERROR]    | Convert Error: No TVDb ID Found for TMDb ID: 72850                                                 |
[2023-02-28 15:16:47,191] [builder.py:1361]           [ERROR]    | Convert Error: No TVDb ID Found for TMDb ID: 72848                                                 |
[2023-02-28 15:16:47,192] [plex_meta_manager.py:797]  [INFO]     |                                                                                                    |
[2023-02-28 15:16:47,192] [plex_meta_manager.py:798]  [INFO]     | Collection Minimum: 1 not met for Freeform Collection                                              |
[2023-02-28 15:16:47,192] [builder.py:1969]           [INFO]     |                                                                                                    |
[2023-02-28 15:16:47,193] [util.py:216]               [INFO]     |=============================== Missing Shows from Library: Freeform ===============================|
[2023-02-28 15:16:47,193] [builder.py:1971]           [INFO]     |                                                                                                    |
[2023-02-28 15:16:47,795] [builder.py:1982]           [INFO]     | Freeform Collection | ? | Pretty Little Liars (TVDB: 146711)                                       |
[2023-02-28 15:16:48,251] [builder.py:1982]           [INFO]     | Freeform Collection | ? | Shadowhunters (TVDB: 295837)                                             |
[2023-02-28 15:16:48,687] [builder.py:1982]           [INFO]     | Freeform Collection | ? | Siren (2018) (TVDB: 335982)                                              |
[2023-02-28 15:16:49,198] [builder.py:1982]           [INFO]     | Freeform Collection | ? | The Fosters (2013) (TVDB: 267907)                                        |
[2023-02-28 15:16:49,515] [builder.py:1982]           [INFO]     | Freeform Collection | ? | Baby Daddy (TVDB: 258602)                                                |
[2023-02-28 15:16:50,019] [builder.py:1982]           [INFO]     | Freeform Collection | ? | grown-ish (TVDB: 332802)                                                 |
[2023-02-28 15:16:50,375] [builder.py:1982]           [INFO]     | Freeform Collection | ? | Cruel Summer (TVDB: 382556)                                              |
[2023-02-28 15:16:50,718] [builder.py:1982]           [INFO]     | Freeform Collection | ? | Switched at Birth (TVDB: 247773)                                         |
[2023-02-28 15:16:51,204] [builder.py:1982]           [INFO]     | Freeform Collection | ? | The Bold Type (TVDB: 323385)                                             |
[2023-02-28 15:16:51,454] [builder.py:1982]           [INFO]     | Freeform Collection | ? | The Watchful Eye (TVDB: 421903)                                          |
[2023-02-28 15:16:51,907] [builder.py:1982]           [INFO]     | Freeform Collection | ? | Good Trouble (TVDB: 351504)                                              |
[2023-02-28 15:16:52,411] [builder.py:1982]           [INFO]     | Freeform Collection | ? | Motherland: Fort Salem (TVDB: 364047)                                    |
[2023-02-28 15:16:52,618] [builder.py:1982]           [INFO]     | Freeform Collection | ? | Love Trip: Paris (TVDB: 430068)                                          |
[2023-02-28 15:16:53,085] [builder.py:1982]           [INFO]     | Freeform Collection | ? | Marvel's Cloak & Dagger (TVDB: 341455)                                   |
[2023-02-28 15:16:53,445] [builder.py:1982]           [INFO]     | Freeform Collection | ? | Young & Hungry (TVDB: 277021)                                            |
[2023-02-28 15:16:53,764] [builder.py:1982]           [INFO]     | Freeform Collection | ? | Stitchers (TVDB: 292745)                                                 |
[2023-02-28 15:16:54,075] [builder.py:1982]           [INFO]     | Freeform Collection | ? | Pretty Little Liars: The Perfectionists (TVDB: 358590)                   |
[2023-02-28 15:16:54,435] [builder.py:1982]           [INFO]     | Freeform Collection | ? | The Young Indiana Jones Chronicles (TVDB: 72452)                         |
[2023-02-28 15:16:54,732] [builder.py:1982]           [INFO]     | Freeform Collection | ? | Beyond (TVDB: 318106)                                                    |
[2023-02-28 15:16:55,041] [builder.py:1982]           [INFO]     | Freeform Collection | ? | Famous in Love (TVDB: 315741)                                            |
[2023-02-28 15:16:55,286] [builder.py:1982]           [INFO]     | Freeform Collection | ? | Recovery Road (TVDB: 294882)                                             |
[2023-02-28 15:16:55,571] [builder.py:1982]           [INFO]     | Freeform Collection | ? | Dead of Summer (TVDB: 309992)                                            |
[2023-02-28 15:16:55,805] [builder.py:1982]           [INFO]     | Freeform Collection | ? | Alone Together (TVDB: 336604)                                            |
[2023-02-28 15:16:56,092] [builder.py:1982]           [INFO]     | Freeform Collection | ? | Single Drunk Female (TVDB: 397566)                                       |
[2023-02-28 15:16:56,488] [builder.py:1982]           [INFO]     | Freeform Collection | ? | Guilt (TVDB: 309990)                                                     |
[2023-02-28 15:16:56,711] [builder.py:1982]           [INFO]     | Freeform Collection | ? | Everything's Trash (TVDB: 411378)                                        |
[2023-02-28 15:16:56,962] [builder.py:1982]           [INFO]     | Freeform Collection | ? | Disney's Fairy Tale Weddings (TVDB: 328616)                              |
[2023-02-28 15:16:57,270] [builder.py:1982]           [INFO]     | Freeform Collection | ? | Everything's Gonna Be Okay (TVDB: 364109)                                |
[2023-02-28 15:16:57,497] [builder.py:1982]           [INFO]     | Freeform Collection | ? | Love in the Time of Corona (TVDB: 382037)                                |
[2023-02-28 15:16:57,691] [builder.py:1982]           [INFO]     | Freeform Collection | ? | The Deep End (2022) (TVDB: 420095)                                       |
[2023-02-28 15:16:57,993] [builder.py:1982]           [INFO]     | Freeform Collection | ? | Party of Five (2020) (TVDB: 361187)                                      |
[2023-02-28 15:16:58,176] [builder.py:1982]           [INFO]     | Freeform Collection | ? | Movie Night with Karlie Kloss (TVDB: 380715)                             |
[2023-02-28 15:16:58,434] [builder.py:1982]           [INFO]     | Freeform Collection | ? | Keep This Between Us (TVDB: 423568)                                      |
[2023-02-28 15:16:58,729] [builder.py:1982]           [INFO]     | Freeform Collection | ? | Happily Ever After? (TVDB: 316402)                                       |
[2023-02-28 15:16:58,934] [builder.py:1982]           [INFO]     | Freeform Collection | ? | The Come Up (TVDB: 423069)                                               |
[2023-02-28 15:16:59,161] [builder.py:1982]           [INFO]     | Freeform Collection | ? | Cheer Squad (TVDB: 310213)                                               |
[2023-02-28 15:16:59,388] [builder.py:1982]           [INFO]     | Freeform Collection | ? | Kal Penn Approves This Message (TVDB: 388284)                            |
[2023-02-28 15:16:59,590] [builder.py:1982]           [INFO]     | Freeform Collection | ? | Truth & Iliza (TVDB: 327469)                                             |
[2023-02-28 15:16:59,849] [builder.py:1982]           [INFO]     | Freeform Collection | ? | Party Girl (2016) (TVDB: 321208)                                         |
[2023-02-28 15:17:00,119] [builder.py:1982]           [INFO]     | Freeform Collection | ? | Praise Petey (TVDB: 414099)                                              |
[2023-02-28 15:17:00,291] [builder.py:1982]           [INFO]     | Freeform Collection | ? | The Letter (TVDB: 317811)                                                |
[2023-02-28 15:17:00,291] [builder.py:1986]           [INFO]     |                                                                                                    |
[2023-02-28 15:17:00,292] [builder.py:1987]           [INFO]     | 41 Shows Missing                                                                                   |
[2023-02-28 15:17:00,685] [plex_meta_manager.py:880]  [INFO]     |                                                                                                    |
[2023-02-28 15:17:00,685] [util.py:209]               [INFO]     |====================================================================================================|
[2023-02-28 15:17:00,685] [util.py:216]               [INFO]     |                                    Finished Freeform Collection                                    |
[2023-02-28 15:17:00,686] [util.py:216]               [INFO]     |                                    Collection Run Time: 0:00:14                                    |
[2023-02-28 15:17:00,686] [util.py:220]               [INFO]     |====================================================================================================|
