[2023-02-02 01:32:34,471] [util.py:209]               [INFO]     |====================================================================================================|
[2023-02-02 01:32:34,471] [util.py:216]               [INFO]     |                                   Cinemax Collection in TV Shows                                   |
[2023-02-02 01:32:34,472] [util.py:220]               [INFO]     |====================================================================================================|
[2023-02-02 01:32:34,472] [plex_meta_manager.py:750]  [INFO]     |                                                                                                    |
[2023-02-02 01:32:34,473] [util.py:216]               [INFO]     |================================== Validating Cinemax Attributes ===================================|
[2023-02-02 01:32:34,473] [builder.py:265]            [DEBUG]    |                                                                                                    |
[2023-02-02 01:32:34,473] [builder.py:266]            [DEBUG]    | Validating Method: template                                                                        |
[2023-02-02 01:32:34,474] [meta.py:83]                [DEBUG]    | Value: ordereddict([('name', 'network'), ('network', 359), ('poster', 'https://theposterdb.com/api/assets/193488')]) |
[2023-02-02 01:32:34,474] [builder.py:330]            [DEBUG]    |                                                                                                    |
[2023-02-02 01:32:34,474] [builder.py:331]            [DEBUG]    | Validating Method: sync_mode                                                                       |
[2023-02-02 01:32:34,474] [builder.py:335]            [DEBUG]    | Value: sync                                                                                        |
[2023-02-02 01:32:34,475] [builder.py:453]            [DEBUG]    |                                                                                                    |
[2023-02-02 01:32:34,475] [builder.py:454]            [DEBUG]    | Validating Method: collection_order                                                                |
[2023-02-02 01:32:34,475] [builder.py:455]            [DEBUG]    | Value: alpha                                                                                       |
[2023-02-02 01:32:34,475] [builder.py:472]            [DEBUG]    |                                                                                                    |
[2023-02-02 01:32:34,476] [builder.py:473]            [DEBUG]    | Validating Method: tmdb_network                                                                    |
[2023-02-02 01:32:34,476] [builder.py:474]            [DEBUG]    | Value: 359                                                                                         |
[2023-02-02 01:32:34,640] [builder.py:472]            [DEBUG]    |                                                                                                    |
[2023-02-02 01:32:34,641] [builder.py:473]            [DEBUG]    | Validating Method: url_poster                                                                      |
[2023-02-02 01:32:34,641] [builder.py:474]            [DEBUG]    | Value: https://theposterdb.com/api/assets/193488                                                   |
[2023-02-02 01:32:34,641] [builder.py:472]            [DEBUG]    |                                                                                                    |
[2023-02-02 01:32:34,642] [builder.py:473]            [DEBUG]    | Validating Method: sort_title                                                                      |
[2023-02-02 01:32:34,642] [builder.py:474]            [DEBUG]    | Value: +4_Cinemax                                                                                  |
[2023-02-02 01:32:34,716] [builder.py:619]            [INFO]     |                                                                                                    |
[2023-02-02 01:32:34,716] [builder.py:620]            [INFO]     | Validation Successful                                                                              |
[2023-02-02 01:32:34,717] [plex_meta_manager.py:758]  [INFO]     |                                                                                                    |
[2023-02-02 01:32:34,717] [util.py:216]               [INFO]     |==================================== Running Cinemax Collection ====================================|
[2023-02-02 01:32:34,718] [plex_meta_manager.py:773]  [INFO]     |                                                                                                    |
[2023-02-02 01:32:34,718] [plex_meta_manager.py:774]  [INFO]     | Sync Mode: sync                                                                                    |
[2023-02-02 01:32:34,718] [builder.py:1275]           [DEBUG]    |                                                                                                    |
[2023-02-02 01:32:34,718] [builder.py:1276]           [DEBUG]    | Builder: tmdb_network: 359                                                                         |
[2023-02-02 01:32:34,719] [builder.py:1277]           [INFO]     |                                                                                                    |
[2023-02-02 01:32:35,104] [tmdb.py:282]               [INFO]     | Processing TMDb Network: (359) Cinemax (36 Shows)                                                  |
[2023-02-02 01:32:35,104] [builder.py:1282]           [DEBUG]    |                                                                                                    |
[2023-02-02 01:32:35,105] [builder.py:1283]           [DEBUG]    | 36 IDs Found: [(7463, 'tmdb_show'), (41727, 'tmdb_show'), (41875, 'tmdb_show'), (73544, 'tmdb_show'), (32573, 'tmdb_show'), (79212, 'tmdb_show'), (51537, 'tmdb_show'), (40314, 'tmdb_show'), (39388, 'tmdb_show'), (33404, 'tmdb_show'), (84303, 'tmdb_show'), (27480, 'tmdb_show'), (64394, 'tmdb_show'), (30539, 'tmdb_show'), (3736, 'tmdb_show'), (61014, 'tmdb_show'), (8448, 'tmdb_show'), (66911, 'tmdb_show'), (45576, 'tmdb_show'), (19488, 'tmdb_show'), (7655, 'tmdb_show'), (27593, 'tmdb_show'), (43989, 'tmdb_show'), (26348, 'tmdb_show'), (66899, 'tmdb_show'), (17160, 'tmdb_show'), (28112, 'tmdb_show'), (73610, 'tmdb_show'), (28507, 'tmdb_show'), (21787, 'tmdb_show'), (25695, 'tmdb_show'), (23548, 'tmdb_show'), (58735, 'tmdb_show'), (23364, 'tmdb_show'), (47201, 'tmdb_show'), (21426, 'tmdb_show')] |
[2023-02-02 01:32:35,105] [builder.py:1284]           [DEBUG]    |                                                                                                    |
[2023-02-02 01:32:35,270] [builder.py:1361]           [ERROR]    | Convert Error: No TVDb ID Found for TMDb ID: 79212                                                 |
[2023-02-02 01:32:35,384] [builder.py:1361]           [ERROR]    | Convert Error: No TVDb ID Found for TMDb ID: 66899                                                 |
[2023-02-02 01:32:35,503] [builder.py:1361]           [ERROR]    | Convert Error: No TVDb ID Found for TMDb ID: 21787                                                 |
[2023-02-02 01:32:35,614] [builder.py:1361]           [ERROR]    | Convert Error: No TVDb ID Found for TMDb ID: 47201                                                 |
[2023-02-02 01:32:35,759] [builder.py:1361]           [ERROR]    | Convert Error: No TVDb ID Found for TMDb ID: 21426                                                 |
[2023-02-02 01:32:35,759] [builder.py:1697]           [INFO]     |                                                                                                    |
[2023-02-02 01:32:35,760] [util.py:216]               [INFO]     |=================================== Adding to Cinemax Collection ===================================|
[2023-02-02 01:32:35,760] [builder.py:1699]           [INFO]     |                                                                                                    |
[2023-02-02 01:32:35,760] [builder.py:1709]           [INFO]     | 1/1 | Cinemax Collection | = | Banshee                                                             |
[2023-02-02 01:32:35,761] [builder.py:1734]           [INFO]     |                                                                                                    |
[2023-02-02 01:32:35,761] [builder.py:1735]           [INFO]     | 1 Show Processed                                                                                   |
[2023-02-02 01:32:35,761] [builder.py:1969]           [INFO]     |                                                                                                    |
[2023-02-02 01:32:35,761] [util.py:216]               [INFO]     |=============================== Missing Shows from Library: Cinemax ================================|
[2023-02-02 01:32:35,762] [builder.py:1971]           [INFO]     |                                                                                                    |
[2023-02-02 01:32:36,018] [builder.py:1982]           [INFO]     | Cinemax Collection | ? | The Best Sex Ever (TVDB: 71081)                                           |
[2023-02-02 01:32:36,250] [builder.py:1982]           [INFO]     | Cinemax Collection | ? | Chemistry (TVDB: 251405)                                                  |
[2023-02-02 01:32:36,718] [builder.py:1982]           [INFO]     | Cinemax Collection | ? | Warrior (TVDB: 359326)                                                    |
[2023-02-02 01:32:37,348] [builder.py:1982]           [INFO]     | Cinemax Collection | ? | Strike Back (TVDB: 148581)                                                |
[2023-02-02 01:32:37,629] [builder.py:1982]           [INFO]     | Cinemax Collection | ? | Life On Top (TVDB: 120341)                                                |
[2023-02-02 01:32:38,027] [builder.py:1982]           [INFO]     | Cinemax Collection | ? | Lingerie (TVDB: 102441)                                                   |
[2023-02-02 01:32:38,300] [builder.py:1982]           [INFO]     | Cinemax Collection | ? | Femme Fatales (TVDB: 249164)                                              |
[2023-02-02 01:32:38,694] [builder.py:1982]           [INFO]     | Cinemax Collection | ? | Co-Ed Confidential (TVDB: 86881)                                          |
[2023-02-02 01:32:39,090] [builder.py:1982]           [INFO]     | Cinemax Collection | ? | Jett (TVDB: 359791)                                                       |
[2023-02-02 01:32:39,272] [builder.py:1982]           [INFO]     | Cinemax Collection | ? | The Erotic Traveler (TVDB: 115531)                                        |
[2023-02-02 01:32:39,588] [builder.py:1982]           [INFO]     | Cinemax Collection | ? | Outcast (TVDB: 298085)                                                    |
[2023-02-02 01:32:39,805] [builder.py:1982]           [INFO]     | Cinemax Collection | ? | Zane's Sex Chronicles (TVDB: 148521)                                      |
[2023-02-02 01:32:40,014] [builder.py:1982]           [INFO]     | Cinemax Collection | ? | Passion Cove (TVDB: 78376)                                                |
[2023-02-02 01:32:40,308] [builder.py:1982]           [INFO]     | Cinemax Collection | ? | The Knick (TVDB: 279977)                                                  |
[2023-02-02 01:32:40,557] [builder.py:1982]           [INFO]     | Cinemax Collection | ? | Hotel Erotica (TVDB: 72374)                                               |
[2023-02-02 01:32:40,803] [builder.py:1982]           [INFO]     | Cinemax Collection | ? | Quarry (TVDB: 269110)                                                     |
[2023-02-02 01:32:41,042] [builder.py:1982]           [INFO]     | Cinemax Collection | ? | Hunted (TVDB: 259702)                                                     |
[2023-02-02 01:32:41,251] [builder.py:1982]           [INFO]     | Cinemax Collection | ? | Forbidden Science (TVDB: 84708)                                           |
[2023-02-02 01:32:41,464] [builder.py:1982]           [INFO]     | Cinemax Collection | ? | Black Tie Nights: Hollywood Sexcapades (TVDB: 74558)                      |
[2023-02-02 01:32:41,672] [builder.py:1982]           [INFO]     | Cinemax Collection | ? | Sin City Diaries (TVDB: 249304)                                           |
[2023-02-02 01:32:41,923] [builder.py:1982]           [INFO]     | Cinemax Collection | ? | The Girl's Guide to Depravity (TVDB: 257690)                              |
[2023-02-02 01:32:42,161] [builder.py:1982]           [INFO]     | Cinemax Collection | ? | Hot Line (TVDB: 76518)                                                    |
[2023-02-02 01:32:42,382] [builder.py:1982]           [INFO]     | Cinemax Collection | ? | Erotic Confessions (TVDB: 71039)                                          |
[2023-02-02 01:32:42,565] [builder.py:1982]           [INFO]     | Cinemax Collection | ? | The Pleasure Zone (TVDB: 71063)                                           |
[2023-02-02 01:32:42,757] [builder.py:1982]           [INFO]     | Cinemax Collection | ? | Mike Judge Presents: Tales From the Tour Bus (TVDB: 334185)               |
[2023-02-02 01:32:42,936] [builder.py:1982]           [INFO]     | Cinemax Collection | ? | Thrills (TVDB: 71082)                                                     |
[2023-02-02 01:32:43,134] [builder.py:1982]           [INFO]     | Cinemax Collection | ? | Bedtime Stories (TVDB: 70969)                                             |
[2023-02-02 01:32:43,304] [builder.py:1982]           [INFO]     | Cinemax Collection | ? | Intimate Sessions (TVDB: 71096)                                           |
[2023-02-02 01:32:43,486] [builder.py:1982]           [INFO]     | Cinemax Collection | ? | Zane's The Jump Off (TVDB: 272865)                                        |
[2023-02-02 01:32:43,690] [builder.py:1982]           [INFO]     | Cinemax Collection | ? | SCTV Channel (TVDB: 77961)                                                |
[2023-02-02 01:32:43,691] [builder.py:1986]           [INFO]     |                                                                                                    |
[2023-02-02 01:32:43,691] [builder.py:1987]           [INFO]     | 30 Shows Missing                                                                                   |
[2023-02-02 01:32:43,986] [builder.py:2147]           [INFO]     |                                                                                                    |
[2023-02-02 01:32:43,987] [util.py:216]               [INFO]     |============================== Updating Details of Cinemax Collection ==============================|
[2023-02-02 01:32:43,987] [builder.py:2149]           [INFO]     |                                                                                                    |
[2023-02-02 01:32:43,988] [builder.py:2258]           [DEBUG]    | 1 posters found:                                                                                   |
[2023-02-02 01:32:43,988] [builder.py:2260]           [DEBUG]    | Method: url_poster Poster: https://theposterdb.com/api/assets/193488                               |
[2023-02-02 01:32:43,988] [builder.py:2327]           [INFO]     | No background collection detail or asset folder found                                              |
[2023-02-02 01:32:43,997] [library.py:147]            [INFO]     | Detail: poster update not needed                                                                   |
[2023-02-02 01:32:44,067] [plex_meta_manager.py:880]  [INFO]     |                                                                                                    |
[2023-02-02 01:32:44,068] [util.py:209]               [INFO]     |====================================================================================================|
[2023-02-02 01:32:44,068] [util.py:216]               [INFO]     |                                    Finished Cinemax Collection                                     |
[2023-02-02 01:32:44,068] [util.py:216]               [INFO]     |                                    Collection Run Time: 0:00:09                                    |
[2023-02-02 01:32:44,069] [util.py:220]               [INFO]     |====================================================================================================|
