[2023-02-28 13:16:18,782] [util.py:209]               [INFO]     |====================================================================================================|
[2023-02-28 13:16:18,782] [util.py:216]               [INFO]     |                           The Chronicles of Narnia Collection in Movies                            |
[2023-02-28 13:16:18,782] [util.py:220]               [INFO]     |====================================================================================================|
[2023-02-28 13:16:18,783] [plex_meta_manager.py:750]  [INFO]     |                                                                                                    |
[2023-02-28 13:16:18,784] [util.py:216]               [INFO]     |========================== Validating The Chronicles of Narnia Attributes ==========================|
[2023-02-28 13:16:18,784] [builder.py:265]            [DEBUG]    |                                                                                                    |
[2023-02-28 13:16:18,784] [builder.py:266]            [DEBUG]    | Validating Method: template                                                                        |
[2023-02-28 13:16:18,784] [meta.py:83]                [DEBUG]    | Value: ordereddict([('name', 'Collection'), ('collection', 420), ('poster', 'https://theposterdb.com/api/assets/150')]) |
[2023-02-28 13:16:18,785] [builder.py:330]            [DEBUG]    |                                                                                                    |
[2023-02-28 13:16:18,785] [builder.py:331]            [DEBUG]    | Validating Method: sync_mode                                                                       |
[2023-02-28 13:16:18,785] [builder.py:335]            [DEBUG]    | Value: sync                                                                                        |
[2023-02-28 13:16:18,785] [builder.py:453]            [DEBUG]    |                                                                                                    |
[2023-02-28 13:16:18,786] [builder.py:454]            [DEBUG]    | Validating Method: collection_order                                                                |
[2023-02-28 13:16:18,786] [builder.py:455]            [DEBUG]    | Value: release                                                                                     |
[2023-02-28 13:16:18,786] [builder.py:472]            [DEBUG]    |                                                                                                    |
[2023-02-28 13:16:18,786] [builder.py:473]            [DEBUG]    | Validating Method: tmdb_collection_details                                                         |
[2023-02-28 13:16:18,786] [builder.py:474]            [DEBUG]    | Value: 420                                                                                         |
[2023-02-28 13:16:18,885] [tmdb.py:242]               [ERROR]    | TMDb Error: No Collection found for TMDb ID 420: The resource you requested could not be found.    |
[2023-02-28 13:16:18,885] [util.py:162]               [DEBUG]    | Traceback (most recent call last):                                                                 |
[2023-02-28 13:16:18,886] [util.py:162]               [DEBUG]    |   File "C:\Plex-Stack\Plex-Meta-Manager\plex_meta_manager.py", line 757, in run_collection         |
[2023-02-28 13:16:18,886] [util.py:162]               [DEBUG]    |     builder = CollectionBuilder(config, library, metadata, mapping_name, no_missing, collection_attrs) |
[2023-02-28 13:16:18,886] [util.py:162]               [DEBUG]    |   File "C:\Plex-Stack\Plex-Meta-Manager\modules\builder.py", line 549, in __init__                 |
[2023-02-28 13:16:18,886] [util.py:162]               [DEBUG]    |     self._tmdb(method_name, method_data)                                                           |
[2023-02-28 13:16:18,887] [util.py:162]               [DEBUG]    |   File "C:\Plex-Stack\Plex-Meta-Manager\modules\builder.py", line 1155, in _tmdb                   |
[2023-02-28 13:16:18,887] [util.py:162]               [DEBUG]    |     values = self.config.TMDb.validate_tmdb_ids(method_data, method_name)                          |
[2023-02-28 13:16:18,887] [util.py:162]               [DEBUG]    |   File "C:\Plex-Stack\Plex-Meta-Manager\modules\tmdb.py", line 243, in validate_tmdb_ids           |
[2023-02-28 13:16:18,887] [util.py:162]               [DEBUG]    |     if len(tmdb_values) == 0:                   raise Failed(f"TMDb Error: No valid TMDb IDs in {tmdb_list}") |
[2023-02-28 13:16:18,888] [util.py:162]               [DEBUG]    | modules.util.Failed: TMDb Error: No valid TMDb IDs in [420]                                        |
[2023-02-28 13:16:18,888] [util.py:162]               [DEBUG]    |                                                                                                    |
[2023-02-28 13:16:18,888] [util.py:159]               [ERROR]    | TMDb Error: No valid TMDb IDs in [420]                                                             |
[2023-02-28 13:16:18,888] [plex_meta_manager.py:880]  [INFO]     |                                                                                                    |
[2023-02-28 13:16:18,889] [util.py:209]               [INFO]     |====================================================================================================|
[2023-02-28 13:16:18,889] [util.py:216]               [INFO]     |                            Finished The Chronicles of Narnia Collection                            |
[2023-02-28 13:16:18,889] [util.py:216]               [INFO]     |                                    Collection Run Time: 0:00:00                                    |
[2023-02-28 13:16:18,889] [util.py:220]               [INFO]     |====================================================================================================|
