[2023-02-14 01:11:49,625] [util.py:209]               [INFO]     |====================================================================================================|
[2023-02-14 01:11:49,625] [util.py:216]               [INFO]     |                            Sony Pictures Animation Collection in Movies                            |
[2023-02-14 01:11:49,625] [util.py:220]               [INFO]     |====================================================================================================|
[2023-02-14 01:11:49,626] [plex_meta_manager.py:750]  [INFO]     |                                                                                                    |
[2023-02-14 01:11:49,626] [util.py:216]               [INFO]     |========================== Validating Sony Pictures Animation Attributes ===========================|
[2023-02-14 01:11:49,626] [builder.py:265]            [DEBUG]    |                                                                                                    |
[2023-02-14 01:11:49,626] [builder.py:266]            [DEBUG]    | Validating Method: template                                                                        |
[2023-02-14 01:11:49,627] [meta.py:83]                [DEBUG]    | Value: ordereddict([('name', 'Studio'), ('company', 2251), ('poster', 'https://theposterdb.com/api/assets/131749')]) |
[2023-02-14 01:11:49,627] [builder.py:453]            [DEBUG]    |                                                                                                    |
[2023-02-14 01:11:49,627] [builder.py:454]            [DEBUG]    | Validating Method: collection_order                                                                |
[2023-02-14 01:11:49,627] [builder.py:455]            [DEBUG]    | Value: release.desc                                                                                |
[2023-02-14 01:11:49,628] [builder.py:472]            [DEBUG]    |                                                                                                    |
[2023-02-14 01:11:49,628] [builder.py:473]            [DEBUG]    | Validating Method: summary                                                                         |
[2023-02-14 01:11:49,628] [builder.py:474]            [DEBUG]    | Value: Sony Pictures Animation Inc. is an American animation studio owned by Sony Entertainment's Sony Pictures Entertainment through their Motion Picture Group division and founded on May 9, 2002. The studio's films are distributed worldwide by Sony Pictures Releasing under their Columbia Pictures label, while all direct-to-video releases are released by Sony Pictures Home Entertainment. |
[2023-02-14 01:11:49,628] [builder.py:472]            [DEBUG]    |                                                                                                    |
[2023-02-14 01:11:49,628] [builder.py:473]            [DEBUG]    | Validating Method: tmdb_company                                                                    |
[2023-02-14 01:11:49,629] [builder.py:474]            [DEBUG]    | Value: 2251                                                                                        |
[2023-02-14 01:11:49,735] [builder.py:472]            [DEBUG]    |                                                                                                    |
[2023-02-14 01:11:49,736] [builder.py:473]            [DEBUG]    | Validating Method: url_poster                                                                      |
[2023-02-14 01:11:49,736] [builder.py:474]            [DEBUG]    | Value: https://theposterdb.com/api/assets/131749                                                   |
[2023-02-14 01:11:49,736] [builder.py:472]            [DEBUG]    |                                                                                                    |
[2023-02-14 01:11:49,737] [builder.py:473]            [DEBUG]    | Validating Method: sort_title                                                                      |
[2023-02-14 01:11:49,737] [builder.py:474]            [DEBUG]    | Value: 00000e_Sony Pictures Animation                                                              |
[2023-02-14 01:11:49,863] [builder.py:619]            [INFO]     |                                                                                                    |
[2023-02-14 01:11:49,864] [builder.py:620]            [INFO]     | Validation Successful                                                                              |
[2023-02-14 01:11:49,865] [plex_meta_manager.py:758]  [INFO]     |                                                                                                    |
[2023-02-14 01:11:49,865] [util.py:216]               [INFO]     |============================ Running Sony Pictures Animation Collection ============================|
[2023-02-14 01:11:49,865] [plex_meta_manager.py:773]  [INFO]     |                                                                                                    |
[2023-02-14 01:11:49,866] [plex_meta_manager.py:774]  [INFO]     | Sync Mode: append                                                                                  |
[2023-02-14 01:11:49,866] [builder.py:1275]           [DEBUG]    |                                                                                                    |
[2023-02-14 01:11:49,866] [builder.py:1276]           [DEBUG]    | Builder: tmdb_company: 2251                                                                        |
[2023-02-14 01:11:49,866] [builder.py:1277]           [INFO]     |                                                                                                    |
[2023-02-14 01:11:50,269] [tmdb.py:282]               [INFO]     | Processing TMDb Company: (2251) Sony Pictures Animation (57 Movies)                                |
[2023-02-14 01:11:50,269] [builder.py:1282]           [DEBUG]    |                                                                                                    |
[2023-02-14 01:11:50,270] [builder.py:1283]           [DEBUG]    | 57 IDs Found: [(830784, 'tmdb'), (585083, 'tmdb'), (324857, 'tmdb'), (569094, 'tmdb'), (550205, 'tmdb'), (813258, 'tmdb'), (76492, 'tmdb'), (449406, 'tmdb'), (159824, 'tmdb'), (400155, 'tmdb'), (454640, 'tmdb'), (22794, 'tmdb'), (137116, 'tmdb'), (378236, 'tmdb'), (109451, 'tmdb'), (501929, 'tmdb'), (257445, 'tmdb'), (77931, 'tmdb'), (41513, 'tmdb'), (442062, 'tmdb'), (382517, 'tmdb'), (7484, 'tmdb'), (51052, 'tmdb'), (9408, 'tmdb'), (381719, 'tmdb'), (13690, 'tmdb'), (220845, 'tmdb'), (355547, 'tmdb'), (51170, 'tmdb'), (411840, 'tmdb'), (72197, 'tmdb'), (79443, 'tmdb'), (911916, 'tmdb'), (459159, 'tmdb'), (589739, 'tmdb'), (583055, 'tmdb'), (71430, 'tmdb'), (130966, 'tmdb'), (27037, 'tmdb'), (140974, 'tmdb'), (252875, 'tmdb'), (252884, 'tmdb'), (903033, 'tmdb'), (521353, 'tmdb'), (803796, 'tmdb'), (690048, 'tmdb'), (278380, 'tmdb'), (252878, 'tmdb'), (252882, 'tmdb'), (657273, 'tmdb'), (995258, 'tmdb'), (753338, 'tmdb'), (699273, 'tmdb'), (648438, 'tmdb'), (610329, 'tmdb'), (537923, 'tmdb'), (537921, 'tmdb')] |
[2023-02-14 01:11:50,270] [builder.py:1284]           [DEBUG]    |                                                                                                    |
[2023-02-14 01:11:50,466] [builder.py:1697]           [INFO]     |                                                                                                    |
[2023-02-14 01:11:50,467] [util.py:216]               [INFO]     |=========================== Adding to Sony Pictures Animation Collection ===========================|
[2023-02-14 01:11:50,467] [builder.py:1699]           [INFO]     |                                                                                                    |
[2023-02-14 01:11:50,467] [builder.py:1709]           [INFO]     |  1/10 | Sony Pictures Animation Collection | = | Lyle, Lyle, Crocodile (2022)                      |
[2023-02-14 01:11:50,468] [builder.py:1709]           [INFO]     |  2/10 | Sony Pictures Animation Collection | = | Spider-Man: Into the Spider-Verse (2018)          |
[2023-02-14 01:11:50,468] [builder.py:1709]           [INFO]     |  3/10 | Sony Pictures Animation Collection | = | Hotel Transylvania (2012)                         |
[2023-02-14 01:11:50,468] [builder.py:1709]           [INFO]     |  4/10 | Sony Pictures Animation Collection | = | Hotel Transylvania 2 (2015)                       |
[2023-02-14 01:11:50,469] [builder.py:1709]           [INFO]     |  5/10 | Sony Pictures Animation Collection | = | Hotel Transylvania 3: Summer Vacation (2018)      |
[2023-02-14 01:11:50,469] [builder.py:1709]           [INFO]     |  6/10 | Sony Pictures Animation Collection | = | Cloudy with a Chance of Meatballs (2009)          |
[2023-02-14 01:11:50,470] [builder.py:1709]           [INFO]     |  7/10 | Sony Pictures Animation Collection | = | Cloudy with a Chance of Meatballs 2 (2013)        |
[2023-02-14 01:11:50,470] [builder.py:1709]           [INFO]     |  8/10 | Sony Pictures Animation Collection | = | Goosebumps (2015)                                 |
[2023-02-14 01:11:50,470] [builder.py:1709]           [INFO]     |  9/10 | Sony Pictures Animation Collection | = | Arthur Christmas (2011)                           |
[2023-02-14 01:11:50,470] [builder.py:1709]           [INFO]     | 10/10 | Sony Pictures Animation Collection | = | The Pirates! Band of Misfits (2012)               |
[2023-02-14 01:11:50,471] [builder.py:1734]           [INFO]     |                                                                                                    |
[2023-02-14 01:11:50,471] [builder.py:1735]           [INFO]     | 10 Movies Processed                                                                                |
[2023-02-14 01:11:50,471] [builder.py:1929]           [INFO]     |                                                                                                    |
[2023-02-14 01:11:50,472] [util.py:216]               [INFO]     |======================= Missing Movies from Library: Sony Pictures Animation =======================|
[2023-02-14 01:11:50,472] [builder.py:1931]           [INFO]     |                                                                                                    |
[2023-02-14 01:11:50,588] [builder.py:1943]           [INFO]     | Sony Pictures Animation Collection | ? | Hotel Transylvania: Transformania (2022) (TMDb: 585083)   |
[2023-02-14 01:11:50,697] [builder.py:1943]           [INFO]     | Sony Pictures Animation Collection | ? | Spider-Man: Across the Spider-Verse (2023) (TMDb: 569094) |
[2023-02-14 01:11:50,814] [builder.py:1943]           [INFO]     | Sony Pictures Animation Collection | ? | Wish Dragon (2021) (TMDb: 550205)                         |
[2023-02-14 01:11:50,940] [builder.py:1943]           [INFO]     | Sony Pictures Animation Collection | ? | Monster Pets: A Hotel Transylvania Short (2021) (TMDb: 813258) |
[2023-02-14 01:11:50,942] [builder.py:1943]           [INFO]     | Sony Pictures Animation Collection | ? | Vivo (2021) (TMDb: 449406)                                |
[2023-02-14 01:11:51,060] [builder.py:1943]           [INFO]     | Sony Pictures Animation Collection | ? | The Angry Birds Movie 2 (2019) (TMDb: 454640)             |
[2023-02-14 01:11:51,180] [builder.py:1943]           [INFO]     | Sony Pictures Animation Collection | ? | Smurfs: The Lost Village (2017) (TMDb: 137116)            |
[2023-02-14 01:11:51,303] [builder.py:1943]           [INFO]     | Sony Pictures Animation Collection | ? | The Emoji Movie (2017) (TMDb: 378236)                     |
[2023-02-14 01:11:51,430] [builder.py:1943]           [INFO]     | Sony Pictures Animation Collection | ? | The Mitchells vs. the Machines (2021) (TMDb: 501929)      |
[2023-02-14 01:11:51,560] [builder.py:1943]           [INFO]     | Sony Pictures Animation Collection | ? | The Smurfs 2 (2013) (TMDb: 77931)                         |
[2023-02-14 01:11:51,674] [builder.py:1943]           [INFO]     | Sony Pictures Animation Collection | ? | The Smurfs (2011) (TMDb: 41513)                           |
[2023-02-14 01:11:51,786] [builder.py:1943]           [INFO]     | Sony Pictures Animation Collection | ? | Goosebumps 2: Haunted Halloween (2018) (TMDb: 442062)     |
[2023-02-14 01:11:51,903] [builder.py:1943]           [INFO]     | Sony Pictures Animation Collection | ? | Open Season: Scared Silly (2015) (TMDb: 382517)           |
[2023-02-14 01:11:52,036] [builder.py:1943]           [INFO]     | Sony Pictures Animation Collection | ? | Open Season (2006) (TMDb: 7484)                           |
[2023-02-14 01:11:52,165] [builder.py:1943]           [INFO]     | Sony Pictures Animation Collection | ? | Surf's Up (2007) (TMDb: 9408)                             |
[2023-02-14 01:11:52,276] [builder.py:1943]           [INFO]     | Sony Pictures Animation Collection | ? | Peter Rabbit (2018) (TMDb: 381719)                        |
[2023-02-14 01:11:52,278] [builder.py:1943]           [INFO]     | Sony Pictures Animation Collection | ? | Open Season 2 (2008) (TMDb: 13690)                        |
[2023-02-14 01:11:52,392] [builder.py:1943]           [INFO]     | Sony Pictures Animation Collection | ? | The Smurfs: The Legend of Smurfy Hollow (2013) (TMDb: 220845) |
[2023-02-14 01:11:52,511] [builder.py:1943]           [INFO]     | Sony Pictures Animation Collection | ? | The Star (2017) (TMDb: 355547)                            |
[2023-02-14 01:11:52,632] [builder.py:1943]           [INFO]     | Sony Pictures Animation Collection | ? | Open Season 3 (2010) (TMDb: 51170)                        |
[2023-02-14 01:11:52,757] [builder.py:1943]           [INFO]     | Sony Pictures Animation Collection | ? | Surf's Up 2: WaveMania (2017) (TMDb: 411840)              |
[2023-02-14 01:11:52,881] [builder.py:1943]           [INFO]     | Sony Pictures Animation Collection | ? | The Smurfs: A Christmas Carol (2011) (TMDb: 79443)        |
[2023-02-14 01:11:52,989] [builder.py:1943]           [INFO]     | Sony Pictures Animation Collection | ? | Spider-Man: Beyond the Spider-Verse (2024) (TMDb: 911916) |
[2023-02-14 01:11:53,105] [builder.py:1943]           [INFO]     | Sony Pictures Animation Collection | ? | Hotel Transylvania: Puppy! (2017) (TMDb: 459159)          |
[2023-02-14 01:11:53,232] [builder.py:1943]           [INFO]     | Sony Pictures Animation Collection | ? | Hair Love (2019) (TMDb: 589739)                           |
[2023-02-14 01:11:53,337] [builder.py:1943]           [INFO]     | Sony Pictures Animation Collection | ? | Spider-Ham: Caught in a Ham (2019) (TMDb: 583055)         |
[2023-02-14 01:11:53,447] [builder.py:1943]           [INFO]     | Sony Pictures Animation Collection | ? | Boog and Elliot's Midnight Bun Run (2006) (TMDb: 71430)   |
[2023-02-14 01:11:53,448] [builder.py:1943]           [INFO]     | Sony Pictures Animation Collection | ? | So You Want To Be A Pirate! (2012) (TMDb: 130966)         |
[2023-02-14 01:11:53,564] [builder.py:1943]           [INFO]     | Sony Pictures Animation Collection | ? | The ChubbChubbs Save Xmas (2007) (TMDb: 27037)            |
[2023-02-14 01:11:53,717] [builder.py:1943]           [INFO]     | Sony Pictures Animation Collection | ? | Goodnight, Mr. Foot (2012) (TMDb: 140974)                 |
[2023-02-14 01:11:53,829] [builder.py:1943]           [INFO]     | Sony Pictures Animation Collection | ? | Steve's First Bath (2014) (TMDb: 252875)                  |
[2023-02-14 01:11:53,947] [builder.py:1943]           [INFO]     | Sony Pictures Animation Collection | ? | Super Manny (2013) (TMDb: 252884)                         |
[2023-02-14 01:11:54,057] [builder.py:1943]           [INFO]     | Sony Pictures Animation Collection | ? | Dog Cop 7: The Final Chapter (2021) (TMDb: 903033)        |
[2023-02-14 01:11:54,165] [builder.py:1943]           [INFO]     | Sony Pictures Animation Collection | ? | Flopsy Turvy (2018) (TMDb: 521353)                        |
[2023-02-14 01:11:54,269] [builder.py:1943]           [INFO]     | Sony Pictures Animation Collection | ? | K-Pop: Demon Hunters (TMDb: 803796)                       |
[2023-02-14 01:11:54,373] [builder.py:1943]           [INFO]     | Sony Pictures Animation Collection | ? | Untitled Animated Ghostbusters Project (TMDb: 690048)     |
[2023-02-14 01:11:54,484] [builder.py:1943]           [INFO]     | Sony Pictures Animation Collection | ? | ALF (TMDb: 278380)                                        |
[2023-02-14 01:11:54,597] [builder.py:1943]           [INFO]     | Sony Pictures Animation Collection | ? | Attack of the 50-foot Gummi Bear (2014) (TMDb: 252878)    |
[2023-02-14 01:11:54,730] [builder.py:1943]           [INFO]     | Sony Pictures Animation Collection | ? | Earl Scouts (2013) (TMDb: 252882)                         |
[2023-02-14 01:11:54,839] [builder.py:1943]           [INFO]     | Sony Pictures Animation Collection | ? | Live Stream (2019) (TMDb: 657273)                         |
[2023-02-14 01:11:54,941] [builder.py:1943]           [INFO]     | Sony Pictures Animation Collection | ? | The Summoning (2017) (TMDb: 995258)                       |
[2023-02-14 01:11:55,047] [builder.py:1943]           [INFO]     | Sony Pictures Animation Collection | ? | Tut (TMDb: 753338)                                        |
[2023-02-14 01:11:55,174] [builder.py:1943]           [INFO]     | Sony Pictures Animation Collection | ? | Bubble (TMDb: 699273)                                     |
[2023-02-14 01:11:55,283] [builder.py:1943]           [INFO]     | Sony Pictures Animation Collection | ? | Rachel and Her Grandfather Control The Island (2017) (TMDb: 648438) |
[2023-02-14 01:11:55,384] [builder.py:1943]           [INFO]     | Sony Pictures Animation Collection | ? | Tao (TMDb: 610329)                                        |
[2023-02-14 01:11:55,491] [builder.py:1943]           [INFO]     | Sony Pictures Animation Collection | ? | Black Knight (TMDb: 537923)                               |
[2023-02-14 01:11:55,617] [builder.py:1943]           [INFO]     | Sony Pictures Animation Collection | ? | Fixed (TMDb: 537921)                                      |
[2023-02-14 01:11:55,617] [builder.py:1947]           [INFO]     |                                                                                                    |
[2023-02-14 01:11:55,618] [builder.py:1948]           [INFO]     | 47 Movies Missing                                                                                  |
[2023-02-14 01:11:55,882] [builder.py:2147]           [INFO]     |                                                                                                    |
[2023-02-14 01:11:55,882] [util.py:216]               [INFO]     |====================== Updating Details of Sony Pictures Animation Collection ======================|
[2023-02-14 01:11:55,882] [builder.py:2149]           [INFO]     |                                                                                                    |
[2023-02-14 01:11:55,883] [builder.py:2156]           [INFO]     | Detail: summary updated Collection Summary                                                         |
[2023-02-14 01:11:55,884] [builder.py:2258]           [DEBUG]    | 1 posters found:                                                                                   |
[2023-02-14 01:11:55,884] [builder.py:2260]           [DEBUG]    | Method: url_poster Poster: https://theposterdb.com/api/assets/131749                               |
[2023-02-14 01:11:55,884] [builder.py:2327]           [INFO]     | No background collection detail or asset folder found                                              |
[2023-02-14 01:11:55,885] [library.py:147]            [INFO]     | Detail: poster update not needed                                                                   |
[2023-02-14 01:11:56,015] [plex_meta_manager.py:880]  [INFO]     |                                                                                                    |
[2023-02-14 01:11:56,015] [util.py:209]               [INFO]     |====================================================================================================|
[2023-02-14 01:11:56,016] [util.py:216]               [INFO]     |                            Finished Sony Pictures Animation Collection                             |
[2023-02-14 01:11:56,016] [util.py:216]               [INFO]     |                                    Collection Run Time: 0:00:06                                    |
[2023-02-14 01:11:56,016] [util.py:220]               [INFO]     |====================================================================================================|
