[2023-02-28 13:24:32,437] [util.py:209]               [INFO]     |====================================================================================================|
[2023-02-28 13:24:32,437] [util.py:216]               [INFO]     |                             Best Picture Winners Collection in Movies                              |
[2023-02-28 13:24:32,438] [util.py:220]               [INFO]     |====================================================================================================|
[2023-02-28 13:24:32,438] [plex_meta_manager.py:750]  [INFO]     |                                                                                                    |
[2023-02-28 13:24:32,438] [util.py:216]               [INFO]     |============================ Validating Best Picture Winners Attributes ============================|
[2023-02-28 13:24:32,439] [builder.py:265]            [DEBUG]    |                                                                                                    |
[2023-02-28 13:24:32,439] [builder.py:266]            [DEBUG]    | Validating Method: template                                                                        |
[2023-02-28 13:24:32,439] [meta.py:83]                [DEBUG]    | Value: ordereddict([('name', 'Special Collection')])                                               |
[2023-02-28 13:24:32,440] [builder.py:330]            [DEBUG]    |                                                                                                    |
[2023-02-28 13:24:32,440] [builder.py:331]            [DEBUG]    | Validating Method: sync_mode                                                                       |
[2023-02-28 13:24:32,440] [builder.py:335]            [DEBUG]    | Value: sync                                                                                        |
[2023-02-28 13:24:32,441] [builder.py:453]            [DEBUG]    |                                                                                                    |
[2023-02-28 13:24:32,441] [builder.py:454]            [DEBUG]    | Validating Method: collection_order                                                                |
[2023-02-28 13:24:32,441] [builder.py:455]            [DEBUG]    | Value: release.desc                                                                                |
[2023-02-28 13:24:32,441] [builder.py:472]            [DEBUG]    |                                                                                                    |
[2023-02-28 13:24:32,442] [builder.py:473]            [DEBUG]    | Validating Method: imdb_list                                                                       |
[2023-02-28 13:24:32,442] [builder.py:474]            [DEBUG]    | Value: https://www.imdb.com/list/ls062667125/                                                      |
[2023-02-28 13:24:34,793] [builder.py:472]            [DEBUG]    |                                                                                                    |
[2023-02-28 13:24:34,793] [builder.py:473]            [DEBUG]    | Validating Method: summary                                                                         |
[2023-02-28 13:24:34,793] [builder.py:474]            [DEBUG]    | Value: A collection of all Oscar winners.                                                          |
[2023-02-28 13:24:34,793] [builder.py:472]            [DEBUG]    |                                                                                                    |
[2023-02-28 13:24:34,793] [builder.py:473]            [DEBUG]    | Validating Method: sort_title                                                                      |
[2023-02-28 13:24:34,794] [builder.py:474]            [DEBUG]    | Value: 00000b_5                                                                                    |
[2023-02-28 13:24:34,794] [builder.py:472]            [DEBUG]    |                                                                                                    |
[2023-02-28 13:24:34,794] [builder.py:473]            [DEBUG]    | Validating Method: url_poster                                                                      |
[2023-02-28 13:24:34,794] [builder.py:474]            [DEBUG]    | Value: https://theposterdb.com/api/assets/40996                                                    |
[2023-02-28 13:24:34,795] [builder.py:472]            [DEBUG]    |                                                                                                    |
[2023-02-28 13:24:34,795] [builder.py:473]            [DEBUG]    | Validating Method: radarr_add_existing                                                             |
[2023-02-28 13:24:34,795] [builder.py:474]            [DEBUG]    | Value: True                                                                                        |
[2023-02-28 13:24:34,795] [builder.py:472]            [DEBUG]    |                                                                                                    |
[2023-02-28 13:24:34,796] [builder.py:473]            [DEBUG]    | Validating Method: radarr_add_missing                                                              |
[2023-02-28 13:24:34,796] [builder.py:474]            [DEBUG]    | Value: True                                                                                        |
[2023-02-28 13:24:34,796] [builder.py:472]            [DEBUG]    |                                                                                                    |
[2023-02-28 13:24:34,796] [builder.py:473]            [DEBUG]    | Validating Method: url_background                                                                  |
[2023-02-28 13:24:34,797] [builder.py:474]            [DEBUG]    | Value: https://wallpaperbat.com/img/23094-cinema-hd-wallpaper-top-free-cinema-hd-background.jpg    |
[2023-02-28 13:24:34,797] [builder.py:472]            [DEBUG]    |                                                                                                    |
[2023-02-28 13:24:34,797] [builder.py:473]            [DEBUG]    | Validating Method: visible_library                                                                 |
[2023-02-28 13:24:34,797] [builder.py:474]            [DEBUG]    | Value: True                                                                                        |
[2023-02-28 13:24:34,798] [builder.py:472]            [DEBUG]    |                                                                                                    |
[2023-02-28 13:24:34,798] [builder.py:473]            [DEBUG]    | Validating Method: visible_home                                                                    |
[2023-02-28 13:24:34,798] [builder.py:474]            [DEBUG]    | Value: True                                                                                        |
[2023-02-28 13:24:34,798] [builder.py:472]            [DEBUG]    |                                                                                                    |
[2023-02-28 13:24:34,799] [builder.py:473]            [DEBUG]    | Validating Method: visible_shared                                                                  |
[2023-02-28 13:24:34,799] [builder.py:474]            [DEBUG]    | Value: True                                                                                        |
[2023-02-28 13:24:35,015] [builder.py:619]            [INFO]     |                                                                                                    |
[2023-02-28 13:24:35,015] [builder.py:620]            [INFO]     | Validation Successful                                                                              |
[2023-02-28 13:24:35,020] [plex_meta_manager.py:758]  [INFO]     |                                                                                                    |
[2023-02-28 13:24:35,021] [util.py:216]               [INFO]     |============================= Running Best Picture Winners Collection ==============================|
[2023-02-28 13:24:35,021] [plex_meta_manager.py:773]  [INFO]     |                                                                                                    |
[2023-02-28 13:24:35,021] [plex_meta_manager.py:774]  [INFO]     | Sync Mode: sync                                                                                    |
[2023-02-28 13:24:35,021] [builder.py:1275]           [DEBUG]    |                                                                                                    |
[2023-02-28 13:24:35,022] [builder.py:1276]           [DEBUG]    | Builder: imdb_list: {'url': 'https://www.imdb.com/list/ls062667125/', 'limit': 0}                  |
[2023-02-28 13:24:35,022] [builder.py:1277]           [INFO]     |                                                                                                    |
[2023-02-28 13:24:35,022] [imdb.py:158]               [INFO]     | Processing IMDb List: https://www.imdb.com/list/ls062667125/                                       |
[2023-02-28 13:24:43,536] [imdb.py:127]               [DEBUG]    | 95 IMDb IDs Found: ['tt10366460', 'tt9770150', 'tt6751668', 'tt6966692', 'tt5580390', 'tt4975722', 'tt1895587', 'tt2562232', 'tt2024544', 'tt1024648', 'tt1655442', 'tt1504320', 'tt1010048', 'tt0887912', 'tt0477348', 'tt0407887', 'tt0375679', 'tt0405159', 'tt0167260', 'tt0299658', 'tt0268978', 'tt0172495', 'tt0169547', 'tt0138097', 'tt0120338', 'tt0116209', 'tt0112573', 'tt0109830', 'tt0108052', 'tt0105695', 'tt0102926', 'tt0099348', 'tt0097239', 'tt0095953', 'tt0093389', 'tt0091763', 'tt0089755', 'tt0086879', 'tt0086425', 'tt0083987', 'tt0082158', 'tt0081283', 'tt0079417', 'tt0077416', 'tt0075686', 'tt0075148', 'tt0073486', 'tt0071562', 'tt0070735', 'tt0068646', 'tt0067116', 'tt0066206', 'tt0064665', 'tt0063385', 'tt0061811', 'tt0060665', 'tt0059742', 'tt0058385', 'tt0057590', 'tt0056172', 'tt0055614', 'tt0053604', 'tt0052618', 'tt0051658', 'tt0050212', 'tt0048960', 'tt0048356', 'tt0047296', 'tt0045793', 'tt0044672', 'tt0043278', 'tt0042192', 'tt0041113', 'tt0040416', 'tt0039416', 'tt0036868', 'tt0037884', 'tt0036872', 'tt0034583', 'tt0035093', 'tt0033729', 'tt0032976', 'tt0031381', 'tt0030993', 'tt0029146', 'tt0027698', 'tt0026752', 'tt0025316', 'tt0023876', 'tt0022958', 'tt0021746', 'tt0020629', 'tt0019729', 'tt0018455', 'tt0018578'] |
[2023-02-28 13:24:43,537] [builder.py:1282]           [DEBUG]    |                                                                                                    |
[2023-02-28 13:24:43,537] [builder.py:1283]           [DEBUG]    | 95 IDs Found: [('tt10366460', 'imdb'), ('tt9770150', 'imdb'), ('tt6751668', 'imdb'), ('tt6966692', 'imdb'), ('tt5580390', 'imdb'), ('tt4975722', 'imdb'), ('tt1895587', 'imdb'), ('tt2562232', 'imdb'), ('tt2024544', 'imdb'), ('tt1024648', 'imdb'), ('tt1655442', 'imdb'), ('tt1504320', 'imdb'), ('tt1010048', 'imdb'), ('tt0887912', 'imdb'), ('tt0477348', 'imdb'), ('tt0407887', 'imdb'), ('tt0375679', 'imdb'), ('tt0405159', 'imdb'), ('tt0167260', 'imdb'), ('tt0299658', 'imdb'), ('tt0268978', 'imdb'), ('tt0172495', 'imdb'), ('tt0169547', 'imdb'), ('tt0138097', 'imdb'), ('tt0120338', 'imdb'), ('tt0116209', 'imdb'), ('tt0112573', 'imdb'), ('tt0109830', 'imdb'), ('tt0108052', 'imdb'), ('tt0105695', 'imdb'), ('tt0102926', 'imdb'), ('tt0099348', 'imdb'), ('tt0097239', 'imdb'), ('tt0095953', 'imdb'), ('tt0093389', 'imdb'), ('tt0091763', 'imdb'), ('tt0089755', 'imdb'), ('tt0086879', 'imdb'), ('tt0086425', 'imdb'), ('tt0083987', 'imdb'), ('tt0082158', 'imdb'), ('tt0081283', 'imdb'), ('tt0079417', 'imdb'), ('tt0077416', 'imdb'), ('tt0075686', 'imdb'), ('tt0075148', 'imdb'), ('tt0073486', 'imdb'), ('tt0071562', 'imdb'), ('tt0070735', 'imdb'), ('tt0068646', 'imdb'), ('tt0067116', 'imdb'), ('tt0066206', 'imdb'), ('tt0064665', 'imdb'), ('tt0063385', 'imdb'), ('tt0061811', 'imdb'), ('tt0060665', 'imdb'), ('tt0059742', 'imdb'), ('tt0058385', 'imdb'), ('tt0057590', 'imdb'), ('tt0056172', 'imdb'), ('tt0055614', 'imdb'), ('tt0053604', 'imdb'), ('tt0052618', 'imdb'), ('tt0051658', 'imdb'), ('tt0050212', 'imdb'), ('tt0048960', 'imdb'), ('tt0048356', 'imdb'), ('tt0047296', 'imdb'), ('tt0045793', 'imdb'), ('tt0044672', 'imdb'), ('tt0043278', 'imdb'), ('tt0042192', 'imdb'), ('tt0041113', 'imdb'), ('tt0040416', 'imdb'), ('tt0039416', 'imdb'), ('tt0036868', 'imdb'), ('tt0037884', 'imdb'), ('tt0036872', 'imdb'), ('tt0034583', 'imdb'), ('tt0035093', 'imdb'), ('tt0033729', 'imdb'), ('tt0032976', 'imdb'), ('tt0031381', 'imdb'), ('tt0030993', 'imdb'), ('tt0029146', 'imdb'), ('tt0027698', 'imdb'), ('tt0026752', 'imdb'), ('tt0025316', 'imdb'), ('tt0023876', 'imdb'), ('tt0022958', 'imdb'), ('tt0021746', 'imdb'), ('tt0020629', 'imdb'), ('tt0019729', 'imdb'), ('tt0018455', 'imdb'), ('tt0018578', 'imdb')] |
[2023-02-28 13:24:43,537] [builder.py:1284]           [DEBUG]    |                                                                                                    |
[2023-02-28 13:24:44,479] [builder.py:1697]           [INFO]     |                                                                                                    |
[2023-02-28 13:24:44,479] [util.py:216]               [INFO]     |============================ Adding to Best Picture Winners Collection =============================|
[2023-02-28 13:24:44,480] [builder.py:1699]           [INFO]     |                                                                                                    |
[2023-02-28 13:24:44,480] [builder.py:1709]           [INFO]     |  1/39 | Best Picture Winners Collection | = | CODA (2021)                                          |
[2023-02-28 13:24:44,480] [builder.py:1709]           [INFO]     |  2/39 | Best Picture Winners Collection | = | Nomadland (2020)                                     |
[2023-02-28 13:24:44,481] [builder.py:1709]           [INFO]     |  3/39 | Best Picture Winners Collection | = | Parasite (2019)                                      |
[2023-02-28 13:24:44,481] [builder.py:1709]           [INFO]     |  4/39 | Best Picture Winners Collection | = | Green Book (2018)                                    |
[2023-02-28 13:24:44,481] [builder.py:1709]           [INFO]     |  5/39 | Best Picture Winners Collection | = | The Shape of Water (2017)                            |
[2023-02-28 13:24:44,482] [builder.py:1709]           [INFO]     |  6/39 | Best Picture Winners Collection | = | Moonlight (2016)                                     |
[2023-02-28 13:24:44,482] [builder.py:1709]           [INFO]     |  7/39 | Best Picture Winners Collection | = | Spotlight (2015)                                     |
[2023-02-28 13:24:44,483] [builder.py:1709]           [INFO]     |  8/39 | Best Picture Winners Collection | = | Birdman or (The Unexpected Virtue of Ignorance) (2014) |
[2023-02-28 13:24:44,484] [builder.py:1709]           [INFO]     |  9/39 | Best Picture Winners Collection | = | 12 Years a Slave (2013)                              |
[2023-02-28 13:24:44,484] [builder.py:1709]           [INFO]     | 10/39 | Best Picture Winners Collection | = | The King's Speech (2010)                             |
[2023-02-28 13:24:44,484] [builder.py:1709]           [INFO]     | 11/39 | Best Picture Winners Collection | = | Slumdog Millionaire (2008)                           |
[2023-02-28 13:24:44,485] [builder.py:1709]           [INFO]     | 12/39 | Best Picture Winners Collection | = | No Country for Old Men (2007)                        |
[2023-02-28 13:24:44,485] [builder.py:1709]           [INFO]     | 13/39 | Best Picture Winners Collection | = | The Departed (2006)                                  |
[2023-02-28 13:24:44,485] [builder.py:1709]           [INFO]     | 14/39 | Best Picture Winners Collection | = | The Lord of the Rings: The Return of the King (2003) |
[2023-02-28 13:24:44,486] [builder.py:1709]           [INFO]     | 15/39 | Best Picture Winners Collection | = | Gladiator (2000)                                     |
[2023-02-28 13:24:44,486] [builder.py:1709]           [INFO]     | 16/39 | Best Picture Winners Collection | = | American Beauty (1999)                               |
[2023-02-28 13:24:44,486] [builder.py:1709]           [INFO]     | 17/39 | Best Picture Winners Collection | = | Titanic (1997)                                       |
[2023-02-28 13:24:44,487] [builder.py:1709]           [INFO]     | 18/39 | Best Picture Winners Collection | = | Braveheart (1995)                                    |
[2023-02-28 13:24:44,487] [builder.py:1709]           [INFO]     | 19/39 | Best Picture Winners Collection | = | Forrest Gump (1994)                                  |
[2023-02-28 13:24:44,488] [builder.py:1709]           [INFO]     | 20/39 | Best Picture Winners Collection | = | Schindler's List (1993)                              |
[2023-02-28 13:24:44,488] [builder.py:1709]           [INFO]     | 21/39 | Best Picture Winners Collection | = | The Silence of the Lambs (1991)                      |
[2023-02-28 13:24:44,488] [builder.py:1709]           [INFO]     | 22/39 | Best Picture Winners Collection | = | Platoon (1986)                                       |
[2023-02-28 13:24:44,489] [builder.py:1709]           [INFO]     | 23/39 | Best Picture Winners Collection | = | Amadeus (1984)                                       |
[2023-02-28 13:24:44,489] [builder.py:1709]           [INFO]     | 24/39 | Best Picture Winners Collection | = | Terms of Endearment (1983)                           |
[2023-02-28 13:24:44,489] [builder.py:1709]           [INFO]     | 25/39 | Best Picture Winners Collection | = | Annie Hall (1977)                                    |
[2023-02-28 13:24:44,490] [builder.py:1709]           [INFO]     | 26/39 | Best Picture Winners Collection | = | Rocky (1976)                                         |
[2023-02-28 13:24:44,490] [builder.py:1709]           [INFO]     | 27/39 | Best Picture Winners Collection | = | One Flew Over the Cuckoo's Nest (1975)               |
[2023-02-28 13:24:44,490] [builder.py:1709]           [INFO]     | 28/39 | Best Picture Winners Collection | = | The Godfather Part II (1974)                         |
[2023-02-28 13:24:44,491] [builder.py:1709]           [INFO]     | 29/39 | Best Picture Winners Collection | = | The Godfather (1972)                                 |
[2023-02-28 13:24:44,491] [builder.py:1709]           [INFO]     | 30/39 | Best Picture Winners Collection | = | The Sound of Music (1965)                            |
[2023-02-28 13:24:44,491] [builder.py:1709]           [INFO]     | 31/39 | Best Picture Winners Collection | = | Lawrence of Arabia (1962)                            |
[2023-02-28 13:24:44,492] [builder.py:1709]           [INFO]     | 32/39 | Best Picture Winners Collection | = | West Side Story (1961)                               |
[2023-02-28 13:24:44,492] [builder.py:1709]           [INFO]     | 33/39 | Best Picture Winners Collection | = | The Apartment (1960)                                 |
[2023-02-28 13:24:44,492] [builder.py:1709]           [INFO]     | 34/39 | Best Picture Winners Collection | = | Ben-Hur (1959)                                       |
[2023-02-28 13:24:44,493] [builder.py:1709]           [INFO]     | 35/39 | Best Picture Winners Collection | = | The Bridge on the River Kwai (1957)                  |
[2023-02-28 13:24:44,493] [builder.py:1709]           [INFO]     | 36/39 | Best Picture Winners Collection | = | On the Waterfront (1954)                             |
[2023-02-28 13:24:44,493] [builder.py:1709]           [INFO]     | 37/39 | Best Picture Winners Collection | = | The Best Years of Our Lives (1947)                   |
[2023-02-28 13:24:44,494] [builder.py:1709]           [INFO]     | 38/39 | Best Picture Winners Collection | = | Casablanca (1943)                                    |
[2023-02-28 13:24:44,494] [builder.py:1709]           [INFO]     | 39/39 | Best Picture Winners Collection | = | It Happened One Night (1934)                         |
[2023-02-28 13:24:44,494] [builder.py:1734]           [INFO]     |                                                                                                    |
[2023-02-28 13:24:44,495] [builder.py:1735]           [INFO]     | 39 Movies Processed                                                                                |
[2023-02-28 13:24:44,495] [builder.py:1929]           [INFO]     |                                                                                                    |
[2023-02-28 13:24:44,495] [util.py:216]               [INFO]     |======================== Missing Movies from Library: Best Picture Winners =========================|
[2023-02-28 13:24:44,496] [builder.py:1931]           [INFO]     |                                                                                                    |
[2023-02-28 13:24:44,631] [builder.py:1943]           [INFO]     | Best Picture Winners Collection | ? | Argo (2012) (TMDb: 68734)                                    |
[2023-02-28 13:24:44,761] [builder.py:1943]           [INFO]     | Best Picture Winners Collection | ? | The Artist (2011) (TMDb: 74643)                              |
[2023-02-28 13:24:44,888] [builder.py:1943]           [INFO]     | Best Picture Winners Collection | ? | The Hurt Locker (2008) (TMDb: 12162)                         |
[2023-02-28 13:24:45,008] [builder.py:1943]           [INFO]     | Best Picture Winners Collection | ? | Crash (2005) (TMDb: 1640)                                    |
[2023-02-28 13:24:45,138] [builder.py:1943]           [INFO]     | Best Picture Winners Collection | ? | Million Dollar Baby (2004) (TMDb: 70)                        |
[2023-02-28 13:24:45,272] [builder.py:1943]           [INFO]     | Best Picture Winners Collection | ? | Chicago (2002) (TMDb: 1574)                                  |
[2023-02-28 13:24:45,395] [builder.py:1943]           [INFO]     | Best Picture Winners Collection | ? | A Beautiful Mind (2001) (TMDb: 453)                          |
[2023-02-28 13:24:45,523] [builder.py:1943]           [INFO]     | Best Picture Winners Collection | ? | Shakespeare in Love (1998) (TMDb: 1934)                      |
[2023-02-28 13:24:45,656] [builder.py:1943]           [INFO]     | Best Picture Winners Collection | ? | The English Patient (1996) (TMDb: 409)                       |
[2023-02-28 13:24:45,778] [builder.py:1943]           [INFO]     | Best Picture Winners Collection | ? | Unforgiven (1992) (TMDb: 33)                                 |
[2023-02-28 13:24:45,905] [builder.py:1943]           [INFO]     | Best Picture Winners Collection | ? | Dances with Wolves (1990) (TMDb: 581)                        |
[2023-02-28 13:24:45,907] [builder.py:1943]           [INFO]     | Best Picture Winners Collection | ? | Driving Miss Daisy (1989) (TMDb: 403)                        |
[2023-02-28 13:24:46,068] [builder.py:1943]           [INFO]     | Best Picture Winners Collection | ? | Rain Man (1988) (TMDb: 380)                                  |
[2023-02-28 13:24:46,225] [builder.py:1943]           [INFO]     | Best Picture Winners Collection | ? | The Last Emperor (1987) (TMDb: 746)                          |
[2023-02-28 13:24:46,341] [builder.py:1943]           [INFO]     | Best Picture Winners Collection | ? | Out of Africa (1985) (TMDb: 606)                             |
[2023-02-28 13:24:46,478] [builder.py:1943]           [INFO]     | Best Picture Winners Collection | ? | Gandhi (1982) (TMDb: 783)                                    |
[2023-02-28 13:24:46,622] [builder.py:1943]           [INFO]     | Best Picture Winners Collection | ? | Chariots of Fire (1981) (TMDb: 9443)                         |
[2023-02-28 13:24:46,752] [builder.py:1943]           [INFO]     | Best Picture Winners Collection | ? | Ordinary People (1980) (TMDb: 16619)                         |
[2023-02-28 13:24:46,907] [builder.py:1943]           [INFO]     | Best Picture Winners Collection | ? | Kramer vs. Kramer (1979) (TMDb: 12102)                       |
[2023-02-28 13:24:47,027] [builder.py:1943]           [INFO]     | Best Picture Winners Collection | ? | The Deer Hunter (1978) (TMDb: 11778)                         |
[2023-02-28 13:24:47,029] [builder.py:1943]           [INFO]     | Best Picture Winners Collection | ? | The Sting (1973) (TMDb: 9277)                                |
[2023-02-28 13:24:47,149] [builder.py:1943]           [INFO]     | Best Picture Winners Collection | ? | The French Connection (1971) (TMDb: 1051)                    |
[2023-02-28 13:24:47,291] [builder.py:1943]           [INFO]     | Best Picture Winners Collection | ? | Patton (1970) (TMDb: 11202)                                  |
[2023-02-28 13:24:47,406] [builder.py:1943]           [INFO]     | Best Picture Winners Collection | ? | Midnight Cowboy (1969) (TMDb: 3116)                          |
[2023-02-28 13:24:47,523] [builder.py:1943]           [INFO]     | Best Picture Winners Collection | ? | Oliver! (1968) (TMDb: 17917)                                 |
[2023-02-28 13:24:47,525] [builder.py:1943]           [INFO]     | Best Picture Winners Collection | ? | In the Heat of the Night (1967) (TMDb: 10633)                |
[2023-02-28 13:24:47,673] [builder.py:1943]           [INFO]     | Best Picture Winners Collection | ? | A Man for All Seasons (1966) (TMDb: 874)                     |
[2023-02-28 13:24:47,803] [builder.py:1943]           [INFO]     | Best Picture Winners Collection | ? | My Fair Lady (1964) (TMDb: 11113)                            |
[2023-02-28 13:24:47,927] [builder.py:1943]           [INFO]     | Best Picture Winners Collection | ? | Tom Jones (1963) (TMDb: 5769)                                |
[2023-02-28 13:24:48,096] [builder.py:1943]           [INFO]     | Best Picture Winners Collection | ? | Gigi (1958) (TMDb: 17281)                                    |
[2023-02-28 13:24:48,222] [builder.py:1943]           [INFO]     | Best Picture Winners Collection | ? | Around the World in Eighty Days (1956) (TMDb: 2897)          |
[2023-02-28 13:24:48,383] [builder.py:1943]           [INFO]     | Best Picture Winners Collection | ? | Marty (1955) (TMDb: 15919)                                   |
[2023-02-28 13:24:48,507] [builder.py:1943]           [INFO]     | Best Picture Winners Collection | ? | From Here to Eternity (1953) (TMDb: 11426)                   |
[2023-02-28 13:24:48,616] [builder.py:1943]           [INFO]     | Best Picture Winners Collection | ? | The Greatest Show on Earth (1952) (TMDb: 27191)              |
[2023-02-28 13:24:48,736] [builder.py:1943]           [INFO]     | Best Picture Winners Collection | ? | An American in Paris (1951) (TMDb: 2769)                     |
[2023-02-28 13:24:48,850] [builder.py:1943]           [INFO]     | Best Picture Winners Collection | ? | All About Eve (1950) (TMDb: 705)                             |
[2023-02-28 13:24:49,011] [builder.py:1943]           [INFO]     | Best Picture Winners Collection | ? | All the King's Men (1949) (TMDb: 25430)                      |
[2023-02-28 13:24:49,129] [builder.py:1943]           [INFO]     | Best Picture Winners Collection | ? | Hamlet (1948) (TMDb: 23383)                                  |
[2023-02-28 13:24:49,261] [builder.py:1943]           [INFO]     | Best Picture Winners Collection | ? | Gentleman's Agreement (1947) (TMDb: 33667)                   |
[2023-02-28 13:24:49,373] [builder.py:1943]           [INFO]     | Best Picture Winners Collection | ? | The Lost Weekend (1945) (TMDb: 28580)                        |
[2023-02-28 13:24:49,502] [builder.py:1943]           [INFO]     | Best Picture Winners Collection | ? | Going My Way (1944) (TMDb: 17661)                            |
[2023-02-28 13:24:49,745] [builder.py:1943]           [INFO]     | Best Picture Winners Collection | ? | Mrs. Miniver (1942) (TMDb: 27367)                            |
[2023-02-28 13:24:49,880] [builder.py:1943]           [INFO]     | Best Picture Winners Collection | ? | How Green Was My Valley (1941) (TMDb: 43266)                 |
[2023-02-28 13:24:50,003] [builder.py:1943]           [INFO]     | Best Picture Winners Collection | ? | Rebecca (1940) (TMDb: 223)                                   |
[2023-02-28 13:24:50,137] [builder.py:1943]           [INFO]     | Best Picture Winners Collection | ? | Gone with the Wind (1939) (TMDb: 770)                        |
[2023-02-28 13:24:50,257] [builder.py:1943]           [INFO]     | Best Picture Winners Collection | ? | You Can't Take It with You (1938) (TMDb: 34106)              |
[2023-02-28 13:24:50,381] [builder.py:1943]           [INFO]     | Best Picture Winners Collection | ? | The Life of Emile Zola (1937) (TMDb: 43278)                  |
[2023-02-28 13:24:50,509] [builder.py:1943]           [INFO]     | Best Picture Winners Collection | ? | The Great Ziegfeld (1936) (TMDb: 43277)                      |
[2023-02-28 13:24:50,643] [builder.py:1943]           [INFO]     | Best Picture Winners Collection | ? | Mutiny on the Bounty (1935) (TMDb: 12311)                    |
[2023-02-28 13:24:50,770] [builder.py:1943]           [INFO]     | Best Picture Winners Collection | ? | Cavalcade (1933) (TMDb: 56164)                               |
[2023-02-28 13:24:50,891] [builder.py:1943]           [INFO]     | Best Picture Winners Collection | ? | Grand Hotel (1932) (TMDb: 33680)                             |
[2023-02-28 13:24:51,021] [builder.py:1943]           [INFO]     | Best Picture Winners Collection | ? | Cimarron (1931) (TMDb: 42861)                                |
[2023-02-28 13:24:51,136] [builder.py:1943]           [INFO]     | Best Picture Winners Collection | ? | All Quiet on the Western Front (1930) (TMDb: 143)            |
[2023-02-28 13:24:51,255] [builder.py:1943]           [INFO]     | Best Picture Winners Collection | ? | The Broadway Melody (1929) (TMDb: 65203)                     |
[2023-02-28 13:24:51,381] [builder.py:1943]           [INFO]     | Best Picture Winners Collection | ? | Sunrise: A Song of Two Humans (1927) (TMDb: 631)             |
[2023-02-28 13:24:51,501] [builder.py:1943]           [INFO]     | Best Picture Winners Collection | ? | Wings (1927) (TMDb: 28966)                                   |
[2023-02-28 13:24:51,502] [builder.py:1947]           [INFO]     |                                                                                                    |
[2023-02-28 13:24:51,502] [builder.py:1948]           [INFO]     | 56 Movies Missing                                                                                  |
[2023-02-28 13:24:51,677] [radarr.py:46]              [INFO]     |                                                                                                    |
[2023-02-28 13:24:51,677] [util.py:216]               [INFO]     |===================================== Adding Missing to Radarr =====================================|
[2023-02-28 13:24:51,677] [radarr.py:48]              [DEBUG]    |                                                                                                    |
[2023-02-28 13:24:51,678] [radarr.py:49]              [DEBUG]    | Radarr Adds: [68734, 74643, 12162, 1640, 70, 1574, 453, 1934, 409, 33, 581, 403, 380, 746, 606, 783, 9443, 16619, 12102, 11778, 9277, 1051, 11202, 3116, 17917, 10633, 874, 11113, 5769, 17281, 2897, 15919, 11426, 27191, 2769, 705, 25430, 23383, 33667, 28580, 17661, 27367, 43266, 223, 770, 34106, 43278, 43277, 12311, 56164, 33680, 42861, 143, 65203, 631, 28966] |
[2023-02-28 13:24:53,182] [radarr.py:138]             [INFO]     |                                                                                                    |
[2023-02-28 13:24:53,183] [radarr.py:146]             [INFO]     | Skipped: In Cache | 68734                                                                          |
[2023-02-28 13:24:53,183] [radarr.py:146]             [INFO]     | Skipped: In Cache | 74643                                                                          |
[2023-02-28 13:24:53,183] [radarr.py:146]             [INFO]     | Skipped: In Cache | 12162                                                                          |
[2023-02-28 13:24:53,184] [radarr.py:146]             [INFO]     | Skipped: In Cache | 1640                                                                           |
[2023-02-28 13:24:53,184] [radarr.py:146]             [INFO]     | Skipped: In Cache | 70                                                                             |
[2023-02-28 13:24:53,185] [radarr.py:146]             [INFO]     | Skipped: In Cache | 1574                                                                           |
[2023-02-28 13:24:53,185] [radarr.py:146]             [INFO]     | Skipped: In Cache | 453                                                                            |
[2023-02-28 13:24:53,185] [radarr.py:146]             [INFO]     | Skipped: In Cache | 1934                                                                           |
[2023-02-28 13:24:53,186] [radarr.py:146]             [INFO]     | Skipped: In Cache | 409                                                                            |
[2023-02-28 13:24:53,186] [radarr.py:146]             [INFO]     | Skipped: In Cache | 33                                                                             |
[2023-02-28 13:24:53,186] [radarr.py:146]             [INFO]     | Skipped: In Cache | 581                                                                            |
[2023-02-28 13:24:53,186] [radarr.py:146]             [INFO]     | Skipped: In Cache | 403                                                                            |
[2023-02-28 13:24:53,187] [radarr.py:146]             [INFO]     | Skipped: In Cache | 380                                                                            |
[2023-02-28 13:24:53,187] [radarr.py:146]             [INFO]     | Skipped: In Cache | 746                                                                            |
[2023-02-28 13:24:53,187] [radarr.py:146]             [INFO]     | Skipped: In Cache | 606                                                                            |
[2023-02-28 13:24:53,187] [radarr.py:146]             [INFO]     | Skipped: In Cache | 783                                                                            |
[2023-02-28 13:24:53,188] [radarr.py:146]             [INFO]     | Skipped: In Cache | 9443                                                                           |
[2023-02-28 13:24:53,188] [radarr.py:146]             [INFO]     | Skipped: In Cache | 16619                                                                          |
[2023-02-28 13:24:53,188] [radarr.py:146]             [INFO]     | Skipped: In Cache | 12102                                                                          |
[2023-02-28 13:24:53,188] [radarr.py:146]             [INFO]     | Skipped: In Cache | 11778                                                                          |
[2023-02-28 13:24:53,189] [radarr.py:146]             [INFO]     | Skipped: In Cache | 9277                                                                           |
[2023-02-28 13:24:53,189] [radarr.py:146]             [INFO]     | Skipped: In Cache | 1051                                                                           |
[2023-02-28 13:24:53,189] [radarr.py:146]             [INFO]     | Skipped: In Cache | 11202                                                                          |
[2023-02-28 13:24:53,190] [radarr.py:146]             [INFO]     | Skipped: In Cache | 3116                                                                           |
[2023-02-28 13:24:53,190] [radarr.py:146]             [INFO]     | Skipped: In Cache | 17917                                                                          |
[2023-02-28 13:24:53,190] [radarr.py:146]             [INFO]     | Skipped: In Cache | 10633                                                                          |
[2023-02-28 13:24:53,190] [radarr.py:146]             [INFO]     | Skipped: In Cache | 874                                                                            |
[2023-02-28 13:24:53,191] [radarr.py:146]             [INFO]     | Skipped: In Cache | 11113                                                                          |
[2023-02-28 13:24:53,191] [radarr.py:146]             [INFO]     | Skipped: In Cache | 5769                                                                           |
[2023-02-28 13:24:53,191] [radarr.py:146]             [INFO]     | Skipped: In Cache | 17281                                                                          |
[2023-02-28 13:24:53,192] [radarr.py:146]             [INFO]     | Skipped: In Cache | 2897                                                                           |
[2023-02-28 13:24:53,192] [radarr.py:146]             [INFO]     | Skipped: In Cache | 15919                                                                          |
[2023-02-28 13:24:53,192] [radarr.py:146]             [INFO]     | Skipped: In Cache | 11426                                                                          |
[2023-02-28 13:24:53,192] [radarr.py:146]             [INFO]     | Skipped: In Cache | 27191                                                                          |
[2023-02-28 13:24:53,193] [radarr.py:146]             [INFO]     | Skipped: In Cache | 2769                                                                           |
[2023-02-28 13:24:53,193] [radarr.py:146]             [INFO]     | Skipped: In Cache | 705                                                                            |
[2023-02-28 13:24:53,193] [radarr.py:146]             [INFO]     | Skipped: In Cache | 25430                                                                          |
[2023-02-28 13:24:53,193] [radarr.py:146]             [INFO]     | Skipped: In Cache | 23383                                                                          |
[2023-02-28 13:24:53,193] [radarr.py:146]             [INFO]     | Skipped: In Cache | 33667                                                                          |
[2023-02-28 13:24:53,194] [radarr.py:146]             [INFO]     | Skipped: In Cache | 28580                                                                          |
[2023-02-28 13:24:53,194] [radarr.py:146]             [INFO]     | Skipped: In Cache | 17661                                                                          |
[2023-02-28 13:24:53,194] [radarr.py:146]             [INFO]     | Skipped: In Cache | 27367                                                                          |
[2023-02-28 13:24:53,194] [radarr.py:146]             [INFO]     | Skipped: In Cache | 43266                                                                          |
[2023-02-28 13:24:53,195] [radarr.py:146]             [INFO]     | Skipped: In Cache | 223                                                                            |
[2023-02-28 13:24:53,195] [radarr.py:146]             [INFO]     | Skipped: In Cache | 770                                                                            |
[2023-02-28 13:24:53,195] [radarr.py:146]             [INFO]     | Skipped: In Cache | 34106                                                                          |
[2023-02-28 13:24:53,196] [radarr.py:146]             [INFO]     | Skipped: In Cache | 43278                                                                          |
[2023-02-28 13:24:53,196] [radarr.py:146]             [INFO]     | Skipped: In Cache | 43277                                                                          |
[2023-02-28 13:24:53,196] [radarr.py:146]             [INFO]     | Skipped: In Cache | 12311                                                                          |
[2023-02-28 13:24:53,196] [radarr.py:146]             [INFO]     | Skipped: In Cache | 56164                                                                          |
[2023-02-28 13:24:53,197] [radarr.py:146]             [INFO]     | Skipped: In Cache | 33680                                                                          |
[2023-02-28 13:24:53,197] [radarr.py:146]             [INFO]     | Skipped: In Cache | 42861                                                                          |
[2023-02-28 13:24:53,197] [radarr.py:146]             [INFO]     | Skipped: In Cache | 143                                                                            |
[2023-02-28 13:24:53,197] [radarr.py:146]             [INFO]     | Skipped: In Cache | 65203                                                                          |
[2023-02-28 13:24:53,198] [radarr.py:146]             [INFO]     | Skipped: In Cache | 631                                                                            |
[2023-02-28 13:24:53,198] [radarr.py:146]             [INFO]     | Skipped: In Cache | 28966                                                                          |
[2023-02-28 13:24:53,198] [radarr.py:147]             [INFO]     | 56 Movies already exist in Radarr                                                                  |
[2023-02-28 13:24:53,223] [builder.py:2147]           [INFO]     |                                                                                                    |
[2023-02-28 13:24:53,223] [util.py:216]               [INFO]     |======================= Updating Details of Best Picture Winners Collection ========================|
[2023-02-28 13:24:53,224] [builder.py:2149]           [INFO]     |                                                                                                    |
[2023-02-28 13:24:53,224] [builder.py:2156]           [INFO]     | Detail: summary updated Collection Summary                                                         |
[2023-02-28 13:24:53,226] [builder.py:2258]           [DEBUG]    | 1 posters found:                                                                                   |
[2023-02-28 13:24:53,227] [builder.py:2260]           [DEBUG]    | Method: url_poster Poster: https://theposterdb.com/api/assets/40996                                |
[2023-02-28 13:24:53,227] [builder.py:2298]           [DEBUG]    | 1 backgrounds found:                                                                               |
[2023-02-28 13:24:53,227] [builder.py:2300]           [DEBUG]    | Method: url_background Background: https://wallpaperbat.com/img/23094-cinema-hd-wallpaper-top-free-cinema-hd-background.jpg |
[2023-02-28 13:24:53,228] [library.py:147]            [INFO]     | Detail: poster update not needed                                                                   |
[2023-02-28 13:24:53,228] [library.py:197]            [INFO]     | Detail: background update not needed                                                               |
[2023-02-28 13:24:53,438] [builder.py:2023]           [INFO]     |                                                                                                    |
[2023-02-28 13:24:53,438] [util.py:216]               [INFO]     |================= Updating Details of the Items in Best Picture Winners Collection =================|
[2023-02-28 13:24:53,439] [builder.py:2025]           [INFO]     |                                                                                                    |
[2023-02-28 13:24:53,439] [radarr.py:46]              [INFO]     |                                                                                                    |
[2023-02-28 13:24:53,440] [util.py:216]               [INFO]     |==================================== Adding Existing to Radarr =====================================|
[2023-02-28 13:24:53,440] [radarr.py:48]              [DEBUG]    |                                                                                                    |
[2023-02-28 13:24:53,440] [radarr.py:49]              [DEBUG]    | Radarr Adds:                                                                                       |
[2023-02-28 13:24:53,440] [radarr.py:51]              [DEBUG]    | (1366, 'F:\\Movies (4k)\\Rocky (1976)')                                                            |
[2023-02-28 13:24:53,441] [radarr.py:51]              [DEBUG]    | (274, 'F:\\Movies (4k)\\The Silence of the Lambs (1991)')                                          |
[2023-02-28 13:24:53,441] [radarr.py:51]              [DEBUG]    | (122, 'F:\\Movies (4k)\\The Lord of the Rings - The Return of the King (2003)')                    |
[2023-02-28 13:24:53,441] [radarr.py:51]              [DEBUG]    | (776503, 'F:\\Movies (4k)\\CODA (2021)')                                                           |
[2023-02-28 13:24:53,441] [radarr.py:51]              [DEBUG]    | (581734, 'F:\\Movies (4k)\\Nomadland (2020)')                                                      |
[2023-02-28 13:24:53,442] [radarr.py:51]              [DEBUG]    | (496243, 'F:\\Movies (4k)\\Parasite (2019)')                                                       |
[2023-02-28 13:24:53,442] [radarr.py:51]              [DEBUG]    | (490132, 'F:\\Movies (4k)\\Green Book (2018)')                                                     |
[2023-02-28 13:24:53,442] [radarr.py:51]              [DEBUG]    | (399055, 'F:\\Movies (4k)\\The Shape of Water (2017)')                                             |
[2023-02-28 13:24:53,442] [radarr.py:51]              [DEBUG]    | (376867, 'F:\\Movies (4k)\\Moonlight (2016)')                                                      |
[2023-02-28 13:24:53,442] [radarr.py:51]              [DEBUG]    | (314365, 'D:\\Movies\\Spotlight (2015)')                                                           |
[2023-02-28 13:24:53,443] [radarr.py:51]              [DEBUG]    | (194662, 'D:\\Movies\\Birdman or (The Unexpected Virtue of Ignorance) (2014)')                     |
[2023-02-28 13:24:53,443] [radarr.py:51]              [DEBUG]    | (76203, 'D:\\Movies\\12 Years a Slave (2013)')                                                     |
[2023-02-28 13:24:53,443] [radarr.py:51]              [DEBUG]    | (45269, "D:\\Movies\\The King's Speech (2010)")                                                    |
[2023-02-28 13:24:53,443] [radarr.py:51]              [DEBUG]    | (12405, 'D:\\Movies\\Slumdog Millionaire (2008)')                                                  |
[2023-02-28 13:24:53,443] [radarr.py:51]              [DEBUG]    | (6977, 'F:\\Movies (4k)\\No Country for Old Men (2007)')                                           |
[2023-02-28 13:24:53,444] [radarr.py:51]              [DEBUG]    | (1422, 'D:\\Movies\\The Departed (2006)')                                                          |
[2023-02-28 13:24:53,444] [radarr.py:51]              [DEBUG]    | (98, 'F:\\Movies (4k)\\Gladiator (2000)')                                                          |
[2023-02-28 13:24:53,444] [radarr.py:51]              [DEBUG]    | (14, 'D:\\Movies\\American Beauty (1999)')                                                         |
[2023-02-28 13:24:53,445] [radarr.py:51]              [DEBUG]    | (597, 'D:\\Movies\\Titanic (1997)')                                                                |
[2023-02-28 13:24:53,445] [radarr.py:51]              [DEBUG]    | (197, 'D:\\Movies\\Braveheart (1995)')                                                             |
[2023-02-28 13:24:53,445] [radarr.py:51]              [DEBUG]    | (13, 'F:\\Movies (4k)\\Forrest Gump (1994)')                                                       |
[2023-02-28 13:24:53,445] [radarr.py:51]              [DEBUG]    | (424, "F:\\Movies (4k)\\Schindler's List (1993)")                                                  |
[2023-02-28 13:24:53,445] [radarr.py:51]              [DEBUG]    | (792, 'F:\\Movies (4k)\\Platoon (1986)')                                                           |
[2023-02-28 13:24:53,446] [radarr.py:51]              [DEBUG]    | (279, 'D:\\Movies\\Amadeus (1984)')                                                                |
[2023-02-28 13:24:53,446] [radarr.py:51]              [DEBUG]    | (11050, 'D:\\Movies\\Terms of Endearment (1983)')                                                  |
[2023-02-28 13:24:53,446] [radarr.py:51]              [DEBUG]    | (703, 'D:\\Movies\\Annie Hall (1977)')                                                             |
[2023-02-28 13:24:53,446] [radarr.py:51]              [DEBUG]    | (510, "D:\\Movies\\One Flew Over the Cuckoo's Nest (1975)")                                        |
[2023-02-28 13:24:53,446] [radarr.py:51]              [DEBUG]    | (240, 'F:\\Movies (4k)\\The Godfather - Part II (1974)')                                           |
[2023-02-28 13:24:53,447] [radarr.py:51]              [DEBUG]    | (238, 'F:\\Movies (4k)\\The Godfather (1972)')                                                     |
[2023-02-28 13:24:53,447] [radarr.py:51]              [DEBUG]    | (15121, 'D:\\Movies\\The Sound of Music (1965)')                                                   |
[2023-02-28 13:24:53,447] [radarr.py:51]              [DEBUG]    | (947, 'F:\\Movies (4k)\\Lawrence of Arabia (1962)')                                                |
[2023-02-28 13:24:53,448] [radarr.py:51]              [DEBUG]    | (1725, 'D:\\Movies\\West Side Story (1961)')                                                       |
[2023-02-28 13:24:53,448] [radarr.py:51]              [DEBUG]    | (284, 'F:\\Movies (4k)\\The Apartment (1960)')                                                     |
[2023-02-28 13:24:53,448] [radarr.py:51]              [DEBUG]    | (665, 'D:\\Movies\\Ben-Hur (1959)')                                                                |
[2023-02-28 13:24:53,448] [radarr.py:51]              [DEBUG]    | (826, 'F:\\Movies (4k)\\The Bridge on the River Kwai (1957)')                                      |
[2023-02-28 13:24:53,449] [radarr.py:51]              [DEBUG]    | (654, 'D:\\Movies\\On the Waterfront (1954)')                                                      |
[2023-02-28 13:24:53,449] [radarr.py:51]              [DEBUG]    | (887, 'D:\\Movies\\The Best Years of Our Lives (1946)')                                            |
[2023-02-28 13:24:53,449] [radarr.py:51]              [DEBUG]    | (289, 'F:\\Movies (4k)\\Casablanca (1942)')                                                        |
[2023-02-28 13:24:53,449] [radarr.py:51]              [DEBUG]    | (3078, 'D:\\Movies\\It Happened One Night (1934)')                                                 |
[2023-02-28 13:24:54,970] [radarr.py:138]             [INFO]     |                                                                                                    |
[2023-02-28 13:24:54,970] [radarr.py:146]             [INFO]     | Skipped: In Cache | (1366, 'F:\\Movies (4k)\\Rocky (1976)')                                        |
[2023-02-28 13:24:54,970] [radarr.py:146]             [INFO]     | Skipped: In Cache | (274, 'F:\\Movies (4k)\\The Silence of the Lambs (1991)')                      |
[2023-02-28 13:24:54,971] [radarr.py:146]             [INFO]     | Skipped: In Cache | (122, 'F:\\Movies (4k)\\The Lord of the Rings - The Return of the King (2003)') |
[2023-02-28 13:24:54,971] [radarr.py:146]             [INFO]     | Skipped: In Cache | (776503, 'F:\\Movies (4k)\\CODA (2021)')                                       |
[2023-02-28 13:24:54,971] [radarr.py:146]             [INFO]     | Skipped: In Cache | (581734, 'F:\\Movies (4k)\\Nomadland (2020)')                                  |
[2023-02-28 13:24:54,972] [radarr.py:146]             [INFO]     | Skipped: In Cache | (496243, 'F:\\Movies (4k)\\Parasite (2019)')                                   |
[2023-02-28 13:24:54,972] [radarr.py:146]             [INFO]     | Skipped: In Cache | (490132, 'F:\\Movies (4k)\\Green Book (2018)')                                 |
[2023-02-28 13:24:54,972] [radarr.py:146]             [INFO]     | Skipped: In Cache | (399055, 'F:\\Movies (4k)\\The Shape of Water (2017)')                         |
[2023-02-28 13:24:54,972] [radarr.py:146]             [INFO]     | Skipped: In Cache | (376867, 'F:\\Movies (4k)\\Moonlight (2016)')                                  |
[2023-02-28 13:24:54,973] [radarr.py:146]             [INFO]     | Skipped: In Cache | (314365, 'D:\\Movies\\Spotlight (2015)')                                       |
[2023-02-28 13:24:54,973] [radarr.py:146]             [INFO]     | Skipped: In Cache | (194662, 'D:\\Movies\\Birdman or (The Unexpected Virtue of Ignorance) (2014)') |
[2023-02-28 13:24:54,973] [radarr.py:146]             [INFO]     | Skipped: In Cache | (76203, 'D:\\Movies\\12 Years a Slave (2013)')                                 |
[2023-02-28 13:24:54,973] [radarr.py:146]             [INFO]     | Skipped: In Cache | (45269, "D:\\Movies\\The King's Speech (2010)")                                |
[2023-02-28 13:24:54,974] [radarr.py:146]             [INFO]     | Skipped: In Cache | (12405, 'D:\\Movies\\Slumdog Millionaire (2008)')                              |
[2023-02-28 13:24:54,974] [radarr.py:146]             [INFO]     | Skipped: In Cache | (6977, 'F:\\Movies (4k)\\No Country for Old Men (2007)')                       |
[2023-02-28 13:24:54,974] [radarr.py:146]             [INFO]     | Skipped: In Cache | (1422, 'D:\\Movies\\The Departed (2006)')                                      |
[2023-02-28 13:24:54,974] [radarr.py:146]             [INFO]     | Skipped: In Cache | (98, 'F:\\Movies (4k)\\Gladiator (2000)')                                      |
[2023-02-28 13:24:54,975] [radarr.py:146]             [INFO]     | Skipped: In Cache | (14, 'D:\\Movies\\American Beauty (1999)')                                     |
[2023-02-28 13:24:54,975] [radarr.py:146]             [INFO]     | Skipped: In Cache | (597, 'D:\\Movies\\Titanic (1997)')                                            |
[2023-02-28 13:24:54,975] [radarr.py:146]             [INFO]     | Skipped: In Cache | (197, 'D:\\Movies\\Braveheart (1995)')                                         |
[2023-02-28 13:24:54,976] [radarr.py:146]             [INFO]     | Skipped: In Cache | (13, 'F:\\Movies (4k)\\Forrest Gump (1994)')                                   |
[2023-02-28 13:24:54,976] [radarr.py:146]             [INFO]     | Skipped: In Cache | (424, "F:\\Movies (4k)\\Schindler's List (1993)")                              |
[2023-02-28 13:24:54,976] [radarr.py:146]             [INFO]     | Skipped: In Cache | (792, 'F:\\Movies (4k)\\Platoon (1986)')                                       |
[2023-02-28 13:24:54,976] [radarr.py:146]             [INFO]     | Skipped: In Cache | (279, 'D:\\Movies\\Amadeus (1984)')                                            |
[2023-02-28 13:24:54,977] [radarr.py:146]             [INFO]     | Skipped: In Cache | (11050, 'D:\\Movies\\Terms of Endearment (1983)')                              |
[2023-02-28 13:24:54,977] [radarr.py:146]             [INFO]     | Skipped: In Cache | (703, 'D:\\Movies\\Annie Hall (1977)')                                         |
[2023-02-28 13:24:54,977] [radarr.py:146]             [INFO]     | Skipped: In Cache | (510, "D:\\Movies\\One Flew Over the Cuckoo's Nest (1975)")                    |
[2023-02-28 13:24:54,978] [radarr.py:146]             [INFO]     | Skipped: In Cache | (240, 'F:\\Movies (4k)\\The Godfather - Part II (1974)')                       |
[2023-02-28 13:24:54,978] [radarr.py:146]             [INFO]     | Skipped: In Cache | (238, 'F:\\Movies (4k)\\The Godfather (1972)')                                 |
[2023-02-28 13:24:54,978] [radarr.py:146]             [INFO]     | Skipped: In Cache | (15121, 'D:\\Movies\\The Sound of Music (1965)')                               |
[2023-02-28 13:24:54,979] [radarr.py:146]             [INFO]     | Skipped: In Cache | (947, 'F:\\Movies (4k)\\Lawrence of Arabia (1962)')                            |
[2023-02-28 13:24:54,979] [radarr.py:146]             [INFO]     | Skipped: In Cache | (1725, 'D:\\Movies\\West Side Story (1961)')                                   |
[2023-02-28 13:24:54,979] [radarr.py:146]             [INFO]     | Skipped: In Cache | (284, 'F:\\Movies (4k)\\The Apartment (1960)')                                 |
[2023-02-28 13:24:54,979] [radarr.py:146]             [INFO]     | Skipped: In Cache | (665, 'D:\\Movies\\Ben-Hur (1959)')                                            |
[2023-02-28 13:24:54,980] [radarr.py:146]             [INFO]     | Skipped: In Cache | (826, 'F:\\Movies (4k)\\The Bridge on the River Kwai (1957)')                  |
[2023-02-28 13:24:54,980] [radarr.py:146]             [INFO]     | Skipped: In Cache | (654, 'D:\\Movies\\On the Waterfront (1954)')                                  |
[2023-02-28 13:24:54,980] [radarr.py:146]             [INFO]     | Skipped: In Cache | (887, 'D:\\Movies\\The Best Years of Our Lives (1946)')                        |
[2023-02-28 13:24:54,981] [radarr.py:146]             [INFO]     | Skipped: In Cache | (289, 'F:\\Movies (4k)\\Casablanca (1942)')                                    |
[2023-02-28 13:24:54,981] [radarr.py:146]             [INFO]     | Skipped: In Cache | (3078, 'D:\\Movies\\It Happened One Night (1934)')                             |
[2023-02-28 13:24:54,981] [radarr.py:147]             [INFO]     | 39 Movies already exist in Radarr                                                                  |
[2023-02-28 13:24:54,999] [plex_meta_manager.py:880]  [INFO]     |                                                                                                    |
[2023-02-28 13:24:55,000] [util.py:209]               [INFO]     |====================================================================================================|
[2023-02-28 13:24:55,000] [util.py:216]               [INFO]     |                              Finished Best Picture Winners Collection                              |
[2023-02-28 13:24:55,000] [util.py:216]               [INFO]     |                                    Collection Run Time: 0:00:22                                    |
[2023-02-28 13:24:55,001] [util.py:220]               [INFO]     |====================================================================================================|
