[2023-02-28 13:20:02,449] [util.py:209]               [INFO]     |====================================================================================================|
[2023-02-28 13:20:02,450] [util.py:216]               [INFO]     |                                    Ocean's Collection in Movies                                    |
[2023-02-28 13:20:02,450] [util.py:220]               [INFO]     |====================================================================================================|
[2023-02-28 13:20:02,450] [plex_meta_manager.py:750]  [INFO]     |                                                                                                    |
[2023-02-28 13:20:02,451] [util.py:216]               [INFO]     |================================== Validating Ocean's Attributes ===================================|
[2023-02-28 13:20:02,451] [builder.py:265]            [DEBUG]    |                                                                                                    |
[2023-02-28 13:20:02,452] [builder.py:266]            [DEBUG]    | Validating Method: template                                                                        |
[2023-02-28 13:20:02,452] [meta.py:83]                [DEBUG]    | Value: ordereddict([('name', 'Collection'), ('collection', 304), ('poster', 'https://theposterdb.com/api/assets/102581')]) |
[2023-02-28 13:20:02,452] [builder.py:330]            [DEBUG]    |                                                                                                    |
[2023-02-28 13:20:02,453] [builder.py:331]            [DEBUG]    | Validating Method: sync_mode                                                                       |
[2023-02-28 13:20:02,453] [builder.py:335]            [DEBUG]    | Value: sync                                                                                        |
[2023-02-28 13:20:02,453] [builder.py:453]            [DEBUG]    |                                                                                                    |
[2023-02-28 13:20:02,453] [builder.py:454]            [DEBUG]    | Validating Method: collection_order                                                                |
[2023-02-28 13:20:02,454] [builder.py:455]            [DEBUG]    | Value: release                                                                                     |
[2023-02-28 13:20:02,454] [builder.py:472]            [DEBUG]    |                                                                                                    |
[2023-02-28 13:20:02,454] [builder.py:473]            [DEBUG]    | Validating Method: tmdb_collection_details                                                         |
[2023-02-28 13:20:02,454] [builder.py:474]            [DEBUG]    | Value: 304                                                                                         |
[2023-02-28 13:20:02,567] [builder.py:472]            [DEBUG]    |                                                                                                    |
[2023-02-28 13:20:02,567] [builder.py:473]            [DEBUG]    | Validating Method: sort_title                                                                      |
[2023-02-28 13:20:02,567] [builder.py:474]            [DEBUG]    | Value: 00000f_Ocean's                                                                              |
[2023-02-28 13:20:02,568] [builder.py:472]            [DEBUG]    |                                                                                                    |
[2023-02-28 13:20:02,568] [builder.py:473]            [DEBUG]    | Validating Method: url_poster                                                                      |
[2023-02-28 13:20:02,568] [builder.py:474]            [DEBUG]    | Value: https://theposterdb.com/api/assets/102581                                                   |
[2023-02-28 13:20:02,773] [builder.py:619]            [INFO]     |                                                                                                    |
[2023-02-28 13:20:02,774] [builder.py:620]            [INFO]     | Validation Successful                                                                              |
[2023-02-28 13:20:02,774] [plex_meta_manager.py:758]  [INFO]     |                                                                                                    |
[2023-02-28 13:20:02,775] [util.py:216]               [INFO]     |==================================== Running Ocean's Collection ====================================|
[2023-02-28 13:20:02,775] [plex_meta_manager.py:773]  [INFO]     |                                                                                                    |
[2023-02-28 13:20:02,775] [plex_meta_manager.py:774]  [INFO]     | Sync Mode: sync                                                                                    |
[2023-02-28 13:20:02,776] [builder.py:1275]           [DEBUG]    |                                                                                                    |
[2023-02-28 13:20:02,776] [builder.py:1276]           [DEBUG]    | Builder: tmdb_collection: 304                                                                      |
[2023-02-28 13:20:02,776] [builder.py:1277]           [INFO]     |                                                                                                    |
[2023-02-28 13:20:02,777] [tmdb.py:323]               [INFO]     | Processing TMDb Collection: (304) Ocean's Collection (3 Items)                                     |
[2023-02-28 13:20:02,777] [builder.py:1282]           [DEBUG]    |                                                                                                    |
[2023-02-28 13:20:02,777] [builder.py:1283]           [DEBUG]    | 3 IDs Found: [(161, 'tmdb'), (163, 'tmdb'), (298, 'tmdb')]                                         |
[2023-02-28 13:20:02,777] [builder.py:1284]           [DEBUG]    |                                                                                                    |
[2023-02-28 13:20:02,869] [builder.py:1697]           [INFO]     |                                                                                                    |
[2023-02-28 13:20:02,869] [util.py:216]               [INFO]     |=================================== Adding to Ocean's Collection ===================================|
[2023-02-28 13:20:02,870] [builder.py:1699]           [INFO]     |                                                                                                    |
[2023-02-28 13:20:02,870] [builder.py:1709]           [INFO]     | 1/3 | Ocean's Collection | = | Ocean's Eleven (2001)                                               |
[2023-02-28 13:20:02,870] [builder.py:1709]           [INFO]     | 2/3 | Ocean's Collection | = | Ocean's Twelve (2004)                                               |
[2023-02-28 13:20:02,871] [builder.py:1709]           [INFO]     | 3/3 | Ocean's Collection | = | Ocean's Thirteen (2007)                                             |
[2023-02-28 13:20:02,871] [builder.py:1734]           [INFO]     |                                                                                                    |
[2023-02-28 13:20:02,871] [builder.py:1735]           [INFO]     | 3 Movies Processed                                                                                 |
[2023-02-28 13:20:02,876] [builder.py:2147]           [INFO]     |                                                                                                    |
[2023-02-28 13:20:02,876] [util.py:216]               [INFO]     |============================== Updating Details of Ocean's Collection ==============================|
[2023-02-28 13:20:02,877] [builder.py:2149]           [INFO]     |                                                                                                    |
[2023-02-28 13:20:02,877] [builder.py:2156]           [INFO]     | Detail: tmdb_collection_details updated Collection Summary                                         |
[2023-02-28 13:20:02,879] [builder.py:2258]           [DEBUG]    | 2 posters found:                                                                                   |
[2023-02-28 13:20:02,879] [builder.py:2260]           [DEBUG]    | Method: tmdb_collection_details Poster: https://image.tmdb.org/t/p/original/1c1r5LViqx9LtqQmNkbu5XdcVEP.jpg |
[2023-02-28 13:20:02,879] [builder.py:2260]           [DEBUG]    | Method: url_poster Poster: https://theposterdb.com/api/assets/102581                               |
[2023-02-28 13:20:02,880] [builder.py:2298]           [DEBUG]    | 1 backgrounds found:                                                                               |
[2023-02-28 13:20:02,880] [builder.py:2300]           [DEBUG]    | Method: tmdb_collection_details Background: https://image.tmdb.org/t/p/original/7WUSrq8DqSkVgv1vmhBvav5bPoB.jpg |
[2023-02-28 13:20:02,881] [library.py:147]            [INFO]     | Detail: poster update not needed                                                                   |
[2023-02-28 13:20:02,881] [library.py:197]            [INFO]     | Detail: background update not needed                                                               |
[2023-02-28 13:20:03,084] [plex_meta_manager.py:880]  [INFO]     |                                                                                                    |
[2023-02-28 13:20:03,084] [util.py:209]               [INFO]     |====================================================================================================|
[2023-02-28 13:20:03,085] [util.py:216]               [INFO]     |                                    Finished Ocean's Collection                                     |
[2023-02-28 13:20:03,085] [util.py:216]               [INFO]     |                                    Collection Run Time: 0:00:00                                    |
[2023-02-28 13:20:03,085] [util.py:220]               [INFO]     |====================================================================================================|
