[2023-01-31 01:11:08,252] [util.py:209]               [INFO]     |====================================================================================================|
[2023-01-31 01:11:08,253] [util.py:216]               [INFO]     |                             DC Extended Universe Collection in Movies                              |
[2023-01-31 01:11:08,253] [util.py:220]               [INFO]     |====================================================================================================|
[2023-01-31 01:11:08,254] [plex_meta_manager.py:750]  [INFO]     |                                                                                                    |
[2023-01-31 01:11:08,254] [util.py:216]               [INFO]     |============================ Validating DC Extended Universe Attributes ============================|
[2023-01-31 01:11:08,254] [builder.py:265]            [DEBUG]    |                                                                                                    |
[2023-01-31 01:11:08,255] [builder.py:266]            [DEBUG]    | Validating Method: template                                                                        |
[2023-01-31 01:11:08,255] [meta.py:83]                [DEBUG]    | Value: ordereddict([('name', 'Studio'), ('poster', 'https://theposterdb.com/api/assets/92689')])   |
[2023-01-31 01:11:08,255] [builder.py:453]            [DEBUG]    |                                                                                                    |
[2023-01-31 01:11:08,256] [builder.py:454]            [DEBUG]    | Validating Method: collection_order                                                                |
[2023-01-31 01:11:08,256] [builder.py:455]            [DEBUG]    | Value: release.desc                                                                                |
[2023-01-31 01:11:08,256] [builder.py:472]            [DEBUG]    |                                                                                                    |
[2023-01-31 01:11:08,256] [builder.py:473]            [DEBUG]    | Validating Method: trakt_list                                                                      |
[2023-01-31 01:11:08,257] [builder.py:474]            [DEBUG]    | Value: https://trakt.tv/users/donxy/lists/dc-extended-universe                                     |
[2023-01-31 01:11:08,562] [builder.py:472]            [DEBUG]    |                                                                                                    |
[2023-01-31 01:11:08,562] [builder.py:473]            [DEBUG]    | Validating Method: summary                                                                         |
[2023-01-31 01:11:08,562] [builder.py:474]            [DEBUG]    | Value: The DC Extended Universe (DCEU) is a series of superhero films, distributed by Warner Bros. Pictures and based on characters that appear in American comic books by DC Comics. The shared universe, much like the original DC Universe in comic books and the television programs, was established by crossing over common plot elements, settings, cast, and characters. |
[2023-01-31 01:11:08,563] [builder.py:472]            [DEBUG]    |                                                                                                    |
[2023-01-31 01:11:08,563] [builder.py:473]            [DEBUG]    | Validating Method: radarr_add_missing                                                              |
[2023-01-31 01:11:08,563] [builder.py:474]            [DEBUG]    | Value: True                                                                                        |
[2023-01-31 01:11:08,564] [builder.py:472]            [DEBUG]    |                                                                                                    |
[2023-01-31 01:11:08,564] [builder.py:473]            [DEBUG]    | Validating Method: url_poster                                                                      |
[2023-01-31 01:11:08,564] [builder.py:474]            [DEBUG]    | Value: https://theposterdb.com/api/assets/92689                                                    |
[2023-01-31 01:11:08,565] [builder.py:472]            [DEBUG]    |                                                                                                    |
[2023-01-31 01:11:08,565] [builder.py:473]            [DEBUG]    | Validating Method: sort_title                                                                      |
[2023-01-31 01:11:08,565] [builder.py:474]            [DEBUG]    | Value: 00000e_DC Extended Universe                                                                 |
[2023-01-31 01:11:08,706] [builder.py:619]            [INFO]     |                                                                                                    |
[2023-01-31 01:11:08,706] [builder.py:620]            [INFO]     | Validation Successful                                                                              |
[2023-01-31 01:11:08,706] [plex_meta_manager.py:758]  [INFO]     |                                                                                                    |
[2023-01-31 01:11:08,707] [util.py:216]               [INFO]     |============================= Running DC Extended Universe Collection ==============================|
[2023-01-31 01:11:08,707] [plex_meta_manager.py:773]  [INFO]     |                                                                                                    |
[2023-01-31 01:11:08,707] [plex_meta_manager.py:774]  [INFO]     | Sync Mode: append                                                                                  |
[2023-01-31 01:11:08,708] [builder.py:1275]           [DEBUG]    |                                                                                                    |
[2023-01-31 01:11:08,708] [builder.py:1276]           [DEBUG]    | Builder: trakt_list: https://trakt.tv/users/donxy/lists/dc-extended-universe                       |
[2023-01-31 01:11:08,708] [builder.py:1277]           [INFO]     |                                                                                                    |
[2023-01-31 01:11:08,709] [trakt.py:233]              [INFO]     | Processing Trakt List: https://trakt.tv/users/donxy/lists/dc-extended-universe                     |
[2023-01-31 01:11:09,041] [builder.py:1282]           [DEBUG]    |                                                                                                    |
[2023-01-31 01:11:09,041] [builder.py:1283]           [DEBUG]    | 15 IDs Found: [(297762, 'tmdb'), (49521, 'tmdb'), (209112, 'tmdb'), (297761, 'tmdb'), (141052, 'tmdb'), (298618, 'tmdb'), (297802, 'tmdb'), (287947, 'tmdb'), (414906, 'tmdb'), (495764, 'tmdb'), (464052, 'tmdb'), (436969, 'tmdb'), (572802, 'tmdb'), (436270, 'tmdb'), (594767, 'tmdb')] |
[2023-01-31 01:11:09,041] [builder.py:1284]           [DEBUG]    |                                                                                                    |
[2023-01-31 01:11:09,523] [builder.py:1697]           [INFO]     |                                                                                                    |
[2023-01-31 01:11:09,523] [util.py:216]               [INFO]     |============================ Adding to DC Extended Universe Collection =============================|
[2023-01-31 01:11:09,524] [builder.py:1699]           [INFO]     |                                                                                                    |
[2023-01-31 01:11:09,524] [builder.py:1709]           [INFO]     |  1/12 | DC Extended Universe Collection | = | Wonder Woman (2017)                                  |
[2023-01-31 01:11:09,524] [builder.py:1709]           [INFO]     |  2/12 | DC Extended Universe Collection | = | Man of Steel (2013)                                  |
[2023-01-31 01:11:09,524] [builder.py:1709]           [INFO]     |  3/12 | DC Extended Universe Collection | = | Batman v Superman: Dawn of Justice (2016)            |
[2023-01-31 01:11:09,525] [builder.py:1709]           [INFO]     |  4/12 | DC Extended Universe Collection | = | Suicide Squad (2016)                                 |
[2023-01-31 01:11:09,525] [builder.py:1709]           [INFO]     |  5/12 | DC Extended Universe Collection | = | Justice League (2017)                                |
[2023-01-31 01:11:09,526] [builder.py:1709]           [INFO]     |  6/12 | DC Extended Universe Collection | = | Aquaman (2018)                                       |
[2023-01-31 01:11:09,526] [builder.py:1709]           [INFO]     |  7/12 | DC Extended Universe Collection | = | Shazam! (2019)                                       |
[2023-01-31 01:11:09,526] [builder.py:1709]           [INFO]     |  8/12 | DC Extended Universe Collection | = | The Batman (2022)                                    |
[2023-01-31 01:11:09,526] [builder.py:1709]           [INFO]     |  9/12 | DC Extended Universe Collection | = | Birds of Prey (2020)                                 |
[2023-01-31 01:11:09,527] [builder.py:1709]           [INFO]     | 10/12 | DC Extended Universe Collection | = | Wonder Woman 1984 (2020)                             |
[2023-01-31 01:11:09,527] [builder.py:1709]           [INFO]     | 11/12 | DC Extended Universe Collection | = | The Suicide Squad (2021)                             |
[2023-01-31 01:11:09,527] [builder.py:1709]           [INFO]     | 12/12 | DC Extended Universe Collection | = | Black Adam (2022)                                    |
[2023-01-31 01:11:09,528] [builder.py:1734]           [INFO]     |                                                                                                    |
[2023-01-31 01:11:09,528] [builder.py:1735]           [INFO]     | 12 Movies Processed                                                                                |
[2023-01-31 01:11:09,528] [builder.py:1929]           [INFO]     |                                                                                                    |
[2023-01-31 01:11:09,529] [util.py:216]               [INFO]     |======================== Missing Movies from Library: DC Extended Universe =========================|
[2023-01-31 01:11:09,529] [builder.py:1931]           [INFO]     |                                                                                                    |
[2023-01-31 01:11:09,673] [builder.py:1943]           [INFO]     | DC Extended Universe Collection | ? | The Flash (2023) (TMDb: 298618)                              |
[2023-01-31 01:11:09,784] [builder.py:1943]           [INFO]     | DC Extended Universe Collection | ? | Aquaman and the Lost Kingdom (2023) (TMDb: 572802)           |
[2023-01-31 01:11:09,905] [builder.py:1943]           [INFO]     | DC Extended Universe Collection | ? | Shazam! Fury of the Gods (2023) (TMDb: 594767)               |
[2023-01-31 01:11:09,905] [builder.py:1947]           [INFO]     |                                                                                                    |
[2023-01-31 01:11:09,906] [builder.py:1948]           [INFO]     | 3 Movies Missing                                                                                   |
[2023-01-31 01:11:10,119] [radarr.py:46]              [INFO]     |                                                                                                    |
[2023-01-31 01:11:10,120] [util.py:216]               [INFO]     |===================================== Adding Missing to Radarr =====================================|
[2023-01-31 01:11:10,120] [radarr.py:48]              [DEBUG]    |                                                                                                    |
[2023-01-31 01:11:10,120] [radarr.py:49]              [DEBUG]    | Radarr Adds: [298618, 572802, 594767]                                                              |
[2023-01-31 01:11:11,323] [radarr.py:138]             [INFO]     |                                                                                                    |
[2023-01-31 01:11:11,323] [radarr.py:146]             [INFO]     | Skipped: In Cache | 298618                                                                         |
[2023-01-31 01:11:11,323] [radarr.py:146]             [INFO]     | Skipped: In Cache | 572802                                                                         |
[2023-01-31 01:11:11,324] [radarr.py:146]             [INFO]     | Skipped: In Cache | 594767                                                                         |
[2023-01-31 01:11:11,324] [radarr.py:147]             [INFO]     | 3 Movies already exist in Radarr                                                                   |
[2023-01-31 01:11:11,344] [builder.py:2147]           [INFO]     |                                                                                                    |
[2023-01-31 01:11:11,345] [util.py:216]               [INFO]     |======================= Updating Details of DC Extended Universe Collection ========================|
[2023-01-31 01:11:11,345] [builder.py:2149]           [INFO]     |                                                                                                    |
[2023-01-31 01:11:11,345] [builder.py:2156]           [INFO]     | Detail: summary updated Collection Summary                                                         |
[2023-01-31 01:11:11,346] [builder.py:2258]           [DEBUG]    | 1 posters found:                                                                                   |
[2023-01-31 01:11:11,346] [builder.py:2260]           [DEBUG]    | Method: url_poster Poster: https://theposterdb.com/api/assets/92689                                |
[2023-01-31 01:11:11,346] [builder.py:2327]           [INFO]     | No background collection detail or asset folder found                                              |
[2023-01-31 01:11:11,348] [library.py:147]            [INFO]     | Detail: poster update not needed                                                                   |
[2023-01-31 01:11:11,472] [plex_meta_manager.py:880]  [INFO]     |                                                                                                    |
[2023-01-31 01:11:11,472] [util.py:209]               [INFO]     |====================================================================================================|
[2023-01-31 01:11:11,472] [util.py:216]               [INFO]     |                              Finished DC Extended Universe Collection                              |
[2023-01-31 01:11:11,473] [util.py:216]               [INFO]     |                                    Collection Run Time: 0:00:03                                    |
[2023-01-31 01:11:11,473] [util.py:220]               [INFO]     |====================================================================================================|
