[2023-02-28 01:07:28,343] [util.py:209]               [INFO]     |====================================================================================================|
[2023-02-28 01:07:28,343] [util.py:216]               [INFO]     |                            Godzilla (MonsterVerse) Collection in Movies                            |
[2023-02-28 01:07:28,344] [util.py:220]               [INFO]     |====================================================================================================|
[2023-02-28 01:07:28,344] [plex_meta_manager.py:750]  [INFO]     |                                                                                                    |
[2023-02-28 01:07:28,344] [util.py:216]               [INFO]     |========================== Validating Godzilla (MonsterVerse) Attributes ===========================|
[2023-02-28 01:07:28,345] [builder.py:265]            [DEBUG]    |                                                                                                    |
[2023-02-28 01:07:28,345] [builder.py:266]            [DEBUG]    | Validating Method: template                                                                        |
[2023-02-28 01:07:28,345] [meta.py:83]                [DEBUG]    | Value: ordereddict([('name', 'Collection'), ('collection', 535313), ('movie', 293167), ('poster', 'https://theposterdb.com/api/assets/135068')]) |
[2023-02-28 01:07:28,346] [builder.py:330]            [DEBUG]    |                                                                                                    |
[2023-02-28 01:07:28,346] [builder.py:331]            [DEBUG]    | Validating Method: sync_mode                                                                       |
[2023-02-28 01:07:28,346] [builder.py:335]            [DEBUG]    | Value: sync                                                                                        |
[2023-02-28 01:07:28,346] [builder.py:453]            [DEBUG]    |                                                                                                    |
[2023-02-28 01:07:28,346] [builder.py:454]            [DEBUG]    | Validating Method: collection_order                                                                |
[2023-02-28 01:07:28,347] [builder.py:455]            [DEBUG]    | Value: release                                                                                     |
[2023-02-28 01:07:28,347] [builder.py:472]            [DEBUG]    |                                                                                                    |
[2023-02-28 01:07:28,347] [builder.py:473]            [DEBUG]    | Validating Method: sort_title                                                                      |
[2023-02-28 01:07:28,347] [builder.py:474]            [DEBUG]    | Value: Godzilla 05 (MonsterVerse)                                                                  |
[2023-02-28 01:07:28,348] [builder.py:472]            [DEBUG]    |                                                                                                    |
[2023-02-28 01:07:28,348] [builder.py:473]            [DEBUG]    | Validating Method: tmdb_collection_details                                                         |
[2023-02-28 01:07:28,348] [builder.py:474]            [DEBUG]    | Value: 535313                                                                                      |
[2023-02-28 01:07:28,449] [builder.py:472]            [DEBUG]    |                                                                                                    |
[2023-02-28 01:07:28,450] [builder.py:473]            [DEBUG]    | Validating Method: tmdb_movie                                                                      |
[2023-02-28 01:07:28,450] [builder.py:474]            [DEBUG]    | Value: 293167                                                                                      |
[2023-02-28 01:07:28,571] [builder.py:472]            [DEBUG]    |                                                                                                    |
[2023-02-28 01:07:28,572] [builder.py:473]            [DEBUG]    | Validating Method: url_poster                                                                      |
[2023-02-28 01:07:28,572] [builder.py:474]            [DEBUG]    | Value: https://theposterdb.com/api/assets/135068                                                   |
[2023-02-28 01:07:28,765] [builder.py:619]            [INFO]     |                                                                                                    |
[2023-02-28 01:07:28,765] [builder.py:620]            [INFO]     | Validation Successful                                                                              |
[2023-02-28 01:07:28,765] [plex_meta_manager.py:758]  [INFO]     |                                                                                                    |
[2023-02-28 01:07:28,766] [util.py:216]               [INFO]     |============================ Running Godzilla (MonsterVerse) Collection ============================|
[2023-02-28 01:07:28,766] [plex_meta_manager.py:773]  [INFO]     |                                                                                                    |
[2023-02-28 01:07:28,766] [plex_meta_manager.py:774]  [INFO]     | Sync Mode: sync                                                                                    |
[2023-02-28 01:07:28,767] [builder.py:1275]           [DEBUG]    |                                                                                                    |
[2023-02-28 01:07:28,767] [builder.py:1276]           [DEBUG]    | Builder: tmdb_collection: 535313                                                                   |
[2023-02-28 01:07:28,767] [builder.py:1277]           [INFO]     |                                                                                                    |
[2023-02-28 01:07:28,768] [tmdb.py:323]               [INFO]     | Processing TMDb Collection: (535313) Godzilla Collection (3 Items)                                 |
[2023-02-28 01:07:28,768] [builder.py:1282]           [DEBUG]    |                                                                                                    |
[2023-02-28 01:07:28,768] [builder.py:1283]           [DEBUG]    | 3 IDs Found: [(373571, 'tmdb'), (124905, 'tmdb'), (399566, 'tmdb')]                                |
[2023-02-28 01:07:28,769] [builder.py:1284]           [DEBUG]    |                                                                                                    |
[2023-02-28 01:07:28,857] [builder.py:1275]           [DEBUG]    |                                                                                                    |
[2023-02-28 01:07:28,858] [builder.py:1276]           [DEBUG]    | Builder: tmdb_movie: 293167                                                                        |
[2023-02-28 01:07:28,858] [builder.py:1277]           [INFO]     |                                                                                                    |
[2023-02-28 01:07:28,860] [tmdb.py:323]               [INFO]     | Processing TMDb Movie: (293167) Kong: Skull Island (1 Item)                                        |
[2023-02-28 01:07:28,860] [builder.py:1282]           [DEBUG]    |                                                                                                    |
[2023-02-28 01:07:28,861] [builder.py:1283]           [DEBUG]    | 1 IDs Found: [(293167, 'tmdb')]                                                                    |
[2023-02-28 01:07:28,861] [builder.py:1284]           [DEBUG]    |                                                                                                    |
[2023-02-28 01:07:28,861] [builder.py:1697]           [INFO]     |                                                                                                    |
[2023-02-28 01:07:28,862] [util.py:216]               [INFO]     |=========================== Adding to Godzilla (MonsterVerse) Collection ===========================|
[2023-02-28 01:07:28,862] [builder.py:1699]           [INFO]     |                                                                                                    |
[2023-02-28 01:07:28,862] [builder.py:1709]           [INFO]     | 1/3 | Godzilla (MonsterVerse) Collection | = | Godzilla: King of the Monsters (2019)               |
[2023-02-28 01:07:28,863] [builder.py:1709]           [INFO]     | 2/3 | Godzilla (MonsterVerse) Collection | = | Godzilla (2014)                                     |
[2023-02-28 01:07:28,863] [builder.py:1709]           [INFO]     | 3/3 | Godzilla (MonsterVerse) Collection | = | Godzilla vs. Kong (2021)                            |
[2023-02-28 01:07:28,863] [builder.py:1734]           [INFO]     |                                                                                                    |
[2023-02-28 01:07:28,864] [builder.py:1735]           [INFO]     | 3 Movies Processed                                                                                 |
[2023-02-28 01:07:28,864] [builder.py:1929]           [INFO]     |                                                                                                    |
[2023-02-28 01:07:28,864] [util.py:216]               [INFO]     |======================= Missing Movies from Library: Godzilla (MonsterVerse) =======================|
[2023-02-28 01:07:28,864] [builder.py:1931]           [INFO]     |                                                                                                    |
[2023-02-28 01:07:28,866] [builder.py:1943]           [INFO]     | Godzilla (MonsterVerse) Collection | ? | Kong: Skull Island (2017) (TMDb: 293167)                  |
[2023-02-28 01:07:28,866] [builder.py:1947]           [INFO]     |                                                                                                    |
[2023-02-28 01:07:28,867] [builder.py:1948]           [INFO]     | 1 Movie Missing                                                                                    |
[2023-02-28 01:07:28,955] [builder.py:2147]           [INFO]     |                                                                                                    |
[2023-02-28 01:07:28,956] [util.py:216]               [INFO]     |====================== Updating Details of Godzilla (MonsterVerse) Collection ======================|
[2023-02-28 01:07:28,956] [builder.py:2149]           [INFO]     |                                                                                                    |
[2023-02-28 01:07:28,957] [builder.py:2156]           [INFO]     | Detail: tmdb_collection_details updated Collection Summary                                         |
[2023-02-28 01:07:28,957] [builder.py:2258]           [DEBUG]    | 2 posters found:                                                                                   |
[2023-02-28 01:07:28,958] [builder.py:2260]           [DEBUG]    | Method: tmdb_collection_details Poster: https://image.tmdb.org/t/p/original/inNN466SKHNjbGmpfhfsaPQNleS.jpg |
[2023-02-28 01:07:28,958] [builder.py:2260]           [DEBUG]    | Method: url_poster Poster: https://theposterdb.com/api/assets/135068                               |
[2023-02-28 01:07:28,958] [builder.py:2298]           [DEBUG]    | 1 backgrounds found:                                                                               |
[2023-02-28 01:07:28,958] [builder.py:2300]           [DEBUG]    | Method: tmdb_collection_details Background: https://image.tmdb.org/t/p/original/oboBn4VYB79uDxnyIri0Nt3U3N2.jpg |
[2023-02-28 01:07:28,959] [library.py:147]            [INFO]     | Detail: poster update not needed                                                                   |
[2023-02-28 01:07:28,960] [library.py:197]            [INFO]     | Detail: background update not needed                                                               |
[2023-02-28 01:07:29,146] [plex_meta_manager.py:880]  [INFO]     |                                                                                                    |
[2023-02-28 01:07:29,147] [util.py:209]               [INFO]     |====================================================================================================|
[2023-02-28 01:07:29,147] [util.py:216]               [INFO]     |                            Finished Godzilla (MonsterVerse) Collection                             |
[2023-02-28 01:07:29,147] [util.py:216]               [INFO]     |                                    Collection Run Time: 0:00:00                                    |
[2023-02-28 01:07:29,148] [util.py:220]               [INFO]     |====================================================================================================|
