[2023-02-28 13:19:35,348] [util.py:209]               [INFO]     |====================================================================================================|
[2023-02-28 13:19:35,349] [util.py:216]               [INFO]     |                                 Middle Earth Collection in Movies                                  |
[2023-02-28 13:19:35,349] [util.py:220]               [INFO]     |====================================================================================================|
[2023-02-28 13:19:35,350] [plex_meta_manager.py:750]  [INFO]     |                                                                                                    |
[2023-02-28 13:19:35,350] [util.py:216]               [INFO]     |================================ Validating Middle Earth Attributes ================================|
[2023-02-28 13:19:35,350] [builder.py:265]            [DEBUG]    |                                                                                                    |
[2023-02-28 13:19:35,351] [builder.py:266]            [DEBUG]    | Validating Method: template                                                                        |
[2023-02-28 13:19:35,351] [meta.py:83]                [DEBUG]    | Value: ordereddict([('name', 'Collection'), ('collection', '121938, 119'), ('poster', 'https://theposterdb.com/api/assets/12363')]) |
[2023-02-28 13:19:35,351] [builder.py:330]            [DEBUG]    |                                                                                                    |
[2023-02-28 13:19:35,352] [builder.py:331]            [DEBUG]    | Validating Method: sync_mode                                                                       |
[2023-02-28 13:19:35,352] [builder.py:335]            [DEBUG]    | Value: sync                                                                                        |
[2023-02-28 13:19:35,352] [builder.py:453]            [DEBUG]    |                                                                                                    |
[2023-02-28 13:19:35,352] [builder.py:454]            [DEBUG]    | Validating Method: collection_order                                                                |
[2023-02-28 13:19:35,353] [builder.py:455]            [DEBUG]    | Value: release                                                                                     |
[2023-02-28 13:19:35,353] [builder.py:472]            [DEBUG]    |                                                                                                    |
[2023-02-28 13:19:35,353] [builder.py:473]            [DEBUG]    | Validating Method: tmdb_collection_details                                                         |
[2023-02-28 13:19:35,353] [builder.py:474]            [DEBUG]    | Value: 121938, 119                                                                                 |
[2023-02-28 13:19:35,354] [tmdb.py:242]               [ERROR]    | TMDb Error: No Collection found for TMDb ID 121938: The resource you requested could not be found. |
[2023-02-28 13:19:35,354] [builder.py:472]            [DEBUG]    |                                                                                                    |
[2023-02-28 13:19:35,354] [builder.py:473]            [DEBUG]    | Validating Method: sort_title                                                                      |
[2023-02-28 13:19:35,355] [builder.py:474]            [DEBUG]    | Value: 00000f_Middle Earth                                                                         |
[2023-02-28 13:19:35,355] [builder.py:472]            [DEBUG]    |                                                                                                    |
[2023-02-28 13:19:35,355] [builder.py:473]            [DEBUG]    | Validating Method: url_poster                                                                      |
[2023-02-28 13:19:35,355] [builder.py:474]            [DEBUG]    | Value: https://theposterdb.com/api/assets/12363                                                    |
[2023-02-28 13:19:35,579] [builder.py:619]            [INFO]     |                                                                                                    |
[2023-02-28 13:19:35,579] [builder.py:620]            [INFO]     | Validation Successful                                                                              |
[2023-02-28 13:19:35,580] [plex_meta_manager.py:758]  [INFO]     |                                                                                                    |
[2023-02-28 13:19:35,580] [util.py:216]               [INFO]     |================================= Running Middle Earth Collection ==================================|
[2023-02-28 13:19:35,580] [plex_meta_manager.py:773]  [INFO]     |                                                                                                    |
[2023-02-28 13:19:35,581] [plex_meta_manager.py:774]  [INFO]     | Sync Mode: sync                                                                                    |
[2023-02-28 13:19:35,581] [builder.py:1275]           [DEBUG]    |                                                                                                    |
[2023-02-28 13:19:35,581] [builder.py:1276]           [DEBUG]    | Builder: tmdb_collection: 119                                                                      |
[2023-02-28 13:19:35,581] [builder.py:1277]           [INFO]     |                                                                                                    |
[2023-02-28 13:19:35,582] [tmdb.py:323]               [INFO]     | Processing TMDb Collection: (119) The Lord of the Rings Collection (3 Items)                       |
[2023-02-28 13:19:35,582] [builder.py:1282]           [DEBUG]    |                                                                                                    |
[2023-02-28 13:19:35,582] [builder.py:1283]           [DEBUG]    | 3 IDs Found: [(120, 'tmdb'), (121, 'tmdb'), (122, 'tmdb')]                                         |
[2023-02-28 13:19:35,582] [builder.py:1284]           [DEBUG]    |                                                                                                    |
[2023-02-28 13:19:35,721] [builder.py:1697]           [INFO]     |                                                                                                    |
[2023-02-28 13:19:35,722] [util.py:216]               [INFO]     |================================ Adding to Middle Earth Collection =================================|
[2023-02-28 13:19:35,722] [builder.py:1699]           [INFO]     |                                                                                                    |
[2023-02-28 13:19:35,722] [builder.py:1709]           [INFO]     | 1/3 | Middle Earth Collection | = | The Lord of the Rings: The Fellowship of the Ring (2001)       |
[2023-02-28 13:19:35,723] [builder.py:1709]           [INFO]     | 2/3 | Middle Earth Collection | = | The Lord of the Rings: The Two Towers (2002)                   |
[2023-02-28 13:19:35,723] [builder.py:1709]           [INFO]     | 3/3 | Middle Earth Collection | = | The Lord of the Rings: The Return of the King (2003)           |
[2023-02-28 13:19:35,723] [builder.py:1734]           [INFO]     |                                                                                                    |
[2023-02-28 13:19:35,724] [builder.py:1735]           [INFO]     | 3 Movies Processed                                                                                 |
[2023-02-28 13:19:35,724] [builder.py:1743]           [INFO]     |                                                                                                    |
[2023-02-28 13:19:35,724] [util.py:216]               [INFO]     |=============================== Removed from Middle Earth Collection ===============================|
[2023-02-28 13:19:35,725] [builder.py:1745]           [INFO]     |                                                                                                    |
[2023-02-28 13:19:35,760] [builder.py:1751]           [INFO]     | 1/3 | Middle Earth Collection | - | The Hobbit: An Unexpected Journey (2012)                       |
[2023-02-28 13:19:35,940] [builder.py:1751]           [INFO]     | 2/3 | Middle Earth Collection | - | The Hobbit: The Desolation of Smaug (2013)                     |
[2023-02-28 13:19:36,113] [builder.py:1751]           [INFO]     | 3/3 | Middle Earth Collection | - | The Hobbit: The Battle of the Five Armies (2014)               |
[2023-02-28 13:19:36,265] [builder.py:1768]           [INFO]     |                                                                                                    |
[2023-02-28 13:19:36,266] [builder.py:1769]           [INFO]     | 3 Movie Removed                                                                                    |
[2023-02-28 13:19:36,271] [builder.py:2147]           [INFO]     |                                                                                                    |
[2023-02-28 13:19:36,271] [util.py:216]               [INFO]     |=========================== Updating Details of Middle Earth Collection ============================|
[2023-02-28 13:19:36,272] [builder.py:2149]           [INFO]     |                                                                                                    |
[2023-02-28 13:19:36,272] [builder.py:2156]           [INFO]     | Detail: tmdb_collection_details updated Collection Summary                                         |
[2023-02-28 13:19:36,272] [builder.py:2235]           [DEBUG]    | {'summary.value': 'The Lord of the Rings trilogy consists of three epic fantasy films, based on the influential novels written by J. R. R. Tolkien, directed by Peter Jackson.', 'summary.locked': 1} |
[2023-02-28 13:19:36,281] [builder.py:2237]           [INFO]     | Details: have been updated                                                                         |
[2023-02-28 13:19:36,282] [builder.py:2258]           [DEBUG]    | 2 posters found:                                                                                   |
[2023-02-28 13:19:36,282] [builder.py:2260]           [DEBUG]    | Method: tmdb_collection_details Poster: https://image.tmdb.org/t/p/original/nSNle6UJNNuEbglNvXt67m1a1Yn.jpg |
[2023-02-28 13:19:36,283] [builder.py:2260]           [DEBUG]    | Method: url_poster Poster: https://theposterdb.com/api/assets/12363                                |
[2023-02-28 13:19:36,283] [builder.py:2298]           [DEBUG]    | 1 backgrounds found:                                                                               |
[2023-02-28 13:19:36,283] [builder.py:2300]           [DEBUG]    | Method: tmdb_collection_details Background: https://image.tmdb.org/t/p/original/bccR2CGTWVVSZAG0yqmy3DIvhTX.jpg |
[2023-02-28 13:19:37,581] [library.py:145]            [INFO]     | Detail: url_poster updated poster to [URL] https://theposterdb.com/api/assets/12363                |
[2023-02-28 13:19:37,668] [library.py:195]            [INFO]     | Detail: tmdb_collection_details updated background to [URL] https://image.tmdb.org/t/p/original/bccR2CGTWVVSZAG0yqmy3DIvhTX.jpg |
[2023-02-28 13:19:37,882] [plex_meta_manager.py:880]  [INFO]     |                                                                                                    |
[2023-02-28 13:19:37,883] [util.py:209]               [INFO]     |====================================================================================================|
[2023-02-28 13:19:37,883] [util.py:216]               [INFO]     |                                  Finished Middle Earth Collection                                  |
[2023-02-28 13:19:37,883] [util.py:216]               [INFO]     |                                    Collection Run Time: 0:00:02                                    |
[2023-02-28 13:19:37,884] [util.py:220]               [INFO]     |====================================================================================================|
