[2023-02-28 13:23:34,312] [util.py:209]               [INFO]     |====================================================================================================|
[2023-02-28 13:23:34,313] [util.py:216]               [INFO]     |                           Best Coming of Age Movies Collection in Movies                           |
[2023-02-28 13:23:34,313] [util.py:220]               [INFO]     |====================================================================================================|
[2023-02-28 13:23:34,313] [plex_meta_manager.py:750]  [INFO]     |                                                                                                    |
[2023-02-28 13:23:34,314] [util.py:216]               [INFO]     |========================= Validating Best Coming of Age Movies Attributes ==========================|
[2023-02-28 13:23:34,314] [builder.py:265]            [DEBUG]    |                                                                                                    |
[2023-02-28 13:23:34,314] [builder.py:266]            [DEBUG]    | Validating Method: template                                                                        |
[2023-02-28 13:23:34,314] [meta.py:83]                [DEBUG]    | Value: ordereddict([('name', 'Holiday'), ('poster', './config/posters/paintings/coming_of_age.jpg')]) |
[2023-02-28 13:23:34,315] [builder.py:273]            [DEBUG]    |                                                                                                    |
[2023-02-28 13:23:34,315] [builder.py:274]            [DEBUG]    | Validating Method: delete_not_scheduled                                                            |
[2023-02-28 13:23:34,315] [builder.py:275]            [DEBUG]    | Value: True                                                                                        |
[2023-02-28 13:23:34,316] [builder.py:279]            [DEBUG]    |                                                                                                    |
[2023-02-28 13:23:34,316] [builder.py:280]            [DEBUG]    | Validating Method: schedule                                                                        |
[2023-02-28 13:23:34,316] [builder.py:284]            [DEBUG]    | Value: range(08/13-08/31)                                                                          |
[2023-02-28 13:23:34,319] [plex.py:687]               [DEBUG]    | Looking for: Best Coming of Age Movies                                                             |
[2023-02-28 13:23:34,320] [util.py:161]               [INFO]     |                                                                                                    |
[2023-02-28 13:23:34,320] [util.py:161]               [INFO]     | Scheduled between August 13th and August 31st                                                      |
[2023-02-28 13:23:34,320] [util.py:161]               [INFO]     |                                                                                                    |
[2023-02-28 13:23:34,321] [util.py:161]               [INFO]     | Collection Best Coming of Age Movies not scheduled to run and could not be found to delete         |
[2023-02-28 13:23:34,321] [plex_meta_manager.py:880]  [INFO]     |                                                                                                    |
[2023-02-28 13:23:34,321] [util.py:209]               [INFO]     |====================================================================================================|
[2023-02-28 13:23:34,322] [util.py:216]               [INFO]     |                           Finished Best Coming of Age Movies Collection                            |
[2023-02-28 13:23:34,322] [util.py:216]               [INFO]     |                                    Collection Run Time: 0:00:00                                    |
[2023-02-28 13:23:34,322] [util.py:220]               [INFO]     |====================================================================================================|
