[2023-01-31 01:00:44,778] [util.py:209]               [INFO]     |====================================================================================================|
[2023-01-31 01:00:44,779] [util.py:216]               [INFO]     |                               Fantastic Beasts Collection in Movies                                |
[2023-01-31 01:00:44,779] [util.py:220]               [INFO]     |====================================================================================================|
[2023-01-31 01:00:44,779] [plex_meta_manager.py:750]  [INFO]     |                                                                                                    |
[2023-01-31 01:00:44,780] [util.py:216]               [INFO]     |============================== Validating Fantastic Beasts Attributes ==============================|
[2023-01-31 01:00:44,780] [builder.py:265]            [DEBUG]    |                                                                                                    |
[2023-01-31 01:00:44,780] [builder.py:266]            [DEBUG]    | Validating Method: template                                                                        |
[2023-01-31 01:00:44,781] [meta.py:83]                [DEBUG]    | Value: ordereddict([('name', 'Movie'), ('collection', 435259), ('summary', 435259), ('poster', 'https://theposterdb.com/api/assets/27620')]) |
[2023-01-31 01:00:44,781] [builder.py:330]            [DEBUG]    |                                                                                                    |
[2023-01-31 01:00:44,781] [builder.py:331]            [DEBUG]    | Validating Method: sync_mode                                                                       |
[2023-01-31 01:00:44,781] [builder.py:335]            [DEBUG]    | Value: sync                                                                                        |
[2023-01-31 01:00:44,782] [builder.py:453]            [DEBUG]    |                                                                                                    |
[2023-01-31 01:00:44,782] [builder.py:454]            [DEBUG]    | Validating Method: collection_order                                                                |
[2023-01-31 01:00:44,782] [builder.py:455]            [DEBUG]    | Value: release                                                                                     |
[2023-01-31 01:00:44,782] [builder.py:472]            [DEBUG]    |                                                                                                    |
[2023-01-31 01:00:44,783] [builder.py:473]            [DEBUG]    | Validating Method: url_poster                                                                      |
[2023-01-31 01:00:44,783] [builder.py:474]            [DEBUG]    | Value: https://theposterdb.com/api/assets/27620                                                    |
[2023-01-31 01:00:44,783] [builder.py:472]            [DEBUG]    |                                                                                                    |
[2023-01-31 01:00:44,784] [builder.py:473]            [DEBUG]    | Validating Method: tmdb_collection                                                                 |
[2023-01-31 01:00:44,784] [builder.py:474]            [DEBUG]    | Value: 435259                                                                                      |
[2023-01-31 01:00:44,892] [builder.py:472]            [DEBUG]    |                                                                                                    |
[2023-01-31 01:00:44,893] [builder.py:473]            [DEBUG]    | Validating Method: tmdb_summary                                                                    |
[2023-01-31 01:00:44,893] [builder.py:474]            [DEBUG]    | Value: 435259                                                                                      |
[2023-01-31 01:00:44,893] [builder.py:472]            [DEBUG]    |                                                                                                    |
[2023-01-31 01:00:44,894] [builder.py:473]            [DEBUG]    | Validating Method: sort_title                                                                      |
[2023-01-31 01:00:44,894] [builder.py:474]            [DEBUG]    | Value: 00000f_Fantastic Beasts                                                                     |
[2023-01-31 01:00:44,894] [builder.py:472]            [DEBUG]    |                                                                                                    |
[2023-01-31 01:00:44,894] [builder.py:473]            [DEBUG]    | Validating Method: radarr_add_missing                                                              |
[2023-01-31 01:00:44,895] [builder.py:474]            [DEBUG]    | Value: True                                                                                        |
[2023-01-31 01:00:45,081] [builder.py:619]            [INFO]     |                                                                                                    |
[2023-01-31 01:00:45,081] [builder.py:620]            [INFO]     | Validation Successful                                                                              |
[2023-01-31 01:00:45,082] [plex_meta_manager.py:758]  [INFO]     |                                                                                                    |
[2023-01-31 01:00:45,083] [util.py:216]               [INFO]     |=============================== Running Fantastic Beasts Collection ================================|
[2023-01-31 01:00:45,083] [plex_meta_manager.py:773]  [INFO]     |                                                                                                    |
[2023-01-31 01:00:45,083] [plex_meta_manager.py:774]  [INFO]     | Sync Mode: sync                                                                                    |
[2023-01-31 01:00:45,084] [builder.py:1275]           [DEBUG]    |                                                                                                    |
[2023-01-31 01:00:45,084] [builder.py:1276]           [DEBUG]    | Builder: tmdb_collection: 435259                                                                   |
[2023-01-31 01:00:45,084] [builder.py:1277]           [INFO]     |                                                                                                    |
[2023-01-31 01:00:45,085] [tmdb.py:323]               [INFO]     | Processing TMDb Collection: (435259) Fantastic Beasts Collection (3 Items)                         |
[2023-01-31 01:00:45,085] [builder.py:1282]           [DEBUG]    |                                                                                                    |
[2023-01-31 01:00:45,085] [builder.py:1283]           [DEBUG]    | 3 IDs Found: [(259316, 'tmdb'), (338953, 'tmdb'), (338952, 'tmdb')]                                |
[2023-01-31 01:00:45,085] [builder.py:1284]           [DEBUG]    |                                                                                                    |
[2023-01-31 01:00:45,164] [builder.py:1697]           [INFO]     |                                                                                                    |
[2023-01-31 01:00:45,164] [util.py:216]               [INFO]     |============================== Adding to Fantastic Beasts Collection ===============================|
[2023-01-31 01:00:45,164] [builder.py:1699]           [INFO]     |                                                                                                    |
[2023-01-31 01:00:45,165] [builder.py:1709]           [INFO]     | 1/3 | Fantastic Beasts Collection | = | Fantastic Beasts and Where to Find Them (2016)             |
[2023-01-31 01:00:45,165] [builder.py:1709]           [INFO]     | 2/3 | Fantastic Beasts Collection | = | Fantastic Beasts: The Secrets of Dumbledore (2022)         |
[2023-01-31 01:00:45,165] [builder.py:1709]           [INFO]     | 3/3 | Fantastic Beasts Collection | = | Fantastic Beasts: The Crimes of Grindelwald (2018)         |
[2023-01-31 01:00:45,166] [builder.py:1734]           [INFO]     |                                                                                                    |
[2023-01-31 01:00:45,166] [builder.py:1735]           [INFO]     | 3 Movies Processed                                                                                 |
[2023-01-31 01:00:45,170] [builder.py:2147]           [INFO]     |                                                                                                    |
[2023-01-31 01:00:45,170] [util.py:216]               [INFO]     |========================= Updating Details of Fantastic Beasts Collection ==========================|
[2023-01-31 01:00:45,171] [builder.py:2149]           [INFO]     |                                                                                                    |
[2023-01-31 01:00:45,171] [builder.py:2156]           [INFO]     | Detail: tmdb_summary updated Collection Summary                                                    |
[2023-01-31 01:00:45,172] [builder.py:2258]           [DEBUG]    | 1 posters found:                                                                                   |
[2023-01-31 01:00:45,172] [builder.py:2260]           [DEBUG]    | Method: url_poster Poster: https://theposterdb.com/api/assets/27620                                |
[2023-01-31 01:00:45,172] [builder.py:2327]           [INFO]     | No background collection detail or asset folder found                                              |
[2023-01-31 01:00:45,173] [library.py:147]            [INFO]     | Detail: poster update not needed                                                                   |
[2023-01-31 01:00:45,352] [plex_meta_manager.py:880]  [INFO]     |                                                                                                    |
[2023-01-31 01:00:45,352] [util.py:209]               [INFO]     |====================================================================================================|
[2023-01-31 01:00:45,353] [util.py:216]               [INFO]     |                                Finished Fantastic Beasts Collection                                |
[2023-01-31 01:00:45,353] [util.py:216]               [INFO]     |                                    Collection Run Time: 0:00:00                                    |
[2023-01-31 01:00:45,354] [util.py:220]               [INFO]     |====================================================================================================|
