[2023-02-28 14:50:44,294] [util.py:209]               [INFO]     |====================================================================================================|
[2023-02-28 14:50:44,294] [util.py:216]               [INFO]     |                                     AMC Collection in TV Shows                                     |
[2023-02-28 14:50:44,294] [util.py:220]               [INFO]     |====================================================================================================|
[2023-02-28 14:50:44,295] [plex_meta_manager.py:750]  [INFO]     |                                                                                                    |
[2023-02-28 14:50:44,302] [util.py:216]               [INFO]     |==================================== Validating AMC Attributes =====================================|
[2023-02-28 14:50:44,303] [builder.py:265]            [DEBUG]    |                                                                                                    |
[2023-02-28 14:50:44,303] [builder.py:266]            [DEBUG]    | Validating Method: template                                                                        |
[2023-02-28 14:50:44,303] [meta.py:83]                [DEBUG]    | Value: ordereddict([('name', 'network'), ('network', '174, 4661'), ('poster', 'https://theposterdb.com/api/assets/104445')]) |
[2023-02-28 14:50:44,303] [builder.py:330]            [DEBUG]    |                                                                                                    |
[2023-02-28 14:50:44,304] [builder.py:331]            [DEBUG]    | Validating Method: sync_mode                                                                       |
[2023-02-28 14:50:44,304] [builder.py:335]            [DEBUG]    | Value: sync                                                                                        |
[2023-02-28 14:50:44,304] [builder.py:453]            [DEBUG]    |                                                                                                    |
[2023-02-28 14:50:44,304] [builder.py:454]            [DEBUG]    | Validating Method: collection_order                                                                |
[2023-02-28 14:50:44,304] [builder.py:455]            [DEBUG]    | Value: alpha                                                                                       |
[2023-02-28 14:50:44,305] [builder.py:472]            [DEBUG]    |                                                                                                    |
[2023-02-28 14:50:44,305] [builder.py:473]            [DEBUG]    | Validating Method: tmdb_network                                                                    |
[2023-02-28 14:50:44,305] [builder.py:474]            [DEBUG]    | Value: 174, 4661                                                                                   |
[2023-02-28 14:50:44,583] [builder.py:472]            [DEBUG]    |                                                                                                    |
[2023-02-28 14:50:44,584] [builder.py:473]            [DEBUG]    | Validating Method: url_poster                                                                      |
[2023-02-28 14:50:44,584] [builder.py:474]            [DEBUG]    | Value: https://theposterdb.com/api/assets/104445                                                   |
[2023-02-28 14:50:44,584] [builder.py:472]            [DEBUG]    |                                                                                                    |
[2023-02-28 14:50:44,584] [builder.py:473]            [DEBUG]    | Validating Method: sort_title                                                                      |
[2023-02-28 14:50:44,585] [builder.py:474]            [DEBUG]    | Value: +4_AMC                                                                                      |
[2023-02-28 14:50:44,669] [builder.py:619]            [INFO]     |                                                                                                    |
[2023-02-28 14:50:44,669] [builder.py:620]            [INFO]     | Validation Successful                                                                              |
[2023-02-28 14:50:44,670] [plex_meta_manager.py:758]  [INFO]     |                                                                                                    |
[2023-02-28 14:50:44,670] [util.py:216]               [INFO]     |====================================== Running AMC Collection ======================================|
[2023-02-28 14:50:44,670] [plex_meta_manager.py:773]  [INFO]     |                                                                                                    |
[2023-02-28 14:50:44,671] [plex_meta_manager.py:774]  [INFO]     | Sync Mode: sync                                                                                    |
[2023-02-28 14:50:44,671] [builder.py:1275]           [DEBUG]    |                                                                                                    |
[2023-02-28 14:50:44,671] [builder.py:1276]           [DEBUG]    | Builder: tmdb_network: 174                                                                         |
[2023-02-28 14:50:44,671] [builder.py:1277]           [INFO]     |                                                                                                    |
[2023-02-28 14:50:45,213] [tmdb.py:282]               [INFO]     | Processing TMDb Network: (174) AMC (78 Shows)                                                      |
[2023-02-28 14:50:45,213] [builder.py:1282]           [DEBUG]    |                                                                                                    |
[2023-02-28 14:50:45,213] [builder.py:1283]           [DEBUG]    | 78 IDs Found: [(1402, 'tmdb_show'), (207863, 'tmdb_show'), (1396, 'tmdb_show'), (62286, 'tmdb_show'), (60059, 'tmdb_show'), (129035, 'tmdb_show'), (47450, 'tmdb_show'), (136248, 'tmdb_show'), (1104, 'tmdb_show'), (94305, 'tmdb_show'), (194583, 'tmdb_show'), (211684, 'tmdb_show'), (128098, 'tmdb_show'), (1401, 'tmdb_show'), (75191, 'tmdb_show'), (64230, 'tmdb_show'), (206586, 'tmdb_show'), (34415, 'tmdb_show'), (85273, 'tmdb_show'), (59659, 'tmdb_show'), (90746, 'tmdb_show'), (67232, 'tmdb_show'), (57276, 'tmdb_show'), (42021, 'tmdb_show'), (42004, 'tmdb_show'), (83181, 'tmdb_show'), (128904, 'tmdb_show'), (20056, 'tmdb_show'), (30892, 'tmdb_show'), (100771, 'tmdb_show'), (99652, 'tmdb_show'), (79003, 'tmdb_show'), (210239, 'tmdb_show'), (81241, 'tmdb_show'), (31319, 'tmdb_show'), (79005, 'tmdb_show'), (80925, 'tmdb_show'), (66402, 'tmdb_show'), (90306, 'tmdb_show'), (62336, 'tmdb_show'), (47323, 'tmdb_show'), (66737, 'tmdb_show'), (68010, 'tmdb_show'), (66316, 'tmdb_show'), (98657, 'tmdb_show'), (10479, 'tmdb_show'), (80071, 'tmdb_show'), (105839, 'tmdb_show'), (75262, 'tmdb_show'), (65664, 'tmdb_show'), (28902, 'tmdb_show'), (129536, 'tmdb_show'), (94902, 'tmdb_show'), (43706, 'tmdb_show'), (11481, 'tmdb_show'), (91497, 'tmdb_show'), (206916, 'tmdb_show'), (123987, 'tmdb_show'), (35123, 'tmdb_show'), (30089, 'tmdb_show'), (102832, 'tmdb_show'), (46873, 'tmdb_show'), (11084, 'tmdb_show'), (194741, 'tmdb_show'), (56880, 'tmdb_show'), (28026, 'tmdb_show'), (15526, 'tmdb_show'), (119492, 'tmdb_show'), (59526, 'tmdb_show'), (23653, 'tmdb_show'), (119518, 'tmdb_show'), (207112, 'tmdb_show'), (116510, 'tmdb_show'), (56240, 'tmdb_show'), (46772, 'tmdb_show'), (25078, 'tmdb_show'), (22886, 'tmdb_show'), (17414, 'tmdb_show')] |
[2023-02-28 14:50:45,213] [builder.py:1284]           [DEBUG]    |                                                                                                    |
[2023-02-28 14:50:45,371] [builder.py:1361]           [ERROR]    | Convert Error: No TVDb ID Found for TMDb ID: 129035                                                |
[2023-02-28 14:50:45,645] [builder.py:1361]           [ERROR]    | Convert Error: No TVDb ID Found for TMDb ID: 65664                                                 |
[2023-02-28 14:50:45,750] [builder.py:1361]           [ERROR]    | Convert Error: No TVDb ID Found for TMDb ID: 28902                                                 |
[2023-02-28 14:50:45,884] [builder.py:1361]           [ERROR]    | Convert Error: No TVDb ID Found for TMDb ID: 35123                                                 |
[2023-02-28 14:50:45,998] [builder.py:1361]           [ERROR]    | Convert Error: No TVDb ID Found for TMDb ID: 30089                                                 |
[2023-02-28 14:50:46,107] [builder.py:1361]           [ERROR]    | Convert Error: No TVDb ID Found for TMDb ID: 15526                                                 |
[2023-02-28 14:50:46,215] [builder.py:1361]           [ERROR]    | Convert Error: No TVDb ID Found for TMDb ID: 56240                                                 |
[2023-02-28 14:50:46,399] [builder.py:1361]           [ERROR]    | Convert Error: No TVDb ID Found for TMDb ID: 46772                                                 |
[2023-02-28 14:50:46,499] [builder.py:1361]           [ERROR]    | Convert Error: No TVDb ID Found for TMDb ID: 17414                                                 |
[2023-02-28 14:50:46,500] [builder.py:1275]           [DEBUG]    |                                                                                                    |
[2023-02-28 14:50:46,500] [builder.py:1276]           [DEBUG]    | Builder: tmdb_network: 4661                                                                        |
[2023-02-28 14:50:46,500] [builder.py:1277]           [INFO]     |                                                                                                    |
[2023-02-28 14:50:46,714] [tmdb.py:282]               [INFO]     | Processing TMDb Network: (4661) AMC+ (9 Shows)                                                     |
[2023-02-28 14:50:46,715] [builder.py:1282]           [DEBUG]    |                                                                                                    |
[2023-02-28 14:50:46,715] [builder.py:1283]           [DEBUG]    | 9 IDs Found: [(86941, 'tmdb_show'), (195339, 'tmdb_show'), (158704, 'tmdb_show'), (157084, 'tmdb_show'), (125398, 'tmdb_show'), (135156, 'tmdb_show'), (138525, 'tmdb_show'), (121214, 'tmdb_show'), (198015, 'tmdb_show')] |
[2023-02-28 14:50:46,715] [builder.py:1284]           [DEBUG]    |                                                                                                    |
[2023-02-28 14:50:46,834] [builder.py:1361]           [ERROR]    | Convert Error: No TVDb ID Found for TMDb ID: 121214                                                |
[2023-02-28 14:50:46,835] [builder.py:1697]           [INFO]     |                                                                                                    |
[2023-02-28 14:50:46,835] [util.py:216]               [INFO]     |===================================== Adding to AMC Collection =====================================|
[2023-02-28 14:50:46,835] [builder.py:1699]           [INFO]     |                                                                                                    |
[2023-02-28 14:50:46,835] [builder.py:1709]           [INFO]     | 1/4 | AMC Collection | = | Breaking Bad                                                            |
[2023-02-28 14:50:46,836] [builder.py:1709]           [INFO]     | 2/4 | AMC Collection | = | Better Call Saul                                                        |
[2023-02-28 14:50:46,836] [builder.py:1709]           [INFO]     | 3/4 | AMC Collection | = | The Terror                                                              |
[2023-02-28 14:50:46,836] [builder.py:1709]           [INFO]     | 4/4 | AMC Collection | = | The North Water                                                         |
[2023-02-28 14:50:46,837] [builder.py:1734]           [INFO]     |                                                                                                    |
[2023-02-28 14:50:46,837] [builder.py:1735]           [INFO]     | 4 Shows Processed                                                                                  |
[2023-02-28 14:50:46,837] [builder.py:1969]           [INFO]     |                                                                                                    |
[2023-02-28 14:50:46,837] [util.py:216]               [INFO]     |================================= Missing Shows from Library: AMC ==================================|
[2023-02-28 14:50:46,838] [builder.py:1971]           [INFO]     |                                                                                                    |
[2023-02-28 14:50:48,082] [builder.py:1982]           [INFO]     | AMC Collection | ? | The Walking Dead (TVDB: 153021)                                               |
[2023-02-28 14:50:48,434] [builder.py:1982]           [INFO]     | AMC Collection | ? | Anne Rice's Mayfair Witches (TVDB: 413074)                                    |
[2023-02-28 14:50:49,256] [builder.py:1982]           [INFO]     | AMC Collection | ? | Fear the Walking Dead (TVDB: 290853)                                          |
[2023-02-28 14:50:49,628] [builder.py:1982]           [INFO]     | AMC Collection | ? | Into the Badlands (TVDB: 289079)                                              |
[2023-02-28 14:50:49,870] [builder.py:1982]           [INFO]     | AMC Collection | ? | Tales of the Walking Dead (TVDB: 411314)                                      |
[2023-02-28 14:50:50,660] [builder.py:1982]           [INFO]     | AMC Collection | ? | Mad Men (TVDB: 80337)                                                         |
[2023-02-28 14:50:51,044] [builder.py:1982]           [INFO]     | AMC Collection | ? | The Walking Dead: World Beyond (TVDB: 372787)                                 |
[2023-02-28 14:50:51,243] [builder.py:1982]           [INFO]     | AMC Collection | ? | The Walking Dead: Dead City (TVDB: 417549)                                    |
[2023-02-28 14:50:51,470] [builder.py:1982]           [INFO]     | AMC Collection | ? | The Walking Dead: Daryl Dixon (TVDB: 427464)                                  |
[2023-02-28 14:50:51,767] [builder.py:1982]           [INFO]     | AMC Collection | ? | Interview with the Vampire (TVDB: 405535)                                     |
[2023-02-28 14:50:52,172] [builder.py:1982]           [INFO]     | AMC Collection | ? | Hell on Wheels (TVDB: 212961)                                                 |
[2023-02-28 14:50:52,617] [builder.py:1982]           [INFO]     | AMC Collection | ? | Preacher (TVDB: 300472)                                                       |
[2023-02-28 14:50:52,803] [builder.py:1982]           [INFO]     | AMC Collection | ? | The Walking Dead: Rick & Michonne (TVDB: 427202)                              |
[2023-02-28 14:50:53,195] [builder.py:1982]           [INFO]     | AMC Collection | ? | The Killing (US) (TVDB: 210171)                                               |
[2023-02-28 14:50:53,539] [builder.py:1982]           [INFO]     | AMC Collection | ? | NOS4A2 (TVDB: 359637)                                                         |
[2023-02-28 14:50:53,965] [builder.py:1982]           [INFO]     | AMC Collection | ? | Halt and Catch Fire (TVDB: 271910)                                            |
[2023-02-28 14:50:54,311] [builder.py:1982]           [INFO]     | AMC Collection | ? | Better Call Saul: Employee Training (TVDB: 365403)                            |
[2023-02-28 14:50:54,637] [builder.py:1982]           [INFO]     | AMC Collection | ? | The Son (TVDB: 320286)                                                        |
[2023-02-28 14:50:55,049] [builder.py:1982]           [INFO]     | AMC Collection | ? | TURN: Washington's Spies (TVDB: 272135)                                       |
[2023-02-28 14:50:55,616] [builder.py:1982]           [INFO]     | AMC Collection | ? | Talking Dead (TVDB: 252861)                                                   |
[2023-02-28 14:50:56,013] [builder.py:1982]           [INFO]     | AMC Collection | ? | Comic Book Men (TVDB: 254990)                                                 |
[2023-02-28 14:50:56,264] [builder.py:1982]           [INFO]     | AMC Collection | ? | Eli Roth's History of Horror (TVDB: 350842)                                   |
[2023-02-28 14:50:56,541] [builder.py:1982]           [INFO]     | AMC Collection | ? | Dark Winds (TVDB: 406179)                                                     |
[2023-02-28 14:50:56,762] [builder.py:1982]           [INFO]     | AMC Collection | ? | Broken Trail (TVDB: 81129)                                                    |
[2023-02-28 14:50:57,033] [builder.py:1982]           [INFO]     | AMC Collection | ? | Rubicon (TVDB: 158411)                                                        |
[2023-02-28 14:50:57,320] [builder.py:1982]           [INFO]     | AMC Collection | ? | Soulmates (2020) (TVDB: 380909)                                               |
[2023-02-28 14:50:57,617] [builder.py:1982]           [INFO]     | AMC Collection | ? | Kevin Can F**k Himself (TVDB: 355827)                                         |
[2023-02-28 14:50:57,854] [builder.py:1982]           [INFO]     | AMC Collection | ? | James Cameron's Story of Science Fiction (TVDB: 341484)                       |
[2023-02-28 14:50:58,033] [builder.py:1982]           [INFO]     | AMC Collection | ? | Straight Man (TVDB: 275476)                                                   |
[2023-02-28 14:50:58,300] [builder.py:1982]           [INFO]     | AMC Collection | ? | Dispatches from Elsewhere (TVDB: 371820)                                      |
[2023-02-28 14:50:58,560] [builder.py:1982]           [INFO]     | AMC Collection | ? | The Prisoner (2009) (TVDB: 85242)                                             |
[2023-02-28 14:50:58,886] [builder.py:1982]           [INFO]     | AMC Collection | ? | Dietland (TVDB: 344186)                                                       |
[2023-02-28 14:50:59,167] [builder.py:1982]           [INFO]     | AMC Collection | ? | Lodge 49 (TVDB: 346081)                                                       |
[2023-02-28 14:50:59,459] [builder.py:1982]           [INFO]     | AMC Collection | ? | Ride with Norman Reedus (TVDB: 310633)                                        |
[2023-02-28 14:50:59,727] [builder.py:1982]           [INFO]     | AMC Collection | ? | Ultra City Smiths (TVDB: 388542)                                              |
[2023-02-28 14:51:00,033] [builder.py:1982]           [INFO]     | AMC Collection | ? | The Making of The Mob (TVDB: 294781)                                          |
[2023-02-28 14:51:00,276] [builder.py:1982]           [INFO]     | AMC Collection | ? | Low Winter Sun (2013) (TVDB: 267206)                                          |
[2023-02-28 14:51:00,512] [builder.py:1982]           [INFO]     | AMC Collection | ? | The American West (TVDB: 310911)                                              |
[2023-02-28 14:51:00,754] [builder.py:1982]           [INFO]     | AMC Collection | ? | Geeking Out (TVDB: 314564)                                                    |
[2023-02-28 14:51:01,029] [builder.py:1982]           [INFO]     | AMC Collection | ? | Feed The Beast (TVDB: 305722)                                                 |
[2023-02-28 14:51:01,240] [builder.py:1982]           [INFO]     | AMC Collection | ? | 61st Street (TVDB: 372178)                                                    |
[2023-02-28 14:51:01,558] [builder.py:1982]           [INFO]     | AMC Collection | ? | Remember WENN (TVDB: 76182)                                                   |
[2023-02-28 14:51:01,762] [builder.py:1982]           [INFO]     | AMC Collection | ? | Unapologetic with Aisha Tyler (TVDB: 348515)                                  |
[2023-02-28 14:51:02,012] [builder.py:1982]           [INFO]     | AMC Collection | ? | The Broken and the Bad (TVDB: 384782)                                         |
[2023-02-28 14:51:02,234] [builder.py:1982]           [INFO]     | AMC Collection | ? | Robert Kirkman's Secret History of Comics (TVDB: 335355)                      |
[2023-02-28 14:51:02,468] [builder.py:1982]           [INFO]     | AMC Collection | ? | Eden: Untamed Planet (TVDB: 405495)                                           |
[2023-02-28 14:51:02,663] [builder.py:1982]           [INFO]     | AMC Collection | ? | The Preppy Murder: Death In Central Park (TVDB: 371350)                       |
[2023-02-28 14:51:02,907] [builder.py:1982]           [INFO]     | AMC Collection | ? | The Pitch (TVDB: 257717)                                                      |
[2023-02-28 14:51:03,166] [builder.py:1982]           [INFO]     | AMC Collection | ? | The Lot (TVDB: 75860)                                                         |
[2023-02-28 14:51:03,366] [builder.py:1982]           [INFO]     | AMC Collection | ? | Hip Hop: The Songs That Shook America (TVDB: 369295)                          |
[2023-02-28 14:51:03,560] [builder.py:1982]           [INFO]     | AMC Collection | ? | Orphan Black: Echoes (TVDB: 418712)                                           |
[2023-02-28 14:51:03,764] [builder.py:1982]           [INFO]     | AMC Collection | ? | Way beyond fear (TVDB: 377581)                                                |
[2023-02-28 14:51:03,997] [builder.py:1982]           [INFO]     | AMC Collection | ? | Friday Night in With the Morgans (TVDB: 380149)                               |
[2023-02-28 14:51:04,209] [builder.py:1982]           [INFO]     | AMC Collection | ? | Freakshow (2013) (TVDB: 266522)                                               |
[2023-02-28 14:51:04,378] [builder.py:1982]           [INFO]     | AMC Collection | ? | Celebrity Charades (TVDB: 76084)                                              |
[2023-02-28 14:51:04,598] [builder.py:1982]           [INFO]     | AMC Collection | ? | Parish (TVDB: 417605)                                                         |
[2023-02-28 14:51:04,827] [builder.py:1982]           [INFO]     | AMC Collection | ? | Owner's Manual (TVDB: 271341)                                                 |
[2023-02-28 14:51:05,048] [builder.py:1982]           [INFO]     | AMC Collection | ? | Movies That Shook The World (TVDB: 101891)                                    |
[2023-02-28 14:51:05,281] [builder.py:1982]           [INFO]     | AMC Collection | ? | Talking with Chris Hardwick (TVDB: 326129)                                    |
[2023-02-28 14:51:05,505] [builder.py:1982]           [INFO]     | AMC Collection | ? | Small Town Security (TVDB: 259728)                                            |
[2023-02-28 14:51:05,690] [builder.py:1982]           [INFO]     | AMC Collection | ? | Into Character (TVDB: 74804)                                                  |
[2023-02-28 14:51:05,874] [builder.py:1982]           [INFO]     | AMC Collection | ? | So That Happened (TVDB: 370486)                                               |
[2023-02-28 14:51:05,936] [builder.py:1977]           [ERROR]    | TVDb Error: Could not find a TVDb Series using TVDb Series ID: 1998714                             |
[2023-02-28 14:51:06,140] [builder.py:1982]           [INFO]     | AMC Collection | ? | Ocean Super Predators (TVDB: 413887)                                          |
[2023-02-28 14:51:06,362] [builder.py:1982]           [INFO]     | AMC Collection | ? | Movies 101 (TVDB: 428680)                                                     |
[2023-02-28 14:51:06,578] [builder.py:1982]           [INFO]     | AMC Collection | ? | FilmFakers (TVDB: 264022)                                                     |
[2023-02-28 14:51:06,859] [builder.py:1982]           [INFO]     | AMC Collection | ? | Pantheon (TVDB: 417208)                                                       |
[2023-02-28 14:51:07,065] [builder.py:1982]           [INFO]     | AMC Collection | ? | Better Call Saul Presents: Slippin' Jimmy (TVDB: 402050)                      |
[2023-02-28 14:51:07,370] [builder.py:1982]           [INFO]     | AMC Collection | ? | That Dirty Black Bag (TVDB: 413035)                                           |
[2023-02-28 14:51:07,596] [builder.py:1982]           [INFO]     | AMC Collection | ? | Moonhaven (TVDB: 402621)                                                      |
[2023-02-28 14:51:07,885] [builder.py:1982]           [INFO]     | AMC Collection | ? | Ragdoll (TVDB: 397146)                                                        |
[2023-02-28 14:51:08,119] [builder.py:1982]           [INFO]     | AMC Collection | ? | Firebite (TVDB: 404468)                                                       |
[2023-02-28 14:51:08,364] [builder.py:1982]           [INFO]     | AMC Collection | ? | Cooper's Bar (TVDB: 416957)                                                   |
[2023-02-28 14:51:08,364] [builder.py:1986]           [INFO]     |                                                                                                    |
[2023-02-28 14:51:08,365] [builder.py:1987]           [INFO]     | 72 Shows Missing                                                                                   |
[2023-02-28 14:51:08,503] [builder.py:2147]           [INFO]     |                                                                                                    |
[2023-02-28 14:51:08,503] [util.py:216]               [INFO]     |================================ Updating Details of AMC Collection ================================|
[2023-02-28 14:51:08,503] [builder.py:2149]           [INFO]     |                                                                                                    |
[2023-02-28 14:51:08,504] [builder.py:2258]           [DEBUG]    | 1 posters found:                                                                                   |
[2023-02-28 14:51:08,504] [builder.py:2260]           [DEBUG]    | Method: url_poster Poster: https://theposterdb.com/api/assets/104445                               |
[2023-02-28 14:51:08,504] [builder.py:2327]           [INFO]     | No background collection detail or asset folder found                                              |
[2023-02-28 14:51:08,505] [library.py:147]            [INFO]     | Detail: poster update not needed                                                                   |
[2023-02-28 14:51:08,581] [plex_meta_manager.py:880]  [INFO]     |                                                                                                    |
[2023-02-28 14:51:08,582] [util.py:209]               [INFO]     |====================================================================================================|
[2023-02-28 14:51:08,582] [util.py:216]               [INFO]     |                                      Finished AMC Collection                                       |
[2023-02-28 14:51:08,582] [util.py:216]               [INFO]     |                                    Collection Run Time: 0:00:24                                    |
[2023-02-28 14:51:08,583] [util.py:220]               [INFO]     |====================================================================================================|
