[2023-02-25 03:14:26,615] [util.py:209]               [INFO]     |====================================================================================================|
[2023-02-25 03:14:26,616] [util.py:216]               [INFO]     |                                    Starz Collection in TV Shows                                    |
[2023-02-25 03:14:26,616] [util.py:220]               [INFO]     |====================================================================================================|
[2023-02-25 03:14:26,616] [plex_meta_manager.py:750]  [INFO]     |                                                                                                    |
[2023-02-25 03:14:26,617] [util.py:216]               [INFO]     |=================================== Validating Starz Attributes ====================================|
[2023-02-25 03:14:26,617] [builder.py:265]            [DEBUG]    |                                                                                                    |
[2023-02-25 03:14:26,617] [builder.py:266]            [DEBUG]    | Validating Method: template                                                                        |
[2023-02-25 03:14:26,617] [meta.py:83]                [DEBUG]    | Value: ordereddict([('name', 'network'), ('network', '318, 758, 4906'), ('poster', 'https://theposterdb.com/api/assets/81775')]) |
[2023-02-25 03:14:26,618] [builder.py:330]            [DEBUG]    |                                                                                                    |
[2023-02-25 03:14:26,618] [builder.py:331]            [DEBUG]    | Validating Method: sync_mode                                                                       |
[2023-02-25 03:14:26,618] [builder.py:335]            [DEBUG]    | Value: sync                                                                                        |
[2023-02-25 03:14:26,618] [builder.py:453]            [DEBUG]    |                                                                                                    |
[2023-02-25 03:14:26,619] [builder.py:454]            [DEBUG]    | Validating Method: collection_order                                                                |
[2023-02-25 03:14:26,619] [builder.py:455]            [DEBUG]    | Value: alpha                                                                                       |
[2023-02-25 03:14:26,619] [builder.py:472]            [DEBUG]    |                                                                                                    |
[2023-02-25 03:14:26,619] [builder.py:473]            [DEBUG]    | Validating Method: tmdb_network                                                                    |
[2023-02-25 03:14:26,620] [builder.py:474]            [DEBUG]    | Value: 318, 758, 4906                                                                              |
[2023-02-25 03:14:26,974] [tmdb.py:242]               [ERROR]    | TMDb Error: No Network found for TMDb ID 4906: The resource you requested could not be found.      |
[2023-02-25 03:14:26,975] [builder.py:472]            [DEBUG]    |                                                                                                    |
[2023-02-25 03:14:26,975] [builder.py:473]            [DEBUG]    | Validating Method: url_poster                                                                      |
[2023-02-25 03:14:26,975] [builder.py:474]            [DEBUG]    | Value: https://theposterdb.com/api/assets/81775                                                    |
[2023-02-25 03:14:26,976] [builder.py:472]            [DEBUG]    |                                                                                                    |
[2023-02-25 03:14:26,976] [builder.py:473]            [DEBUG]    | Validating Method: sort_title                                                                      |
[2023-02-25 03:14:26,976] [builder.py:474]            [DEBUG]    | Value: +4_Starz                                                                                    |
[2023-02-25 03:14:26,979] [plex.py:687]               [DEBUG]    | Looking for: Starz                                                                                 |
[2023-02-25 03:14:26,979] [builder.py:619]            [INFO]     |                                                                                                    |
[2023-02-25 03:14:26,980] [builder.py:620]            [INFO]     | Validation Successful                                                                              |
[2023-02-25 03:14:26,980] [plex_meta_manager.py:758]  [INFO]     |                                                                                                    |
[2023-02-25 03:14:26,980] [util.py:216]               [INFO]     |===================================== Running Starz Collection =====================================|
[2023-02-25 03:14:26,981] [plex_meta_manager.py:773]  [INFO]     |                                                                                                    |
[2023-02-25 03:14:26,981] [plex_meta_manager.py:774]  [INFO]     | Sync Mode: sync                                                                                    |
[2023-02-25 03:14:26,981] [builder.py:1275]           [DEBUG]    |                                                                                                    |
[2023-02-25 03:14:26,982] [builder.py:1276]           [DEBUG]    | Builder: tmdb_network: 318                                                                         |
[2023-02-25 03:14:26,982] [builder.py:1277]           [INFO]     |                                                                                                    |
[2023-02-25 03:14:27,516] [tmdb.py:282]               [INFO]     | Processing TMDb Network: (318) Starz (62 Shows)                                                    |
[2023-02-25 03:14:27,517] [builder.py:1282]           [DEBUG]    |                                                                                                    |
[2023-02-25 03:14:27,517] [builder.py:1283]           [DEBUG]    | 62 IDs Found: [(46296, 'tmdb_show'), (56570, 'tmdb_show'), (101591, 'tmdb_show'), (17287, 'tmdb_show'), (87017, 'tmdb_show'), (47665, 'tmdb_show'), (46639, 'tmdb_show'), (54650, 'tmdb_show'), (64387, 'tmdb_show'), (97890, 'tmdb_show'), (86428, 'tmdb_show'), (62264, 'tmdb_show'), (92553, 'tmdb_show'), (124394, 'tmdb_show'), (40293, 'tmdb_show'), (70215, 'tmdb_show'), (33958, 'tmdb_show'), (75379, 'tmdb_show'), (86588, 'tmdb_show'), (63646, 'tmdb_show'), (33234, 'tmdb_show'), (119845, 'tmdb_show'), (118189, 'tmdb_show'), (62516, 'tmdb_show'), (38922, 'tmdb_show'), (38967, 'tmdb_show'), (155278, 'tmdb_show'), (84880, 'tmdb_show'), (77031, 'tmdb_show'), (109373, 'tmdb_show'), (107407, 'tmdb_show'), (79272, 'tmdb_show'), (111647, 'tmdb_show'), (61469, 'tmdb_show'), (198085, 'tmdb_show'), (77032, 'tmdb_show'), (132846, 'tmdb_show'), (104712, 'tmdb_show'), (62238, 'tmdb_show'), (212109, 'tmdb_show'), (8016, 'tmdb_show'), (136745, 'tmdb_show'), (5194, 'tmdb_show'), (31393, 'tmdb_show'), (123084, 'tmdb_show'), (205751, 'tmdb_show'), (82049, 'tmdb_show'), (120984, 'tmdb_show'), (29572, 'tmdb_show'), (7089, 'tmdb_show'), (61566, 'tmdb_show'), (93433, 'tmdb_show'), (39797, 'tmdb_show'), (94635, 'tmdb_show'), (58876, 'tmdb_show'), (220004, 'tmdb_show'), (82427, 'tmdb_show'), (79471, 'tmdb_show'), (3134, 'tmdb_show'), (22748, 'tmdb_show'), (211781, 'tmdb_show'), (207484, 'tmdb_show')] |
[2023-02-25 03:14:27,517] [builder.py:1284]           [DEBUG]    |                                                                                                    |
[2023-02-25 03:14:27,760] [builder.py:1361]           [ERROR]    | Convert Error: No TVDb ID Found for TMDb ID: 132846                                                |
[2023-02-25 03:14:28,070] [builder.py:1361]           [ERROR]    | Convert Error: No TVDb ID Found for TMDb ID: 93433                                                 |
[2023-02-25 03:14:28,189] [builder.py:1361]           [ERROR]    | Convert Error: No TVDb ID Found for TMDb ID: 39797                                                 |
[2023-02-25 03:14:28,301] [builder.py:1361]           [ERROR]    | Convert Error: No TVDb ID Found for TMDb ID: 207484                                                |
[2023-02-25 03:14:28,302] [builder.py:1275]           [DEBUG]    |                                                                                                    |
[2023-02-25 03:14:28,302] [builder.py:1276]           [DEBUG]    | Builder: tmdb_network: 758                                                                         |
[2023-02-25 03:14:28,303] [builder.py:1277]           [INFO]     |                                                                                                    |
[2023-02-25 03:14:28,502] [tmdb.py:282]               [INFO]     | Processing TMDb Network: (758) Starz Encore (2 Shows)                                              |
[2023-02-25 03:14:28,503] [builder.py:1282]           [DEBUG]    |                                                                                                    |
[2023-02-25 03:14:28,503] [builder.py:1283]           [DEBUG]    | 2 IDs Found: [(39803, 'tmdb_show'), (23726, 'tmdb_show')]                                          |
[2023-02-25 03:14:28,503] [builder.py:1284]           [DEBUG]    |                                                                                                    |
[2023-02-25 03:14:28,504] [plex_meta_manager.py:797]  [INFO]     |                                                                                                    |
[2023-02-25 03:14:28,505] [plex_meta_manager.py:798]  [INFO]     | Collection Minimum: 1 not met for Starz Collection                                                 |
[2023-02-25 03:14:28,505] [builder.py:1969]           [INFO]     |                                                                                                    |
[2023-02-25 03:14:28,505] [util.py:216]               [INFO]     |================================ Missing Shows from Library: Starz =================================|
[2023-02-25 03:14:28,506] [builder.py:1971]           [INFO]     |                                                                                                    |
[2023-02-25 03:14:29,101] [builder.py:1982]           [INFO]     | Starz Collection | ? | Spartacus (TVDB: 129261)                                                    |
[2023-02-25 03:14:29,836] [builder.py:1982]           [INFO]     | Starz Collection | ? | Outlander (TVDB: 270408)                                                    |
[2023-02-25 03:14:30,132] [builder.py:1982]           [INFO]     | Starz Collection | ? | BMF (TVDB: 383658)                                                          |
[2023-02-25 03:14:30,534] [builder.py:1982]           [INFO]     | Starz Collection | ? | Party Down (TVDB: 83616)                                                    |
[2023-02-25 03:14:30,860] [builder.py:1982]           [INFO]     | Starz Collection | ? | P-Valley (TVDB: 356405)                                                     |
[2023-02-25 03:14:31,382] [builder.py:1982]           [INFO]     | Starz Collection | ? | Black Sails (TVDB: 262407)                                                  |
[2023-02-25 03:14:31,773] [builder.py:1982]           [INFO]     | Starz Collection | ? | American Gods (TVDB: 253573)                                                |
[2023-02-25 03:14:32,295] [builder.py:1982]           [INFO]     | Starz Collection | ? | Power (TVDB: 276562)                                                        |
[2023-02-25 03:14:32,785] [builder.py:1982]           [INFO]     | Starz Collection | ? | The Girlfriend Experience (TVDB: 297346)                                    |
[2023-02-25 03:14:33,222] [builder.py:1982]           [INFO]     | Starz Collection | ? | Power Book II: Ghost (TVDB: 376837)                                         |
[2023-02-25 03:14:33,534] [builder.py:1982]           [INFO]     | Starz Collection | ? | The Spanish Princess (TVDB: 360667)                                         |
[2023-02-25 03:14:34,031] [builder.py:1982]           [INFO]     | Starz Collection | ? | Ash vs Evil Dead (TVDB: 296295)                                             |
[2023-02-25 03:14:34,301] [builder.py:1982]           [INFO]     | Starz Collection | ? | Heels (TVDB: 349345)                                                        |
[2023-02-25 03:14:34,706] [builder.py:1982]           [INFO]     | Starz Collection | ? | Power Book III: Raising Kanan (TVDB: 377332)                                |
[2023-02-25 03:14:35,118] [builder.py:1982]           [INFO]     | Starz Collection | ? | Da Vinci's Demons (TVDB: 259669)                                            |
[2023-02-25 03:14:35,471] [builder.py:1982]           [INFO]     | Starz Collection | ? | The White Princess (TVDB: 322212)                                           |
[2023-02-25 03:14:35,790] [builder.py:1982]           [INFO]     | Starz Collection | ? | Camelot (TVDB: 208791)                                                      |
[2023-02-25 03:14:36,163] [builder.py:1982]           [INFO]     | Starz Collection | ? | Step Up (TVDB: 339544)                                                      |
[2023-02-25 03:14:36,473] [builder.py:1982]           [INFO]     | Starz Collection | ? | Hightown (TVDB: 366172)                                                     |
[2023-02-25 03:14:36,785] [builder.py:1982]           [INFO]     | Starz Collection | ? | Counterpart (TVDB: 337302)                                                  |
[2023-02-25 03:14:37,172] [builder.py:1982]           [INFO]     | Starz Collection | ? | The Pillars of the Earth (TVDB: 159431)                                     |
[2023-02-25 03:14:37,486] [builder.py:1982]           [INFO]     | Starz Collection | ? | Power Book IV: Force (TVDB: 377593)                                         |
[2023-02-25 03:14:37,764] [builder.py:1982]           [INFO]     | Starz Collection | ? | The Serpent Queen (TVDB: 396325)                                            |
[2023-02-25 03:14:38,065] [builder.py:1982]           [INFO]     | Starz Collection | ? | Flesh and Bone (TVDB: 282400)                                               |
[2023-02-25 03:14:38,370] [builder.py:1982]           [INFO]     | Starz Collection | ? | Boss (2011) (TVDB: 249361)                                                  |
[2023-02-25 03:14:38,647] [builder.py:1982]           [INFO]     | Starz Collection | ? | Magic City (TVDB: 210961)                                                   |
[2023-02-25 03:14:38,927] [builder.py:1982]           [INFO]     | Starz Collection | ? | Dangerous Liaisons (2022) (TVDB: 421025)                                    |
[2023-02-25 03:14:39,193] [builder.py:1982]           [INFO]     | Starz Collection | ? | Now Apocalypse (TVDB: 354336)                                               |
[2023-02-25 03:14:39,575] [builder.py:1982]           [INFO]     | Starz Collection | ? | Vida (TVDB: 340976)                                                         |
[2023-02-25 03:14:39,848] [builder.py:1982]           [INFO]     | Starz Collection | ? | Blindspotting (TVDB: 392720)                                                |
[2023-02-25 03:14:40,104] [builder.py:1982]           [INFO]     | Starz Collection | ? | Gaslit (TVDB: 415658)                                                       |
[2023-02-25 03:14:40,354] [builder.py:1982]           [INFO]     | Starz Collection | ? | The Rook (TVDB: 360927)                                                     |
[2023-02-25 03:14:40,600] [builder.py:1982]           [INFO]     | Starz Collection | ? | Seduced: Inside The NXIVM Cult (TVDB: 390138)                               |
[2023-02-25 03:14:40,897] [builder.py:1982]           [INFO]     | Starz Collection | ? | Survivor's Remorse (TVDB: 282402)                                           |
[2023-02-25 03:14:41,178] [builder.py:1982]           [INFO]     | Starz Collection | ? | Becoming Elizabeth (TVDB: 373873)                                           |
[2023-02-25 03:14:41,583] [builder.py:1982]           [INFO]     | Starz Collection | ? | Sweetbitter (TVDB: 339512)                                                  |
[2023-02-25 03:14:41,821] [builder.py:1982]           [INFO]     | Starz Collection | ? | Men in Kilts: A Roadtrip with Sam and Graham (TVDB: 383753)                 |
[2023-02-25 03:14:42,155] [builder.py:1982]           [INFO]     | Starz Collection | ? | Blunt Talk (TVDB: 281181)                                                   |
[2023-02-25 03:14:42,355] [builder.py:1982]           [INFO]     | Starz Collection | ? | The BMF Documentary: Blowing Money Fast (TVDB: 425905)                      |
[2023-02-25 03:14:42,607] [builder.py:1982]           [INFO]     | Starz Collection | ? | Crash (TVDB: 83266)                                                         |
[2023-02-25 03:14:42,836] [builder.py:1982]           [INFO]     | Starz Collection | ? | Shining Vale (TVDB: 349342)                                                 |
[2023-02-25 03:14:43,065] [builder.py:1982]           [INFO]     | Starz Collection | ? | Me, Eloise (TVDB: 264340)                                                   |
[2023-02-25 03:14:43,344] [builder.py:1982]           [INFO]     | Starz Collection | ? | Gravity (TVDB: 142861)                                                      |
[2023-02-25 03:14:43,641] [builder.py:1982]           [INFO]     | Starz Collection | ? | Run the World (TVDB: 376451)                                                |
[2023-02-25 03:14:43,823] [builder.py:1982]           [INFO]     | Starz Collection | ? | Who is Ghislaine Maxwell? (TVDB: 421803)                                    |
[2023-02-25 03:14:44,018] [builder.py:1982]           [INFO]     | Starz Collection | ? | America to Me (TVDB: 349870)                                                |
[2023-02-25 03:14:44,243] [builder.py:1982]           [INFO]     | Starz Collection | ? | Confronting a Serial Killer (TVDB: 395417)                                  |
[2023-02-25 03:14:44,507] [builder.py:1982]           [INFO]     | Starz Collection | ? | Martin Lawrence Presents 1st Amendment Stand-Up (TVDB: 84209)               |
[2023-02-25 03:14:44,802] [builder.py:1982]           [INFO]     | Starz Collection | ? | Head Case (TVDB: 81414)                                                     |
[2023-02-25 03:14:45,055] [builder.py:1982]           [INFO]     | Starz Collection | ? | The Chair (2014) (TVDB: 284458)                                             |
[2023-02-25 03:14:45,267] [builder.py:1982]           [INFO]     | Starz Collection | ? | Leavenworth (TVDB: 368901)                                                  |
[2023-02-25 03:14:45,552] [builder.py:1982]           [INFO]     | Starz Collection | ? | Brambly Hedge (TVDB: 254401)                                                |
[2023-02-25 03:14:45,807] [builder.py:1982]           [INFO]     | Starz Collection | ? | Three Women (TVDB: 407366)                                                  |
[2023-02-25 03:14:45,996] [builder.py:1982]           [INFO]     | Starz Collection | ? | Warriors of Liberty City (TVDB: 352472)                                     |
[2023-02-25 03:14:46,224] [builder.py:1982]           [INFO]     | Starz Collection | ? | Wrong Man (TVDB: 345189)                                                    |
[2023-02-25 03:14:46,440] [builder.py:1982]           [INFO]     | Starz Collection | ? | The Bronx Bunny Show (US) (TVDB: 260945)                                    |
[2023-02-25 03:14:46,668] [builder.py:1982]           [INFO]     | Starz Collection | ? | Hollywood Residential (TVDB: 96201)                                         |
[2023-02-25 03:14:46,864] [builder.py:1982]           [INFO]     | Starz Collection | ? | The Venery of Samantha Bird (TVDB: 425767)                                  |
[2023-02-25 03:14:47,143] [builder.py:1982]           [INFO]     | Starz Collection | ? | Moby Dick (2011) (TVDB: 248601)                                             |
[2023-02-25 03:14:47,366] [builder.py:1982]           [INFO]     | Starz Collection | ? | The Directors (TVDB: 77753)                                                 |
[2023-02-25 03:14:47,366] [builder.py:1986]           [INFO]     |                                                                                                    |
[2023-02-25 03:14:47,367] [builder.py:1987]           [INFO]     | 60 Shows Missing                                                                                   |
[2023-02-25 03:14:47,994] [plex_meta_manager.py:880]  [INFO]     |                                                                                                    |
[2023-02-25 03:14:47,995] [util.py:209]               [INFO]     |====================================================================================================|
[2023-02-25 03:14:47,995] [util.py:216]               [INFO]     |                                     Finished Starz Collection                                      |
[2023-02-25 03:14:47,995] [util.py:216]               [INFO]     |                                    Collection Run Time: 0:00:21                                    |
[2023-02-25 03:14:47,996] [util.py:220]               [INFO]     |====================================================================================================|
