[2023-02-28 14:15:05,687] [util.py:209]               [INFO]     |====================================================================================================|
[2023-02-28 14:15:05,688] [util.py:216]               [INFO]     |                                   Animation Collection in Movies                                   |
[2023-02-28 14:15:05,688] [util.py:220]               [INFO]     |====================================================================================================|
[2023-02-28 14:15:05,688] [plex_meta_manager.py:750]  [INFO]     |                                                                                                    |
[2023-02-28 14:15:05,689] [util.py:216]               [INFO]     |================================= Validating Animation Attributes ==================================|
[2023-02-28 14:15:05,689] [builder.py:265]            [DEBUG]    |                                                                                                    |
[2023-02-28 14:15:05,689] [builder.py:266]            [DEBUG]    | Validating Method: template                                                                        |
[2023-02-28 14:15:05,690] [meta.py:83]                [DEBUG]    | Value: ordereddict([('name', 'Genre'), ('genre', 'Animation'), ('poster', 'https://theposterdb.com/api/assets/120090')]) |
[2023-02-28 14:15:05,690] [builder.py:453]            [DEBUG]    |                                                                                                    |
[2023-02-28 14:15:05,690] [builder.py:454]            [DEBUG]    | Validating Method: collection_order                                                                |
[2023-02-28 14:15:05,691] [builder.py:455]            [DEBUG]    | Value: alpha                                                                                       |
[2023-02-28 14:15:05,691] [builder.py:472]            [DEBUG]    |                                                                                                    |
[2023-02-28 14:15:05,691] [builder.py:473]            [DEBUG]    | Validating Method: summary                                                                         |
[2023-02-28 14:15:05,691] [builder.py:474]            [DEBUG]    | Value: Animated film is a collection of illustrations that are photographed frame-by-frame and then played in a quick succession. Since its inception, animation has had a creative and imaginative tendency. Being able to bring animals and objects to life, this genre has catered towards fairy tales and children’s stories. However, animation has long been a genre enjoyed by all ages. As of recent, there has even been an influx of animation geared towards adults. Animation is commonly thought of as a technique, thus it’s ability to span over many different genres. |
[2023-02-28 14:15:05,692] [builder.py:472]            [DEBUG]    |                                                                                                    |
[2023-02-28 14:15:05,692] [builder.py:473]            [DEBUG]    | Validating Method: plex_search                                                                     |
[2023-02-28 14:15:05,692] [builder.py:474]            [DEBUG]    | Value: {'genre': 'Animation'}                                                                      |
[2023-02-28 14:15:05,748] [builder.py:472]            [DEBUG]    |                                                                                                    |
[2023-02-28 14:15:05,748] [builder.py:473]            [DEBUG]    | Validating Method: url_poster                                                                      |
[2023-02-28 14:15:05,749] [builder.py:474]            [DEBUG]    | Value: https://theposterdb.com/api/assets/120090                                                   |
[2023-02-28 14:15:05,749] [builder.py:472]            [DEBUG]    |                                                                                                    |
[2023-02-28 14:15:05,749] [builder.py:473]            [DEBUG]    | Validating Method: sort_title                                                                      |
[2023-02-28 14:15:05,749] [builder.py:474]            [DEBUG]    | Value: 00000d_Animation                                                                            |
[2023-02-28 14:15:07,560] [builder.py:619]            [INFO]     |                                                                                                    |
[2023-02-28 14:15:07,560] [builder.py:620]            [INFO]     | Validation Successful                                                                              |
[2023-02-28 14:15:07,599] [plex_meta_manager.py:758]  [INFO]     |                                                                                                    |
[2023-02-28 14:15:07,599] [util.py:216]               [INFO]     |=================================== Running Animation Collection ===================================|
[2023-02-28 14:15:07,600] [plex_meta_manager.py:773]  [INFO]     |                                                                                                    |
[2023-02-28 14:15:07,600] [plex_meta_manager.py:774]  [INFO]     | Sync Mode: append                                                                                  |
[2023-02-28 14:15:07,600] [builder.py:1275]           [DEBUG]    |                                                                                                    |
[2023-02-28 14:15:07,601] [builder.py:1276]           [DEBUG]    | Builder: plex_search: (1, 'Plex Movie Search\nSort By: title.asc\nFilter:\n  Match all of the following:\n    Match any of the following:\n      Genre is Animation', '?type=1&sort=titleSort&push=1&genre=458&pop=1') |
[2023-02-28 14:15:07,601] [builder.py:1277]           [INFO]     |                                                                                                    |
[2023-02-28 14:15:07,601] [util.py:161]               [INFO]     | Plex Movie Search                                                                                  |
[2023-02-28 14:15:07,602] [util.py:161]               [INFO]     | Sort By: title.asc                                                                                 |
[2023-02-28 14:15:07,602] [util.py:161]               [INFO]     | Filter:                                                                                            |
[2023-02-28 14:15:07,602] [util.py:161]               [INFO]     |   Match all of the following:                                                                      |
[2023-02-28 14:15:07,603] [util.py:161]               [INFO]     |     Match any of the following:                                                                    |
[2023-02-28 14:15:07,603] [util.py:161]               [INFO]     |       Genre is Animation                                                                           |
[2023-02-28 14:15:08,338] [plex.py:748]               [DEBUG]    |                                                                                                    |
[2023-02-28 14:15:08,338] [plex.py:749]               [DEBUG]    | 348 Keys Found: [(99169, 'ratingKey'), (126237, 'ratingKey'), (121322, 'ratingKey'), (40664, 'ratingKey'), (98460, 'ratingKey'), (99180, 'ratingKey'), (123675, 'ratingKey'), (123684, 'ratingKey'), (122724, 'ratingKey'), (121350, 'ratingKey'), (121378, 'ratingKey'), (121447, 'ratingKey'), (121770, 'ratingKey'), (117921, 'ratingKey'), (123949, 'ratingKey'), (99292, 'ratingKey'), (121766, 'ratingKey'), (121412, 'ratingKey'), (117316, 'ratingKey'), (126799, 'ratingKey'), (99301, 'ratingKey'), (99334, 'ratingKey'), (99394, 'ratingKey'), (127702, 'ratingKey'), (3897, 'ratingKey'), (121768, 'ratingKey'), (127687, 'ratingKey'), (104173, 'ratingKey'), (104180, 'ratingKey'), (121534, 'ratingKey'), (101824, 'ratingKey'), (99437, 'ratingKey'), (104205, 'ratingKey'), (126801, 'ratingKey'), (116150, 'ratingKey'), (101010, 'ratingKey'), (126802, 'ratingKey'), (121773, 'ratingKey'), (112375, 'ratingKey'), (126352, 'ratingKey'), (126320, 'ratingKey'), (99018, 'ratingKey'), (121295, 'ratingKey'), (123779, 'ratingKey'), (104198, 'ratingKey'), (99630, 'ratingKey'), (117149, 'ratingKey'), (100746, 'ratingKey'), (123605, 'ratingKey'), (123614, 'ratingKey'), (123636, 'ratingKey'), (124093, 'ratingKey'), (121610, 'ratingKey'), (102142, 'ratingKey'), (99636, 'ratingKey'), (99637, 'ratingKey'), (99734, 'ratingKey'), (104212, 'ratingKey'), (113403, 'ratingKey'), (104222, 'ratingKey'), (126947, 'ratingKey'), (122251, 'ratingKey'), (104290, 'ratingKey'), (123800, 'ratingKey'), (102080, 'ratingKey'), (121912, 'ratingKey'), (122886, 'ratingKey'), (102205, 'ratingKey'), (99876, 'ratingKey'), (100241, 'ratingKey'), (127777, 'ratingKey'), (100223, 'ratingKey'), (104535, 'ratingKey'), (100431, 'ratingKey'), (126388, 'ratingKey'), (123810, 'ratingKey'), (124096, 'ratingKey'), (100162, 'ratingKey'), (126716, 'ratingKey'), (99833, 'ratingKey'), (104320, 'ratingKey'), (104322, 'ratingKey'), (102194, 'ratingKey'), (104491, 'ratingKey'), (123826, 'ratingKey'), (126339, 'ratingKey'), (116845, 'ratingKey'), (99910, 'ratingKey'), (124111, 'ratingKey'), (123650, 'ratingKey'), (121703, 'ratingKey'), (121505, 'ratingKey'), (99072, 'ratingKey'), (121083, 'ratingKey'), (126258, 'ratingKey'), (126283, 'ratingKey'), (115788, 'ratingKey'), (102198, 'ratingKey'), (123652, 'ratingKey'), (116648, 'ratingKey'), (126285, 'ratingKey'), (100172, 'ratingKey'), (122430, 'ratingKey'), (128684, 'ratingKey'), (126971, 'ratingKey'), (123874, 'ratingKey'), (123876, 'ratingKey'), (100216, 'ratingKey'), (102200, 'ratingKey'), (104349, 'ratingKey'), (122950, 'ratingKey'), (124114, 'ratingKey'), (99925, 'ratingKey'), (99927, 'ratingKey'), (100599, 'ratingKey'), (128696, 'ratingKey'), (128847, 'ratingKey'), (128868, 'ratingKey'), (123912, 'ratingKey'), (115115, 'ratingKey'), (113273, 'ratingKey'), (115432, 'ratingKey'), (101181, 'ratingKey'), (100556, 'ratingKey'), (123913, 'ratingKey'), (102333, 'ratingKey'), (123922, 'ratingKey'), (100435, 'ratingKey'), (100424, 'ratingKey'), (127200, 'ratingKey'), (112889, 'ratingKey'), (126532, 'ratingKey'), (112886, 'ratingKey'), (100337, 'ratingKey'), (112494, 'ratingKey'), (116435, 'ratingKey'), (121783, 'ratingKey'), (100547, 'ratingKey'), (123929, 'ratingKey'), (102138, 'ratingKey'), (123934, 'ratingKey'), (104568, 'ratingKey'), (122388, 'ratingKey'), (102225, 'ratingKey'), (114982, 'ratingKey'), (102146, 'ratingKey'), (121706, 'ratingKey'), (122229, 'ratingKey'), (121913, 'ratingKey'), (123946, 'ratingKey'), (100471, 'ratingKey'), (102233, 'ratingKey'), (102236, 'ratingKey'), (101310, 'ratingKey'), (108104, 'ratingKey'), (125264, 'ratingKey'), (126240, 'ratingKey'), (121701, 'ratingKey'), (124133, 'ratingKey'), (100323, 'ratingKey'), (124134, 'ratingKey'), (120259, 'ratingKey'), (100468, 'ratingKey'), (127158, 'ratingKey'), (125282, 'ratingKey'), (124135, 'ratingKey'), (127320, 'ratingKey'), (121704, 'ratingKey'), (121376, 'ratingKey'), (121709, 'ratingKey'), (114733, 'ratingKey'), (121705, 'ratingKey'), (100236, 'ratingKey'), (100355, 'ratingKey'), (121830, 'ratingKey'), (100335, 'ratingKey'), (124137, 'ratingKey'), (124645, 'ratingKey'), (100578, 'ratingKey'), (111055, 'ratingKey'), (127344, 'ratingKey'), (100576, 'ratingKey'), (121786, 'ratingKey'), (101465, 'ratingKey'), (100325, 'ratingKey'), (123963, 'ratingKey'), (123965, 'ratingKey'), (123968, 'ratingKey'), (123966, 'ratingKey'), (101476, 'ratingKey'), (100338, 'ratingKey'), (105166, 'ratingKey'), (100586, 'ratingKey'), (121919, 'ratingKey'), (121864, 'ratingKey'), (123976, 'ratingKey'), (114325, 'ratingKey'), (127353, 'ratingKey'), (127243, 'ratingKey'), (116371, 'ratingKey'), (123984, 'ratingKey'), (100330, 'ratingKey'), (100600, 'ratingKey'), (102144, 'ratingKey'), (100603, 'ratingKey'), (100356, 'ratingKey'), (123991, 'ratingKey'), (100584, 'ratingKey'), (101547, 'ratingKey'), (101557, 'ratingKey'), (125916, 'ratingKey'), (100510, 'ratingKey'), (122997, 'ratingKey'), (100299, 'ratingKey'), (125329, 'ratingKey'), (102180, 'ratingKey'), (121708, 'ratingKey'), (105245, 'ratingKey'), (100660, 'ratingKey'), (127133, 'ratingKey'), (102335, 'ratingKey'), (126259, 'ratingKey'), (121909, 'ratingKey'), (102284, 'ratingKey'), (104602, 'ratingKey'), (100593, 'ratingKey'), (100658, 'ratingKey'), (102310, 'ratingKey'), (100579, 'ratingKey'), (121507, 'ratingKey'), (121785, 'ratingKey'), (124017, 'ratingKey'), (102311, 'ratingKey'), (124159, 'ratingKey'), (100439, 'ratingKey'), (100339, 'ratingKey'), (100527, 'ratingKey'), (124027, 'ratingKey'), (124026, 'ratingKey'), (124020, 'ratingKey'), (101715, 'ratingKey'), (126598, 'ratingKey'), (101717, 'ratingKey'), (104599, 'ratingKey'), (127992, 'ratingKey'), (127865, 'ratingKey'), (128029, 'ratingKey'), (104610, 'ratingKey'), (126480, 'ratingKey'), (101460, 'ratingKey'), (37752, 'ratingKey'), (37731, 'ratingKey'), (101760, 'ratingKey'), (104476, 'ratingKey'), (100540, 'ratingKey'), (101767, 'ratingKey'), (101851, 'ratingKey'), (121665, 'ratingKey'), (100580, 'ratingKey'), (101806, 'ratingKey'), (100422, 'ratingKey'), (124035, 'ratingKey'), (122334, 'ratingKey'), (100440, 'ratingKey'), (121711, 'ratingKey'), (124039, 'ratingKey'), (124041, 'ratingKey'), (100619, 'ratingKey'), (105187, 'ratingKey'), (105138, 'ratingKey'), (105933, 'ratingKey'), (121524, 'ratingKey'), (122295, 'ratingKey'), (121533, 'ratingKey'), (121503, 'ratingKey'), (96911, 'ratingKey'), (77547, 'ratingKey'), (127100, 'ratingKey'), (104993, 'ratingKey'), (124058, 'ratingKey'), (100554, 'ratingKey'), (100279, 'ratingKey'), (78918, 'ratingKey'), (75597, 'ratingKey'), (100281, 'ratingKey'), (124187, 'ratingKey'), (128939, 'ratingKey'), (78956, 'ratingKey'), (101903, 'ratingKey'), (124188, 'ratingKey'), (101914, 'ratingKey'), (71159, 'ratingKey'), (78960, 'ratingKey'), (102085, 'ratingKey'), (129000, 'ratingKey'), (6242, 'ratingKey'), (41221, 'ratingKey'), (102159, 'ratingKey'), (105039, 'ratingKey'), (105246, 'ratingKey'), (116049, 'ratingKey'), (105141, 'ratingKey'), (101947, 'ratingKey'), (102330, 'ratingKey'), (112725, 'ratingKey'), (100825, 'ratingKey'), (100866, 'ratingKey'), (105099, 'ratingKey'), (100867, 'ratingKey'), (124212, 'ratingKey'), (127858, 'ratingKey'), (105103, 'ratingKey'), (115967, 'ratingKey'), (115830, 'ratingKey'), (116048, 'ratingKey'), (113946, 'ratingKey'), (121764, 'ratingKey'), (121772, 'ratingKey'), (102046, 'ratingKey'), (105105, 'ratingKey'), (112699, 'ratingKey'), (124214, 'ratingKey'), (125915, 'ratingKey'), (113765, 'ratingKey'), (105108, 'ratingKey'), (102069, 'ratingKey'), (108026, 'ratingKey'), (105235, 'ratingKey'), (113683, 'ratingKey'), (112337, 'ratingKey'), (123407, 'ratingKey'), (100913, 'ratingKey'), (105218, 'ratingKey'), (122421, 'ratingKey'), (129043, 'ratingKey'), (102172, 'ratingKey'), (115888, 'ratingKey'), (100924, 'ratingKey'), (100926, 'ratingKey'), (126555, 'ratingKey'), (100929, 'ratingKey'), (124197, 'ratingKey'), (124254, 'ratingKey'), (115867, 'ratingKey'), (121707, 'ratingKey'), (128996, 'ratingKey'), (121763, 'ratingKey'), (126544, 'ratingKey')] |
[2023-02-28 14:15:08,341] [builder.py:1282]           [DEBUG]    |                                                                                                    |
[2023-02-28 14:15:08,342] [builder.py:1283]           [DEBUG]    | 348 IDs Found: [(99169, 'ratingKey'), (126237, 'ratingKey'), (121322, 'ratingKey'), (40664, 'ratingKey'), (98460, 'ratingKey'), (99180, 'ratingKey'), (123675, 'ratingKey'), (123684, 'ratingKey'), (122724, 'ratingKey'), (121350, 'ratingKey'), (121378, 'ratingKey'), (121447, 'ratingKey'), (121770, 'ratingKey'), (117921, 'ratingKey'), (123949, 'ratingKey'), (99292, 'ratingKey'), (121766, 'ratingKey'), (121412, 'ratingKey'), (117316, 'ratingKey'), (126799, 'ratingKey'), (99301, 'ratingKey'), (99334, 'ratingKey'), (99394, 'ratingKey'), (127702, 'ratingKey'), (3897, 'ratingKey'), (121768, 'ratingKey'), (127687, 'ratingKey'), (104173, 'ratingKey'), (104180, 'ratingKey'), (121534, 'ratingKey'), (101824, 'ratingKey'), (99437, 'ratingKey'), (104205, 'ratingKey'), (126801, 'ratingKey'), (116150, 'ratingKey'), (101010, 'ratingKey'), (126802, 'ratingKey'), (121773, 'ratingKey'), (112375, 'ratingKey'), (126352, 'ratingKey'), (126320, 'ratingKey'), (99018, 'ratingKey'), (121295, 'ratingKey'), (123779, 'ratingKey'), (104198, 'ratingKey'), (99630, 'ratingKey'), (117149, 'ratingKey'), (100746, 'ratingKey'), (123605, 'ratingKey'), (123614, 'ratingKey'), (123636, 'ratingKey'), (124093, 'ratingKey'), (121610, 'ratingKey'), (102142, 'ratingKey'), (99636, 'ratingKey'), (99637, 'ratingKey'), (99734, 'ratingKey'), (104212, 'ratingKey'), (113403, 'ratingKey'), (104222, 'ratingKey'), (126947, 'ratingKey'), (122251, 'ratingKey'), (104290, 'ratingKey'), (123800, 'ratingKey'), (102080, 'ratingKey'), (121912, 'ratingKey'), (122886, 'ratingKey'), (102205, 'ratingKey'), (99876, 'ratingKey'), (100241, 'ratingKey'), (127777, 'ratingKey'), (100223, 'ratingKey'), (104535, 'ratingKey'), (100431, 'ratingKey'), (126388, 'ratingKey'), (123810, 'ratingKey'), (124096, 'ratingKey'), (100162, 'ratingKey'), (126716, 'ratingKey'), (99833, 'ratingKey'), (104320, 'ratingKey'), (104322, 'ratingKey'), (102194, 'ratingKey'), (104491, 'ratingKey'), (123826, 'ratingKey'), (126339, 'ratingKey'), (116845, 'ratingKey'), (99910, 'ratingKey'), (124111, 'ratingKey'), (123650, 'ratingKey'), (121703, 'ratingKey'), (121505, 'ratingKey'), (99072, 'ratingKey'), (121083, 'ratingKey'), (126258, 'ratingKey'), (126283, 'ratingKey'), (115788, 'ratingKey'), (102198, 'ratingKey'), (123652, 'ratingKey'), (116648, 'ratingKey'), (126285, 'ratingKey'), (100172, 'ratingKey'), (122430, 'ratingKey'), (128684, 'ratingKey'), (126971, 'ratingKey'), (123874, 'ratingKey'), (123876, 'ratingKey'), (100216, 'ratingKey'), (102200, 'ratingKey'), (104349, 'ratingKey'), (122950, 'ratingKey'), (124114, 'ratingKey'), (99925, 'ratingKey'), (99927, 'ratingKey'), (100599, 'ratingKey'), (128696, 'ratingKey'), (128847, 'ratingKey'), (128868, 'ratingKey'), (123912, 'ratingKey'), (115115, 'ratingKey'), (113273, 'ratingKey'), (115432, 'ratingKey'), (101181, 'ratingKey'), (100556, 'ratingKey'), (123913, 'ratingKey'), (102333, 'ratingKey'), (123922, 'ratingKey'), (100435, 'ratingKey'), (100424, 'ratingKey'), (127200, 'ratingKey'), (112889, 'ratingKey'), (126532, 'ratingKey'), (112886, 'ratingKey'), (100337, 'ratingKey'), (112494, 'ratingKey'), (116435, 'ratingKey'), (121783, 'ratingKey'), (100547, 'ratingKey'), (123929, 'ratingKey'), (102138, 'ratingKey'), (123934, 'ratingKey'), (104568, 'ratingKey'), (122388, 'ratingKey'), (102225, 'ratingKey'), (114982, 'ratingKey'), (102146, 'ratingKey'), (121706, 'ratingKey'), (122229, 'ratingKey'), (121913, 'ratingKey'), (123946, 'ratingKey'), (100471, 'ratingKey'), (102233, 'ratingKey'), (102236, 'ratingKey'), (101310, 'ratingKey'), (108104, 'ratingKey'), (125264, 'ratingKey'), (126240, 'ratingKey'), (121701, 'ratingKey'), (124133, 'ratingKey'), (100323, 'ratingKey'), (124134, 'ratingKey'), (120259, 'ratingKey'), (100468, 'ratingKey'), (127158, 'ratingKey'), (125282, 'ratingKey'), (124135, 'ratingKey'), (127320, 'ratingKey'), (121704, 'ratingKey'), (121376, 'ratingKey'), (121709, 'ratingKey'), (114733, 'ratingKey'), (121705, 'ratingKey'), (100236, 'ratingKey'), (100355, 'ratingKey'), (121830, 'ratingKey'), (100335, 'ratingKey'), (124137, 'ratingKey'), (124645, 'ratingKey'), (100578, 'ratingKey'), (111055, 'ratingKey'), (127344, 'ratingKey'), (100576, 'ratingKey'), (121786, 'ratingKey'), (101465, 'ratingKey'), (100325, 'ratingKey'), (123963, 'ratingKey'), (123965, 'ratingKey'), (123968, 'ratingKey'), (123966, 'ratingKey'), (101476, 'ratingKey'), (100338, 'ratingKey'), (105166, 'ratingKey'), (100586, 'ratingKey'), (121919, 'ratingKey'), (121864, 'ratingKey'), (123976, 'ratingKey'), (114325, 'ratingKey'), (127353, 'ratingKey'), (127243, 'ratingKey'), (116371, 'ratingKey'), (123984, 'ratingKey'), (100330, 'ratingKey'), (100600, 'ratingKey'), (102144, 'ratingKey'), (100603, 'ratingKey'), (100356, 'ratingKey'), (123991, 'ratingKey'), (100584, 'ratingKey'), (101547, 'ratingKey'), (101557, 'ratingKey'), (125916, 'ratingKey'), (100510, 'ratingKey'), (122997, 'ratingKey'), (100299, 'ratingKey'), (125329, 'ratingKey'), (102180, 'ratingKey'), (121708, 'ratingKey'), (105245, 'ratingKey'), (100660, 'ratingKey'), (127133, 'ratingKey'), (102335, 'ratingKey'), (126259, 'ratingKey'), (121909, 'ratingKey'), (102284, 'ratingKey'), (104602, 'ratingKey'), (100593, 'ratingKey'), (100658, 'ratingKey'), (102310, 'ratingKey'), (100579, 'ratingKey'), (121507, 'ratingKey'), (121785, 'ratingKey'), (124017, 'ratingKey'), (102311, 'ratingKey'), (124159, 'ratingKey'), (100439, 'ratingKey'), (100339, 'ratingKey'), (100527, 'ratingKey'), (124027, 'ratingKey'), (124026, 'ratingKey'), (124020, 'ratingKey'), (101715, 'ratingKey'), (126598, 'ratingKey'), (101717, 'ratingKey'), (104599, 'ratingKey'), (127992, 'ratingKey'), (127865, 'ratingKey'), (128029, 'ratingKey'), (104610, 'ratingKey'), (126480, 'ratingKey'), (101460, 'ratingKey'), (37752, 'ratingKey'), (37731, 'ratingKey'), (101760, 'ratingKey'), (104476, 'ratingKey'), (100540, 'ratingKey'), (101767, 'ratingKey'), (101851, 'ratingKey'), (121665, 'ratingKey'), (100580, 'ratingKey'), (101806, 'ratingKey'), (100422, 'ratingKey'), (124035, 'ratingKey'), (122334, 'ratingKey'), (100440, 'ratingKey'), (121711, 'ratingKey'), (124039, 'ratingKey'), (124041, 'ratingKey'), (100619, 'ratingKey'), (105187, 'ratingKey'), (105138, 'ratingKey'), (105933, 'ratingKey'), (121524, 'ratingKey'), (122295, 'ratingKey'), (121533, 'ratingKey'), (121503, 'ratingKey'), (96911, 'ratingKey'), (77547, 'ratingKey'), (127100, 'ratingKey'), (104993, 'ratingKey'), (124058, 'ratingKey'), (100554, 'ratingKey'), (100279, 'ratingKey'), (78918, 'ratingKey'), (75597, 'ratingKey'), (100281, 'ratingKey'), (124187, 'ratingKey'), (128939, 'ratingKey'), (78956, 'ratingKey'), (101903, 'ratingKey'), (124188, 'ratingKey'), (101914, 'ratingKey'), (71159, 'ratingKey'), (78960, 'ratingKey'), (102085, 'ratingKey'), (129000, 'ratingKey'), (6242, 'ratingKey'), (41221, 'ratingKey'), (102159, 'ratingKey'), (105039, 'ratingKey'), (105246, 'ratingKey'), (116049, 'ratingKey'), (105141, 'ratingKey'), (101947, 'ratingKey'), (102330, 'ratingKey'), (112725, 'ratingKey'), (100825, 'ratingKey'), (100866, 'ratingKey'), (105099, 'ratingKey'), (100867, 'ratingKey'), (124212, 'ratingKey'), (127858, 'ratingKey'), (105103, 'ratingKey'), (115967, 'ratingKey'), (115830, 'ratingKey'), (116048, 'ratingKey'), (113946, 'ratingKey'), (121764, 'ratingKey'), (121772, 'ratingKey'), (102046, 'ratingKey'), (105105, 'ratingKey'), (112699, 'ratingKey'), (124214, 'ratingKey'), (125915, 'ratingKey'), (113765, 'ratingKey'), (105108, 'ratingKey'), (102069, 'ratingKey'), (108026, 'ratingKey'), (105235, 'ratingKey'), (113683, 'ratingKey'), (112337, 'ratingKey'), (123407, 'ratingKey'), (100913, 'ratingKey'), (105218, 'ratingKey'), (122421, 'ratingKey'), (129043, 'ratingKey'), (102172, 'ratingKey'), (115888, 'ratingKey'), (100924, 'ratingKey'), (100926, 'ratingKey'), (126555, 'ratingKey'), (100929, 'ratingKey'), (124197, 'ratingKey'), (124254, 'ratingKey'), (115867, 'ratingKey'), (121707, 'ratingKey'), (128996, 'ratingKey'), (121763, 'ratingKey'), (126544, 'ratingKey')] |
[2023-02-28 14:15:08,342] [builder.py:1284]           [DEBUG]    |                                                                                                    |
[2023-02-28 14:15:13,889] [builder.py:1697]           [INFO]     |                                                                                                    |
[2023-02-28 14:15:13,889] [util.py:216]               [INFO]     |================================== Adding to Animation Collection ==================================|
[2023-02-28 14:15:13,890] [builder.py:1699]           [INFO]     |                                                                                                    |
[2023-02-28 14:15:13,890] [builder.py:1709]           [INFO]     |   1/348 | Animation Collection | = | 5 Centimeters per Second (2007)                               |
[2023-02-28 14:15:13,890] [builder.py:1709]           [INFO]     |   2/348 | Animation Collection | = | 22 vs. Earth (2021)                                           |
[2023-02-28 14:15:13,890] [builder.py:1709]           [INFO]     |   3/348 | Animation Collection | = | The Adventures of Ichabod and Mr. Toad (1950)                 |
[2023-02-28 14:15:13,891] [builder.py:1709]           [INFO]     |   4/348 | Animation Collection | = | Akira (1988)                                                  |
[2023-02-28 14:15:13,891] [builder.py:1709]           [INFO]     |   5/348 | Animation Collection | = | Aladdin (1992)                                                |
[2023-02-28 14:15:13,891] [builder.py:1709]           [INFO]     |   6/348 | Animation Collection | = | Alice in Wonderland (1951)                                    |
[2023-02-28 14:15:13,892] [builder.py:1709]           [INFO]     |   7/348 | Animation Collection | = | An All Dogs Christmas Carol (1998)                            |
[2023-02-28 14:15:13,892] [builder.py:1709]           [INFO]     |   8/348 | Animation Collection | = | Annabelle's Wish (1997)                                       |
[2023-02-28 14:15:13,892] [builder.py:1709]           [INFO]     |   9/348 | Animation Collection | = | Apollo 10½: A Space Age Childhood (2022)                      |
[2023-02-28 14:15:13,892] [builder.py:1709]           [INFO]     |  10/348 | Animation Collection | = | The Aristocats (1970)                                         |
[2023-02-28 14:15:13,893] [builder.py:1709]           [INFO]     |  11/348 | Animation Collection | = | Arthur Christmas (2011)                                       |
[2023-02-28 14:15:13,893] [builder.py:1709]           [INFO]     |  12/348 | Animation Collection | = | Atlantis: The Lost Empire (2001)                              |
[2023-02-28 14:15:13,893] [builder.py:1709]           [INFO]     |  13/348 | Animation Collection | = | Auntie Edna (2018)                                            |
[2023-02-28 14:15:13,894] [builder.py:1709]           [INFO]     |  14/348 | Animation Collection | = | The Bad Guys (2022)                                           |
[2023-02-28 14:15:13,894] [builder.py:1709]           [INFO]     |  15/348 | Animation Collection | = | Bah Humduck!: A Looney Tunes Christmas (2006)                 |
[2023-02-28 14:15:13,894] [builder.py:1709]           [INFO]     |  16/348 | Animation Collection | = | Bambi (1942)                                                  |
[2023-02-28 14:15:13,895] [builder.py:1709]           [INFO]     |  17/348 | Animation Collection | = | Bao (2018)                                                    |
[2023-02-28 14:15:13,895] [builder.py:1709]           [INFO]     |  18/348 | Animation Collection | = | Batman and Superman: Battle of the Super Sons (2022)          |
[2023-02-28 14:15:13,895] [builder.py:1709]           [INFO]     |  19/348 | Animation Collection | = | Batman vs Teenage Mutant Ninja Turtles (2019)                 |
[2023-02-28 14:15:13,895] [builder.py:1709]           [INFO]     |  20/348 | Animation Collection | = | Beauty and the Beast (1991)                                   |
[2023-02-28 14:15:13,896] [builder.py:1709]           [INFO]     |  21/348 | Animation Collection | = | Beavis and Butt-Head Do the Universe (2022)                   |
[2023-02-28 14:15:13,896] [builder.py:1709]           [INFO]     |  22/348 | Animation Collection | = | Belle (2021)                                                  |
[2023-02-28 14:15:13,896] [builder.py:1709]           [INFO]     |  23/348 | Animation Collection | = | Berserk: The Golden Age Arc II - The Battle for Doldrey (2012) |
[2023-02-28 14:15:13,897] [builder.py:1709]           [INFO]     |  24/348 | Animation Collection | = | Big Hero 6 (2014)                                             |
[2023-02-28 14:15:13,897] [builder.py:1709]           [INFO]     |  25/348 | Animation Collection | = | The Black Cauldron (1985)                                     |
[2023-02-28 14:15:13,897] [builder.py:1709]           [INFO]     |  26/348 | Animation Collection | = | The Blue Umbrella (2013)                                      |
[2023-02-28 14:15:13,898] [builder.py:1709]           [INFO]     |  27/348 | Animation Collection | = | The Bob's Burgers Movie (2022)                                |
[2023-02-28 14:15:13,898] [builder.py:1709]           [INFO]     |  28/348 | Animation Collection | = | Bon Voyage, Charlie Brown (and Don't Come Back!!) (1980)      |
[2023-02-28 14:15:13,898] [builder.py:1709]           [INFO]     |  29/348 | Animation Collection | = | Boruto: Naruto the Movie (2015)                               |
[2023-02-28 14:15:13,899] [builder.py:1709]           [INFO]     |  30/348 | Animation Collection | = | The Boxtrolls (2014)                                          |
[2023-02-28 14:15:13,899] [builder.py:1709]           [INFO]     |  31/348 | Animation Collection | = | Boy & the World (2014)                                        |
[2023-02-28 14:15:13,900] [builder.py:1709]           [INFO]     |  32/348 | Animation Collection | = | The Boy and the Beast (2015)                                  |
[2023-02-28 14:15:13,900] [builder.py:1709]           [INFO]     |  33/348 | Animation Collection | = | A Boy Named Charlie Brown (1969)                              |
[2023-02-28 14:15:13,900] [builder.py:1709]           [INFO]     |  34/348 | Animation Collection | = | The Boy, the Mole, the Fox and the Horse (2022)               |
[2023-02-28 14:15:13,901] [builder.py:1709]           [INFO]     |  35/348 | Animation Collection | = | Brave (2012)                                                  |
[2023-02-28 14:15:13,901] [builder.py:1709]           [INFO]     |  36/348 | Animation Collection | = | Brother Bear (2003)                                           |
[2023-02-28 14:15:13,901] [builder.py:1709]           [INFO]     |  37/348 | Animation Collection | = | A Bug's Life (1998)                                           |
[2023-02-28 14:15:13,902] [builder.py:1709]           [INFO]     |  38/348 | Animation Collection | = | Burn-E (2008)                                                 |
[2023-02-28 14:15:13,902] [builder.py:1709]           [INFO]     |  39/348 | Animation Collection | = | Cars (2006)                                                   |
[2023-02-28 14:15:13,903] [builder.py:1709]           [INFO]     |  40/348 | Animation Collection | = | Cars 2 (2011)                                                 |
[2023-02-28 14:15:13,903] [builder.py:1709]           [INFO]     |  41/348 | Animation Collection | = | Cars 3 (2017)                                                 |
[2023-02-28 14:15:13,903] [builder.py:1709]           [INFO]     |  42/348 | Animation Collection | = | Castle in the Sky (1986)                                      |
[2023-02-28 14:15:13,904] [builder.py:1709]           [INFO]     |  43/348 | Animation Collection | = | The Cat Returns (2002)                                        |
[2023-02-28 14:15:13,904] [builder.py:1709]           [INFO]     |  44/348 | Animation Collection | = | Celebrate Christmas with Mickey, Donald & Friends (2000)      |
[2023-02-28 14:15:13,904] [builder.py:1709]           [INFO]     |  45/348 | Animation Collection | = | A Charlie Brown Christmas (1965)                              |
[2023-02-28 14:15:13,905] [builder.py:1709]           [INFO]     |  46/348 | Animation Collection | = | A Charlie Brown Thanksgiving (1973)                           |
[2023-02-28 14:15:13,905] [builder.py:1709]           [INFO]     |  47/348 | Animation Collection | = | Charlie Brown's All Stars! (1966)                             |
[2023-02-28 14:15:13,905] [builder.py:1709]           [INFO]     |  48/348 | Animation Collection | = | Chicken Run (2000)                                            |
[2023-02-28 14:15:13,906] [builder.py:1709]           [INFO]     |  49/348 | Animation Collection | = | A Chipmunk Christmas (1981)                                   |
[2023-02-28 14:15:13,906] [builder.py:1709]           [INFO]     |  50/348 | Animation Collection | = | A Christmas Carol (2009)                                      |
[2023-02-28 14:15:13,906] [builder.py:1709]           [INFO]     |  51/348 | Animation Collection | = | A Christmas Story (1972)                                      |
[2023-02-28 14:15:13,907] [builder.py:1709]           [INFO]     |  52/348 | Animation Collection | = | The Christmas Toy (1986)                                      |
[2023-02-28 14:15:13,907] [builder.py:1709]           [INFO]     |  53/348 | Animation Collection | = | Ciao Alberto (2021)                                           |
[2023-02-28 14:15:13,908] [builder.py:1709]           [INFO]     |  54/348 | Animation Collection | = | Cinderella (1950)                                             |
[2023-02-28 14:15:13,908] [builder.py:1709]           [INFO]     |  55/348 | Animation Collection | = | A Close Shave (1995)                                          |
[2023-02-28 14:15:13,908] [builder.py:1709]           [INFO]     |  56/348 | Animation Collection | = | Cloudy with a Chance of Meatballs (2009)                      |
[2023-02-28 14:15:13,909] [builder.py:1709]           [INFO]     |  57/348 | Animation Collection | = | Cloudy with a Chance of Meatballs 2 (2013)                    |
[2023-02-28 14:15:13,909] [builder.py:1709]           [INFO]     |  58/348 | Animation Collection | = | Cobain: Montage of Heck (2015)                                |
[2023-02-28 14:15:13,909] [builder.py:1709]           [INFO]     |  59/348 | Animation Collection | = | Coco (2017)                                                   |
[2023-02-28 14:15:13,910] [builder.py:1709]           [INFO]     |  60/348 | Animation Collection | = | Colorful (2010)                                               |
[2023-02-28 14:15:13,910] [builder.py:1709]           [INFO]     |  61/348 | Animation Collection | = | Coraline (2009)                                               |
[2023-02-28 14:15:13,910] [builder.py:1709]           [INFO]     |  62/348 | Animation Collection | = | Corpse Bride (2005)                                           |
[2023-02-28 14:15:13,911] [builder.py:1709]           [INFO]     |  63/348 | Animation Collection | = | Cowboy Bebop: The Movie (2001)                                |
[2023-02-28 14:15:13,911] [builder.py:1709]           [INFO]     |  64/348 | Animation Collection | = | Cricket on the Hearth (1967)                                  |
[2023-02-28 14:15:13,912] [builder.py:1709]           [INFO]     |  65/348 | Animation Collection | = | The Curse of the Were-Rabbit (2005)                           |
[2023-02-28 14:15:13,912] [builder.py:1709]           [INFO]     |  66/348 | Animation Collection | = | Dante's Lunch (2017)                                          |
[2023-02-28 14:15:13,912] [builder.py:1709]           [INFO]     |  67/348 | Animation Collection | = | The Dark Crystal (1982)                                       |
[2023-02-28 14:15:13,913] [builder.py:1709]           [INFO]     |  68/348 | Animation Collection | = | Demon Slayer -Kimetsu no Yaiba- The Movie: Mugen Train (2020) |
[2023-02-28 14:15:13,913] [builder.py:1709]           [INFO]     |  69/348 | Animation Collection | = | Dinosaur (2000)                                               |
[2023-02-28 14:15:13,913] [builder.py:1709]           [INFO]     |  70/348 | Animation Collection | = | Dragon Ball Super: Broly (2018)                               |
[2023-02-28 14:15:13,914] [builder.py:1709]           [INFO]     |  71/348 | Animation Collection | = | Dragon Ball Super: Super Hero (2022)                          |
[2023-02-28 14:15:13,914] [builder.py:1709]           [INFO]     |  72/348 | Animation Collection | = | Dragon Ball Z: Battle of Gods (2013)                          |
[2023-02-28 14:15:13,915] [builder.py:1709]           [INFO]     |  73/348 | Animation Collection | = | Dragon Ball Z: Resurrection 'F' (2015)                        |
[2023-02-28 14:15:13,915] [builder.py:1709]           [INFO]     |  74/348 | Animation Collection | = | Dumbo (1941)                                                  |
[2023-02-28 14:15:13,916] [builder.py:1709]           [INFO]     |  75/348 | Animation Collection | = | Early Man (2018)                                              |
[2023-02-28 14:15:13,916] [builder.py:1709]           [INFO]     |  76/348 | Animation Collection | = | Elf: Buddy's Musical Christmas (2013)                         |
[2023-02-28 14:15:13,916] [builder.py:1709]           [INFO]     |  77/348 | Animation Collection | = | An Elf's Story: The Elf on the Shelf (2010)                   |
[2023-02-28 14:15:13,917] [builder.py:1709]           [INFO]     |  78/348 | Animation Collection | = | The Emperor's New Groove (2000)                               |
[2023-02-28 14:15:13,917] [builder.py:1709]           [INFO]     |  79/348 | Animation Collection | = | Encanto (2021)                                                |
[2023-02-28 14:15:13,918] [builder.py:1709]           [INFO]     |  80/348 | Animation Collection | = | Evangelion: 1.0 You Are (Not) Alone (2007)                    |
[2023-02-28 14:15:13,918] [builder.py:1709]           [INFO]     |  81/348 | Animation Collection | = | Evangelion: 2.0 You Can (Not) Advance (2009)                  |
[2023-02-28 14:15:13,918] [builder.py:1709]           [INFO]     |  82/348 | Animation Collection | = | Evangelion: 3.0+1.0 Thrice Upon a Time (2021)                 |
[2023-02-28 14:15:13,919] [builder.py:1709]           [INFO]     |  83/348 | Animation Collection | = | Fantasia (1941)                                               |
[2023-02-28 14:15:13,919] [builder.py:1709]           [INFO]     |  84/348 | Animation Collection | = | Fantastic Mr. Fox (2009)                                      |
[2023-02-28 14:15:13,920] [builder.py:1709]           [INFO]     |  85/348 | Animation Collection | = | The Fat Albert Christmas Special (1977)                       |
[2023-02-28 14:15:13,920] [builder.py:1709]           [INFO]     |  86/348 | Animation Collection | = | Finding Dory (2016)                                           |
[2023-02-28 14:15:13,920] [builder.py:1709]           [INFO]     |  87/348 | Animation Collection | = | Finding Nemo (2003)                                           |
[2023-02-28 14:15:13,921] [builder.py:1709]           [INFO]     |  88/348 | Animation Collection | = | Flee (2021)                                                   |
[2023-02-28 14:15:13,921] [builder.py:1709]           [INFO]     |  89/348 | Animation Collection | = | The Flight Before Christmas (2008)                            |
[2023-02-28 14:15:13,922] [builder.py:1709]           [INFO]     |  90/348 | Animation Collection | = | A Flintstone Christmas (1977)                                 |
[2023-02-28 14:15:13,922] [builder.py:1709]           [INFO]     |  91/348 | Animation Collection | = | Float (2019)                                                  |
[2023-02-28 14:15:13,923] [builder.py:1709]           [INFO]     |  92/348 | Animation Collection | = | Flushed Away (2006)                                           |
[2023-02-28 14:15:13,923] [builder.py:1709]           [INFO]     |  93/348 | Animation Collection | = | The Fox and the Hound (1981)                                  |
[2023-02-28 14:15:13,924] [builder.py:1709]           [INFO]     |  94/348 | Animation Collection | = | From Up on Poppy Hill (2011)                                  |
[2023-02-28 14:15:13,924] [builder.py:1709]           [INFO]     |  95/348 | Animation Collection | = | Frosty the Snowman (1969)                                     |
[2023-02-28 14:15:13,925] [builder.py:1709]           [INFO]     |  96/348 | Animation Collection | = | Frozen (2013)                                                 |
[2023-02-28 14:15:13,925] [builder.py:1709]           [INFO]     |  97/348 | Animation Collection | = | Frozen II (2019)                                              |
[2023-02-28 14:15:13,925] [builder.py:1709]           [INFO]     |  98/348 | Animation Collection | = | The Garden of Words (2013)                                    |
[2023-02-28 14:15:13,926] [builder.py:1709]           [INFO]     |  99/348 | Animation Collection | = | A Garfield Christmas Special (1987)                           |
[2023-02-28 14:15:13,926] [builder.py:1709]           [INFO]     | 100/348 | Animation Collection | = | Ghost in the Shell (1995)                                     |
[2023-02-28 14:15:13,927] [builder.py:1709]           [INFO]     | 101/348 | Animation Collection | = | Ghost in the Shell 2: Innocence (2004)                        |
[2023-02-28 14:15:13,927] [builder.py:1709]           [INFO]     | 102/348 | Animation Collection | = | Ghost in the Shell 2.0 (2008)                                 |
[2023-02-28 14:15:13,928] [builder.py:1709]           [INFO]     | 103/348 | Animation Collection | = | The Girl Who Leapt Through Time (2006)                        |
[2023-02-28 14:15:13,928] [builder.py:1709]           [INFO]     | 104/348 | Animation Collection | = | Godzilla vs. Hedorah (1971)                                   |
[2023-02-28 14:15:13,929] [builder.py:1709]           [INFO]     | 105/348 | Animation Collection | = | The Good Dinosaur (2015)                                      |
[2023-02-28 14:15:13,929] [builder.py:1709]           [INFO]     | 106/348 | Animation Collection | = | Goof Troop Christmas (1992)                                   |
[2023-02-28 14:15:13,930] [builder.py:1709]           [INFO]     | 107/348 | Animation Collection | = | Gotta Catch Santa Claus (2008)                                |
[2023-02-28 14:15:13,930] [builder.py:1709]           [INFO]     | 108/348 | Animation Collection | = | A Grand Day Out (1990)                                        |
[2023-02-28 14:15:13,930] [builder.py:1709]           [INFO]     | 109/348 | Animation Collection | = | Grave of the Fireflies (1988)                                 |
[2023-02-28 14:15:13,931] [builder.py:1709]           [INFO]     | 110/348 | Animation Collection | = | The Great Mouse Detective (1986)                              |
[2023-02-28 14:15:13,931] [builder.py:1709]           [INFO]     | 111/348 | Animation Collection | = | Guillermo del Toro's Pinocchio (2022)                         |
[2023-02-28 14:15:13,932] [builder.py:1709]           [INFO]     | 112/348 | Animation Collection | = | The Happy Elf (2005)                                          |
[2023-02-28 14:15:13,932] [builder.py:1709]           [INFO]     | 113/348 | Animation Collection | = | Hercules (1997)                                               |
[2023-02-28 14:15:13,933] [builder.py:1709]           [INFO]     | 114/348 | Animation Collection | = | The Hobbit (1977)                                             |
[2023-02-28 14:15:13,933] [builder.py:1709]           [INFO]     | 115/348 | Animation Collection | = | Hotarubi no Mori e (2011)                                     |
[2023-02-28 14:15:13,934] [builder.py:1709]           [INFO]     | 116/348 | Animation Collection | = | Hotel Transylvania (2012)                                     |
[2023-02-28 14:15:13,935] [builder.py:1709]           [INFO]     | 117/348 | Animation Collection | = | Hotel Transylvania 2 (2015)                                   |
[2023-02-28 14:15:13,935] [builder.py:1709]           [INFO]     | 118/348 | Animation Collection | = | Hotel Transylvania 3: Summer Vacation (2018)                  |
[2023-02-28 14:15:13,936] [builder.py:1709]           [INFO]     | 119/348 | Animation Collection | = | How the Grinch Stole Christmas! (1966)                        |
[2023-02-28 14:15:13,936] [builder.py:1709]           [INFO]     | 120/348 | Animation Collection | = | How to Train Your Dragon (2010)                               |
[2023-02-28 14:15:13,937] [builder.py:1709]           [INFO]     | 121/348 | Animation Collection | = | How to Train Your Dragon 2 (2014)                             |
[2023-02-28 14:15:13,937] [builder.py:1709]           [INFO]     | 122/348 | Animation Collection | = | How to Train Your Dragon: The Hidden World (2019)             |
[2023-02-28 14:15:13,938] [builder.py:1709]           [INFO]     | 123/348 | Animation Collection | = | Howl's Moving Castle (2004)                                   |
[2023-02-28 14:15:13,938] [builder.py:1709]           [INFO]     | 124/348 | Animation Collection | = | The Hunchback of Notre Dame (1996)                            |
[2023-02-28 14:15:13,939] [builder.py:1709]           [INFO]     | 125/348 | Animation Collection | = | I Want a Dog for Christmas, Charlie Brown (2003)              |
[2023-02-28 14:15:13,939] [builder.py:1709]           [INFO]     | 126/348 | Animation Collection | = | I Want to Eat Your Pancreas (2018)                            |
[2023-02-28 14:15:13,940] [builder.py:1709]           [INFO]     | 127/348 | Animation Collection | = | Ice Age: A Mammoth Christmas (2011)                           |
[2023-02-28 14:15:13,940] [builder.py:1709]           [INFO]     | 128/348 | Animation Collection | = | If Anything Happens I Love You (2020)                         |
[2023-02-28 14:15:13,941] [builder.py:1709]           [INFO]     | 129/348 | Animation Collection | = | In This Corner of the World (2016)                            |
[2023-02-28 14:15:13,941] [builder.py:1709]           [INFO]     | 130/348 | Animation Collection | = | The Incredibles (2004)                                        |
[2023-02-28 14:15:13,942] [builder.py:1709]           [INFO]     | 131/348 | Animation Collection | = | Incredibles 2 (2018)                                          |
[2023-02-28 14:15:13,942] [builder.py:1709]           [INFO]     | 132/348 | Animation Collection | = | Inside Out (2015)                                             |
[2023-02-28 14:15:13,943] [builder.py:1709]           [INFO]     | 133/348 | Animation Collection | = | Isle of Dogs (2018)                                           |
[2023-02-28 14:15:13,943] [builder.py:1709]           [INFO]     | 134/348 | Animation Collection | = | It's Arbor Day, Charlie Brown (1976)                          |
[2023-02-28 14:15:13,944] [builder.py:1709]           [INFO]     | 135/348 | Animation Collection | = | It's Christmastime Again, Charlie Brown (1992)                |
[2023-02-28 14:15:13,944] [builder.py:1709]           [INFO]     | 136/348 | Animation Collection | = | It's Flashbeagle, Charlie Brown (1984)                        |
[2023-02-28 14:15:13,945] [builder.py:1709]           [INFO]     | 137/348 | Animation Collection | = | It's Magic, Charlie Brown (1981)                              |
[2023-02-28 14:15:13,946] [builder.py:1709]           [INFO]     | 138/348 | Animation Collection | = | It's the Great Pumpkin, Charlie Brown (1966)                  |
[2023-02-28 14:15:13,946] [builder.py:1709]           [INFO]     | 139/348 | Animation Collection | = | Jack Frost (1979)                                             |
[2023-02-28 14:15:13,947] [builder.py:1709]           [INFO]     | 140/348 | Animation Collection | = | Jimmy Neutron: Boy Genius (2001)                              |
[2023-02-28 14:15:13,947] [builder.py:1709]           [INFO]     | 141/348 | Animation Collection | = | Jingle & Bell's Christmas Star (2012)                         |
[2023-02-28 14:15:13,948] [builder.py:1709]           [INFO]     | 142/348 | Animation Collection | = | Josee, the Tiger and the Fish (2020)                          |
[2023-02-28 14:15:13,948] [builder.py:1709]           [INFO]     | 143/348 | Animation Collection | = | Jujutsu Kaisen 0 (2021)                                       |
[2023-02-28 14:15:13,949] [builder.py:1709]           [INFO]     | 144/348 | Animation Collection | = | The Jungle Book (1967)                                        |
[2023-02-28 14:15:13,949] [builder.py:1709]           [INFO]     | 145/348 | Animation Collection | = | Justice League Dark: Apokolips War (2020)                     |
[2023-02-28 14:15:13,950] [builder.py:1709]           [INFO]     | 146/348 | Animation Collection | = | Kiki's Delivery Service (1989)                                |
[2023-02-28 14:15:13,951] [builder.py:1709]           [INFO]     | 147/348 | Animation Collection | = | Kitbull (2019)                                                |
[2023-02-28 14:15:13,951] [builder.py:1709]           [INFO]     | 148/348 | Animation Collection | = | Klaus (2019)                                                  |
[2023-02-28 14:15:13,952] [builder.py:1709]           [INFO]     | 149/348 | Animation Collection | = | Knick Knack (1992)                                            |
[2023-02-28 14:15:13,952] [builder.py:1709]           [INFO]     | 150/348 | Animation Collection | = | Kristin's Christmas Past (2013)                               |
[2023-02-28 14:15:13,953] [builder.py:1709]           [INFO]     | 151/348 | Animation Collection | = | Kubo and the Two Strings (2016)                               |
[2023-02-28 14:15:13,954] [builder.py:1709]           [INFO]     | 152/348 | Animation Collection | = | Kung Fu Panda (2008)                                          |
[2023-02-28 14:15:13,954] [builder.py:1709]           [INFO]     | 153/348 | Animation Collection | = | Kung Fu Panda 2 (2011)                                        |
[2023-02-28 14:15:13,955] [builder.py:1709]           [INFO]     | 154/348 | Animation Collection | = | Kung Fu Panda 3 (2016)                                        |
[2023-02-28 14:15:13,955] [builder.py:1709]           [INFO]     | 155/348 | Animation Collection | = | Lady and the Tramp (1955)                                     |
[2023-02-28 14:15:13,956] [builder.py:1709]           [INFO]     | 156/348 | Animation Collection | = | Lady and the Tramp (2019)                                     |
[2023-02-28 14:15:13,956] [builder.py:1709]           [INFO]     | 157/348 | Animation Collection | = | Lamp Life (2020)                                              |
[2023-02-28 14:15:13,957] [builder.py:1709]           [INFO]     | 158/348 | Animation Collection | = | Lava (2015)                                                   |
[2023-02-28 14:15:13,958] [builder.py:1709]           [INFO]     | 159/348 | Animation Collection | = | The Leprechauns' Christmas Gold (1981)                        |
[2023-02-28 14:15:13,958] [builder.py:1709]           [INFO]     | 160/348 | Animation Collection | = | A Letter to Momo (2012)                                       |
[2023-02-28 14:15:13,959] [builder.py:1709]           [INFO]     | 161/348 | Animation Collection | = | The Life & Adventures of Santa Claus (1985)                   |
[2023-02-28 14:15:13,959] [builder.py:1709]           [INFO]     | 162/348 | Animation Collection | = | Lightyear (2022)                                              |
[2023-02-28 14:15:13,960] [builder.py:1709]           [INFO]     | 163/348 | Animation Collection | = | Lilo & Stitch (2002)                                          |
[2023-02-28 14:15:13,961] [builder.py:1709]           [INFO]     | 164/348 | Animation Collection | = | The Lion King (1994)                                          |
[2023-02-28 14:15:13,961] [builder.py:1709]           [INFO]     | 165/348 | Animation Collection | = | The Lion King (2019)                                          |
[2023-02-28 14:15:13,962] [builder.py:1709]           [INFO]     | 166/348 | Animation Collection | = | The Little Drummer Boy (1968)                                 |
[2023-02-28 14:15:13,962] [builder.py:1709]           [INFO]     | 167/348 | Animation Collection | = | The Little Mermaid (1989)                                     |
[2023-02-28 14:15:13,963] [builder.py:1709]           [INFO]     | 168/348 | Animation Collection | = | Loop (2020)                                                   |
[2023-02-28 14:15:13,964] [builder.py:1709]           [INFO]     | 169/348 | Animation Collection | = | The Lord of the Rings (1978)                                  |
[2023-02-28 14:15:13,964] [builder.py:1709]           [INFO]     | 170/348 | Animation Collection | = | Lou (2017)                                                    |
[2023-02-28 14:15:13,965] [builder.py:1709]           [INFO]     | 171/348 | Animation Collection | = | Luca (2021)                                                   |
[2023-02-28 14:15:13,965] [builder.py:1709]           [INFO]     | 172/348 | Animation Collection | = | La Luna (2012)                                                |
[2023-02-28 14:15:13,966] [builder.py:1709]           [INFO]     | 173/348 | Animation Collection | = | Lupin III: The First (2019)                                   |
[2023-02-28 14:15:13,967] [builder.py:1709]           [INFO]     | 174/348 | Animation Collection | = | Lupin the Third: The Castle of Cagliostro (1979)              |
[2023-02-28 14:15:13,967] [builder.py:1709]           [INFO]     | 175/348 | Animation Collection | = | Lyle, Lyle, Crocodile (2022)                                  |
[2023-02-28 14:15:13,968] [builder.py:1709]           [INFO]     | 176/348 | Animation Collection | = | Mad God (2022)                                                |
[2023-02-28 14:15:13,968] [builder.py:1709]           [INFO]     | 177/348 | Animation Collection | = | The Madagascar Penguins in a Christmas Caper (2005)           |
[2023-02-28 14:15:13,969] [builder.py:1709]           [INFO]     | 178/348 | Animation Collection | = | Made in Abyss: Dawn of the Deep Soul (2020)                   |
[2023-02-28 14:15:13,970] [builder.py:1709]           [INFO]     | 179/348 | Animation Collection | = | Maquia: When the Promised Flower Blooms (2018)                |
[2023-02-28 14:15:13,971] [builder.py:1709]           [INFO]     | 180/348 | Animation Collection | = | Marcel the Shell with Shoes On (2022)                         |
[2023-02-28 14:15:13,971] [builder.py:1709]           [INFO]     | 181/348 | Animation Collection | = | Mary and The Witch's Flower (2017)                            |
[2023-02-28 14:15:13,972] [builder.py:1709]           [INFO]     | 182/348 | Animation Collection | = | A Matter of Loaf and Death (2008)                             |
[2023-02-28 14:15:13,973] [builder.py:1709]           [INFO]     | 183/348 | Animation Collection | = | The Mayflower Voyagers (1988)                                 |
[2023-02-28 14:15:13,973] [builder.py:1709]           [INFO]     | 184/348 | Animation Collection | = | Memories (1995)                                               |
[2023-02-28 14:15:13,974] [builder.py:1709]           [INFO]     | 185/348 | Animation Collection | = | Metropolis (2001)                                             |
[2023-02-28 14:15:13,974] [builder.py:1709]           [INFO]     | 186/348 | Animation Collection | = | Mickey's Christmas Carol (1983)                               |
[2023-02-28 14:15:13,975] [builder.py:1709]           [INFO]     | 187/348 | Animation Collection | = | Mickey's Magical Christmas: Snowed in at the House of Mouse (2001) |
[2023-02-28 14:15:13,976] [builder.py:1709]           [INFO]     | 188/348 | Animation Collection | = | Mickey's Once Upon a Christmas (1999)                         |
[2023-02-28 14:15:13,976] [builder.py:1709]           [INFO]     | 189/348 | Animation Collection | = | Mickey's Twice Upon a Christmas (2004)                        |
[2023-02-28 14:15:13,977] [builder.py:1709]           [INFO]     | 190/348 | Animation Collection | = | Millennium Actress (2002)                                     |
[2023-02-28 14:15:13,977] [builder.py:1709]           [INFO]     | 191/348 | Animation Collection | = | Mind Game (2004)                                              |
[2023-02-28 14:15:13,978] [builder.py:1709]           [INFO]     | 192/348 | Animation Collection | = | Minions: The Rise of Gru (2022)                               |
[2023-02-28 14:15:13,979] [builder.py:1709]           [INFO]     | 193/348 | Animation Collection | = | Mirai (2018)                                                  |
[2023-02-28 14:15:13,979] [builder.py:1709]           [INFO]     | 194/348 | Animation Collection | = | Miss Fritter's Racing Skoool (2017)                           |
[2023-02-28 14:15:13,980] [builder.py:1709]           [INFO]     | 195/348 | Animation Collection | = | Missing Link (2019)                                           |
[2023-02-28 14:15:13,980] [builder.py:1709]           [INFO]     | 196/348 | Animation Collection | = | Mister Magoo's Christmas Carol (1962)                         |
[2023-02-28 14:15:13,981] [builder.py:1709]           [INFO]     | 197/348 | Animation Collection | = | Moana (2016)                                                  |
[2023-02-28 14:15:13,982] [builder.py:1709]           [INFO]     | 198/348 | Animation Collection | = | Monsters University (2013)                                    |
[2023-02-28 14:15:13,983] [builder.py:1709]           [INFO]     | 199/348 | Animation Collection | = | Monsters, Inc. (2001)                                         |
[2023-02-28 14:15:13,983] [builder.py:1709]           [INFO]     | 200/348 | Animation Collection | = | Mulan (1998)                                                  |
[2023-02-28 14:15:13,984] [builder.py:1709]           [INFO]     | 201/348 | Animation Collection | = | My Friends Tigger and Pooh - Super Sleuth Christmas Movie (2007) |
[2023-02-28 14:15:13,985] [builder.py:1709]           [INFO]     | 202/348 | Animation Collection | = | My Hero Academia: Two Heroes (2018)                           |
[2023-02-28 14:15:13,985] [builder.py:1709]           [INFO]     | 203/348 | Animation Collection | = | My Life as a Zucchini (2016)                                  |
[2023-02-28 14:15:13,986] [builder.py:1709]           [INFO]     | 204/348 | Animation Collection | = | My Neighbor Totoro (1988)                                     |
[2023-02-28 14:15:13,987] [builder.py:1709]           [INFO]     | 205/348 | Animation Collection | = | My Neighbors the Yamadas (1999)                               |
[2023-02-28 14:15:13,987] [builder.py:1709]           [INFO]     | 206/348 | Animation Collection | = | Nausicaä of the Valley of the Wind (1984)                     |
[2023-02-28 14:15:13,988] [builder.py:1709]           [INFO]     | 207/348 | Animation Collection | = | Nestor, the Long-Eared Christmas Donkey (1977)                |
[2023-02-28 14:15:13,989] [builder.py:1709]           [INFO]     | 208/348 | Animation Collection | = | Night Is Short, Walk On Girl (2017)                           |
[2023-02-28 14:15:13,989] [builder.py:1709]           [INFO]     | 209/348 | Animation Collection | = | The Nightmare Before Christmas (1993)                         |
[2023-02-28 14:15:13,990] [builder.py:1709]           [INFO]     | 210/348 | Animation Collection | = | Ninja Scroll (1993)                                           |
[2023-02-28 14:15:13,991] [builder.py:1709]           [INFO]     | 211/348 | Animation Collection | = | Nona (2021)                                                   |
[2023-02-28 14:15:13,991] [builder.py:1709]           [INFO]     | 212/348 | Animation Collection | = | Ocean Waves (1993)                                            |
[2023-02-28 14:15:13,992] [builder.py:1709]           [INFO]     | 213/348 | Animation Collection | = | Olive, the Other Reindeer (1999)                              |
[2023-02-28 14:15:13,993] [builder.py:1709]           [INFO]     | 214/348 | Animation Collection | = | Oliver & Company (1988)                                       |
[2023-02-28 14:15:13,993] [builder.py:1709]           [INFO]     | 215/348 | Animation Collection | = | Once Upon a Snowman (2020)                                    |
[2023-02-28 14:15:13,994] [builder.py:1709]           [INFO]     | 216/348 | Animation Collection | = | One Hundred and One Dalmatians (1961)                         |
[2023-02-28 14:15:13,995] [builder.py:1709]           [INFO]     | 217/348 | Animation Collection | = | One Man Band (2006)                                           |
[2023-02-28 14:15:13,996] [builder.py:1709]           [INFO]     | 218/348 | Animation Collection | = | One Piece: Stampede (2019)                                    |
[2023-02-28 14:15:13,996] [builder.py:1709]           [INFO]     | 219/348 | Animation Collection | = | Only Yesterday (1991)                                         |
[2023-02-28 14:15:13,997] [builder.py:1709]           [INFO]     | 220/348 | Animation Collection | = | Onward (2020)                                                 |
[2023-02-28 14:15:13,997] [builder.py:1709]           [INFO]     | 221/348 | Animation Collection | = | Paprika (2006)                                                |
[2023-02-28 14:15:13,998] [builder.py:1709]           [INFO]     | 222/348 | Animation Collection | = | ParaNorman (2012)                                             |
[2023-02-28 14:15:13,999] [builder.py:1709]           [INFO]     | 223/348 | Animation Collection | = | Party Central (2014)                                          |
[2023-02-28 14:15:14,000] [builder.py:1709]           [INFO]     | 224/348 | Animation Collection | = | Paws of Fury: The Legend of Hank (2022)                       |
[2023-02-28 14:15:14,001] [builder.py:1709]           [INFO]     | 225/348 | Animation Collection | = | Penguin Highway (2018)                                        |
[2023-02-28 14:15:14,002] [builder.py:1709]           [INFO]     | 226/348 | Animation Collection | = | Perfect Blue (1998)                                           |
[2023-02-28 14:15:14,002] [builder.py:1709]           [INFO]     | 227/348 | Animation Collection | = | Peter Pan (1953)                                              |
[2023-02-28 14:15:14,003] [builder.py:1709]           [INFO]     | 228/348 | Animation Collection | = | Pinocchio (1940)                                              |
[2023-02-28 14:15:14,004] [builder.py:1709]           [INFO]     | 229/348 | Animation Collection | = | Piper (2016)                                                  |
[2023-02-28 14:15:14,005] [builder.py:1709]           [INFO]     | 230/348 | Animation Collection | = | The Pirates! Band of Misfits (2012)                           |
[2023-02-28 14:15:14,005] [builder.py:1709]           [INFO]     | 231/348 | Animation Collection | = | Play It Again, Charlie Brown (1971)                           |
[2023-02-28 14:15:14,006] [builder.py:1709]           [INFO]     | 232/348 | Animation Collection | = | Pluto's Christmas Tree (1952)                                 |
[2023-02-28 14:15:14,007] [builder.py:1709]           [INFO]     | 233/348 | Animation Collection | = | Pocahontas (1995)                                             |
[2023-02-28 14:15:14,007] [builder.py:1709]           [INFO]     | 234/348 | Animation Collection | = | The Polar Express (2004)                                      |
[2023-02-28 14:15:14,008] [builder.py:1709]           [INFO]     | 235/348 | Animation Collection | = | Pom Poko (1994)                                               |
[2023-02-28 14:15:14,009] [builder.py:1709]           [INFO]     | 236/348 | Animation Collection | = | Ponyo (2008)                                                  |
[2023-02-28 14:15:14,009] [builder.py:1709]           [INFO]     | 237/348 | Animation Collection | = | Porco Rosso (1992)                                            |
[2023-02-28 14:15:14,010] [builder.py:1709]           [INFO]     | 238/348 | Animation Collection | = | Prep & Landing (2009)                                         |
[2023-02-28 14:15:14,011] [builder.py:1709]           [INFO]     | 239/348 | Animation Collection | = | Prep & Landing Stocking Stuffer: Operation: Secret Santa (2010) |
[2023-02-28 14:15:14,011] [builder.py:1709]           [INFO]     | 240/348 | Animation Collection | = | Prep & Landing: Naughty vs. Nice (2011)                       |
[2023-02-28 14:15:14,012] [builder.py:1709]           [INFO]     | 241/348 | Animation Collection | = | The Prince of Egypt (1998)                                    |
[2023-02-28 14:15:14,013] [builder.py:1709]           [INFO]     | 242/348 | Animation Collection | = | The Princess and the Frog (2009)                              |
[2023-02-28 14:15:14,014] [builder.py:1709]           [INFO]     | 243/348 | Animation Collection | = | Princess Mononoke (1997)                                      |
[2023-02-28 14:15:14,014] [builder.py:1709]           [INFO]     | 244/348 | Animation Collection | = | Promare (2019)                                                |
[2023-02-28 14:15:14,015] [builder.py:1709]           [INFO]     | 245/348 | Animation Collection | = | Puss in Boots (2011)                                          |
[2023-02-28 14:15:14,016] [builder.py:1709]           [INFO]     | 246/348 | Animation Collection | = | Puss in Boots: The Last Wish (2022)                           |
[2023-02-28 14:15:14,017] [builder.py:1709]           [INFO]     | 247/348 | Animation Collection | = | Puss in Boots: The Three Diablos (2012)                       |
[2023-02-28 14:15:14,018] [builder.py:1709]           [INFO]     | 248/348 | Animation Collection | = | Race for Your Life, Charlie Brown (1977)                      |
[2023-02-28 14:15:14,018] [builder.py:1709]           [INFO]     | 249/348 | Animation Collection | = | Ralph Breaks the Internet (2018)                              |
[2023-02-28 14:15:14,019] [builder.py:1709]           [INFO]     | 250/348 | Animation Collection | = | Rascal Does Not Dream of a Dreaming Girl (2019)               |
[2023-02-28 14:15:14,020] [builder.py:1709]           [INFO]     | 251/348 | Animation Collection | = | Ratatouille (2007)                                            |
[2023-02-28 14:15:14,020] [builder.py:1709]           [INFO]     | 252/348 | Animation Collection | = | Raya and the Last Dragon (2021)                               |
[2023-02-28 14:15:14,021] [builder.py:1709]           [INFO]     | 253/348 | Animation Collection | = | The Red Turtle (2016)                                         |
[2023-02-28 14:15:14,022] [builder.py:1709]           [INFO]     | 254/348 | Animation Collection | = | Redline (2010)                                                |
[2023-02-28 14:15:14,023] [builder.py:1709]           [INFO]     | 255/348 | Animation Collection | = | The Rescuers (1977)                                           |
[2023-02-28 14:15:14,023] [builder.py:1709]           [INFO]     | 256/348 | Animation Collection | = | The Rescuers Down Under (1990)                                |
[2023-02-28 14:15:14,024] [builder.py:1709]           [INFO]     | 257/348 | Animation Collection | = | Ride Your Wave (2019)                                         |
[2023-02-28 14:15:14,025] [builder.py:1709]           [INFO]     | 258/348 | Animation Collection | = | Riley's First Date? (2015)                                    |
[2023-02-28 14:15:14,026] [builder.py:1709]           [INFO]     | 259/348 | Animation Collection | = | The Road to El Dorado (2000)                                  |
[2023-02-28 14:15:14,027] [builder.py:1709]           [INFO]     | 260/348 | Animation Collection | = | Robin Hood (1973)                                             |
[2023-02-28 14:15:14,027] [builder.py:1709]           [INFO]     | 261/348 | Animation Collection | = | Robin Robin (2021)                                            |
[2023-02-28 14:15:14,028] [builder.py:1709]           [INFO]     | 262/348 | Animation Collection | = | Rudolph and Frosty's Christmas in July (1979)                 |
[2023-02-28 14:15:14,029] [builder.py:1709]           [INFO]     | 263/348 | Animation Collection | = | Rudolph the Red-Nosed Reindeer (1964)                         |
[2023-02-28 14:15:14,030] [builder.py:1709]           [INFO]     | 264/348 | Animation Collection | = | Sailor Moon R: The Movie (1993)                               |
[2023-02-28 14:15:14,030] [builder.py:1709]           [INFO]     | 265/348 | Animation Collection | = | Sanjay's Super Team (2015)                                    |
[2023-02-28 14:15:14,031] [builder.py:1709]           [INFO]     | 266/348 | Animation Collection | = | Santa Baby (2006)                                             |
[2023-02-28 14:15:14,032] [builder.py:1709]           [INFO]     | 267/348 | Animation Collection | = | Santa Claus Is Comin' to Town (1970)                          |
[2023-02-28 14:15:14,033] [builder.py:1709]           [INFO]     | 268/348 | Animation Collection | = | The Sea Beast (2022)                                          |
[2023-02-28 14:15:14,034] [builder.py:1709]           [INFO]     | 269/348 | Animation Collection | = | The Secret of Kells (2009)                                    |
[2023-02-28 14:15:14,035] [builder.py:1709]           [INFO]     | 270/348 | Animation Collection | = | The Secret of NIMH (1982)                                     |
[2023-02-28 14:15:14,035] [builder.py:1709]           [INFO]     | 271/348 | Animation Collection | = | The Secret World of Arrietty (2010)                           |
[2023-02-28 14:15:14,036] [builder.py:1709]           [INFO]     | 272/348 | Animation Collection | = | Shaun the Sheep Movie (2015)                                  |
[2023-02-28 14:15:14,037] [builder.py:1709]           [INFO]     | 273/348 | Animation Collection | = | A Shaun the Sheep Movie: Farmageddon (2019)                   |
[2023-02-28 14:15:14,038] [builder.py:1709]           [INFO]     | 274/348 | Animation Collection | = | Shaun the Sheep: The Farmer's Llamas (2015)                   |
[2023-02-28 14:15:14,038] [builder.py:1709]           [INFO]     | 275/348 | Animation Collection | = | Shaun the Sheep: The Flight Before Christmas (2021)           |
[2023-02-28 14:15:14,039] [builder.py:1709]           [INFO]     | 276/348 | Animation Collection | = | She's a Good Skate, Charlie Brown (1980)                      |
[2023-02-28 14:15:14,040] [builder.py:1709]           [INFO]     | 277/348 | Animation Collection | = | Shrek (2001)                                                  |
[2023-02-28 14:15:14,041] [builder.py:1709]           [INFO]     | 278/348 | Animation Collection | = | Shrek 2 (2004)                                                |
[2023-02-28 14:15:14,042] [builder.py:1709]           [INFO]     | 279/348 | Animation Collection | = | Shrek Forever After (2010)                                    |
[2023-02-28 14:15:14,042] [builder.py:1709]           [INFO]     | 280/348 | Animation Collection | = | Shrek the Halls (2007)                                        |
[2023-02-28 14:15:14,043] [builder.py:1709]           [INFO]     | 281/348 | Animation Collection | = | Shrek the Third (2007)                                        |
[2023-02-28 14:15:14,044] [builder.py:1709]           [INFO]     | 282/348 | Animation Collection | = | A Silent Voice: The Movie (2016)                              |
[2023-02-28 14:15:14,045] [builder.py:1709]           [INFO]     | 283/348 | Animation Collection | = | Sing (2016)                                                   |
[2023-02-28 14:15:14,046] [builder.py:1709]           [INFO]     | 284/348 | Animation Collection | = | Sing 2 (2021)                                                 |
[2023-02-28 14:15:14,046] [builder.py:1709]           [INFO]     | 285/348 | Animation Collection | = | Sleeping Beauty (1959)                                        |
[2023-02-28 14:15:14,047] [builder.py:1709]           [INFO]     | 286/348 | Animation Collection | = | The Small One (1978)                                          |
[2023-02-28 14:15:14,048] [builder.py:1709]           [INFO]     | 287/348 | Animation Collection | = | Snoopy Presents: For Auld Lang Syne (2021)                    |
[2023-02-28 14:15:14,049] [builder.py:1709]           [INFO]     | 288/348 | Animation Collection | = | Snoopy's Reunion (1991)                                       |
[2023-02-28 14:15:14,049] [builder.py:1709]           [INFO]     | 289/348 | Animation Collection | = | Snow White and the Seven Dwarfs (1938)                        |
[2023-02-28 14:15:14,050] [builder.py:1709]           [INFO]     | 290/348 | Animation Collection | = | The Snowman (1984)                                            |
[2023-02-28 14:15:14,051] [builder.py:1709]           [INFO]     | 291/348 | Animation Collection | = | Song of the Sea (2014)                                        |
[2023-02-28 14:15:14,052] [builder.py:1709]           [INFO]     | 292/348 | Animation Collection | = | Soul (2020)                                                   |
[2023-02-28 14:15:14,053] [builder.py:1709]           [INFO]     | 293/348 | Animation Collection | = | South Park the Streaming Wars (2022)                          |
[2023-02-28 14:15:14,053] [builder.py:1709]           [INFO]     | 294/348 | Animation Collection | = | South Park the Streaming Wars Part 2 (2022)                   |
[2023-02-28 14:15:14,054] [builder.py:1709]           [INFO]     | 295/348 | Animation Collection | = | A Spark Story (2021)                                          |
[2023-02-28 14:15:14,055] [builder.py:1709]           [INFO]     | 296/348 | Animation Collection | = | Spider-Man: Into the Spider-Verse (2018)                      |
[2023-02-28 14:15:14,056] [builder.py:1709]           [INFO]     | 297/348 | Animation Collection | = | The Spine of Night (2021)                                     |
[2023-02-28 14:15:14,057] [builder.py:1709]           [INFO]     | 298/348 | Animation Collection | = | Spirited Away (2001)                                          |
[2023-02-28 14:15:14,057] [builder.py:1709]           [INFO]     | 299/348 | Animation Collection | = | The SpongeBob Movie: Sponge on the Run (2020)                 |
[2023-02-28 14:15:14,058] [builder.py:1709]           [INFO]     | 300/348 | Animation Collection | = | Summer Wars (2009)                                            |
[2023-02-28 14:15:14,059] [builder.py:1709]           [INFO]     | 301/348 | Animation Collection | = | The Sword in the Stone (1963)                                 |
[2023-02-28 14:15:14,060] [builder.py:1709]           [INFO]     | 302/348 | Animation Collection | = | Sword of the Stranger (2007)                                  |
[2023-02-28 14:15:14,061] [builder.py:1709]           [INFO]     | 303/348 | Animation Collection | = | The Tale of The Princess Kaguya (2013)                        |
[2023-02-28 14:15:14,062] [builder.py:1709]           [INFO]     | 304/348 | Animation Collection | = | Tales from Earthsea (2006)                                    |
[2023-02-28 14:15:14,063] [builder.py:1709]           [INFO]     | 305/348 | Animation Collection | = | Tangled (2010)                                                |
[2023-02-28 14:15:14,064] [builder.py:1709]           [INFO]     | 306/348 | Animation Collection | = | Tarzan (1999)                                                 |
[2023-02-28 14:15:14,065] [builder.py:1709]           [INFO]     | 307/348 | Animation Collection | = | Tekkonkinkreet (2006)                                         |
[2023-02-28 14:15:14,066] [builder.py:1709]           [INFO]     | 308/348 | Animation Collection | = | To Your Last Death (2020)                                     |
[2023-02-28 14:15:14,067] [builder.py:1709]           [INFO]     | 309/348 | Animation Collection | = | Tokyo Godfathers (2003)                                       |
[2023-02-28 14:15:14,067] [builder.py:1709]           [INFO]     | 310/348 | Animation Collection | = | Tom and Jerry: A Nutcracker Tale (2007)                       |
[2023-02-28 14:15:14,068] [builder.py:1709]           [INFO]     | 311/348 | Animation Collection | = | Tom Sweep (1992)                                              |
[2023-02-28 14:15:14,069] [builder.py:1709]           [INFO]     | 312/348 | Animation Collection | = | Tower (2017)                                                  |
[2023-02-28 14:15:14,070] [builder.py:1709]           [INFO]     | 313/348 | Animation Collection | = | Toy Story (1995)                                              |
[2023-02-28 14:15:14,071] [builder.py:1709]           [INFO]     | 314/348 | Animation Collection | = | Toy Story 2 (1999)                                            |
[2023-02-28 14:15:14,072] [builder.py:1709]           [INFO]     | 315/348 | Animation Collection | = | Toy Story 3 (2010)                                            |
[2023-02-28 14:15:14,072] [builder.py:1709]           [INFO]     | 316/348 | Animation Collection | = | Toy Story 4 (2019)                                            |
[2023-02-28 14:15:14,073] [builder.py:1709]           [INFO]     | 317/348 | Animation Collection | = | Toy Story That Time Forgot (2014)                             |
[2023-02-28 14:15:14,074] [builder.py:1709]           [INFO]     | 318/348 | Animation Collection | = | Toy Story Toons: Partysaurus Rex (2012)                       |
[2023-02-28 14:15:14,075] [builder.py:1709]           [INFO]     | 319/348 | Animation Collection | = | Treasure Planet (2002)                                        |
[2023-02-28 14:15:14,076] [builder.py:1709]           [INFO]     | 320/348 | Animation Collection | = | Trigun: Badlands Rumble (2010)                                |
[2023-02-28 14:15:14,077] [builder.py:1709]           [INFO]     | 321/348 | Animation Collection | = | Turning Red (2022)                                            |
[2023-02-28 14:15:14,078] [builder.py:1709]           [INFO]     | 322/348 | Animation Collection | = | 'Twas the Night Before Christmas (1974)                       |
[2023-02-28 14:15:14,078] [builder.py:1709]           [INFO]     | 323/348 | Animation Collection | = | Twenty Something (2021)                                       |
[2023-02-28 14:15:14,079] [builder.py:1709]           [INFO]     | 324/348 | Animation Collection | = | Up (2009)                                                     |
[2023-02-28 14:15:14,080] [builder.py:1709]           [INFO]     | 325/348 | Animation Collection | = | Vampire Hunter D (1985)                                       |
[2023-02-28 14:15:14,081] [builder.py:1709]           [INFO]     | 326/348 | Animation Collection | = | Vampire Hunter D: Bloodlust (2000)                            |
[2023-02-28 14:15:14,082] [builder.py:1709]           [INFO]     | 327/348 | Animation Collection | = | Violet Evergarden: Eternity and the Auto Memory Doll (2019)   |
[2023-02-28 14:15:14,083] [builder.py:1709]           [INFO]     | 328/348 | Animation Collection | = | Violet Evergarden: The Movie (2020)                           |
[2023-02-28 14:15:14,084] [builder.py:1709]           [INFO]     | 329/348 | Animation Collection | = | WALL·E (2008)                                                 |
[2023-02-28 14:15:14,085] [builder.py:1709]           [INFO]     | 330/348 | Animation Collection | = | Weathering with You (2019)                                    |
[2023-02-28 14:15:14,086] [builder.py:1709]           [INFO]     | 331/348 | Animation Collection | = | Wendell & Wild (2022)                                         |
[2023-02-28 14:15:14,087] [builder.py:1709]           [INFO]     | 332/348 | Animation Collection | = | When Marnie Was There (2014)                                  |
[2023-02-28 14:15:14,088] [builder.py:1709]           [INFO]     | 333/348 | Animation Collection | = | A Whisker Away (2020)                                         |
[2023-02-28 14:15:14,089] [builder.py:1709]           [INFO]     | 334/348 | Animation Collection | = | Who Framed Roger Rabbit (1988)                                |
[2023-02-28 14:15:14,090] [builder.py:1709]           [INFO]     | 335/348 | Animation Collection | = | Wind (2019)                                                   |
[2023-02-28 14:15:14,091] [builder.py:1709]           [INFO]     | 336/348 | Animation Collection | = | The Wind Rises (2013)                                         |
[2023-02-28 14:15:14,092] [builder.py:1709]           [INFO]     | 337/348 | Animation Collection | = | Wolfwalkers (2020)                                            |
[2023-02-28 14:15:14,093] [builder.py:1709]           [INFO]     | 338/348 | Animation Collection | = | Words Bubble Up Like Soda Pop (2021)                          |
[2023-02-28 14:15:14,094] [builder.py:1709]           [INFO]     | 339/348 | Animation Collection | = | World of Tomorrow (2015)                                      |
[2023-02-28 14:15:14,095] [builder.py:1709]           [INFO]     | 340/348 | Animation Collection | = | Wreck-It Ralph (2012)                                         |
[2023-02-28 14:15:14,096] [builder.py:1709]           [INFO]     | 341/348 | Animation Collection | = | The Wrong Trousers (1993)                                     |
[2023-02-28 14:15:14,097] [builder.py:1709]           [INFO]     | 342/348 | Animation Collection | = | The Year Without a Santa Claus (1974)                         |
[2023-02-28 14:15:14,098] [builder.py:1709]           [INFO]     | 343/348 | Animation Collection | = | Yogi Bear's All-Star Comedy Christmas Caper (1982)            |
[2023-02-28 14:15:14,099] [builder.py:1709]           [INFO]     | 344/348 | Animation Collection | = | You're Not Elected, Charlie Brown (1972)                      |
[2023-02-28 14:15:14,099] [builder.py:1709]           [INFO]     | 345/348 | Animation Collection | = | Your Friend the Rat (2007)                                    |
[2023-02-28 14:15:14,100] [builder.py:1709]           [INFO]     | 346/348 | Animation Collection | = | Your Name. (2016)                                             |
[2023-02-28 14:15:14,101] [builder.py:1709]           [INFO]     | 347/348 | Animation Collection | = | Zen - Grogu and Dust Bunnies (2022)                           |
[2023-02-28 14:15:14,102] [builder.py:1709]           [INFO]     | 348/348 | Animation Collection | = | Zootopia (2016)                                               |
[2023-02-28 14:15:14,103] [builder.py:1734]           [INFO]     |                                                                                                    |
[2023-02-28 14:15:14,103] [builder.py:1735]           [INFO]     | 348 Movies Processed                                                                               |
[2023-02-28 14:15:14,112] [builder.py:2147]           [INFO]     |                                                                                                    |
[2023-02-28 14:15:14,112] [util.py:216]               [INFO]     |============================= Updating Details of Animation Collection =============================|
[2023-02-28 14:15:14,113] [builder.py:2149]           [INFO]     |                                                                                                    |
[2023-02-28 14:15:14,113] [builder.py:2156]           [INFO]     | Detail: summary updated Collection Summary                                                         |
[2023-02-28 14:15:14,113] [builder.py:2258]           [DEBUG]    | 1 posters found:                                                                                   |
[2023-02-28 14:15:14,114] [builder.py:2260]           [DEBUG]    | Method: url_poster Poster: https://theposterdb.com/api/assets/120090                               |
[2023-02-28 14:15:14,114] [builder.py:2327]           [INFO]     | No background collection detail or asset folder found                                              |
[2023-02-28 14:15:14,118] [library.py:147]            [INFO]     | Detail: poster update not needed                                                                   |
[2023-02-28 14:15:15,213] [plex_meta_manager.py:880]  [INFO]     |                                                                                                    |
[2023-02-28 14:15:15,214] [util.py:209]               [INFO]     |====================================================================================================|
[2023-02-28 14:15:15,214] [util.py:216]               [INFO]     |                                   Finished Animation Collection                                    |
[2023-02-28 14:15:15,214] [util.py:216]               [INFO]     |                                    Collection Run Time: 0:00:09                                    |
[2023-02-28 14:15:15,215] [util.py:220]               [INFO]     |====================================================================================================|
