[2023-01-31 01:01:32,250] [util.py:209]               [INFO]     |====================================================================================================|
[2023-01-31 01:01:32,251] [util.py:216]               [INFO]     |                                     Shrek Collection in Movies                                     |
[2023-01-31 01:01:32,251] [util.py:220]               [INFO]     |====================================================================================================|
[2023-01-31 01:01:32,251] [plex_meta_manager.py:750]  [INFO]     |                                                                                                    |
[2023-01-31 01:01:32,252] [util.py:216]               [INFO]     |=================================== Validating Shrek Attributes ====================================|
[2023-01-31 01:01:32,252] [builder.py:265]            [DEBUG]    |                                                                                                    |
[2023-01-31 01:01:32,252] [builder.py:266]            [DEBUG]    | Validating Method: template                                                                        |
[2023-01-31 01:01:32,253] [meta.py:83]                [DEBUG]    | Value: ordereddict([('name', 'Movie'), ('collection', 2150), ('summary', 2150), ('poster', 'https://theposterdb.com/api/assets/6997')]) |
[2023-01-31 01:01:32,253] [builder.py:330]            [DEBUG]    |                                                                                                    |
[2023-01-31 01:01:32,253] [builder.py:331]            [DEBUG]    | Validating Method: sync_mode                                                                       |
[2023-01-31 01:01:32,253] [builder.py:335]            [DEBUG]    | Value: sync                                                                                        |
[2023-01-31 01:01:32,254] [builder.py:453]            [DEBUG]    |                                                                                                    |
[2023-01-31 01:01:32,254] [builder.py:454]            [DEBUG]    | Validating Method: collection_order                                                                |
[2023-01-31 01:01:32,254] [builder.py:455]            [DEBUG]    | Value: release                                                                                     |
[2023-01-31 01:01:32,254] [builder.py:472]            [DEBUG]    |                                                                                                    |
[2023-01-31 01:01:32,254] [builder.py:473]            [DEBUG]    | Validating Method: url_poster                                                                      |
[2023-01-31 01:01:32,255] [builder.py:474]            [DEBUG]    | Value: https://theposterdb.com/api/assets/6997                                                     |
[2023-01-31 01:01:32,255] [builder.py:472]            [DEBUG]    |                                                                                                    |
[2023-01-31 01:01:32,255] [builder.py:473]            [DEBUG]    | Validating Method: tmdb_collection                                                                 |
[2023-01-31 01:01:32,255] [builder.py:474]            [DEBUG]    | Value: 2150                                                                                        |
[2023-01-31 01:01:32,351] [builder.py:472]            [DEBUG]    |                                                                                                    |
[2023-01-31 01:01:32,352] [builder.py:473]            [DEBUG]    | Validating Method: tmdb_summary                                                                    |
[2023-01-31 01:01:32,352] [builder.py:474]            [DEBUG]    | Value: 2150                                                                                        |
[2023-01-31 01:01:32,352] [builder.py:472]            [DEBUG]    |                                                                                                    |
[2023-01-31 01:01:32,353] [builder.py:473]            [DEBUG]    | Validating Method: sort_title                                                                      |
[2023-01-31 01:01:32,353] [builder.py:474]            [DEBUG]    | Value: 00000f_Shrek                                                                                |
[2023-01-31 01:01:32,353] [builder.py:472]            [DEBUG]    |                                                                                                    |
[2023-01-31 01:01:32,353] [builder.py:473]            [DEBUG]    | Validating Method: radarr_add_missing                                                              |
[2023-01-31 01:01:32,354] [builder.py:474]            [DEBUG]    | Value: True                                                                                        |
[2023-01-31 01:01:32,537] [builder.py:619]            [INFO]     |                                                                                                    |
[2023-01-31 01:01:32,538] [builder.py:620]            [INFO]     | Validation Successful                                                                              |
[2023-01-31 01:01:32,539] [plex_meta_manager.py:758]  [INFO]     |                                                                                                    |
[2023-01-31 01:01:32,539] [util.py:216]               [INFO]     |===================================== Running Shrek Collection =====================================|
[2023-01-31 01:01:32,540] [plex_meta_manager.py:773]  [INFO]     |                                                                                                    |
[2023-01-31 01:01:32,540] [plex_meta_manager.py:774]  [INFO]     | Sync Mode: sync                                                                                    |
[2023-01-31 01:01:32,540] [builder.py:1275]           [DEBUG]    |                                                                                                    |
[2023-01-31 01:01:32,541] [builder.py:1276]           [DEBUG]    | Builder: tmdb_collection: 2150                                                                     |
[2023-01-31 01:01:32,541] [builder.py:1277]           [INFO]     |                                                                                                    |
[2023-01-31 01:01:32,541] [tmdb.py:323]               [INFO]     | Processing TMDb Collection: (2150) Shrek Collection (4 Items)                                      |
[2023-01-31 01:01:32,542] [builder.py:1282]           [DEBUG]    |                                                                                                    |
[2023-01-31 01:01:32,542] [builder.py:1283]           [DEBUG]    | 4 IDs Found: [(808, 'tmdb'), (809, 'tmdb'), (810, 'tmdb'), (10192, 'tmdb')]                        |
[2023-01-31 01:01:32,542] [builder.py:1284]           [DEBUG]    |                                                                                                    |
[2023-01-31 01:01:32,641] [builder.py:1697]           [INFO]     |                                                                                                    |
[2023-01-31 01:01:32,642] [util.py:216]               [INFO]     |==================================== Adding to Shrek Collection ====================================|
[2023-01-31 01:01:32,642] [builder.py:1699]           [INFO]     |                                                                                                    |
[2023-01-31 01:01:32,642] [builder.py:1709]           [INFO]     | 1/4 | Shrek Collection | = | Shrek (2001)                                                          |
[2023-01-31 01:01:32,643] [builder.py:1709]           [INFO]     | 2/4 | Shrek Collection | = | Shrek 2 (2004)                                                        |
[2023-01-31 01:01:32,643] [builder.py:1709]           [INFO]     | 3/4 | Shrek Collection | = | Shrek the Third (2007)                                                |
[2023-01-31 01:01:32,644] [builder.py:1709]           [INFO]     | 4/4 | Shrek Collection | = | Shrek Forever After (2010)                                            |
[2023-01-31 01:01:32,644] [builder.py:1734]           [INFO]     |                                                                                                    |
[2023-01-31 01:01:32,644] [builder.py:1735]           [INFO]     | 4 Movies Processed                                                                                 |
[2023-01-31 01:01:32,648] [builder.py:2147]           [INFO]     |                                                                                                    |
[2023-01-31 01:01:32,648] [util.py:216]               [INFO]     |=============================== Updating Details of Shrek Collection ===============================|
[2023-01-31 01:01:32,649] [builder.py:2149]           [INFO]     |                                                                                                    |
[2023-01-31 01:01:32,649] [builder.py:2156]           [INFO]     | Detail: tmdb_summary updated Collection Summary                                                    |
[2023-01-31 01:01:32,650] [builder.py:2258]           [DEBUG]    | 1 posters found:                                                                                   |
[2023-01-31 01:01:32,650] [builder.py:2260]           [DEBUG]    | Method: url_poster Poster: https://theposterdb.com/api/assets/6997                                 |
[2023-01-31 01:01:32,650] [builder.py:2327]           [INFO]     | No background collection detail or asset folder found                                              |
[2023-01-31 01:01:32,651] [library.py:147]            [INFO]     | Detail: poster update not needed                                                                   |
[2023-01-31 01:01:32,831] [plex_meta_manager.py:880]  [INFO]     |                                                                                                    |
[2023-01-31 01:01:32,831] [util.py:209]               [INFO]     |====================================================================================================|
[2023-01-31 01:01:32,832] [util.py:216]               [INFO]     |                                     Finished Shrek Collection                                      |
[2023-01-31 01:01:32,832] [util.py:216]               [INFO]     |                                    Collection Run Time: 0:00:00                                    |
[2023-01-31 01:01:32,832] [util.py:220]               [INFO]     |====================================================================================================|
