[2023-01-31 01:00:49,184] [util.py:209]               [INFO]     |====================================================================================================|
[2023-01-31 01:00:49,184] [util.py:216]               [INFO]     |                             Godzilla (Millennium) Collection in Movies                             |
[2023-01-31 01:00:49,184] [util.py:220]               [INFO]     |====================================================================================================|
[2023-01-31 01:00:49,185] [plex_meta_manager.py:750]  [INFO]     |                                                                                                    |
[2023-01-31 01:00:49,185] [util.py:216]               [INFO]     |=========================== Validating Godzilla (Millennium) Attributes ============================|
[2023-01-31 01:00:49,185] [builder.py:265]            [DEBUG]    |                                                                                                    |
[2023-01-31 01:00:49,186] [builder.py:266]            [DEBUG]    | Validating Method: template                                                                        |
[2023-01-31 01:00:49,186] [meta.py:83]                [DEBUG]    | Value: ordereddict([('name', 'Movie'), ('collection', 374512), ('summary', 374512), ('poster', 'https://theposterdb.com/api/assets/136302')]) |
[2023-01-31 01:00:49,186] [builder.py:330]            [DEBUG]    |                                                                                                    |
[2023-01-31 01:00:49,186] [builder.py:331]            [DEBUG]    | Validating Method: sync_mode                                                                       |
[2023-01-31 01:00:49,187] [builder.py:335]            [DEBUG]    | Value: sync                                                                                        |
[2023-01-31 01:00:49,187] [builder.py:453]            [DEBUG]    |                                                                                                    |
[2023-01-31 01:00:49,187] [builder.py:454]            [DEBUG]    | Validating Method: collection_order                                                                |
[2023-01-31 01:00:49,188] [builder.py:455]            [DEBUG]    | Value: release                                                                                     |
[2023-01-31 01:00:49,188] [builder.py:472]            [DEBUG]    |                                                                                                    |
[2023-01-31 01:00:49,188] [builder.py:473]            [DEBUG]    | Validating Method: sort_title                                                                      |
[2023-01-31 01:00:49,188] [builder.py:474]            [DEBUG]    | Value: 00000f_Godzilla 04 (Millennium)                                                             |
[2023-01-31 01:00:49,188] [builder.py:472]            [DEBUG]    |                                                                                                    |
[2023-01-31 01:00:49,189] [builder.py:473]            [DEBUG]    | Validating Method: url_poster                                                                      |
[2023-01-31 01:00:49,189] [builder.py:474]            [DEBUG]    | Value: https://theposterdb.com/api/assets/136302                                                   |
[2023-01-31 01:00:49,189] [builder.py:472]            [DEBUG]    |                                                                                                    |
[2023-01-31 01:00:49,190] [builder.py:473]            [DEBUG]    | Validating Method: tmdb_collection                                                                 |
[2023-01-31 01:00:49,190] [builder.py:474]            [DEBUG]    | Value: 374512                                                                                      |
[2023-01-31 01:00:49,293] [builder.py:472]            [DEBUG]    |                                                                                                    |
[2023-01-31 01:00:49,293] [builder.py:473]            [DEBUG]    | Validating Method: tmdb_summary                                                                    |
[2023-01-31 01:00:49,293] [builder.py:474]            [DEBUG]    | Value: 374512                                                                                      |
[2023-01-31 01:00:49,294] [builder.py:472]            [DEBUG]    |                                                                                                    |
[2023-01-31 01:00:49,294] [builder.py:473]            [DEBUG]    | Validating Method: radarr_add_missing                                                              |
[2023-01-31 01:00:49,294] [builder.py:474]            [DEBUG]    | Value: True                                                                                        |
[2023-01-31 01:00:49,297] [plex.py:687]               [DEBUG]    | Looking for: Godzilla (Millennium)                                                                 |
[2023-01-31 01:00:49,298] [builder.py:619]            [INFO]     |                                                                                                    |
[2023-01-31 01:00:49,298] [builder.py:620]            [INFO]     | Validation Successful                                                                              |
[2023-01-31 01:00:49,299] [plex_meta_manager.py:758]  [INFO]     |                                                                                                    |
[2023-01-31 01:00:49,299] [util.py:216]               [INFO]     |============================= Running Godzilla (Millennium) Collection =============================|
[2023-01-31 01:00:49,299] [plex_meta_manager.py:773]  [INFO]     |                                                                                                    |
[2023-01-31 01:00:49,300] [plex_meta_manager.py:774]  [INFO]     | Sync Mode: sync                                                                                    |
[2023-01-31 01:00:49,300] [builder.py:1275]           [DEBUG]    |                                                                                                    |
[2023-01-31 01:00:49,300] [builder.py:1276]           [DEBUG]    | Builder: tmdb_collection: 374512                                                                   |
[2023-01-31 01:00:49,301] [builder.py:1277]           [INFO]     |                                                                                                    |
[2023-01-31 01:00:49,301] [tmdb.py:323]               [INFO]     | Processing TMDb Collection: (374512) Godzilla (Millennium) Collection (6 Items)                    |
[2023-01-31 01:00:49,301] [builder.py:1282]           [DEBUG]    |                                                                                                    |
[2023-01-31 01:00:49,302] [builder.py:1283]           [DEBUG]    | 6 IDs Found: [(10643, 'tmdb'), (39468, 'tmdb'), (36243, 'tmdb'), (12636, 'tmdb'), (39469, 'tmdb'), (15767, 'tmdb')] |
[2023-01-31 01:00:49,302] [builder.py:1284]           [DEBUG]    |                                                                                                    |
[2023-01-31 01:00:49,302] [plex_meta_manager.py:797]  [INFO]     |                                                                                                    |
[2023-01-31 01:00:49,303] [plex_meta_manager.py:798]  [INFO]     | Collection Minimum: 1 not met for Godzilla (Millennium) Collection                                 |
[2023-01-31 01:00:49,303] [builder.py:1929]           [INFO]     |                                                                                                    |
[2023-01-31 01:00:49,303] [util.py:216]               [INFO]     |======================== Missing Movies from Library: Godzilla (Millennium) ========================|
[2023-01-31 01:00:49,304] [builder.py:1931]           [INFO]     |                                                                                                    |
[2023-01-31 01:00:49,430] [builder.py:1943]           [INFO]     | Godzilla (Millennium) Collection | ? | Godzilla 2000: Millennium (1999) (TMDb: 10643)              |
[2023-01-31 01:00:49,541] [builder.py:1943]           [INFO]     | Godzilla (Millennium) Collection | ? | Godzilla vs. Megaguirus (2000) (TMDb: 39468)                |
[2023-01-31 01:00:49,649] [builder.py:1943]           [INFO]     | Godzilla (Millennium) Collection | ? | Godzilla, Mothra and King Ghidorah: Giant Monsters All-Out Attack (2001) (TMDb: 36243) |
[2023-01-31 01:00:49,758] [builder.py:1943]           [INFO]     | Godzilla (Millennium) Collection | ? | Godzilla Against MechaGodzilla (2002) (TMDb: 12636)         |
[2023-01-31 01:00:49,888] [builder.py:1943]           [INFO]     | Godzilla (Millennium) Collection | ? | Godzilla: Tokyo S.O.S. (2003) (TMDb: 39469)                 |
[2023-01-31 01:00:50,004] [builder.py:1943]           [INFO]     | Godzilla (Millennium) Collection | ? | Godzilla: Final Wars (2004) (TMDb: 15767)                   |
[2023-01-31 01:00:50,005] [builder.py:1947]           [INFO]     |                                                                                                    |
[2023-01-31 01:00:50,006] [builder.py:1948]           [INFO]     | 6 Movies Missing                                                                                   |
[2023-01-31 01:00:50,011] [radarr.py:46]              [INFO]     |                                                                                                    |
[2023-01-31 01:00:50,012] [util.py:216]               [INFO]     |===================================== Adding Missing to Radarr =====================================|
[2023-01-31 01:00:50,012] [radarr.py:48]              [DEBUG]    |                                                                                                    |
[2023-01-31 01:00:50,012] [radarr.py:49]              [DEBUG]    | Radarr Adds: [10643, 39468, 36243, 12636, 39469, 15767]                                            |
[2023-01-31 01:00:51,245] [radarr.py:138]             [INFO]     |                                                                                                    |
[2023-01-31 01:00:51,246] [radarr.py:146]             [INFO]     | Skipped: In Cache | 10643                                                                          |
[2023-01-31 01:00:51,246] [radarr.py:146]             [INFO]     | Skipped: In Cache | 39468                                                                          |
[2023-01-31 01:00:51,246] [radarr.py:146]             [INFO]     | Skipped: In Cache | 36243                                                                          |
[2023-01-31 01:00:51,247] [radarr.py:146]             [INFO]     | Skipped: In Cache | 12636                                                                          |
[2023-01-31 01:00:51,247] [radarr.py:146]             [INFO]     | Skipped: In Cache | 39469                                                                          |
[2023-01-31 01:00:51,247] [radarr.py:146]             [INFO]     | Skipped: In Cache | 15767                                                                          |
[2023-01-31 01:00:51,248] [radarr.py:147]             [INFO]     | 6 Movies already exist in Radarr                                                                   |
[2023-01-31 01:00:51,264] [plex_meta_manager.py:880]  [INFO]     |                                                                                                    |
[2023-01-31 01:00:51,264] [util.py:209]               [INFO]     |====================================================================================================|
[2023-01-31 01:00:51,265] [util.py:216]               [INFO]     |                             Finished Godzilla (Millennium) Collection                              |
[2023-01-31 01:00:51,266] [util.py:216]               [INFO]     |                                    Collection Run Time: 0:00:02                                    |
[2023-01-31 01:00:51,266] [util.py:220]               [INFO]     |====================================================================================================|
