[2023-02-24 02:17:09,877] [util.py:209]               [INFO]     |====================================================================================================|
[2023-02-24 02:17:09,878] [util.py:216]               [INFO]     |                               Cartoon Network Collection in TV Shows                               |
[2023-02-24 02:17:09,878] [util.py:220]               [INFO]     |====================================================================================================|
[2023-02-24 02:17:09,878] [plex_meta_manager.py:750]  [INFO]     |                                                                                                    |
[2023-02-24 02:17:09,879] [util.py:216]               [INFO]     |============================== Validating Cartoon Network Attributes ===============================|
[2023-02-24 02:17:09,879] [builder.py:265]            [DEBUG]    |                                                                                                    |
[2023-02-24 02:17:09,880] [builder.py:266]            [DEBUG]    | Validating Method: template                                                                        |
[2023-02-24 02:17:09,880] [meta.py:83]                [DEBUG]    | Value: ordereddict([('name', 'network'), ('network', '56, 217, 1232, 1483, 2193, 3917, 4771'), ('poster', 'https://theposterdb.com/api/assets/172187')]) |
[2023-02-24 02:17:09,881] [builder.py:330]            [DEBUG]    |                                                                                                    |
[2023-02-24 02:17:09,881] [builder.py:331]            [DEBUG]    | Validating Method: sync_mode                                                                       |
[2023-02-24 02:17:09,881] [builder.py:335]            [DEBUG]    | Value: sync                                                                                        |
[2023-02-24 02:17:09,881] [builder.py:453]            [DEBUG]    |                                                                                                    |
[2023-02-24 02:17:09,882] [builder.py:454]            [DEBUG]    | Validating Method: collection_order                                                                |
[2023-02-24 02:17:09,882] [builder.py:455]            [DEBUG]    | Value: alpha                                                                                       |
[2023-02-24 02:17:09,882] [builder.py:472]            [DEBUG]    |                                                                                                    |
[2023-02-24 02:17:09,882] [builder.py:473]            [DEBUG]    | Validating Method: tmdb_network                                                                    |
[2023-02-24 02:17:09,883] [builder.py:474]            [DEBUG]    | Value: 56, 217, 1232, 1483, 2193, 3917, 4771                                                       |
[2023-02-24 02:17:11,383] [tmdb.py:242]               [ERROR]    | TMDb Error: No Network found for TMDb ID 4771: The resource you requested could not be found.      |
[2023-02-24 02:17:11,384] [builder.py:472]            [DEBUG]    |                                                                                                    |
[2023-02-24 02:17:11,384] [builder.py:473]            [DEBUG]    | Validating Method: url_poster                                                                      |
[2023-02-24 02:17:11,384] [builder.py:474]            [DEBUG]    | Value: https://theposterdb.com/api/assets/172187                                                   |
[2023-02-24 02:17:11,384] [builder.py:472]            [DEBUG]    |                                                                                                    |
[2023-02-24 02:17:11,385] [builder.py:473]            [DEBUG]    | Validating Method: sort_title                                                                      |
[2023-02-24 02:17:11,385] [builder.py:474]            [DEBUG]    | Value: +4_Cartoon Network                                                                          |
[2023-02-24 02:17:11,469] [builder.py:619]            [INFO]     |                                                                                                    |
[2023-02-24 02:17:11,469] [builder.py:620]            [INFO]     | Validation Successful                                                                              |
[2023-02-24 02:17:11,472] [plex_meta_manager.py:758]  [INFO]     |                                                                                                    |
[2023-02-24 02:17:11,472] [util.py:216]               [INFO]     |================================ Running Cartoon Network Collection ================================|
[2023-02-24 02:17:11,473] [plex_meta_manager.py:773]  [INFO]     |                                                                                                    |
[2023-02-24 02:17:11,473] [plex_meta_manager.py:774]  [INFO]     | Sync Mode: sync                                                                                    |
[2023-02-24 02:17:11,473] [builder.py:1275]           [DEBUG]    |                                                                                                    |
[2023-02-24 02:17:11,473] [builder.py:1276]           [DEBUG]    | Builder: tmdb_network: 56                                                                          |
[2023-02-24 02:17:11,474] [builder.py:1277]           [INFO]     |                                                                                                    |
[2023-02-24 02:17:13,740] [tmdb.py:282]               [INFO]     | Processing TMDb Network: (56) Cartoon Network (192 Shows)                                          |
[2023-02-24 02:17:13,740] [builder.py:1282]           [DEBUG]    |                                                                                                    |
[2023-02-24 02:17:13,741] [builder.py:1283]           [DEBUG]    | 192 IDs Found: [(31132, 'tmdb_show'), (37606, 'tmdb_show'), (15260, 'tmdb_show'), (652, 'tmdb_show'), (4686, 'tmdb_show'), (61175, 'tmdb_show'), (45140, 'tmdb_show'), (63401, 'tmdb_show'), (4194, 'tmdb_show'), (31109, 'tmdb_show'), (897, 'tmdb_show'), (38693, 'tmdb_show'), (4229, 'tmdb_show'), (33217, 'tmdb_show'), (50035, 'tmdb_show'), (604, 'tmdb_show'), (3611, 'tmdb_show'), (6040, 'tmdb_show'), (18123, 'tmdb_show'), (68295, 'tmdb_show'), (15804, 'tmdb_show'), (65763, 'tmdb_show'), (2085, 'tmdb_show'), (607, 'tmdb_show'), (94280, 'tmdb_show'), (117030, 'tmdb_show'), (46922, 'tmdb_show'), (606, 'tmdb_show'), (133723, 'tmdb_show'), (44305, 'tmdb_show'), (2723, 'tmdb_show'), (79061, 'tmdb_show'), (62211, 'tmdb_show'), (61617, 'tmdb_show'), (2405, 'tmdb_show'), (9907, 'tmdb_show'), (84200, 'tmdb_show'), (68837, 'tmdb_show'), (47480, 'tmdb_show'), (81665, 'tmdb_show'), (1720, 'tmdb_show'), (1769, 'tmdb_show'), (18352, 'tmdb_show'), (32605, 'tmdb_show'), (64228, 'tmdb_show'), (6673, 'tmdb_show'), (88069, 'tmdb_show'), (557, 'tmdb_show'), (47035, 'tmdb_show'), (87491, 'tmdb_show'), (670, 'tmdb_show'), (32118, 'tmdb_show'), (66149, 'tmdb_show'), (91425, 'tmdb_show'), (255, 'tmdb_show'), (177, 'tmdb_show'), (3122, 'tmdb_show'), (216, 'tmdb_show'), (33428, 'tmdb_show'), (38165, 'tmdb_show'), (78254, 'tmdb_show'), (40351, 'tmdb_show'), (88786, 'tmdb_show'), (41676, 'tmdb_show'), (1453, 'tmdb_show'), (65564, 'tmdb_show'), (155780, 'tmdb_show'), (91246, 'tmdb_show'), (234, 'tmdb_show'), (2798, 'tmdb_show'), (74739, 'tmdb_show'), (1618, 'tmdb_show'), (63090, 'tmdb_show'), (10548, 'tmdb_show'), (72468, 'tmdb_show'), (1168, 'tmdb_show'), (32315, 'tmdb_show'), (3817, 'tmdb_show'), (472, 'tmdb_show'), (132, 'tmdb_show'), (3035, 'tmdb_show'), (194703, 'tmdb_show'), (65858, 'tmdb_show'), (203687, 'tmdb_show'), (446, 'tmdb_show'), (83002, 'tmdb_show'), (5559, 'tmdb_show'), (3787, 'tmdb_show'), (66514, 'tmdb_show'), (79694, 'tmdb_show'), (68368, 'tmdb_show'), (14636, 'tmdb_show'), (1584, 'tmdb_show'), (75868, 'tmdb_show'), (1477, 'tmdb_show'), (42307, 'tmdb_show'), (70967, 'tmdb_show'), (14076, 'tmdb_show'), (4314, 'tmdb_show'), (57780, 'tmdb_show'), (35225, 'tmdb_show'), (67082, 'tmdb_show'), (1717, 'tmdb_show'), (4350, 'tmdb_show'), (61513, 'tmdb_show'), (7579, 'tmdb_show'), (1789, 'tmdb_show'), (4246, 'tmdb_show'), (4355, 'tmdb_show'), (2094, 'tmdb_show'), (4650, 'tmdb_show'), (104987, 'tmdb_show'), (6682, 'tmdb_show'), (55853, 'tmdb_show'), (105696, 'tmdb_show'), (43908, 'tmdb_show'), (3354, 'tmdb_show'), (35372, 'tmdb_show'), (23475, 'tmdb_show'), (64046, 'tmdb_show'), (31527, 'tmdb_show'), (68633, 'tmdb_show'), (202650, 'tmdb_show'), (40312, 'tmdb_show'), (64874, 'tmdb_show'), (85032, 'tmdb_show'), (153492, 'tmdb_show'), (41906, 'tmdb_show'), (103659, 'tmdb_show'), (12707, 'tmdb_show'), (11041, 'tmdb_show'), (3661, 'tmdb_show'), (32616, 'tmdb_show'), (6029, 'tmdb_show'), (10375, 'tmdb_show'), (33785, 'tmdb_show'), (42520, 'tmdb_show'), (59448, 'tmdb_show'), (100027, 'tmdb_show'), (10898, 'tmdb_show'), (15153, 'tmdb_show'), (75367, 'tmdb_show'), (2166, 'tmdb_show'), (14241, 'tmdb_show'), (2660, 'tmdb_show'), (31563, 'tmdb_show'), (18615, 'tmdb_show'), (33931, 'tmdb_show'), (155779, 'tmdb_show'), (26455, 'tmdb_show'), (18847, 'tmdb_show'), (9170, 'tmdb_show'), (26359, 'tmdb_show'), (125928, 'tmdb_show'), (203754, 'tmdb_show'), (18836, 'tmdb_show'), (203197, 'tmdb_show'), (14917, 'tmdb_show'), (3185, 'tmdb_show'), (2828, 'tmdb_show'), (85421, 'tmdb_show'), (201643, 'tmdb_show'), (34690, 'tmdb_show'), (26636, 'tmdb_show'), (128024, 'tmdb_show'), (98499, 'tmdb_show'), (37530, 'tmdb_show'), (51676, 'tmdb_show'), (28296, 'tmdb_show'), (5511, 'tmdb_show'), (205796, 'tmdb_show'), (205192, 'tmdb_show'), (204171, 'tmdb_show'), (203702, 'tmdb_show'), (203696, 'tmdb_show'), (158703, 'tmdb_show'), (94317, 'tmdb_show'), (54603, 'tmdb_show'), (38162, 'tmdb_show'), (34471, 'tmdb_show'), (32981, 'tmdb_show'), (30856, 'tmdb_show'), (29509, 'tmdb_show'), (27177, 'tmdb_show'), (20381, 'tmdb_show'), (17466, 'tmdb_show'), (8928, 'tmdb_show'), (7236, 'tmdb_show'), (6738, 'tmdb_show'), (6503, 'tmdb_show'), (5623, 'tmdb_show'), (1815, 'tmdb_show')] |
[2023-02-24 02:17:13,741] [builder.py:1284]           [DEBUG]    |                                                                                                    |
[2023-02-24 02:17:13,976] [builder.py:1361]           [ERROR]    | Convert Error: No TVDb ID Found for TMDb ID: 84200                                                 |
[2023-02-24 02:17:14,268] [builder.py:1361]           [ERROR]    | Convert Error: No TVDb ID Found for TMDb ID: 79694                                                 |
[2023-02-24 02:17:14,377] [builder.py:1361]           [ERROR]    | Convert Error: No TVDb ID Found for TMDb ID: 75868                                                 |
[2023-02-24 02:17:14,489] [builder.py:1361]           [ERROR]    | Convert Error: No TVDb ID Found for TMDb ID: 67082                                                 |
[2023-02-24 02:17:14,599] [builder.py:1361]           [ERROR]    | Convert Error: No TVDb ID Found for TMDb ID: 43908                                                 |
[2023-02-24 02:17:14,752] [builder.py:1361]           [ERROR]    | Convert Error: No TVDb ID Found for TMDb ID: 153492                                                |
[2023-02-24 02:17:14,907] [builder.py:1361]           [ERROR]    | Convert Error: No TVDb ID Found for TMDb ID: 6029                                                  |
[2023-02-24 02:17:15,064] [builder.py:1361]           [ERROR]    | Convert Error: No TVDb ID Found for TMDb ID: 59448                                                 |
[2023-02-24 02:17:17,341] [builder.py:1361]           [ERROR]    | Convert Error: No TVDb ID Found for TMDb ID: 9170                                                  |
[2023-02-24 02:17:17,445] [builder.py:1361]           [ERROR]    | Convert Error: No TVDb ID Found for TMDb ID: 203754                                                |
[2023-02-24 02:17:17,623] [builder.py:1361]           [ERROR]    | Convert Error: No TVDb ID Found for TMDb ID: 2828                                                  |
[2023-02-24 02:17:17,765] [builder.py:1361]           [ERROR]    | Convert Error: No TVDb ID Found for TMDb ID: 34690                                                 |
[2023-02-24 02:17:17,893] [builder.py:1361]           [ERROR]    | Convert Error: No TVDb ID Found for TMDb ID: 98499                                                 |
[2023-02-24 02:17:18,078] [builder.py:1361]           [ERROR]    | Convert Error: No TVDb ID Found for TMDb ID: 37530                                                 |
[2023-02-24 02:17:18,586] [builder.py:1361]           [ERROR]    | Convert Error: No TVDb ID Found for TMDb ID: 51676                                                 |
[2023-02-24 02:17:20,741] [builder.py:1361]           [ERROR]    | Convert Error: No TVDb ID Found for TMDb ID: 28296                                                 |
[2023-02-24 02:17:20,878] [builder.py:1361]           [ERROR]    | Convert Error: No TVDb ID Found for TMDb ID: 5511                                                  |
[2023-02-24 02:17:21,015] [builder.py:1361]           [ERROR]    | Convert Error: No TVDb ID Found for TMDb ID: 205192                                                |
[2023-02-24 02:17:21,154] [builder.py:1361]           [ERROR]    | Convert Error: No TVDb ID Found for TMDb ID: 204171                                                |
[2023-02-24 02:17:21,279] [builder.py:1361]           [ERROR]    | Convert Error: No TVDb ID Found for TMDb ID: 203702                                                |
[2023-02-24 02:17:21,401] [builder.py:1361]           [ERROR]    | Convert Error: No TVDb ID Found for TMDb ID: 158703                                                |
[2023-02-24 02:17:22,537] [builder.py:1361]           [ERROR]    | Convert Error: No TVDb ID Found for TMDb ID: 94317                                                 |
[2023-02-24 02:17:22,677] [builder.py:1361]           [ERROR]    | Convert Error: No TVDb ID Found for TMDb ID: 54603                                                 |
[2023-02-24 02:17:22,802] [builder.py:1361]           [ERROR]    | Convert Error: No TVDb ID Found for TMDb ID: 38162                                                 |
[2023-02-24 02:17:22,912] [builder.py:1361]           [ERROR]    | Convert Error: No TVDb ID Found for TMDb ID: 32981                                                 |
[2023-02-24 02:17:23,076] [builder.py:1361]           [ERROR]    | Convert Error: No TVDb ID Found for TMDb ID: 27177                                                 |
[2023-02-24 02:17:23,211] [builder.py:1361]           [ERROR]    | Convert Error: No TVDb ID Found for TMDb ID: 20381                                                 |
[2023-02-24 02:17:24,385] [builder.py:1361]           [ERROR]    | Convert Error: No TVDb ID Found for TMDb ID: 17466                                                 |
[2023-02-24 02:17:24,503] [builder.py:1361]           [ERROR]    | Convert Error: No TVDb ID Found for TMDb ID: 8928                                                  |
[2023-02-24 02:17:25,657] [builder.py:1361]           [ERROR]    | Convert Error: No TVDb ID Found for TMDb ID: 6738                                                  |
[2023-02-24 02:17:25,801] [builder.py:1361]           [ERROR]    | Convert Error: No TVDb ID Found for TMDb ID: 6503                                                  |
[2023-02-24 02:17:25,803] [builder.py:1275]           [DEBUG]    |                                                                                                    |
[2023-02-24 02:17:25,803] [builder.py:1276]           [DEBUG]    | Builder: tmdb_network: 217                                                                         |
[2023-02-24 02:17:25,803] [builder.py:1277]           [INFO]     |                                                                                                    |
[2023-02-24 02:17:26,691] [tmdb.py:282]               [INFO]     | Processing TMDb Network: (217) Cartoon Network (8 Shows)                                           |
[2023-02-24 02:17:26,692] [builder.py:1282]           [DEBUG]    |                                                                                                    |
[2023-02-24 02:17:26,692] [builder.py:1283]           [DEBUG]    | 8 IDs Found: [(2304, 'tmdb_show'), (32246, 'tmdb_show'), (120140, 'tmdb_show'), (3003, 'tmdb_show'), (17506, 'tmdb_show'), (1534, 'tmdb_show'), (6468, 'tmdb_show'), (18684, 'tmdb_show')] |
[2023-02-24 02:17:26,692] [builder.py:1284]           [DEBUG]    |                                                                                                    |
[2023-02-24 02:17:26,841] [builder.py:1361]           [ERROR]    | Convert Error: No TVDb ID Found for TMDb ID: 6468                                                  |
[2023-02-24 02:17:26,842] [builder.py:1275]           [DEBUG]    |                                                                                                    |
[2023-02-24 02:17:26,842] [builder.py:1276]           [DEBUG]    | Builder: tmdb_network: 1232                                                                        |
[2023-02-24 02:17:26,843] [builder.py:1277]           [INFO]     |                                                                                                    |
[2023-02-24 02:17:27,145] [tmdb.py:282]               [INFO]     | Processing TMDb Network: (1232) Cartoon Network (3 Shows)                                          |
[2023-02-24 02:17:27,145] [builder.py:1282]           [DEBUG]    |                                                                                                    |
[2023-02-24 02:17:27,146] [builder.py:1283]           [DEBUG]    | 3 IDs Found: [(106138, 'tmdb_show'), (79975, 'tmdb_show'), (64250, 'tmdb_show')]                   |
[2023-02-24 02:17:27,146] [builder.py:1284]           [DEBUG]    |                                                                                                    |
[2023-02-24 02:17:27,279] [builder.py:1361]           [ERROR]    | Convert Error: No TVDb ID Found for TMDb ID: 79975                                                 |
[2023-02-24 02:17:27,280] [builder.py:1275]           [DEBUG]    |                                                                                                    |
[2023-02-24 02:17:27,280] [builder.py:1276]           [DEBUG]    | Builder: tmdb_network: 1483                                                                        |
[2023-02-24 02:17:27,280] [builder.py:1277]           [INFO]     |                                                                                                    |
[2023-02-24 02:17:27,651] [tmdb.py:282]               [INFO]     | Processing TMDb Network: (1483) Cartoon Network Latin America (22 Shows)                           |
[2023-02-24 02:17:27,652] [builder.py:1282]           [DEBUG]    |                                                                                                    |
[2023-02-24 02:17:27,652] [builder.py:1283]           [DEBUG]    | 22 IDs Found: [(107171, 'tmdb_show'), (43, 'tmdb_show'), (84987, 'tmdb_show'), (67431, 'tmdb_show'), (74606, 'tmdb_show'), (125290, 'tmdb_show'), (90281, 'tmdb_show'), (138116, 'tmdb_show'), (67416, 'tmdb_show'), (195922, 'tmdb_show'), (95184, 'tmdb_show'), (72708, 'tmdb_show'), (133568, 'tmdb_show'), (97011, 'tmdb_show'), (154096, 'tmdb_show'), (201405, 'tmdb_show'), (215061, 'tmdb_show'), (15045, 'tmdb_show'), (94476, 'tmdb_show'), (217935, 'tmdb_show'), (203577, 'tmdb_show'), (131159, 'tmdb_show')] |
[2023-02-24 02:17:27,652] [builder.py:1284]           [DEBUG]    |                                                                                                    |
[2023-02-24 02:17:27,885] [builder.py:1361]           [ERROR]    | Convert Error: No TVDb ID Found for TMDb ID: 125290                                                |
[2023-02-24 02:17:28,004] [builder.py:1361]           [ERROR]    | Convert Error: No TVDb ID Found for TMDb ID: 138116                                                |
[2023-02-24 02:17:28,146] [builder.py:1361]           [ERROR]    | Convert Error: No TVDb ID Found for TMDb ID: 95184                                                 |
[2023-02-24 02:17:28,253] [builder.py:1361]           [ERROR]    | Convert Error: No TVDb ID Found for TMDb ID: 72708                                                 |
[2023-02-24 02:17:28,365] [builder.py:1361]           [ERROR]    | Convert Error: No TVDb ID Found for TMDb ID: 133568                                                |
[2023-02-24 02:17:28,467] [builder.py:1361]           [ERROR]    | Convert Error: No TVDb ID Found for TMDb ID: 97011                                                 |
[2023-02-24 02:17:28,571] [builder.py:1361]           [ERROR]    | Convert Error: No TVDb ID Found for TMDb ID: 154096                                                |
[2023-02-24 02:17:28,704] [builder.py:1361]           [ERROR]    | Convert Error: No TVDb ID Found for TMDb ID: 201405                                                |
[2023-02-24 02:17:28,865] [builder.py:1361]           [ERROR]    | Convert Error: No TVDb ID Found for TMDb ID: 215061                                                |
[2023-02-24 02:17:29,317] [builder.py:1361]           [ERROR]    | Convert Error: No TVDb ID Found for TMDb ID: 15045                                                 |
[2023-02-24 02:17:29,475] [builder.py:1361]           [ERROR]    | Convert Error: No TVDb ID Found for TMDb ID: 217935                                                |
[2023-02-24 02:17:29,609] [builder.py:1361]           [ERROR]    | Convert Error: No TVDb ID Found for TMDb ID: 203577                                                |
[2023-02-24 02:17:30,812] [builder.py:1361]           [ERROR]    | Convert Error: No TVDb ID Found for TMDb ID: 131159                                                |
[2023-02-24 02:17:30,813] [builder.py:1275]           [DEBUG]    |                                                                                                    |
[2023-02-24 02:17:30,813] [builder.py:1276]           [DEBUG]    | Builder: tmdb_network: 2193                                                                        |
[2023-02-24 02:17:30,813] [builder.py:1277]           [INFO]     |                                                                                                    |
[2023-02-24 02:17:32,065] [tmdb.py:282]               [INFO]     | Processing TMDb Network: (2193) Cartoon Network (1 Show)                                           |
[2023-02-24 02:17:32,065] [builder.py:1282]           [DEBUG]    |                                                                                                    |
[2023-02-24 02:17:32,065] [builder.py:1283]           [DEBUG]    | 1 IDs Found: [(75414, 'tmdb_show')]                                                                |
[2023-02-24 02:17:32,066] [builder.py:1284]           [DEBUG]    |                                                                                                    |
[2023-02-24 02:17:32,074] [builder.py:1275]           [DEBUG]    |                                                                                                    |
[2023-02-24 02:17:32,074] [builder.py:1276]           [DEBUG]    | Builder: tmdb_network: 3917                                                                        |
[2023-02-24 02:17:32,074] [builder.py:1277]           [INFO]     |                                                                                                    |
[2023-02-24 02:17:32,617] [tmdb.py:282]               [INFO]     | Processing TMDb Network: (3917) Cartoon Network (1 Show)                                           |
[2023-02-24 02:17:32,618] [builder.py:1282]           [DEBUG]    |                                                                                                    |
[2023-02-24 02:17:32,618] [builder.py:1283]           [DEBUG]    | 1 IDs Found: [(23589, 'tmdb_show')]                                                                |
[2023-02-24 02:17:32,618] [builder.py:1284]           [DEBUG]    |                                                                                                    |
[2023-02-24 02:17:32,626] [builder.py:1697]           [INFO]     |                                                                                                    |
[2023-02-24 02:17:32,627] [util.py:216]               [INFO]     |=============================== Adding to Cartoon Network Collection ===============================|
[2023-02-24 02:17:32,627] [builder.py:1699]           [INFO]     |                                                                                                    |
[2023-02-24 02:17:32,627] [builder.py:1709]           [INFO]     | 1/8 | Cartoon Network Collection | = | Adventure Time                                              |
[2023-02-24 02:17:32,628] [builder.py:1709]           [INFO]     | 2/8 | Cartoon Network Collection | = | Star Wars: The Clone Wars                                   |
[2023-02-24 02:17:32,628] [builder.py:1709]           [INFO]     | 3/8 | Cartoon Network Collection | = | Dexter's Laboratory                                         |
[2023-02-24 02:17:32,628] [builder.py:1709]           [INFO]     | 4/8 | Cartoon Network Collection | = | Teen Titans                                                 |
[2023-02-24 02:17:32,628] [builder.py:1709]           [INFO]     | 5/8 | Cartoon Network Collection | = | Courage the Cowardly Dog                                    |
[2023-02-24 02:17:32,629] [builder.py:1709]           [INFO]     | 6/8 | Cartoon Network Collection | = | Samurai Jack                                                |
[2023-02-24 02:17:32,629] [builder.py:1709]           [INFO]     | 7/8 | Cartoon Network Collection | = | Over the Garden Wall                                        |
[2023-02-24 02:17:32,629] [builder.py:1709]           [INFO]     | 8/8 | Cartoon Network Collection | = | Codename: Kids Next Door                                    |
[2023-02-24 02:17:32,630] [builder.py:1734]           [INFO]     |                                                                                                    |
[2023-02-24 02:17:32,630] [builder.py:1735]           [INFO]     | 8 Shows Processed                                                                                  |
[2023-02-24 02:17:32,630] [builder.py:1969]           [INFO]     |                                                                                                    |
[2023-02-24 02:17:32,631] [util.py:216]               [INFO]     |=========================== Missing Shows from Library: Cartoon Network ============================|
[2023-02-24 02:17:32,631] [builder.py:1971]           [INFO]     |                                                                                                    |
[2023-02-24 02:17:33,216] [builder.py:1982]           [INFO]     | Cartoon Network Collection | ? | Regular Show (TVDB: 188401)                                       |
[2023-02-24 02:17:33,937] [builder.py:1982]           [INFO]     | Cartoon Network Collection | ? | The Amazing World of Gumball (TVDB: 248482)                       |
[2023-02-24 02:17:34,278] [builder.py:1982]           [INFO]     | Cartoon Network Collection | ? | What's New Scooby-Doo? (TVDB: 80119)                              |
[2023-02-24 02:17:35,018] [builder.py:1982]           [INFO]     | Cartoon Network Collection | ? | Ben 10 (TVDB: 79567)                                              |
[2023-02-24 02:17:35,716] [builder.py:1982]           [INFO]     | Cartoon Network Collection | ? | Steven Universe (TVDB: 270701)                                    |
[2023-02-24 02:17:36,222] [builder.py:1982]           [INFO]     | Cartoon Network Collection | ? | Teen Titans Go! (TVDB: 266775)                                    |
[2023-02-24 02:17:36,709] [builder.py:1982]           [INFO]     | Cartoon Network Collection | ? | We Bare Bears (TVDB: 297271)                                      |
[2023-02-24 02:17:37,317] [builder.py:1982]           [INFO]     | Cartoon Network Collection | ? | Ben 10: Ultimate Alien (TVDB: 158501)                             |
[2023-02-24 02:17:37,877] [builder.py:1982]           [INFO]     | Cartoon Network Collection | ? | The Grim Adventures of Billy & Mandy (TVDB: 78980)                |
[2023-02-24 02:17:38,627] [builder.py:1982]           [INFO]     | Cartoon Network Collection | ? | LEGO Ninjago (TVDB: 253323)                                       |
[2023-02-24 02:17:39,176] [builder.py:1982]           [INFO]     | Cartoon Network Collection | ? | Young Justice (TVDB: 192061)                                      |
[2023-02-24 02:17:39,612] [builder.py:1982]           [INFO]     | Cartoon Network Collection | ? | Clarence (2014) (TVDB: 271421)                                    |
[2023-02-24 02:17:40,285] [builder.py:1982]           [INFO]     | Cartoon Network Collection | ? | Cow and Chicken (TVDB: 76196)                                     |
[2023-02-24 02:17:40,637] [builder.py:1982]           [INFO]     | Cartoon Network Collection | ? | Ben 10: Alien Force (TVDB: 81841)                                 |
[2023-02-24 02:17:41,273] [builder.py:1982]           [INFO]     | Cartoon Network Collection | ? | Scooby-Doo! Mystery Incorporated (TVDB: 174681)                   |
[2023-02-24 02:17:41,664] [builder.py:1982]           [INFO]     | Cartoon Network Collection | ? | Ben 10 (2016) (TVDB: 318145)                                      |
[2023-02-24 02:17:42,089] [builder.py:1982]           [INFO]     | Cartoon Network Collection | ? | Batman: The Brave and the Bold (TVDB: 82824)                      |
[2023-02-24 02:17:42,537] [builder.py:1982]           [INFO]     | Cartoon Network Collection | ? | New Looney Tunes (TVDB: 300683)                                   |
[2023-02-24 02:17:43,123] [builder.py:1982]           [INFO]     | Cartoon Network Collection | ? | The Powerpuff Girls (TVDB: 76200)                                 |
[2023-02-24 02:17:43,458] [builder.py:1982]           [INFO]     | Cartoon Network Collection | ? | Steven Universe Future (TVDB: 370471)                             |
[2023-02-24 02:17:43,725] [builder.py:1982]           [INFO]     | Cartoon Network Collection | ? | We Baby Bears (TVDB: 395453)                                      |
[2023-02-24 02:17:44,205] [builder.py:1982]           [INFO]     | Cartoon Network Collection | ? | Ben 10: Omniverse (TVDB: 260995)                                  |
[2023-02-24 02:17:44,734] [builder.py:1982]           [INFO]     | Cartoon Network Collection | ? | Ed, Edd n Eddy (TVDB: 77466)                                      |
[2023-02-24 02:17:44,985] [builder.py:1982]           [INFO]     | Cartoon Network Collection | ? | Harry Potter: Hogwarts Tournament of Houses (TVDB: 411461)        |
[2023-02-24 02:17:45,520] [builder.py:1982]           [INFO]     | Cartoon Network Collection | ? | Dragons (TVDB: 261202)                                            |
[2023-02-24 02:17:46,004] [builder.py:1982]           [INFO]     | Cartoon Network Collection | ? | Craig of the Creek (TVDB: 338736)                                 |
[2023-02-24 02:17:46,633] [builder.py:1982]           [INFO]     | Cartoon Network Collection | ? | Sonic Boom (TVDB: 280103)                                         |
[2023-02-24 02:17:47,040] [builder.py:1982]           [INFO]     | Cartoon Network Collection | ? | Johnny Bravo (TVDB: 76201)                                        |
[2023-02-24 02:17:47,505] [builder.py:1982]           [INFO]     | Cartoon Network Collection | ? | Chowder (TVDB: 81500)                                             |
[2023-02-24 02:17:47,868] [builder.py:1982]           [INFO]     | Cartoon Network Collection | ? | Justice League Action (TVDB: 312818)                              |
[2023-02-24 02:17:48,352] [builder.py:1982]           [INFO]     | Cartoon Network Collection | ? | The Tom and Jerry Show (2014) (TVDB: 280446)                      |
[2023-02-24 02:17:48,704] [builder.py:1982]           [INFO]     | Cartoon Network Collection | ? | Summer Camp Island (TVDB: 338738)                                 |
[2023-02-24 02:17:49,122] [builder.py:1982]           [INFO]     | Cartoon Network Collection | ? | Foster's Home for Imaginary Friends (TVDB: 79323)                 |
[2023-02-24 02:17:49,579] [builder.py:1982]           [INFO]     | Cartoon Network Collection | ? | Johnny Test (TVDB: 134991)                                        |
[2023-02-24 02:17:49,902] [builder.py:1982]           [INFO]     | Cartoon Network Collection | ? | The Garfield Show (TVDB: 145371)                                  |
[2023-02-24 02:17:50,303] [builder.py:1982]           [INFO]     | Cartoon Network Collection | ? | The Looney Tunes Show (TVDB: 248368)                              |
[2023-02-24 02:17:50,582] [builder.py:1982]           [INFO]     | Cartoon Network Collection | ? | Be Cool, Scooby-Doo! (TVDB: 301376)                               |
[2023-02-24 02:17:50,963] [builder.py:1982]           [INFO]     | Cartoon Network Collection | ? | The Marvelous Misadventures of Flapjack (TVDB: 82207)             |
[2023-02-24 02:17:51,292] [builder.py:1982]           [INFO]     | Cartoon Network Collection | ? | Total DramaRama (TVDB: 343608)                                    |
[2023-02-24 02:17:51,734] [builder.py:1982]           [INFO]     | Cartoon Network Collection | ? | Camp Lazlo (TVDB: 74816)                                          |
[2023-02-24 02:17:52,064] [builder.py:1982]           [INFO]     | Cartoon Network Collection | ? | Uncle Grandpa (TVDB: 263941)                                      |
[2023-02-24 02:17:52,447] [builder.py:1982]           [INFO]     | Cartoon Network Collection | ? | DC Super Hero Girls (2019) (TVDB: 359619)                         |
[2023-02-24 02:17:52,734] [builder.py:1982]           [INFO]     | Cartoon Network Collection | ? | Baby Looney Tunes (TVDB: 71301)                                   |
[2023-02-24 02:17:53,027] [builder.py:1982]           [INFO]     | Cartoon Network Collection | ? | Generator Rex (TVDB: 158551)                                      |
[2023-02-24 02:17:53,337] [builder.py:1982]           [INFO]     | Cartoon Network Collection | ? | The Powerpuff Girls (2016) (TVDB: 307473)                         |
[2023-02-24 02:17:53,770] [builder.py:1982]           [INFO]     | Cartoon Network Collection | ? | Infinity Train (TVDB: 335425)                                     |
[2023-02-24 02:17:54,086] [builder.py:1982]           [INFO]     | Cartoon Network Collection | ? | Hi Hi Puffy AmiYumi (TVDB: 75159)                                 |
[2023-02-24 02:17:54,406] [builder.py:1982]           [INFO]     | Cartoon Network Collection | ? | I Am Weasel (TVDB: 78272)                                         |
[2023-02-24 02:17:54,874] [builder.py:1982]           [INFO]     | Cartoon Network Collection | ? | Star Wars: Clone Wars (TVDB: 72244)                               |
[2023-02-24 02:17:55,242] [builder.py:1982]           [INFO]     | Cartoon Network Collection | ? | Duck Dodgers (TVDB: 72269)                                        |
[2023-02-24 02:17:55,812] [builder.py:1982]           [INFO]     | Cartoon Network Collection | ? | MAD (TVDB: 187911)                                                |
[2023-02-24 02:17:56,082] [builder.py:1982]           [INFO]     | Cartoon Network Collection | ? | ThunderCats (2011) (TVDB: 241431)                                 |
[2023-02-24 02:17:56,401] [builder.py:1982]           [INFO]     | Cartoon Network Collection | ? | Apple & Onion (TVDB: 342060)                                      |
[2023-02-24 02:17:57,020] [builder.py:1982]           [INFO]     | Cartoon Network Collection | ? | Green Lantern: The Animated Series (TVDB: 251807)                 |
[2023-02-24 02:17:57,261] [builder.py:1982]           [INFO]     | Cartoon Network Collection | ? | Victor and Valentino (TVDB: 350987)                               |
[2023-02-24 02:17:57,558] [builder.py:1982]           [INFO]     | Cartoon Network Collection | ? | Beware the Batman (TVDB: 258331)                                  |
[2023-02-24 02:17:57,899] [builder.py:1982]           [INFO]     | Cartoon Network Collection | ? | Krypto the Superdog (TVDB: 74603)                                 |
[2023-02-24 02:17:58,183] [builder.py:1982]           [INFO]     | Cartoon Network Collection | ? | Bunnicula (TVDB: 306850)                                          |
[2023-02-24 02:17:58,402] [builder.py:1982]           [INFO]     | Cartoon Network Collection | ? | Batwheels (TVDB: 389662)                                          |
[2023-02-24 02:17:58,667] [builder.py:1982]           [INFO]     | Cartoon Network Collection | ? | Mao Mao: Heroes of Pure Heart (TVDB: 364343)                      |
[2023-02-24 02:17:59,031] [builder.py:1982]           [INFO]     | Cartoon Network Collection | ? | My Gym Partner's a Monkey (TVDB: 86681)                           |
[2023-02-24 02:17:59,816] [builder.py:1982]           [INFO]     | Cartoon Network Collection | ? | Space Ghost Coast to Coast (TVDB: 79171)                          |
[2023-02-24 02:18:00,084] [builder.py:1982]           [INFO]     | Cartoon Network Collection | ? | UniKitty! (TVDB: 336771)                                          |
[2023-02-24 02:18:00,598] [builder.py:1982]           [INFO]     | Cartoon Network Collection | ? | Justice League (TVDB: 76320)                                      |
[2023-02-24 02:18:00,937] [builder.py:1982]           [INFO]     | Cartoon Network Collection | ? | Transformers: Robots In Disguise (2015) (TVDB: 292171)            |
[2023-02-24 02:18:01,334] [builder.py:1982]           [INFO]     | Cartoon Network Collection | ? | Transformers: Animated (TVDB: 81036)                              |
[2023-02-24 02:18:01,696] [builder.py:1982]           [INFO]     | Cartoon Network Collection | ? | OK K.O.! Let's Be Heroes (TVDB: 326077)                           |
[2023-02-24 02:18:02,268] [builder.py:1982]           [INFO]     | Cartoon Network Collection | ? | The Real Adventures of Jonny Quest (TVDB: 71786)                  |
[2023-02-24 02:18:02,795] [builder.py:1982]           [INFO]     | Cartoon Network Collection | ? | Sym-Bionic Titan (TVDB: 190511)                                   |
[2023-02-24 02:18:03,171] [builder.py:1982]           [INFO]     | Cartoon Network Collection | ? | The Land Before Time (TVDB: 80822)                                |
[2023-02-24 02:18:03,441] [builder.py:1982]           [INFO]     | Cartoon Network Collection | ? | Megas XLR (TVDB: 74095)                                           |
[2023-02-24 02:18:03,749] [builder.py:1982]           [INFO]     | Cartoon Network Collection | ? | Fantastic Four: World's Greatest Heroes (TVDB: 79498)             |
[2023-02-24 02:18:04,142] [builder.py:1982]           [INFO]     | Cartoon Network Collection | ? | He-Man and the Masters of the Universe (2002) (TVDB: 71179)       |
[2023-02-24 02:18:04,344] [builder.py:1982]           [INFO]     | Cartoon Network Collection | ? | Mecha Builders (TVDB: 397054)                                     |
[2023-02-24 02:18:04,894] [builder.py:1982]           [INFO]     | Cartoon Network Collection | ? | LEGO Nexo Knights (TVDB: 304433)                                  |
[2023-02-24 02:18:05,169] [builder.py:1982]           [INFO]     | Cartoon Network Collection | ? | Bugs Bunny Builders (TVDB: 397052)                                |
[2023-02-24 02:18:05,429] [builder.py:1982]           [INFO]     | Cartoon Network Collection | ? | The Life and Times of Juniper Lee (TVDB: 76044)                   |
[2023-02-24 02:18:05,687] [builder.py:1982]           [INFO]     | Cartoon Network Collection | ? | Transformers: Cyberverse (TVDB: 352228)                           |
[2023-02-24 02:18:05,939] [builder.py:1982]           [INFO]     | Cartoon Network Collection | ? | Pink Panther & Pals (TVDB: 236851)                                |
[2023-02-24 02:18:06,217] [builder.py:1982]           [INFO]     | Cartoon Network Collection | ? | Chaotic (TVDB: 82852)                                             |
[2023-02-24 02:18:06,756] [builder.py:1982]           [INFO]     | Cartoon Network Collection | ? | Peanuts (2014) (TVDB: 297291)                                     |
[2023-02-24 02:18:07,020] [builder.py:1982]           [INFO]     | Cartoon Network Collection | ? | Mighty Magiswords (TVDB: 298172)                                  |
[2023-02-24 02:18:07,303] [builder.py:1982]           [INFO]     | Cartoon Network Collection | ? | The Secret Saturdays (TVDB: 83290)                                |
[2023-02-24 02:18:07,539] [builder.py:1982]           [INFO]     | Cartoon Network Collection | ? | What a Cartoon (TVDB: 73380)                                      |
[2023-02-24 02:18:07,779] [builder.py:1982]           [INFO]     | Cartoon Network Collection | ? | Sheep In The Big City (TVDB: 81212)                               |
[2023-02-24 02:18:08,017] [builder.py:1982]           [INFO]     | Cartoon Network Collection | ? | The High Fructose Adventures of Annoying Orange (TVDB: 262938)    |
[2023-02-24 02:18:08,610] [builder.py:1982]           [INFO]     | Cartoon Network Collection | ? | Cloudy with a Chance of Meatballs (TVDB: 324262)                  |
[2023-02-24 02:18:08,891] [builder.py:1982]           [INFO]     | Cartoon Network Collection | ? | George of the Jungle (TVDB: 81177)                                |
[2023-02-24 02:18:09,414] [builder.py:1982]           [INFO]     | Cartoon Network Collection | ? | Time Squad (TVDB: 75885)                                          |
[2023-02-24 02:18:10,212] [builder.py:1982]           [INFO]     | Cartoon Network Collection | ? | LEGO Legends of Chima (TVDB: 265393)                              |
[2023-02-24 02:18:10,473] [builder.py:1982]           [INFO]     | Cartoon Network Collection | ? | Harry and His Bucket Full of Dinosaurs (TVDB: 79160)              |
[2023-02-24 02:18:10,753] [builder.py:1982]           [INFO]     | Cartoon Network Collection | ? | Pet Alien (TVDB: 74917)                                           |
[2023-02-24 02:18:11,039] [builder.py:1982]           [INFO]     | Cartoon Network Collection | ? | Mike, Lu & Og (TVDB: 70937)                                       |
[2023-02-24 02:18:11,259] [builder.py:1982]           [INFO]     | Cartoon Network Collection | ? | LEGO Star Wars: The Yoda Chronicles (TVDB: 368742)                |
[2023-02-24 02:18:11,503] [builder.py:1982]           [INFO]     | Cartoon Network Collection | ? | Sitting Ducks (TVDB: 84354)                                       |
[2023-02-24 02:18:11,817] [builder.py:1982]           [INFO]     | Cartoon Network Collection | ? | Whatever Happened to... Robot Jones? (TVDB: 273322)               |
[2023-02-24 02:18:12,090] [builder.py:1982]           [INFO]     | Cartoon Network Collection | ? | Evil Con Carne (TVDB: 72809)                                      |
[2023-02-24 02:18:12,462] [builder.py:1982]           [INFO]     | Cartoon Network Collection | ? | 6teen (TVDB: 75444)                                               |
[2023-02-24 02:18:12,706] [builder.py:1982]           [INFO]     | Cartoon Network Collection | ? | Class of 3000 (TVDB: 255812)                                      |
[2023-02-24 02:18:13,013] [builder.py:1982]           [INFO]     | Cartoon Network Collection | ? | Dragon Hunters (TVDB: 79666)                                      |
[2023-02-24 02:18:13,219] [builder.py:1982]           [INFO]     | Cartoon Network Collection | ? | The Amazing World of Gumball: Darwin's Yearbook (TVDB: 384123)    |
[2023-02-24 02:18:13,762] [builder.py:1982]           [INFO]     | Cartoon Network Collection | ? | Chop Socky Chooks (TVDB: 159351)                                  |
[2023-02-24 02:18:14,024] [builder.py:1982]           [INFO]     | Cartoon Network Collection | ? | The Bat Man of Shanghai (TVDB: 268678)                            |
[2023-02-24 02:18:14,221] [builder.py:1982]           [INFO]     | Cartoon Network Collection | ? | Scooby-Doo: Behind the Scenes (TVDB: 371022)                      |
[2023-02-24 02:18:14,469] [builder.py:1982]           [INFO]     | Cartoon Network Collection | ? | Grim & Evil (TVDB: 324027)                                        |
[2023-02-24 02:18:14,685] [builder.py:1982]           [INFO]     | Cartoon Network Collection | ? | The Problem Solverz (TVDB: 246161)                                |
[2023-02-24 02:18:15,102] [builder.py:1982]           [INFO]     | Cartoon Network Collection | ? | IGPX: Immortal Grand Prix (TVDB: 73011)                           |
[2023-02-24 02:18:15,327] [builder.py:1982]           [INFO]     | Cartoon Network Collection | ? | Long Live the Royals (TVDB: 303341)                               |
[2023-02-24 02:18:15,611] [builder.py:1982]           [INFO]     | Cartoon Network Collection | ? | Casper's Scare School (TVDB: 145511)                              |
[2023-02-24 02:18:15,875] [builder.py:1982]           [INFO]     | Cartoon Network Collection | ? | Supernoobs (TVDB: 304120)                                         |
[2023-02-24 02:18:16,060] [builder.py:1982]           [INFO]     | Cartoon Network Collection | ? | Scooby-Doo! and the Mystery Pups (TVDB: 420556)                   |
[2023-02-24 02:18:16,312] [builder.py:1982]           [INFO]     | Cartoon Network Collection | ? | Level Up (TVDB: 253525)                                           |
[2023-02-24 02:18:16,560] [builder.py:1982]           [INFO]     | Cartoon Network Collection | ? | Kaijudo: Clash of the Duel Masters (TVDB: 260422)                 |
[2023-02-24 02:18:17,697] [builder.py:1982]           [INFO]     | Cartoon Network Collection | ? | BeyWheelz (TVDB: 261931)                                          |
[2023-02-24 02:18:17,966] [builder.py:1982]           [INFO]     | Cartoon Network Collection | ? | DC Nation (TVDB: 256530)                                          |
[2023-02-24 02:18:18,245] [builder.py:1982]           [INFO]     | Cartoon Network Collection | ? | Power Players (TVDB: 368989)                                      |
[2023-02-24 02:18:18,546] [builder.py:1982]           [INFO]     | Cartoon Network Collection | ? | Big Bag (TVDB: 327825)                                            |
[2023-02-24 02:18:19,113] [builder.py:1982]           [INFO]     | Cartoon Network Collection | ? | Pecola (TVDB: 77344)                                              |
[2023-02-24 02:18:19,333] [builder.py:1982]           [INFO]     | Cartoon Network Collection | ? | Team Galaxy (TVDB: 214151)                                        |
[2023-02-24 02:18:19,545] [builder.py:1982]           [INFO]     | Cartoon Network Collection | ? | Unnatural History (TVDB: 168591)                                  |
[2023-02-24 02:18:19,736] [builder.py:1982]           [INFO]     | Cartoon Network Collection | ? | Midnight Patrol: Adventures in the Dream Zone (TVDB: 259695)      |
[2023-02-24 02:18:19,940] [builder.py:1982]           [INFO]     | Cartoon Network Collection | ? | Tower Prep (TVDB: 190221)                                         |
[2023-02-24 02:18:20,146] [builder.py:1982]           [INFO]     | Cartoon Network Collection | ? | Plastic Man (TVDB: 253167)                                        |
[2023-02-24 02:18:20,372] [builder.py:1982]           [INFO]     | Cartoon Network Collection | ? | Mega Man: Fully Charged (TVDB: 351150)                            |
[2023-02-24 02:18:20,684] [builder.py:1982]           [INFO]     | Cartoon Network Collection | ? | Toonheads (TVDB: 72055)                                           |
[2023-02-24 02:18:20,926] [builder.py:1982]           [INFO]     | Cartoon Network Collection | ? | Cave Kids (TVDB: 260526)                                          |
[2023-02-24 02:18:21,118] [builder.py:1982]           [INFO]     | Cartoon Network Collection | ? | The Heroic Quest of the Valiant Prince Ivandoe (TVDB: 338437)     |
[2023-02-24 02:18:21,349] [builder.py:1982]           [INFO]     | Cartoon Network Collection | ? | Cartoon Planet (TVDB: 76957)                                      |
[2023-02-24 02:18:21,533] [builder.py:1982]           [INFO]     | Cartoon Network Collection | ? | Out of Jimmy's Head (TVDB: 232961)                                |
[2023-02-24 02:18:22,028] [builder.py:1982]           [INFO]     | Cartoon Network Collection | ? | Robotomy (TVDB: 207421)                                           |
[2023-02-24 02:18:22,246] [builder.py:1982]           [INFO]     | Cartoon Network Collection | ? | The Othersiders (TVDB: 250325)                                    |
[2023-02-24 02:18:22,414] [builder.py:1982]           [INFO]     | Cartoon Network Collection | ? | Spaced Out (TVDB: 399372)                                         |
[2023-02-24 02:18:22,904] [builder.py:1982]           [INFO]     | Cartoon Network Collection | ? | Tiny Toons Looniversity (TVDB: 397123)                            |
[2023-02-24 02:18:23,399] [builder.py:1982]           [INFO]     | Cartoon Network Collection | ? | Maktar (TVDB: 71285)                                              |
[2023-02-24 02:18:23,644] [builder.py:1982]           [INFO]     | Cartoon Network Collection | ? | Destroy Build Destroy (TVDB: 160481)                              |
[2023-02-24 02:18:23,856] [builder.py:1982]           [INFO]     | Cartoon Network Collection | ? | Commander Cork (TVDB: 71284)                                      |
[2023-02-24 02:18:24,057] [builder.py:1982]           [INFO]     | Cartoon Network Collection | ? | My Adventures With Superman (TVDB: 403172)                        |
[2023-02-24 02:18:24,256] [builder.py:1982]           [INFO]     | Cartoon Network Collection | ? | Brain Rush (TVDB: 158711)                                         |
[2023-02-24 02:18:24,453] [builder.py:1982]           [INFO]     | Cartoon Network Collection | ? | Camp Lazlo: Shorts (TVDB: 361305)                                 |
[2023-02-24 02:18:24,683] [builder.py:1982]           [INFO]     | Cartoon Network Collection | ? | G-Force: Guardians of Space (TVDB: 71242)                         |
[2023-02-24 02:18:24,894] [builder.py:1982]           [INFO]     | Cartoon Network Collection | ? | The Bob Clampett Show (TVDB: 72930)                               |
[2023-02-24 02:18:25,149] [builder.py:1982]           [INFO]     | Cartoon Network Collection | ? | Mixels (TVDB: 278771)                                             |
[2023-02-24 02:18:25,342] [builder.py:1982]           [INFO]     | Cartoon Network Collection | ? | Invincible Fight Girl (TVDB: 419969)                              |
[2023-02-24 02:18:25,623] [builder.py:1982]           [INFO]     | Cartoon Network Collection | ? | Hot Wheels Highway 35 (TVDB: 72962)                               |
[2023-02-24 02:18:25,768] [builder.py:1982]           [INFO]     | Cartoon Network Collection | ? | Unicorn: Warriors Eternal (TVDB: 395072)                          |
[2023-02-24 02:18:25,953] [builder.py:1982]           [INFO]     | Cartoon Network Collection | ? | Iyanu: Child of Wonder (TVDB: 422275)                             |
[2023-02-24 02:18:26,133] [builder.py:1982]           [INFO]     | Cartoon Network Collection | ? | Jessica's Big Little World (TVDB: 421300)                         |
[2023-02-24 02:18:26,330] [builder.py:1982]           [INFO]     | Cartoon Network Collection | ? | Secret Mountain Fort Awesome (TVDB: 252485)                       |
[2023-02-24 02:18:26,551] [builder.py:1982]           [INFO]     | Cartoon Network Collection | ? | Dude, What Would Happen (TVDB: 302498)                            |
[2023-02-24 02:18:26,776] [builder.py:1982]           [INFO]     | Cartoon Network Collection | ? | LowBrow (TVDB: 71306)                                             |
[2023-02-24 02:18:27,003] [builder.py:1982]           [INFO]     | Cartoon Network Collection | ? | The Cartoonstitute Shorts (TVDB: 204711)                          |
[2023-02-24 02:18:27,058] [builder.py:1977]           [ERROR]    | TVDb Error: Could not find a TVDb Series using TVDb Series ID: 266321                              |
[2023-02-24 02:18:27,228] [builder.py:1982]           [INFO]     | Cartoon Network Collection | ? | The Moxy Show (TVDB: 324025)                                      |
[2023-02-24 02:18:28,326] [builder.py:1982]           [INFO]     | Cartoon Network Collection | ? | Thomas the Tank Engine & Friends (TVDB: 78949)                    |
[2023-02-24 02:18:28,580] [builder.py:1982]           [INFO]     | Cartoon Network Collection | ? | Hero 108 (TVDB: 197671)                                           |
[2023-02-24 02:18:28,786] [builder.py:1982]           [INFO]     | Cartoon Network Collection | ? | Elliott from Earth (TVDB: 395073)                                 |
[2023-02-24 02:18:29,151] [builder.py:1982]           [INFO]     | Cartoon Network Collection | ? | The Cramp Twins (TVDB: 78280)                                     |
[2023-02-24 02:18:29,399] [builder.py:1982]           [INFO]     | Cartoon Network Collection | ? | Monster Allergy (TVDB: 169431)                                    |
[2023-02-24 02:18:29,674] [builder.py:1982]           [INFO]     | Cartoon Network Collection | ? | Robotboy (TVDB: 264087)                                           |
[2023-02-24 02:18:29,883] [builder.py:1982]           [INFO]     | Cartoon Network Collection | ? | Fat Dog Mendoza (TVDB: 274529)                                    |
[2023-02-24 02:18:30,149] [builder.py:1982]           [INFO]     | Cartoon Network Collection | ? | Monster Beach (TVDB: 381668)                                      |
[2023-02-24 02:18:30,341] [builder.py:1982]           [INFO]     | Cartoon Network Collection | ? | Exchange Student Zero (TVDB: 302363)                              |
[2023-02-24 02:18:30,590] [builder.py:1982]           [INFO]     | Cartoon Network Collection | ? | The CQ (TVDB: 283639)                                             |
[2023-02-24 02:18:30,937] [builder.py:1982]           [INFO]     | Cartoon Network Collection | ? | 31 Minutos (TVDB: 188881)                                         |
[2023-02-24 02:18:31,361] [builder.py:1982]           [INFO]     | Cartoon Network Collection | ? | Monica Toy (TVDB: 300927)                                         |
[2023-02-24 02:18:31,868] [builder.py:1982]           [INFO]     | Cartoon Network Collection | ? | Turma da Mônica (TVDB: 78378)                                     |
[2023-02-24 02:18:32,290] [builder.py:1982]           [INFO]     | Cartoon Network Collection | ? | Jorel's Brother (TVDB: 293012)                                    |
[2023-02-24 02:18:32,549] [builder.py:1982]           [INFO]     | Cartoon Network Collection | ? | Oswaldo (TVDB: 336365)                                            |
[2023-02-24 02:18:33,747] [builder.py:1982]           [INFO]     | Cartoon Network Collection | ? | Haunted Tales for Wicked Kids (TVDB: 315509)                      |
[2023-02-24 02:18:33,986] [builder.py:1982]           [INFO]     | Cartoon Network Collection | ? | Any Malu Show (TVDB: 382505)                                      |
[2023-02-24 02:18:34,301] [builder.py:1982]           [INFO]     | Cartoon Network Collection | ? | Ninjin (TVDB: 369058)                                             |
[2023-02-24 02:18:34,363] [builder.py:1977]           [ERROR]    | TVDb Error: Could not find a TVDb Series using TVDb Series ID: 338761                              |
[2023-02-24 02:18:34,637] [builder.py:1982]           [INFO]     | Cartoon Network Collection | ? | Onegai My Melody (TVDB: 262210)                                   |
[2023-02-24 02:18:34,638] [builder.py:1986]           [INFO]     |                                                                                                    |
[2023-02-24 02:18:34,638] [builder.py:1987]           [INFO]     | 171 Shows Missing                                                                                  |
[2023-02-24 02:18:34,882] [builder.py:2147]           [INFO]     |                                                                                                    |
[2023-02-24 02:18:34,883] [util.py:216]               [INFO]     |========================== Updating Details of Cartoon Network Collection ==========================|
[2023-02-24 02:18:34,883] [builder.py:2149]           [INFO]     |                                                                                                    |
[2023-02-24 02:18:34,885] [builder.py:2258]           [DEBUG]    | 1 posters found:                                                                                   |
[2023-02-24 02:18:34,886] [builder.py:2260]           [DEBUG]    | Method: url_poster Poster: https://theposterdb.com/api/assets/172187                               |
[2023-02-24 02:18:34,886] [builder.py:2327]           [INFO]     | No background collection detail or asset folder found                                              |
[2023-02-24 02:18:34,887] [library.py:147]            [INFO]     | Detail: poster update not needed                                                                   |
[2023-02-24 02:18:34,964] [plex_meta_manager.py:880]  [INFO]     |                                                                                                    |
[2023-02-24 02:18:34,964] [util.py:209]               [INFO]     |====================================================================================================|
[2023-02-24 02:18:34,964] [util.py:216]               [INFO]     |                                Finished Cartoon Network Collection                                 |
[2023-02-24 02:18:34,965] [util.py:216]               [INFO]     |                                    Collection Run Time: 0:01:25                                    |
[2023-02-24 02:18:34,965] [util.py:220]               [INFO]     |====================================================================================================|
