[2023-02-28 14:36:08,223] [plex_meta_manager.py:216]  [INFO]     |                                                                                                    |
[2023-02-28 14:36:08,224] [util.py:209]               [INFO]     |====================================================================================================|
[2023-02-28 14:36:08,224] [util.py:216]               [INFO]     |                                          TV Shows Library                                          |
[2023-02-28 14:36:08,224] [util.py:220]               [INFO]     |====================================================================================================|
[2023-02-28 14:36:08,225] [plex_meta_manager.py:222]  [DEBUG]    |                                                                                                    |
[2023-02-28 14:36:08,225] [plex_meta_manager.py:223]  [DEBUG]    | Mapping Name: TV Shows                                                                             |
[2023-02-28 14:36:08,226] [plex_meta_manager.py:224]  [DEBUG]    | Folder Name: TV Shows                                                                              |
[2023-02-28 14:36:08,226] [plex_meta_manager.py:225]  [DEBUG]    | Missing Path: C:\Plex-Stack\Plex-Meta-Manager\config\TV Shows_missing.yml                          |
[2023-02-28 14:36:08,227] [plex_meta_manager.py:227]  [DEBUG]    | Asset Directory: config/assets                                                                     |
[2023-02-28 14:36:08,227] [plex_meta_manager.py:228]  [DEBUG]    | Asset Folders: False                                                                               |
[2023-02-28 14:36:08,227] [plex_meta_manager.py:229]  [DEBUG]    | Create Asset Folders: False                                                                        |
[2023-02-28 14:36:08,228] [plex_meta_manager.py:230]  [DEBUG]    | Download URL Assets: False                                                                         |
[2023-02-28 14:36:08,228] [plex_meta_manager.py:231]  [DEBUG]    | Sync Mode: append                                                                                  |
[2023-02-28 14:36:08,228] [plex_meta_manager.py:232]  [DEBUG]    | Collection Minimum: 1                                                                              |
[2023-02-28 14:36:08,228] [plex_meta_manager.py:233]  [DEBUG]    | Delete Below Minimum: True                                                                         |
[2023-02-28 14:36:08,229] [plex_meta_manager.py:234]  [DEBUG]    | Delete Not Scheduled: False                                                                        |
[2023-02-28 14:36:08,229] [plex_meta_manager.py:235]  [DEBUG]    | Default Collection Order: release                                                                  |
[2023-02-28 14:36:08,229] [plex_meta_manager.py:236]  [DEBUG]    | Missing Only Released: False                                                                       |
[2023-02-28 14:36:08,229] [plex_meta_manager.py:237]  [DEBUG]    | Only Filter Missing: False                                                                         |
[2023-02-28 14:36:08,230] [plex_meta_manager.py:238]  [DEBUG]    | Show Unmanaged: True                                                                               |
[2023-02-28 14:36:08,230] [plex_meta_manager.py:239]  [DEBUG]    | Show Filtered: False                                                                               |
[2023-02-28 14:36:08,230] [plex_meta_manager.py:240]  [DEBUG]    | Show Missing: True                                                                                 |
[2023-02-28 14:36:08,230] [plex_meta_manager.py:241]  [DEBUG]    | Show Missing Assets: False                                                                         |
[2023-02-28 14:36:08,231] [plex_meta_manager.py:242]  [DEBUG]    | Save Missing: True                                                                                 |
[2023-02-28 14:36:08,231] [plex_meta_manager.py:243]  [DEBUG]    | Clean Bundles: False                                                                               |
[2023-02-28 14:36:08,231] [plex_meta_manager.py:244]  [DEBUG]    | Empty Trash: False                                                                                 |
[2023-02-28 14:36:08,231] [plex_meta_manager.py:245]  [DEBUG]    | Optimize: False                                                                                    |
[2023-02-28 14:36:08,231] [plex_meta_manager.py:246]  [DEBUG]    | Timeout: 60                                                                                        |
[2023-02-28 14:36:08,232] [plex_meta_manager.py:256]  [INFO]     |                                                                                                    |
[2023-02-28 14:36:08,232] [util.py:216]               [INFO]     |===================================== Mapping TV Shows Library =====================================|
[2023-02-28 14:36:08,232] [plex_meta_manager.py:258]  [INFO]     |                                                                                                    |
[2023-02-28 14:36:08,232] [plex.py:456]               [INFO]     | Loading All Shows from Library: TV Shows                                                           |
[2023-02-28 14:36:08,431] [plex.py:465]               [INFO]     | Loaded 136 Shows                                                                                   |
[2023-02-28 14:36:08,431] [library.py:248]            [INFO]     | Mapping Show Library: TV Shows                                                                     |
[2023-02-28 14:36:08,432] [library.py:249]            [INFO]     |                                                                                                    |
[2023-02-28 14:36:08,486] [library.py:263]            [INFO]     |                                                                                                    |
[2023-02-28 14:36:08,487] [library.py:264]            [INFO]     | Processed 136 Shows                                                                                |
[2023-02-28 14:36:08,487] [plex_meta_manager.py:261]  [INFO]     |                                                                                                    |
[2023-02-28 14:36:08,488] [util.py:209]               [INFO]     |====================================================================================================|
[2023-02-28 14:36:08,488] [util.py:216]               [INFO]     |                                       Running Metadata File                                        |
[2023-02-28 14:36:08,488] [util.py:216]               [INFO]     |                                        config/TV_Shows.yml                                         |
[2023-02-28 14:36:08,489] [util.py:220]               [INFO]     |====================================================================================================|
[2023-02-28 14:36:08,489] [plex_meta_manager.py:275]  [INFO]     |                                                                                                    |
[2023-02-28 14:36:08,489] [util.py:209]               [INFO]     |====================================================================================================|
[2023-02-28 14:36:08,489] [util.py:216]               [INFO]     |                                            Collections                                             |
[2023-02-28 14:36:08,490] [util.py:220]               [INFO]     |====================================================================================================|
[2023-02-28 15:53:23,164] [plex_meta_manager.py:261]  [INFO]     |                                                                                                    |
[2023-02-28 15:53:23,165] [util.py:209]               [INFO]     |====================================================================================================|
[2023-02-28 15:53:23,165] [util.py:216]               [INFO]     |                                       Running Metadata File                                        |
[2023-02-28 15:53:23,165] [util.py:216]               [INFO]     |                                        config/Overlays.yml                                         |
[2023-02-28 15:53:23,165] [util.py:220]               [INFO]     |====================================================================================================|
[2023-02-28 15:53:23,166] [plex_meta_manager.py:275]  [INFO]     |                                                                                                    |
[2023-02-28 15:53:23,166] [util.py:209]               [INFO]     |====================================================================================================|
[2023-02-28 15:53:23,166] [util.py:216]               [INFO]     |                                            Collections                                             |
[2023-02-28 15:53:23,166] [util.py:220]               [INFO]     |====================================================================================================|
[2023-02-28 15:53:28,549] [plex_meta_manager.py:423]  [INFO]     |                                                                                                    |
[2023-02-28 15:53:28,550] [util.py:209]               [INFO]     |====================================================================================================|
[2023-02-28 15:53:28,550] [util.py:216]               [INFO]     |                                    TV Shows Library Operations                                     |
[2023-02-28 15:53:28,550] [util.py:220]               [INFO]     |====================================================================================================|
[2023-02-28 15:53:28,550] [plex_meta_manager.py:425]  [INFO]     |                                                                                                    |
[2023-02-28 15:53:28,551] [plex_meta_manager.py:426]  [DEBUG]    | Assets For All: False                                                                              |
[2023-02-28 15:53:28,551] [plex_meta_manager.py:427]  [DEBUG]    | Delete Collections With Less: None                                                                 |
[2023-02-28 15:53:28,551] [plex_meta_manager.py:428]  [DEBUG]    | Delete Unmanaged Collections: False                                                                |
[2023-02-28 15:53:28,552] [plex_meta_manager.py:429]  [DEBUG]    | Mass Genre Update: None                                                                            |
[2023-02-28 15:53:28,552] [plex_meta_manager.py:430]  [DEBUG]    | Mass Audience Rating Update: None                                                                  |
[2023-02-28 15:53:28,552] [plex_meta_manager.py:431]  [DEBUG]    | Mass Critic Rating Update: None                                                                    |
[2023-02-28 15:53:28,552] [plex_meta_manager.py:432]  [DEBUG]    | Mass Trakt Rating Update: False                                                                    |
[2023-02-28 15:53:28,553] [plex_meta_manager.py:433]  [DEBUG]    | Mass Collection Mode Update: None                                                                  |
[2023-02-28 15:53:28,553] [plex_meta_manager.py:434]  [DEBUG]    | Split Duplicates: False                                                                            |
[2023-02-28 15:53:28,553] [plex_meta_manager.py:435]  [DEBUG]    | Radarr Add All Existing: False                                                                     |
[2023-02-28 15:53:28,553] [plex_meta_manager.py:436]  [DEBUG]    | Radarr Remove by Tag: None                                                                         |
[2023-02-28 15:53:28,554] [plex_meta_manager.py:437]  [DEBUG]    | Sonarr Add All Existing: False                                                                     |
[2023-02-28 15:53:28,554] [plex_meta_manager.py:438]  [DEBUG]    | Sonarr Remove by Tag: None                                                                         |
[2023-02-28 15:53:28,554] [plex_meta_manager.py:439]  [DEBUG]    | TMDb Collections: None                                                                             |
[2023-02-28 15:53:28,554] [plex_meta_manager.py:440]  [DEBUG]    | Genre Collections: None                                                                            |
[2023-02-28 15:53:28,555] [plex_meta_manager.py:441]  [DEBUG]    | Genre Mapper: None                                                                                 |
[2023-02-28 15:53:28,555] [plex_meta_manager.py:442]  [DEBUG]    | TMDb Operation: False                                                                              |
[2023-02-28 15:53:28,562] [plex_meta_manager.py:696]  [INFO]     |                                                                                                    |
[2023-02-28 15:53:28,563] [util.py:216]               [INFO]     |=========================== No Unmanaged Collections in TV Shows Library ===========================|
[2023-02-28 15:53:28,563] [plex_meta_manager.py:698]  [INFO]     |                                                                                                    |
