[2023-02-14 02:34:22,553] [util.py:209]               [INFO]     |====================================================================================================|
[2023-02-14 02:34:22,554] [util.py:216]               [INFO]     |                                   Peacock Collection in TV Shows                                   |
[2023-02-14 02:34:22,554] [util.py:220]               [INFO]     |====================================================================================================|
[2023-02-14 02:34:22,554] [plex_meta_manager.py:750]  [INFO]     |                                                                                                    |
[2023-02-14 02:34:22,555] [util.py:216]               [INFO]     |================================== Validating Peacock Attributes ===================================|
[2023-02-14 02:34:22,555] [builder.py:265]            [DEBUG]    |                                                                                                    |
[2023-02-14 02:34:22,555] [builder.py:266]            [DEBUG]    | Validating Method: template                                                                        |
[2023-02-14 02:34:22,555] [meta.py:83]                [DEBUG]    | Value: ordereddict([('name', 'network'), ('network', 3353), ('poster', 'https://theposterdb.com/api/assets/205411')]) |
[2023-02-14 02:34:22,556] [builder.py:330]            [DEBUG]    |                                                                                                    |
[2023-02-14 02:34:22,556] [builder.py:331]            [DEBUG]    | Validating Method: sync_mode                                                                       |
[2023-02-14 02:34:22,556] [builder.py:335]            [DEBUG]    | Value: sync                                                                                        |
[2023-02-14 02:34:22,556] [builder.py:453]            [DEBUG]    |                                                                                                    |
[2023-02-14 02:34:22,557] [builder.py:454]            [DEBUG]    | Validating Method: collection_order                                                                |
[2023-02-14 02:34:22,557] [builder.py:455]            [DEBUG]    | Value: alpha                                                                                       |
[2023-02-14 02:34:22,557] [builder.py:472]            [DEBUG]    |                                                                                                    |
[2023-02-14 02:34:22,557] [builder.py:473]            [DEBUG]    | Validating Method: tmdb_network                                                                    |
[2023-02-14 02:34:22,558] [builder.py:474]            [DEBUG]    | Value: 3353                                                                                        |
[2023-02-14 02:34:22,675] [builder.py:472]            [DEBUG]    |                                                                                                    |
[2023-02-14 02:34:22,675] [builder.py:473]            [DEBUG]    | Validating Method: url_poster                                                                      |
[2023-02-14 02:34:22,675] [builder.py:474]            [DEBUG]    | Value: https://theposterdb.com/api/assets/205411                                                   |
[2023-02-14 02:34:22,676] [builder.py:472]            [DEBUG]    |                                                                                                    |
[2023-02-14 02:34:22,676] [builder.py:473]            [DEBUG]    | Validating Method: sort_title                                                                      |
[2023-02-14 02:34:22,676] [builder.py:474]            [DEBUG]    | Value: +4_Peacock                                                                                  |
[2023-02-14 02:34:22,679] [plex.py:687]               [DEBUG]    | Looking for: Peacock                                                                               |
[2023-02-14 02:34:22,679] [builder.py:619]            [INFO]     |                                                                                                    |
[2023-02-14 02:34:22,680] [builder.py:620]            [INFO]     | Validation Successful                                                                              |
[2023-02-14 02:34:22,680] [plex_meta_manager.py:758]  [INFO]     |                                                                                                    |
[2023-02-14 02:34:22,681] [util.py:216]               [INFO]     |==================================== Running Peacock Collection ====================================|
[2023-02-14 02:34:22,681] [plex_meta_manager.py:773]  [INFO]     |                                                                                                    |
[2023-02-14 02:34:22,681] [plex_meta_manager.py:774]  [INFO]     | Sync Mode: sync                                                                                    |
[2023-02-14 02:34:22,681] [builder.py:1275]           [DEBUG]    |                                                                                                    |
[2023-02-14 02:34:22,682] [builder.py:1276]           [DEBUG]    | Builder: tmdb_network: 3353                                                                        |
[2023-02-14 02:34:22,682] [builder.py:1277]           [INFO]     |                                                                                                    |
[2023-02-14 02:34:23,642] [tmdb.py:282]               [INFO]     | Processing TMDb Network: (3353) Peacock (123 Shows)                                                |
[2023-02-14 02:34:23,642] [builder.py:1282]           [DEBUG]    |                                                                                                    |
[2023-02-14 02:34:23,643] [builder.py:1283]           [DEBUG]    | 123 IDs Found: [(93749, 'tmdb_show'), (120998, 'tmdb_show'), (881, 'tmdb_show'), (125940, 'tmdb_show'), (203417, 'tmdb_show'), (120452, 'tmdb_show'), (656, 'tmdb_show'), (107365, 'tmdb_show'), (132559, 'tmdb_show'), (118958, 'tmdb_show'), (136322, 'tmdb_show'), (109330, 'tmdb_show'), (91552, 'tmdb_show'), (71737, 'tmdb_show'), (218082, 'tmdb_show'), (93289, 'tmdb_show'), (112063, 'tmdb_show'), (34268, 'tmdb_show'), (157756, 'tmdb_show'), (90521, 'tmdb_show'), (93825, 'tmdb_show'), (204349, 'tmdb_show'), (194728, 'tmdb_show'), (215534, 'tmdb_show'), (134967, 'tmdb_show'), (157433, 'tmdb_show'), (100350, 'tmdb_show'), (107314, 'tmdb_show'), (195821, 'tmdb_show'), (136738, 'tmdb_show'), (213463, 'tmdb_show'), (113378, 'tmdb_show'), (153268, 'tmdb_show'), (109957, 'tmdb_show'), (138955, 'tmdb_show'), (197434, 'tmdb_show'), (5730, 'tmdb_show'), (136748, 'tmdb_show'), (215943, 'tmdb_show'), (156473, 'tmdb_show'), (105349, 'tmdb_show'), (93751, 'tmdb_show'), (213372, 'tmdb_show'), (105348, 'tmdb_show'), (129915, 'tmdb_show'), (207037, 'tmdb_show'), (200986, 'tmdb_show'), (155989, 'tmdb_show'), (136105, 'tmdb_show'), (156332, 'tmdb_show'), (103404, 'tmdb_show'), (156989, 'tmdb_show'), (139004, 'tmdb_show'), (125506, 'tmdb_show'), (214862, 'tmdb_show'), (216087, 'tmdb_show'), (214955, 'tmdb_show'), (129277, 'tmdb_show'), (93748, 'tmdb_show'), (72710, 'tmdb_show'), (121718, 'tmdb_show'), (135187, 'tmdb_show'), (130060, 'tmdb_show'), (134180, 'tmdb_show'), (129899, 'tmdb_show'), (95192, 'tmdb_show'), (137678, 'tmdb_show'), (206763, 'tmdb_show'), (156878, 'tmdb_show'), (215941, 'tmdb_show'), (158547, 'tmdb_show'), (197801, 'tmdb_show'), (197373, 'tmdb_show'), (123810, 'tmdb_show'), (127562, 'tmdb_show'), (211188, 'tmdb_show'), (201779, 'tmdb_show'), (155343, 'tmdb_show'), (199960, 'tmdb_show'), (130074, 'tmdb_show'), (133059, 'tmdb_show'), (206382, 'tmdb_show'), (134355, 'tmdb_show'), (133748, 'tmdb_show'), (126390, 'tmdb_show'), (125956, 'tmdb_show'), (116619, 'tmdb_show'), (153682, 'tmdb_show'), (133962, 'tmdb_show'), (109608, 'tmdb_show'), (132185, 'tmdb_show'), (209738, 'tmdb_show'), (156575, 'tmdb_show'), (157435, 'tmdb_show'), (201834, 'tmdb_show'), (109814, 'tmdb_show'), (205155, 'tmdb_show'), (208953, 'tmdb_show'), (105344, 'tmdb_show'), (132566, 'tmdb_show'), (158241, 'tmdb_show'), (197548, 'tmdb_show'), (133215, 'tmdb_show'), (154878, 'tmdb_show'), (128393, 'tmdb_show'), (218589, 'tmdb_show'), (214188, 'tmdb_show'), (213562, 'tmdb_show'), (212136, 'tmdb_show'), (210684, 'tmdb_show'), (208943, 'tmdb_show'), (195257, 'tmdb_show'), (157478, 'tmdb_show'), (157432, 'tmdb_show'), (155990, 'tmdb_show'), (134934, 'tmdb_show'), (132635, 'tmdb_show'), (130138, 'tmdb_show'), (126783, 'tmdb_show'), (112076, 'tmdb_show'), (93801, 'tmdb_show'), (22617, 'tmdb_show'), (220393, 'tmdb_show')] |
[2023-02-14 02:34:23,643] [builder.py:1284]           [DEBUG]    |                                                                                                    |
[2023-02-14 02:34:23,793] [builder.py:1361]           [ERROR]    | Convert Error: No TVDb ID Found for TMDb ID: 129277                                                |
[2023-02-14 02:34:24,029] [builder.py:1361]           [ERROR]    | Convert Error: No TVDb ID Found for TMDb ID: 134355                                                |
[2023-02-14 02:34:24,129] [builder.py:1361]           [ERROR]    | Convert Error: No TVDb ID Found for TMDb ID: 133962                                                |
[2023-02-14 02:34:24,232] [builder.py:1361]           [ERROR]    | Convert Error: No TVDb ID Found for TMDb ID: 132185                                                |
[2023-02-14 02:34:24,344] [builder.py:1361]           [ERROR]    | Convert Error: No TVDb ID Found for TMDb ID: 157435                                                |
[2023-02-14 02:34:24,458] [builder.py:1361]           [ERROR]    | Convert Error: No TVDb ID Found for TMDb ID: 205155                                                |
[2023-02-14 02:34:24,679] [builder.py:1361]           [ERROR]    | Convert Error: No TVDb ID Found for TMDb ID: 212136                                                |
[2023-02-14 02:34:24,818] [builder.py:1361]           [ERROR]    | Convert Error: No TVDb ID Found for TMDb ID: 208943                                                |
[2023-02-14 02:34:24,927] [builder.py:1361]           [ERROR]    | Convert Error: No TVDb ID Found for TMDb ID: 157478                                                |
[2023-02-14 02:34:25,031] [builder.py:1361]           [ERROR]    | Convert Error: No TVDb ID Found for TMDb ID: 157432                                                |
[2023-02-14 02:34:25,251] [builder.py:1361]           [ERROR]    | Convert Error: No TVDb ID Found for TMDb ID: 132635                                                |
[2023-02-14 02:34:25,363] [builder.py:1361]           [ERROR]    | Convert Error: No TVDb ID Found for TMDb ID: 130138                                                |
[2023-02-14 02:34:25,463] [builder.py:1361]           [ERROR]    | Convert Error: No TVDb ID Found for TMDb ID: 112076                                                |
[2023-02-14 02:34:25,592] [builder.py:1361]           [ERROR]    | Convert Error: No TVDb ID Found for TMDb ID: 93801                                                 |
[2023-02-14 02:34:25,699] [builder.py:1361]           [ERROR]    | Convert Error: No TVDb ID Found for TMDb ID: 220393                                                |
[2023-02-14 02:34:25,700] [plex_meta_manager.py:797]  [INFO]     |                                                                                                    |
[2023-02-14 02:34:25,700] [plex_meta_manager.py:798]  [INFO]     | Collection Minimum: 1 not met for Peacock Collection                                               |
[2023-02-14 02:34:25,701] [builder.py:1969]           [INFO]     |                                                                                                    |
[2023-02-14 02:34:25,701] [util.py:216]               [INFO]     |=============================== Missing Shows from Library: Peacock ================================|
[2023-02-14 02:34:25,701] [builder.py:1971]           [INFO]     |                                                                                                    |
[2023-02-14 02:34:25,954] [builder.py:1982]           [INFO]     | Peacock Collection | ? | Dr. Death (TVDB: 371929)                                                  |
[2023-02-14 02:34:26,171] [builder.py:1982]           [INFO]     | Peacock Collection | ? | Poker Face (2023) (TVDB: 398822)                                          |
[2023-02-14 02:34:27,980] [builder.py:1982]           [INFO]     | Peacock Collection | ? | Days of our Lives (TVDB: 70366)                                           |
[2023-02-14 02:34:28,268] [builder.py:1982]           [INFO]     | Peacock Collection | ? | Vampire Academy (TVDB: 403187)                                            |
[2023-02-14 02:34:28,456] [builder.py:1982]           [INFO]     | Peacock Collection | ? | ‘Til Jail Do Us Part (TVDB: 380216)                                       |
[2023-02-14 02:34:28,717] [builder.py:1982]           [INFO]     | Peacock Collection | ? | Dan Brown's The Lost Symbol (TVDB: 365190)                                |
[2023-02-14 02:34:29,665] [builder.py:1982]           [INFO]     | Peacock Collection | ? | Curious George (TVDB: 79429)                                              |
[2023-02-14 02:34:30,000] [builder.py:1982]           [INFO]     | Peacock Collection | ? | Bel-Air (TVDB: 388151)                                                    |
[2023-02-14 02:34:30,283] [builder.py:1982]           [INFO]     | Peacock Collection | ? | The Croods: Family Tree (TVDB: 409654)                                    |
[2023-02-14 02:34:30,583] [builder.py:1982]           [INFO]     | Peacock Collection | ? | One of Us Is Lying (TVDB: 380210)                                         |
[2023-02-14 02:34:30,835] [builder.py:1982]           [INFO]     | Peacock Collection | ? | Dragons: The Nine Realms (TVDB: 411408)                                   |
[2023-02-14 02:34:31,171] [builder.py:1982]           [INFO]     | Peacock Collection | ? | Madagascar: A Little Wild (TVDB: 387162)                                  |
[2023-02-14 02:34:31,432] [builder.py:1982]           [INFO]     | Peacock Collection | ? | Departure (TVDB: 365676)                                                  |
[2023-02-14 02:34:31,855] [builder.py:1982]           [INFO]     | Peacock Collection | ? | A.P. Bio (TVDB: 328534)                                                   |
[2023-02-14 02:34:32,016] [builder.py:1982]           [INFO]     | Peacock Collection | ? | Natural Born Narco (TVDB: 387996)                                         |
[2023-02-14 02:34:32,247] [builder.py:1982]           [INFO]     | Peacock Collection | ? | Brave New World (2020) (TVDB: 359606)                                     |
[2023-02-14 02:34:32,476] [builder.py:1982]           [INFO]     | Peacock Collection | ? | The Mighty Ones (TVDB: 389305)                                            |
[2023-02-14 02:34:32,843] [builder.py:1982]           [INFO]     | Peacock Collection | ? | The Real Housewives of Miami (TVDB: 228691)                               |
[2023-02-14 02:34:33,213] [builder.py:1982]           [INFO]     | Peacock Collection | ? | WWE NXT: Level Up (TVDB: 416501)                                          |
[2023-02-14 02:34:33,785] [builder.py:1982]           [INFO]     | Peacock Collection | ? | Love Island (US) (TVDB: 364107)                                           |
[2023-02-14 02:34:34,080] [builder.py:1982]           [INFO]     | Peacock Collection | ? | Saved by the Bell (2020) (TVDB: 380213)                                   |
[2023-02-14 02:34:34,306] [builder.py:1982]           [INFO]     | Peacock Collection | ? | WWE: The SmackDown LowDown (TVDB: 421428)                                 |
[2023-02-14 02:34:34,556] [builder.py:1982]           [INFO]     | Peacock Collection | ? | The Resort (TVDB: 404179)                                                 |
[2023-02-14 02:34:34,741] [builder.py:1982]           [INFO]     | Peacock Collection | ? | Love for the Ages (TVDB: 428281)                                          |
[2023-02-14 02:34:34,965] [builder.py:1982]           [INFO]     | Peacock Collection | ? | Queer as Folk (2022) (TVDB: 400733)                                       |
[2023-02-14 02:34:35,184] [builder.py:1982]           [INFO]     | Peacock Collection | ? | Abominable and the Invisible City (TVDB: 416373)                          |
[2023-02-14 02:34:35,422] [builder.py:1982]           [INFO]     | Peacock Collection | ? | Girls5eva (TVDB: 380218)                                                  |
[2023-02-14 02:34:35,634] [builder.py:1982]           [INFO]     | Peacock Collection | ? | MacGruber (TVDB: 386669)                                                  |
[2023-02-14 02:34:35,881] [builder.py:1982]           [INFO]     | Peacock Collection | ? | Last Light (TVDB: 410143)                                                 |
[2023-02-14 02:34:36,051] [builder.py:1982]           [INFO]     | Peacock Collection | ? | Wolf Like Me (TVDB: 401966)                                               |
[2023-02-14 02:34:36,284] [builder.py:1982]           [INFO]     | Peacock Collection | ? | The Best Man: The Final Chapters (TVDB: 396654)                           |
[2023-02-14 02:34:36,525] [builder.py:1982]           [INFO]     | Peacock Collection | ? | Trolls: TrollsTopia (TVDB: 391482)                                        |
[2023-02-14 02:34:36,780] [builder.py:1982]           [INFO]     | Peacock Collection | ? | Supernatural Academy (TVDB: 413164)                                       |
[2023-02-14 02:34:37,034] [builder.py:1982]           [INFO]     | Peacock Collection | ? | The Amber Ruffin Show (TVDB: 380214)                                      |
[2023-02-14 02:34:37,237] [builder.py:1982]           [INFO]     | Peacock Collection | ? | Dragons Rescue Riders: Heroes of the Sky (TVDB: 412862)                   |
[2023-02-14 02:34:37,456] [builder.py:1982]           [INFO]     | Peacock Collection | ? | A Friend of the Family (TVDB: 417373)                                     |
[2023-02-14 02:34:37,748] [builder.py:1982]           [INFO]     | Peacock Collection | ? | Macy's Thanksgiving Day Parade (TVDB: 209471)                             |
[2023-02-14 02:34:37,934] [builder.py:1982]           [INFO]     | Peacock Collection | ? | Leopard Skin (TVDB: 396783)                                               |
[2023-02-14 02:34:38,158] [builder.py:1982]           [INFO]     | Peacock Collection | ? | The Traitors (TVDB: 422774)                                               |
[2023-02-14 02:34:38,366] [builder.py:1982]           [INFO]     | Peacock Collection | ? | The Calling (TVDB: 411867)                                                |
[2023-02-14 02:34:38,607] [builder.py:1982]           [INFO]     | Peacock Collection | ? | Cleopatra in Space (TVDB: 373167)                                         |
[2023-02-14 02:34:38,824] [builder.py:1982]           [INFO]     | Peacock Collection | ? | Angelyne (TVDB: 380209)                                                   |
[2023-02-14 02:34:39,165] [builder.py:1982]           [INFO]     | Peacock Collection | ? | The Men In Blazers Show (TVDB: 335243)                                    |
[2023-02-14 02:34:39,443] [builder.py:1982]           [INFO]     | Peacock Collection | ? | Where's Waldo? (2019) (TVDB: 367041)                                      |
[2023-02-14 02:34:39,666] [builder.py:1982]           [INFO]     | Peacock Collection | ? | Hart to Heart (TVDB: 380219)                                              |
[2023-02-14 02:34:39,870] [builder.py:1982]           [INFO]     | Peacock Collection | ? | WWE This is Awesome (TVDB: 422762)                                        |
[2023-02-14 02:34:40,066] [builder.py:1982]           [INFO]     | Peacock Collection | ? | Dateline: The Last Day (TVDB: 421245)                                     |
[2023-02-14 02:34:40,251] [builder.py:1982]           [INFO]     | Peacock Collection | ? | American Rock Stars (TVDB: 415210)                                        |
[2023-02-14 02:34:40,549] [builder.py:1982]           [INFO]     | Peacock Collection | ? | The Real Housewives Ultimate Girls Trip (TVDB: 409671)                    |
[2023-02-14 02:34:40,731] [builder.py:1982]           [INFO]     | Peacock Collection | ? | Pitch Perfect: Bumper in Berlin (TVDB: 363895)                            |
[2023-02-14 02:34:40,920] [builder.py:1982]           [INFO]     | Peacock Collection | ? | Peacock Presents: The At-Home Variety Show Featuring Seth MacFarlane (TVDB: 383925) |
[2023-02-14 02:34:41,127] [builder.py:1982]           [INFO]     | Peacock Collection | ? | Irreverent (TVDB: 410475)                                                 |
[2023-02-14 02:34:41,368] [builder.py:1982]           [INFO]     | Peacock Collection | ? | Baking It (TVDB: 402814)                                                  |
[2023-02-14 02:34:41,584] [builder.py:1982]           [INFO]     | Peacock Collection | ? | Below Deck Down Under (TVDB: 402811)                                      |
[2023-02-14 02:34:41,812] [builder.py:1982]           [INFO]     | Peacock Collection | ? | Casey Anthony: Where The Truth Lies (TVDB: 426969)                        |
[2023-02-14 02:34:42,013] [builder.py:1982]           [INFO]     | Peacock Collection | ? | Paul T. Goldman (TVDB: 428135)                                            |
[2023-02-14 02:34:42,198] [builder.py:1982]           [INFO]     | Peacock Collection | ? | Who Killed Jenni Rivera? (TVDB: 427555)                                   |
[2023-02-14 02:34:42,453] [builder.py:1982]           [INFO]     | Peacock Collection | ? | Rutherford Falls (TVDB: 380211)                                           |
[2023-02-14 02:34:42,658] [builder.py:1982]           [INFO]     | Peacock Collection | ? | The Continental (TVDB: 414734)                                            |
[2023-02-14 02:34:42,840] [builder.py:1982]           [INFO]     | Peacock Collection | ? | John Wayne Gacy: Devil in Disguise (TVDB: 397046)                         |
[2023-02-14 02:34:43,078] [builder.py:1982]           [INFO]     | Peacock Collection | ? | The Girl in the Woods (TVDB: 401975)                                      |
[2023-02-14 02:34:43,255] [builder.py:1982]           [INFO]     | Peacock Collection | ? | Olympic Highlights with Kevin Hart and Snoop Dogg (TVDB: 405914)          |
[2023-02-14 02:34:43,427] [builder.py:1982]           [INFO]     | Peacock Collection | ? | WWE Evil (TVDB: 403088)                                                   |
[2023-02-14 02:34:43,784] [builder.py:1982]           [INFO]     | Peacock Collection | ? | Days of Our Lives: Beyond Salem (TVDB: 407484)                            |
[2023-02-14 02:34:44,009] [builder.py:1982]           [INFO]     | Peacock Collection | ? | Punky Brewster (2021) (TVDB: 380300)                                      |
[2023-02-14 02:34:44,215] [builder.py:1982]           [INFO]     | Peacock Collection | ? | Paris in Love (TVDB: 411864)                                              |
[2023-02-14 02:34:44,393] [builder.py:1982]           [INFO]     | Peacock Collection | ? | The End Is Nye (TVDB: 421396)                                             |
[2023-02-14 02:34:44,607] [builder.py:1982]           [INFO]     | Peacock Collection | ? | Killing It (TVDB: 415696)                                                 |
[2023-02-14 02:34:44,780] [builder.py:1982]           [INFO]     | Peacock Collection | ? | The Battle for Justina Pelletier (TVDB: 428074)                           |
[2023-02-14 02:34:44,945] [builder.py:1982]           [INFO]     | Peacock Collection | ? | Perfect World: A Deadly Game (TVDB: 417639)                               |
[2023-02-14 02:34:45,153] [builder.py:1982]           [INFO]     | Peacock Collection | ? | So Dumb It's Criminal hosted by Snoop Dogg (TVDB: 419188)                 |
[2023-02-14 02:34:45,316] [builder.py:1982]           [INFO]     | Peacock Collection | ? | Based on a True Story (TVDB: 418934)                                      |
[2023-02-14 02:34:45,570] [builder.py:1982]           [INFO]     | Peacock Collection | ? | Joe vs. Carole (TVDB: 405727)                                             |
[2023-02-14 02:34:45,758] [builder.py:1982]           [INFO]     | Peacock Collection | ? | Epstein's Shadow: Ghislaine Maxwell (TVDB: 403500)                        |
[2023-02-14 02:34:45,958] [builder.py:1982]           [INFO]     | Peacock Collection | ? | I Love You, You Hate Me (TVDB: 424001)                                    |
[2023-02-14 02:34:46,157] [builder.py:1982]           [INFO]     | Peacock Collection | ? | Sins Of The Amish (TVDB: 418674)                                          |
[2023-02-14 02:34:46,334] [builder.py:1982]           [INFO]     | Peacock Collection | ? | Meddling (TVDB: 414349)                                                   |
[2023-02-14 02:34:46,517] [builder.py:1982]           [INFO]     | Peacock Collection | ? | Preaching Evil: A Wife on the Run with Warren Jeffs (TVDB: 418673)        |
[2023-02-14 02:34:46,698] [builder.py:1982]           [INFO]     | Peacock Collection | ? | Dr. Death: The Undoctored Story (TVDB: 407043)                            |
[2023-02-14 02:34:46,928] [builder.py:1982]           [INFO]     | Peacock Collection | ? | Top Chef Family Style (TVDB: 402813)                                      |
[2023-02-14 02:34:47,166] [builder.py:1982]           [INFO]     | Peacock Collection | ? | The Hillside Strangler: Devil in Disguise (TVDB: 423017)                  |
[2023-02-14 02:34:47,361] [builder.py:1982]           [INFO]     | Peacock Collection | ? | Twisted Metal (TVDB: 366532)                                              |
[2023-02-14 02:34:47,621] [builder.py:1982]           [INFO]     | Peacock Collection | ? | The Red Queen (TVDB: 309359)                                              |
[2023-02-14 02:34:47,806] [builder.py:1982]           [INFO]     | Peacock Collection | ? | Siwas Dance Pop Revolution (TVDB: 412184)                                 |
[2023-02-14 02:34:48,018] [builder.py:1982]           [INFO]     | Peacock Collection | ? | The Overview (TVDB: 410682)                                               |
[2023-02-14 02:34:48,189] [builder.py:1982]           [INFO]     | Peacock Collection | ? | True Story with Ed and Randall (TVDB: 413412)                             |
[2023-02-14 02:34:48,433] [builder.py:1982]           [INFO]     | Peacock Collection | ? | Connecting... (TVDB: 387567)                                              |
[2023-02-14 02:34:48,612] [builder.py:1982]           [INFO]     | Peacock Collection | ? | Shadowland (TVDB: 424000)                                                 |
[2023-02-14 02:34:48,798] [builder.py:1982]           [INFO]     | Peacock Collection | ? | Bust Down (TVDB: 404474)                                                  |
[2023-02-14 02:34:48,993] [builder.py:1982]           [INFO]     | Peacock Collection | ? | Ted (TVDB: 404604)                                                        |
[2023-02-14 02:34:49,181] [builder.py:1982]           [INFO]     | Peacock Collection | ? | Wilmore (TVDB: 387995)                                                    |
[2023-02-14 02:34:49,346] [builder.py:1982]           [INFO]     | Peacock Collection | ? | Bupkis (TVDB: 420783)                                                     |
[2023-02-14 02:34:49,538] [builder.py:1982]           [INFO]     | Peacock Collection | ? | Lost Speedways (TVDB: 382349)                                             |
[2023-02-14 02:34:49,710] [builder.py:1982]           [INFO]     | Peacock Collection | ? | Frogger (2021) (TVDB: 397499)                                             |
[2023-02-14 02:34:49,906] [builder.py:1982]           [INFO]     | Peacock Collection | ? | Take Note (TVDB: 404698)                                                  |
[2023-02-14 02:34:50,114] [builder.py:1982]           [INFO]     | Peacock Collection | ? | Mrs. Davis (TVDB: 403623)                                                 |
[2023-02-14 02:34:50,314] [builder.py:1982]           [INFO]     | Peacock Collection | ? | Unidentified with Demi Lovato (TVDB: 402603)                              |
[2023-02-14 02:34:50,508] [builder.py:1982]           [INFO]     | Peacock Collection | ? | Joe Montana: Cool Under Pressure (TVDB: 413868)                           |
[2023-02-14 02:34:50,696] [builder.py:1982]           [INFO]     | Peacock Collection | ? | Golden: The Journey of USA's Elite Gymnasts (TVDB: 401419)                |
[2023-02-14 02:34:50,869] [builder.py:1982]           [INFO]     | Peacock Collection | ? | Those About to Die (TVDB: 422772)                                         |
[2023-02-14 02:34:51,051] [builder.py:1982]           [INFO]     | Peacock Collection | ? | Dangerous Breed: Crime. Cons. Cats. (TVDB: 427414)                        |
[2023-02-14 02:34:51,207] [builder.py:1982]           [INFO]     | Peacock Collection | ? | Crystal Lake (TVDB: 426669)                                               |
[2023-02-14 02:34:51,375] [builder.py:1982]           [INFO]     | Peacock Collection | ? | In The Know (TVDB: 425129)                                                |
[2023-02-14 02:34:51,522] [builder.py:1982]           [INFO]     | Peacock Collection | ? | 15 Candles (TVDB: 428811)                                                 |
[2023-02-14 02:34:51,703] [builder.py:1982]           [INFO]     | Peacock Collection | ? | Earnin' It: The NFL's Forward Progress (TVDB: 415139)                     |
[2023-02-14 02:34:51,892] [builder.py:1982]           [INFO]     | Peacock Collection | ? | Backyard Blowout (TVDB: 401099)                                           |
[2023-02-14 02:34:52,094] [builder.py:1982]           [INFO]     | Peacock Collection | ? | Vanderpump Dogs (TVDB: 404095)                                            |
[2023-02-14 02:34:52,328] [builder.py:1982]           [INFO]     | Peacock Collection | ? | Ex-Rated (TVDB: 408858)                                                   |
[2023-02-14 02:34:52,329] [builder.py:1986]           [INFO]     |                                                                                                    |
[2023-02-14 02:34:52,329] [builder.py:1987]           [INFO]     | 108 Shows Missing                                                                                  |
[2023-02-14 02:34:52,943] [plex_meta_manager.py:880]  [INFO]     |                                                                                                    |
[2023-02-14 02:34:52,944] [util.py:209]               [INFO]     |====================================================================================================|
[2023-02-14 02:34:52,944] [util.py:216]               [INFO]     |                                    Finished Peacock Collection                                     |
[2023-02-14 02:34:52,944] [util.py:216]               [INFO]     |                                    Collection Run Time: 0:00:30                                    |
[2023-02-14 02:34:52,945] [util.py:220]               [INFO]     |====================================================================================================|
