[2023-01-31 01:00:58,138] [util.py:209]               [INFO]     |====================================================================================================|
[2023-01-31 01:00:58,138] [util.py:216]               [INFO]     |                                      It Collection in Movies                                       |
[2023-01-31 01:00:58,139] [util.py:220]               [INFO]     |====================================================================================================|
[2023-01-31 01:00:58,139] [plex_meta_manager.py:750]  [INFO]     |                                                                                                    |
[2023-01-31 01:00:58,139] [util.py:216]               [INFO]     |===================================== Validating It Attributes =====================================|
[2023-01-31 01:00:58,140] [builder.py:265]            [DEBUG]    |                                                                                                    |
[2023-01-31 01:00:58,140] [builder.py:266]            [DEBUG]    | Validating Method: template                                                                        |
[2023-01-31 01:00:58,140] [meta.py:83]                [DEBUG]    | Value: ordereddict([('name', 'Movie'), ('collection', 477962), ('summary', 477962), ('poster', 'https://theposterdb.com/api/assets/19249')]) |
[2023-01-31 01:00:58,141] [builder.py:330]            [DEBUG]    |                                                                                                    |
[2023-01-31 01:00:58,141] [builder.py:331]            [DEBUG]    | Validating Method: sync_mode                                                                       |
[2023-01-31 01:00:58,141] [builder.py:335]            [DEBUG]    | Value: sync                                                                                        |
[2023-01-31 01:00:58,141] [builder.py:453]            [DEBUG]    |                                                                                                    |
[2023-01-31 01:00:58,142] [builder.py:454]            [DEBUG]    | Validating Method: collection_order                                                                |
[2023-01-31 01:00:58,142] [builder.py:455]            [DEBUG]    | Value: release                                                                                     |
[2023-01-31 01:00:58,142] [builder.py:472]            [DEBUG]    |                                                                                                    |
[2023-01-31 01:00:58,142] [builder.py:473]            [DEBUG]    | Validating Method: url_poster                                                                      |
[2023-01-31 01:00:58,143] [builder.py:474]            [DEBUG]    | Value: https://theposterdb.com/api/assets/19249                                                    |
[2023-01-31 01:00:58,143] [builder.py:472]            [DEBUG]    |                                                                                                    |
[2023-01-31 01:00:58,143] [builder.py:473]            [DEBUG]    | Validating Method: tmdb_collection                                                                 |
[2023-01-31 01:00:58,143] [builder.py:474]            [DEBUG]    | Value: 477962                                                                                      |
[2023-01-31 01:00:58,248] [builder.py:472]            [DEBUG]    |                                                                                                    |
[2023-01-31 01:00:58,249] [builder.py:473]            [DEBUG]    | Validating Method: tmdb_summary                                                                    |
[2023-01-31 01:00:58,249] [builder.py:474]            [DEBUG]    | Value: 477962                                                                                      |
[2023-01-31 01:00:58,249] [builder.py:472]            [DEBUG]    |                                                                                                    |
[2023-01-31 01:00:58,250] [builder.py:473]            [DEBUG]    | Validating Method: sort_title                                                                      |
[2023-01-31 01:00:58,250] [builder.py:474]            [DEBUG]    | Value: 00000f_It                                                                                   |
[2023-01-31 01:00:58,250] [builder.py:472]            [DEBUG]    |                                                                                                    |
[2023-01-31 01:00:58,251] [builder.py:473]            [DEBUG]    | Validating Method: radarr_add_missing                                                              |
[2023-01-31 01:00:58,251] [builder.py:474]            [DEBUG]    | Value: True                                                                                        |
[2023-01-31 01:00:58,440] [builder.py:619]            [INFO]     |                                                                                                    |
[2023-01-31 01:00:58,440] [builder.py:620]            [INFO]     | Validation Successful                                                                              |
[2023-01-31 01:00:58,441] [plex_meta_manager.py:758]  [INFO]     |                                                                                                    |
[2023-01-31 01:00:58,442] [util.py:216]               [INFO]     |====================================== Running It Collection =======================================|
[2023-01-31 01:00:58,442] [plex_meta_manager.py:773]  [INFO]     |                                                                                                    |
[2023-01-31 01:00:58,442] [plex_meta_manager.py:774]  [INFO]     | Sync Mode: sync                                                                                    |
[2023-01-31 01:00:58,443] [builder.py:1275]           [DEBUG]    |                                                                                                    |
[2023-01-31 01:00:58,443] [builder.py:1276]           [DEBUG]    | Builder: tmdb_collection: 477962                                                                   |
[2023-01-31 01:00:58,443] [builder.py:1277]           [INFO]     |                                                                                                    |
[2023-01-31 01:00:58,444] [tmdb.py:323]               [INFO]     | Processing TMDb Collection: (477962) It Collection (2 Items)                                       |
[2023-01-31 01:00:58,444] [builder.py:1282]           [DEBUG]    |                                                                                                    |
[2023-01-31 01:00:58,444] [builder.py:1283]           [DEBUG]    | 2 IDs Found: [(474350, 'tmdb'), (346364, 'tmdb')]                                                  |
[2023-01-31 01:00:58,445] [builder.py:1284]           [DEBUG]    |                                                                                                    |
[2023-01-31 01:00:58,499] [builder.py:1697]           [INFO]     |                                                                                                    |
[2023-01-31 01:00:58,499] [util.py:216]               [INFO]     |===================================== Adding to It Collection ======================================|
[2023-01-31 01:00:58,500] [builder.py:1699]           [INFO]     |                                                                                                    |
[2023-01-31 01:00:58,500] [builder.py:1709]           [INFO]     | 1/2 | It Collection | = | It Chapter Two (2019)                                                    |
[2023-01-31 01:00:58,500] [builder.py:1709]           [INFO]     | 2/2 | It Collection | = | It (2017)                                                                |
[2023-01-31 01:00:58,501] [builder.py:1734]           [INFO]     |                                                                                                    |
[2023-01-31 01:00:58,501] [builder.py:1735]           [INFO]     | 2 Movies Processed                                                                                 |
[2023-01-31 01:00:58,506] [builder.py:2147]           [INFO]     |                                                                                                    |
[2023-01-31 01:00:58,506] [util.py:216]               [INFO]     |================================ Updating Details of It Collection =================================|
[2023-01-31 01:00:58,507] [builder.py:2149]           [INFO]     |                                                                                                    |
[2023-01-31 01:00:58,507] [builder.py:2156]           [INFO]     | Detail: tmdb_summary updated Collection Summary                                                    |
[2023-01-31 01:00:58,508] [builder.py:2258]           [DEBUG]    | 1 posters found:                                                                                   |
[2023-01-31 01:00:58,508] [builder.py:2260]           [DEBUG]    | Method: url_poster Poster: https://theposterdb.com/api/assets/19249                                |
[2023-01-31 01:00:58,508] [builder.py:2327]           [INFO]     | No background collection detail or asset folder found                                              |
[2023-01-31 01:00:58,509] [library.py:147]            [INFO]     | Detail: poster update not needed                                                                   |
[2023-01-31 01:00:58,695] [plex_meta_manager.py:880]  [INFO]     |                                                                                                    |
[2023-01-31 01:00:58,696] [util.py:209]               [INFO]     |====================================================================================================|
[2023-01-31 01:00:58,696] [util.py:216]               [INFO]     |                                       Finished It Collection                                       |
[2023-01-31 01:00:58,697] [util.py:216]               [INFO]     |                                    Collection Run Time: 0:00:00                                    |
[2023-01-31 01:00:58,697] [util.py:220]               [INFO]     |====================================================================================================|
