[2023-02-14 02:47:02,718] [util.py:209]               [INFO]     |====================================================================================================|
[2023-02-14 02:47:02,718] [util.py:216]               [INFO]     |                                 4K Overlay Collection in TV Shows                                  |
[2023-02-14 02:47:02,719] [util.py:220]               [INFO]     |====================================================================================================|
[2023-02-14 02:47:02,719] [plex_meta_manager.py:750]  [INFO]     |                                                                                                    |
[2023-02-14 02:47:02,719] [util.py:216]               [INFO]     |================================= Validating 4K Overlay Attributes =================================|
[2023-02-14 02:47:02,719] [builder.py:323]            [DEBUG]    |                                                                                                    |
[2023-02-14 02:47:02,720] [builder.py:324]            [DEBUG]    | Validating Method: build_collection                                                                |
[2023-02-14 02:47:02,720] [builder.py:325]            [DEBUG]    | Value: False                                                                                       |
[2023-02-14 02:47:02,720] [builder.py:472]            [DEBUG]    |                                                                                                    |
[2023-02-14 02:47:02,720] [builder.py:473]            [DEBUG]    | Validating Method: plex_search                                                                     |
[2023-02-14 02:47:02,721] [builder.py:474]            [DEBUG]    | Value: ordereddict([('all', ordereddict([('resolution', '4K'), ('hdr', False)]))])                 |
[2023-02-14 02:47:02,741] [builder.py:472]            [DEBUG]    |                                                                                                    |
[2023-02-14 02:47:02,742] [builder.py:473]            [DEBUG]    | Validating Method: item_overlay                                                                    |
[2023-02-14 02:47:02,742] [builder.py:474]            [DEBUG]    | Value: 4K                                                                                          |
[2023-02-14 02:47:02,742] [builder.py:472]            [DEBUG]    |                                                                                                    |
[2023-02-14 02:47:02,742] [builder.py:473]            [DEBUG]    | Validating Method: create_asset_folders                                                            |
[2023-02-14 02:47:02,743] [builder.py:474]            [DEBUG]    | Value: False                                                                                       |
[2023-02-14 02:47:02,743] [builder.py:619]            [INFO]     |                                                                                                    |
[2023-02-14 02:47:02,743] [builder.py:620]            [INFO]     | Validation Successful                                                                              |
[2023-02-14 02:47:02,743] [plex_meta_manager.py:758]  [INFO]     |                                                                                                    |
[2023-02-14 02:47:02,744] [util.py:216]               [INFO]     |================================== Running 4K Overlay Collection ===================================|
[2023-02-14 02:47:02,744] [plex_meta_manager.py:773]  [INFO]     |                                                                                                    |
[2023-02-14 02:47:02,744] [plex_meta_manager.py:774]  [INFO]     | Sync Mode: append                                                                                  |
[2023-02-14 02:47:02,744] [builder.py:1275]           [DEBUG]    |                                                                                                    |
[2023-02-14 02:47:02,745] [builder.py:1276]           [DEBUG]    | Builder: plex_search: (2, 'Plex Show Search\nSort By: title.asc\nFilter:\n  Match all of the following:\n    Resolution is 4K\n    HDR is false', '?type=2&sort=titleSort&episode.resolution=4k&and=1&episode.hdr!=1') |
[2023-02-14 02:47:02,745] [builder.py:1277]           [INFO]     |                                                                                                    |
[2023-02-14 02:47:02,745] [util.py:161]               [INFO]     | Plex Show Search                                                                                   |
[2023-02-14 02:47:02,745] [util.py:161]               [INFO]     | Sort By: title.asc                                                                                 |
[2023-02-14 02:47:02,746] [util.py:161]               [INFO]     | Filter:                                                                                            |
[2023-02-14 02:47:02,746] [util.py:161]               [INFO]     |   Match all of the following:                                                                      |
[2023-02-14 02:47:02,746] [util.py:161]               [INFO]     |     Resolution is 4K                                                                               |
[2023-02-14 02:47:02,746] [util.py:161]               [INFO]     |     HDR is false                                                                                   |
[2023-02-14 02:47:02,796] [plex.py:748]               [DEBUG]    |                                                                                                    |
[2023-02-14 02:47:02,796] [plex.py:749]               [DEBUG]    | 19 Keys Found: [(109512, 'ratingKey'), (107106, 'ratingKey'), (106461, 'ratingKey'), (106574, 'ratingKey'), (109107, 'ratingKey'), (111831, 'ratingKey'), (110378, 'ratingKey'), (119520, 'ratingKey'), (106964, 'ratingKey'), (128118, 'ratingKey'), (110850, 'ratingKey'), (119184, 'ratingKey'), (108245, 'ratingKey'), (122905, 'ratingKey'), (120274, 'ratingKey'), (119230, 'ratingKey'), (107726, 'ratingKey'), (119300, 'ratingKey'), (106843, 'ratingKey')] |
[2023-02-14 02:47:02,797] [builder.py:1282]           [DEBUG]    |                                                                                                    |
[2023-02-14 02:47:02,797] [builder.py:1283]           [DEBUG]    | 19 IDs Found: [(109512, 'ratingKey'), (107106, 'ratingKey'), (106461, 'ratingKey'), (106574, 'ratingKey'), (109107, 'ratingKey'), (111831, 'ratingKey'), (110378, 'ratingKey'), (119520, 'ratingKey'), (106964, 'ratingKey'), (128118, 'ratingKey'), (110850, 'ratingKey'), (119184, 'ratingKey'), (108245, 'ratingKey'), (122905, 'ratingKey'), (120274, 'ratingKey'), (119230, 'ratingKey'), (107726, 'ratingKey'), (119300, 'ratingKey'), (106843, 'ratingKey')] |
[2023-02-14 02:47:02,797] [builder.py:1284]           [DEBUG]    |                                                                                                    |
[2023-02-14 02:47:03,110] [builder.py:2015]           [INFO]     |                                                                                                    |
[2023-02-14 02:47:03,110] [util.py:216]               [INFO]     |============================== Items Found for 4K Overlay Collection ===============================|
[2023-02-14 02:47:03,110] [builder.py:2017]           [INFO]     |                                                                                                    |
[2023-02-14 02:47:03,110] [builder.py:2023]           [INFO]     |                                                                                                    |
[2023-02-14 02:47:03,111] [util.py:216]               [INFO]     |====================== Updating Details of the Items in 4K Overlay Collection ======================|
[2023-02-14 02:47:03,111] [builder.py:2025]           [INFO]     |                                                                                                    |
[2023-02-14 02:47:04,348] [builder.py:2067]           [ERROR]    | Overlay Error: Poster already has an existing Overlay: 4K-HDR Overlay                              |
[2023-02-14 02:47:04,389] [builder.py:2067]           [ERROR]    | Overlay Error: Poster already has an existing Overlay: 4K-HDR Overlay                              |
[2023-02-14 02:47:05,151] [plex_meta_manager.py:880]  [INFO]     |                                                                                                    |
[2023-02-14 02:47:05,151] [util.py:209]               [INFO]     |====================================================================================================|
[2023-02-14 02:47:05,151] [util.py:216]               [INFO]     |                                   Finished 4K Overlay Collection                                   |
[2023-02-14 02:47:05,152] [util.py:216]               [INFO]     |                                    Collection Run Time: 0:00:02                                    |
[2023-02-14 02:47:05,152] [util.py:220]               [INFO]     |====================================================================================================|
