[2023-02-02 02:15:37,441] [util.py:209]               [INFO]     |====================================================================================================|
[2023-02-02 02:15:37,441] [util.py:216]               [INFO]     |                               4K-HDR Overlay Collection in TV Shows                                |
[2023-02-02 02:15:37,441] [util.py:220]               [INFO]     |====================================================================================================|
[2023-02-02 02:15:37,441] [plex_meta_manager.py:750]  [INFO]     |                                                                                                    |
[2023-02-02 02:15:37,442] [util.py:216]               [INFO]     |=============================== Validating 4K-HDR Overlay Attributes ===============================|
[2023-02-02 02:15:37,442] [builder.py:323]            [DEBUG]    |                                                                                                    |
[2023-02-02 02:15:37,442] [builder.py:324]            [DEBUG]    | Validating Method: build_collection                                                                |
[2023-02-02 02:15:37,443] [builder.py:325]            [DEBUG]    | Value: False                                                                                       |
[2023-02-02 02:15:37,443] [builder.py:472]            [DEBUG]    |                                                                                                    |
[2023-02-02 02:15:37,443] [builder.py:473]            [DEBUG]    | Validating Method: plex_search                                                                     |
[2023-02-02 02:15:37,443] [builder.py:474]            [DEBUG]    | Value: ordereddict([('all', ordereddict([('resolution', '4K'), ('hdr', True)]))])                  |
[2023-02-02 02:15:37,454] [builder.py:472]            [DEBUG]    |                                                                                                    |
[2023-02-02 02:15:37,454] [builder.py:473]            [DEBUG]    | Validating Method: item_overlay                                                                    |
[2023-02-02 02:15:37,455] [builder.py:474]            [DEBUG]    | Value: 4K-HDR                                                                                      |
[2023-02-02 02:15:37,456] [builder.py:472]            [DEBUG]    |                                                                                                    |
[2023-02-02 02:15:37,456] [builder.py:473]            [DEBUG]    | Validating Method: create_asset_folders                                                            |
[2023-02-02 02:15:37,456] [builder.py:474]            [DEBUG]    | Value: False                                                                                       |
[2023-02-02 02:15:37,456] [builder.py:619]            [INFO]     |                                                                                                    |
[2023-02-02 02:15:37,457] [builder.py:620]            [INFO]     | Validation Successful                                                                              |
[2023-02-02 02:15:37,458] [plex_meta_manager.py:758]  [INFO]     |                                                                                                    |
[2023-02-02 02:15:37,458] [util.py:216]               [INFO]     |================================ Running 4K-HDR Overlay Collection =================================|
[2023-02-02 02:15:37,459] [plex_meta_manager.py:773]  [INFO]     |                                                                                                    |
[2023-02-02 02:15:37,459] [plex_meta_manager.py:774]  [INFO]     | Sync Mode: append                                                                                  |
[2023-02-02 02:15:37,459] [builder.py:1275]           [DEBUG]    |                                                                                                    |
[2023-02-02 02:15:37,460] [builder.py:1276]           [DEBUG]    | Builder: plex_search: (2, 'Plex Show Search\nSort By: title.asc\nFilter:\n  Match all of the following:\n    Resolution is 4K\n    HDR is true', '?type=2&sort=titleSort&episode.resolution=4k&and=1&episode.hdr=1') |
[2023-02-02 02:15:37,460] [builder.py:1277]           [INFO]     |                                                                                                    |
[2023-02-02 02:15:37,460] [util.py:161]               [INFO]     | Plex Show Search                                                                                   |
[2023-02-02 02:15:37,460] [util.py:161]               [INFO]     | Sort By: title.asc                                                                                 |
[2023-02-02 02:15:37,461] [util.py:161]               [INFO]     | Filter:                                                                                            |
[2023-02-02 02:15:37,461] [util.py:161]               [INFO]     |   Match all of the following:                                                                      |
[2023-02-02 02:15:37,461] [util.py:161]               [INFO]     |     Resolution is 4K                                                                               |
[2023-02-02 02:15:37,461] [util.py:161]               [INFO]     |     HDR is true                                                                                    |
[2023-02-02 02:15:37,519] [plex.py:748]               [DEBUG]    |                                                                                                    |
[2023-02-02 02:15:37,520] [plex.py:749]               [DEBUG]    | 33 Keys Found: [(120490, 'ratingKey'), (111599, 'ratingKey'), (120228, 'ratingKey'), (119264, 'ratingKey'), (106538, 'ratingKey'), (121254, 'ratingKey'), (119873, 'ratingKey'), (123034, 'ratingKey'), (109312, 'ratingKey'), (111246, 'ratingKey'), (109107, 'ratingKey'), (123058, 'ratingKey'), (119203, 'ratingKey'), (110678, 'ratingKey'), (107440, 'ratingKey'), (122206, 'ratingKey'), (119169, 'ratingKey'), (128118, 'ratingKey'), (121236, 'ratingKey'), (110850, 'ratingKey'), (106703, 'ratingKey'), (120927, 'ratingKey'), (120540, 'ratingKey'), (119238, 'ratingKey'), (119184, 'ratingKey'), (119404, 'ratingKey'), (119219, 'ratingKey'), (119321, 'ratingKey'), (120596, 'ratingKey'), (107692, 'ratingKey'), (121839, 'ratingKey'), (106660, 'ratingKey'), (106843, 'ratingKey')] |
[2023-02-02 02:15:37,520] [builder.py:1282]           [DEBUG]    |                                                                                                    |
[2023-02-02 02:15:37,520] [builder.py:1283]           [DEBUG]    | 33 IDs Found: [(120490, 'ratingKey'), (111599, 'ratingKey'), (120228, 'ratingKey'), (119264, 'ratingKey'), (106538, 'ratingKey'), (121254, 'ratingKey'), (119873, 'ratingKey'), (123034, 'ratingKey'), (109312, 'ratingKey'), (111246, 'ratingKey'), (109107, 'ratingKey'), (123058, 'ratingKey'), (119203, 'ratingKey'), (110678, 'ratingKey'), (107440, 'ratingKey'), (122206, 'ratingKey'), (119169, 'ratingKey'), (128118, 'ratingKey'), (121236, 'ratingKey'), (110850, 'ratingKey'), (106703, 'ratingKey'), (120927, 'ratingKey'), (120540, 'ratingKey'), (119238, 'ratingKey'), (119184, 'ratingKey'), (119404, 'ratingKey'), (119219, 'ratingKey'), (119321, 'ratingKey'), (120596, 'ratingKey'), (107692, 'ratingKey'), (121839, 'ratingKey'), (106660, 'ratingKey'), (106843, 'ratingKey')] |
[2023-02-02 02:15:37,521] [builder.py:1284]           [DEBUG]    |                                                                                                    |
[2023-02-02 02:15:38,196] [builder.py:2015]           [INFO]     |                                                                                                    |
[2023-02-02 02:15:38,197] [util.py:216]               [INFO]     |============================ Items Found for 4K-HDR Overlay Collection =============================|
[2023-02-02 02:15:38,197] [builder.py:2017]           [INFO]     |                                                                                                    |
[2023-02-02 02:15:38,197] [builder.py:2023]           [INFO]     |                                                                                                    |
[2023-02-02 02:15:38,198] [util.py:216]               [INFO]     |==================== Updating Details of the Items in 4K-HDR Overlay Collection ====================|
[2023-02-02 02:15:38,198] [builder.py:2025]           [INFO]     |                                                                                                    |
[2023-02-02 02:15:38,831] [builder.py:2067]           [ERROR]    | Overlay Error: Poster already has an existing Overlay: 4K Overlay                                  |
[2023-02-02 02:15:39,672] [library.py:179]            [INFO]     | Detail: Overlay: 4K-HDR applied to The Last of Us                                                  |
[2023-02-02 02:15:39,982] [builder.py:2067]           [ERROR]    | Overlay Error: Poster already has an existing Overlay: 4K Overlay                                  |
[2023-02-02 02:15:40,578] [builder.py:2067]           [ERROR]    | Overlay Error: Poster already has an existing Overlay: 4K Overlay                                  |
[2023-02-02 02:15:40,578] [plex_meta_manager.py:880]  [INFO]     |                                                                                                    |
[2023-02-02 02:15:40,579] [util.py:209]               [INFO]     |====================================================================================================|
[2023-02-02 02:15:40,579] [util.py:216]               [INFO]     |                                 Finished 4K-HDR Overlay Collection                                 |
[2023-02-02 02:15:40,579] [util.py:216]               [INFO]     |                                    Collection Run Time: 0:00:03                                    |
[2023-02-02 02:15:40,579] [util.py:220]               [INFO]     |====================================================================================================|
