[2023-02-28 14:19:45,721] [util.py:209]               [INFO]     |====================================================================================================|
[2023-02-28 14:19:45,722] [util.py:216]               [INFO]     |                                     Music Collection in Movies                                     |
[2023-02-28 14:19:45,722] [util.py:220]               [INFO]     |====================================================================================================|
[2023-02-28 14:19:45,722] [plex_meta_manager.py:750]  [INFO]     |                                                                                                    |
[2023-02-28 14:19:45,723] [util.py:216]               [INFO]     |=================================== Validating Music Attributes ====================================|
[2023-02-28 14:19:45,723] [builder.py:265]            [DEBUG]    |                                                                                                    |
[2023-02-28 14:19:45,723] [builder.py:266]            [DEBUG]    | Validating Method: template                                                                        |
[2023-02-28 14:19:45,724] [meta.py:83]                [DEBUG]    | Value: ordereddict([('name', 'Other Genre'), ('poster', 'https://theposterdb.com/api/assets/51398')]) |
[2023-02-28 14:19:45,724] [builder.py:330]            [DEBUG]    |                                                                                                    |
[2023-02-28 14:19:45,724] [builder.py:331]            [DEBUG]    | Validating Method: sync_mode                                                                       |
[2023-02-28 14:19:45,724] [builder.py:335]            [DEBUG]    | Value: sync                                                                                        |
[2023-02-28 14:19:45,725] [builder.py:453]            [DEBUG]    |                                                                                                    |
[2023-02-28 14:19:45,725] [builder.py:454]            [DEBUG]    | Validating Method: collection_order                                                                |
[2023-02-28 14:19:45,725] [builder.py:455]            [DEBUG]    | Value: alpha                                                                                       |
[2023-02-28 14:19:45,725] [builder.py:472]            [DEBUG]    |                                                                                                    |
[2023-02-28 14:19:45,726] [builder.py:473]            [DEBUG]    | Validating Method: imdb_list                                                                       |
[2023-02-28 14:19:45,726] [builder.py:474]            [DEBUG]    | Value: [ordereddict([('url', 'https://www.imdb.com/search/title/?title_type=feature&release_date=1990-01-01,&user_rating=5.0,10.0&num_votes=100000,&genres=music'), ('limit', 200)]), ordereddict([('url', 'https://www.imdb.com/search/title/?title_type=feature&release_date=1990-01-01,&user_rating=5.0,10.0&num_votes=100000,&genres=music&sort=user_rating,desc'), ('limit', 200)])] |
[2023-02-28 14:19:46,981] [builder.py:472]            [DEBUG]    |                                                                                                    |
[2023-02-28 14:19:46,981] [builder.py:473]            [DEBUG]    | Validating Method: summary                                                                         |
[2023-02-28 14:19:46,982] [builder.py:474]            [DEBUG]    | Value: Music film is genre that revolves around music being an integral part of the characters lives. |
[2023-02-28 14:19:46,982] [builder.py:472]            [DEBUG]    |                                                                                                    |
[2023-02-28 14:19:46,982] [builder.py:473]            [DEBUG]    | Validating Method: sort_title                                                                      |
[2023-02-28 14:19:46,982] [builder.py:474]            [DEBUG]    | Value: 00000d_Music                                                                                |
[2023-02-28 14:19:46,983] [builder.py:472]            [DEBUG]    |                                                                                                    |
[2023-02-28 14:19:46,983] [builder.py:473]            [DEBUG]    | Validating Method: url_poster                                                                      |
[2023-02-28 14:19:46,983] [builder.py:474]            [DEBUG]    | Value: https://theposterdb.com/api/assets/51398                                                    |
[2023-02-28 14:19:47,226] [builder.py:619]            [INFO]     |                                                                                                    |
[2023-02-28 14:19:47,226] [builder.py:620]            [INFO]     | Validation Successful                                                                              |
[2023-02-28 14:19:47,230] [plex_meta_manager.py:758]  [INFO]     |                                                                                                    |
[2023-02-28 14:19:47,230] [util.py:216]               [INFO]     |===================================== Running Music Collection =====================================|
[2023-02-28 14:19:47,230] [plex_meta_manager.py:773]  [INFO]     |                                                                                                    |
[2023-02-28 14:19:47,230] [plex_meta_manager.py:774]  [INFO]     | Sync Mode: sync                                                                                    |
[2023-02-28 14:19:47,231] [builder.py:1275]           [DEBUG]    |                                                                                                    |
[2023-02-28 14:19:47,231] [builder.py:1276]           [DEBUG]    | Builder: imdb_list: {'url': 'https://www.imdb.com/search/title/?title_type=feature&release_date=1990-01-01,&user_rating=5.0,10.0&num_votes=100000,&genres=music', 'limit': 200} |
[2023-02-28 14:19:47,231] [builder.py:1277]           [INFO]     |                                                                                                    |
[2023-02-28 14:19:47,232] [imdb.py:158]               [INFO]     | Processing IMDb List: 200 Items at https://www.imdb.com/search/title/?title_type=feature&release_date=1990-01-01,&user_rating=5.0,10.0&num_votes=100000,&genres=music |
[2023-02-28 14:19:50,456] [imdb.py:127]               [DEBUG]    | 48 IMDb IDs Found: ['tt3704428', 'tt2582802', 'tt3783958', 'tt6966692', 'tt10366460', 'tt0181875', 'tt1981677', 'tt0332379', 'tt0253474', 'tt3890160', 'tt1517451', 'tt1727824', 'tt0120888', 'tt2380307', 'tt0105793', 'tt0298203', 'tt0190590', 'tt0358273', 'tt2948372', 'tt0200550', 'tt1398426', 'tt0103855', 'tt2848292', 'tt5363618', 'tt0120855', 'tt1436562', 'tt8079248', 'tt4062536', 'tt1980929', 'tt0146882', 'tt0462590', 'tt0322330', 'tt1355630', 'tt2042568', 'tt0396555', 'tt0249462', 'tt0105417', 'tt0445922', 'tt0350258', 'tt0366548', 'tt0451079', 'tt0108394', 'tt1226229', 'tt1131729', 'tt0907657', 'tt0426931', 'tt0365830', 'tt0758766'] |
[2023-02-28 14:19:50,457] [builder.py:1282]           [DEBUG]    |                                                                                                    |
[2023-02-28 14:19:50,457] [builder.py:1283]           [DEBUG]    | 48 IDs Found: [('tt3704428', 'imdb'), ('tt2582802', 'imdb'), ('tt3783958', 'imdb'), ('tt6966692', 'imdb'), ('tt10366460', 'imdb'), ('tt0181875', 'imdb'), ('tt1981677', 'imdb'), ('tt0332379', 'imdb'), ('tt0253474', 'imdb'), ('tt3890160', 'imdb'), ('tt1517451', 'imdb'), ('tt1727824', 'imdb'), ('tt0120888', 'imdb'), ('tt2380307', 'imdb'), ('tt0105793', 'imdb'), ('tt0298203', 'imdb'), ('tt0190590', 'imdb'), ('tt0358273', 'imdb'), ('tt2948372', 'imdb'), ('tt0200550', 'imdb'), ('tt1398426', 'imdb'), ('tt0103855', 'imdb'), ('tt2848292', 'imdb'), ('tt5363618', 'imdb'), ('tt0120855', 'imdb'), ('tt1436562', 'imdb'), ('tt8079248', 'imdb'), ('tt4062536', 'imdb'), ('tt1980929', 'imdb'), ('tt0146882', 'imdb'), ('tt0462590', 'imdb'), ('tt0322330', 'imdb'), ('tt1355630', 'imdb'), ('tt2042568', 'imdb'), ('tt0396555', 'imdb'), ('tt0249462', 'imdb'), ('tt0105417', 'imdb'), ('tt0445922', 'imdb'), ('tt0350258', 'imdb'), ('tt0366548', 'imdb'), ('tt0451079', 'imdb'), ('tt0108394', 'imdb'), ('tt1226229', 'imdb'), ('tt1131729', 'imdb'), ('tt0907657', 'imdb'), ('tt0426931', 'imdb'), ('tt0365830', 'imdb'), ('tt0758766', 'imdb')] |
[2023-02-28 14:19:50,457] [builder.py:1284]           [DEBUG]    |                                                                                                    |
[2023-02-28 14:19:50,895] [builder.py:1275]           [DEBUG]    |                                                                                                    |
[2023-02-28 14:19:50,896] [builder.py:1276]           [DEBUG]    | Builder: imdb_list: {'url': 'https://www.imdb.com/search/title/?title_type=feature&release_date=1990-01-01,&user_rating=5.0,10.0&num_votes=100000,&genres=music&sort=user_rating,desc', 'limit': 200} |
[2023-02-28 14:19:50,896] [builder.py:1277]           [INFO]     |                                                                                                    |
[2023-02-28 14:19:50,896] [imdb.py:158]               [INFO]     | Processing IMDb List: 200 Items at https://www.imdb.com/search/title/?title_type=feature&release_date=1990-01-01,&user_rating=5.0,10.0&num_votes=100000,&genres=music&sort=user_rating,desc |
[2023-02-28 14:19:54,084] [imdb.py:127]               [DEBUG]    | 48 IMDb IDs Found: ['tt2582802', 'tt0253474', 'tt2380307', 'tt6966692', 'tt3783958', 'tt10366460', 'tt2948372', 'tt0181875', 'tt1727824', 'tt0108394', 'tt0358273', 'tt1398426', 'tt0907657', 'tt0190590', 'tt5363618', 'tt0249462', 'tt0350258', 'tt3890160', 'tt1517451', 'tt1980929', 'tt0146882', 'tt2042568', 'tt0426931', 'tt3704428', 'tt0120855', 'tt0445922', 'tt1131729', 'tt0332379', 'tt0298203', 'tt1981677', 'tt0105793', 'tt4062536', 'tt0120888', 'tt1436562', 'tt8079248', 'tt0396555', 'tt0451079', 'tt0365830', 'tt1355630', 'tt0462590', 'tt0105417', 'tt0758766', 'tt2848292', 'tt0366548', 'tt0103855', 'tt0322330', 'tt1226229', 'tt0200550'] |
[2023-02-28 14:19:54,084] [builder.py:1282]           [DEBUG]    |                                                                                                    |
[2023-02-28 14:19:54,084] [builder.py:1283]           [DEBUG]    | 48 IDs Found: [('tt2582802', 'imdb'), ('tt0253474', 'imdb'), ('tt2380307', 'imdb'), ('tt6966692', 'imdb'), ('tt3783958', 'imdb'), ('tt10366460', 'imdb'), ('tt2948372', 'imdb'), ('tt0181875', 'imdb'), ('tt1727824', 'imdb'), ('tt0108394', 'imdb'), ('tt0358273', 'imdb'), ('tt1398426', 'imdb'), ('tt0907657', 'imdb'), ('tt0190590', 'imdb'), ('tt5363618', 'imdb'), ('tt0249462', 'imdb'), ('tt0350258', 'imdb'), ('tt3890160', 'imdb'), ('tt1517451', 'imdb'), ('tt1980929', 'imdb'), ('tt0146882', 'imdb'), ('tt2042568', 'imdb'), ('tt0426931', 'imdb'), ('tt3704428', 'imdb'), ('tt0120855', 'imdb'), ('tt0445922', 'imdb'), ('tt1131729', 'imdb'), ('tt0332379', 'imdb'), ('tt0298203', 'imdb'), ('tt1981677', 'imdb'), ('tt0105793', 'imdb'), ('tt4062536', 'imdb'), ('tt0120888', 'imdb'), ('tt1436562', 'imdb'), ('tt8079248', 'imdb'), ('tt0396555', 'imdb'), ('tt0451079', 'imdb'), ('tt0365830', 'imdb'), ('tt1355630', 'imdb'), ('tt0462590', 'imdb'), ('tt0105417', 'imdb'), ('tt0758766', 'imdb'), ('tt2848292', 'imdb'), ('tt0366548', 'imdb'), ('tt0103855', 'imdb'), ('tt0322330', 'imdb'), ('tt1226229', 'imdb'), ('tt0200550', 'imdb')] |
[2023-02-28 14:19:54,085] [builder.py:1284]           [DEBUG]    |                                                                                                    |
[2023-02-28 14:19:54,502] [builder.py:1697]           [INFO]     |                                                                                                    |
[2023-02-28 14:19:54,502] [util.py:216]               [INFO]     |==================================== Adding to Music Collection ====================================|
[2023-02-28 14:19:54,502] [builder.py:1699]           [INFO]     |                                                                                                    |
[2023-02-28 14:19:54,502] [builder.py:1709]           [INFO]     |  1/18 | Music Collection | = | Elvis (2022)                                                        |
[2023-02-28 14:19:54,503] [builder.py:1709]           [INFO]     |  2/18 | Music Collection | = | Whiplash (2014)                                                     |
[2023-02-28 14:19:54,503] [builder.py:1709]           [INFO]     |  3/18 | Music Collection | = | La La Land (2016)                                                   |
[2023-02-28 14:19:54,503] [builder.py:1709]           [INFO]     |  4/18 | Music Collection | = | Green Book (2018)                                                   |
[2023-02-28 14:19:54,504] [builder.py:1709]           [INFO]     |  5/18 | Music Collection | = | CODA (2021)                                                         |
[2023-02-28 14:19:54,504] [builder.py:1709]           [INFO]     |  6/18 | Music Collection | = | Almost Famous (2000)                                                |
[2023-02-28 14:19:54,505] [builder.py:1709]           [INFO]     |  7/18 | Music Collection | = | The Pianist (2002)                                                  |
[2023-02-28 14:19:54,505] [builder.py:1709]           [INFO]     |  8/18 | Music Collection | = | Baby Driver (2017)                                                  |
[2023-02-28 14:19:54,505] [builder.py:1709]           [INFO]     |  9/18 | Music Collection | = | A Star Is Born (2018)                                               |
[2023-02-28 14:19:54,506] [builder.py:1709]           [INFO]     | 10/18 | Music Collection | = | Bohemian Rhapsody (2018)                                            |
[2023-02-28 14:19:54,506] [builder.py:1709]           [INFO]     | 11/18 | Music Collection | = | Coco (2017)                                                         |
[2023-02-28 14:19:54,506] [builder.py:1709]           [INFO]     | 12/18 | Music Collection | = | Wayne's World (1992)                                                |
[2023-02-28 14:19:54,507] [builder.py:1709]           [INFO]     | 13/18 | Music Collection | = | Soul (2020)                                                         |
[2023-02-28 14:19:54,507] [builder.py:1709]           [INFO]     | 14/18 | Music Collection | = | Sound of Metal (2020)                                               |
[2023-02-28 14:19:54,507] [builder.py:1709]           [INFO]     | 15/18 | Music Collection | = | Tarzan (1999)                                                       |
[2023-02-28 14:19:54,507] [builder.py:1709]           [INFO]     | 16/18 | Music Collection | = | Green Room (2016)                                                   |
[2023-02-28 14:19:54,508] [builder.py:1709]           [INFO]     | 17/18 | Music Collection | = | Freaky Friday (2003)                                                |
[2023-02-28 14:19:54,508] [builder.py:1709]           [INFO]     | 18/18 | Music Collection | = | Tenacious D in the Pick of Destiny (2006)                           |
[2023-02-28 14:19:54,508] [builder.py:1734]           [INFO]     |                                                                                                    |
[2023-02-28 14:19:54,509] [builder.py:1735]           [INFO]     | 18 Movies Processed                                                                                |
[2023-02-28 14:19:54,509] [builder.py:1929]           [INFO]     |                                                                                                    |
[2023-02-28 14:19:54,509] [util.py:216]               [INFO]     |================================ Missing Movies from Library: Music ================================|
[2023-02-28 14:19:54,509] [builder.py:1931]           [INFO]     |                                                                                                    |
[2023-02-28 14:19:54,511] [builder.py:1943]           [INFO]     | Music Collection | ? | Pitch Perfect (2012) (TMDb: 114150)                                         |
[2023-02-28 14:19:54,513] [builder.py:1943]           [INFO]     | Music Collection | ? | School of Rock (2003) (TMDb: 1584)                                          |
[2023-02-28 14:19:54,514] [builder.py:1943]           [INFO]     | Music Collection | ? | The Wedding Singer (1998) (TMDb: 11003)                                     |
[2023-02-28 14:19:54,647] [builder.py:1943]           [INFO]     | Music Collection | ? | 8 Mile (2002) (TMDb: 65)                                                    |
[2023-02-28 14:19:54,649] [builder.py:1943]           [INFO]     | Music Collection | ? | O Brother, Where Art Thou? (2000) (TMDb: 134)                               |
[2023-02-28 14:19:54,775] [builder.py:1943]           [INFO]     | Music Collection | ? | Walk the Line (2005) (TMDb: 69)                                             |
[2023-02-28 14:19:54,776] [builder.py:1943]           [INFO]     | Music Collection | ? | Coyote Ugly (2000) (TMDb: 6282)                                             |
[2023-02-28 14:19:54,777] [builder.py:1943]           [INFO]     | Music Collection | ? | Straight Outta Compton (2015) (TMDb: 277216)                                |
[2023-02-28 14:19:54,921] [builder.py:1943]           [INFO]     | Music Collection | ? | The Bodyguard (1992) (TMDb: 619)                                            |
[2023-02-28 14:19:54,923] [builder.py:1943]           [INFO]     | Music Collection | ? | Pitch Perfect 2 (2015) (TMDb: 254470)                                       |
[2023-02-28 14:19:54,926] [builder.py:1943]           [INFO]     | Music Collection | ? | Rio (2011) (TMDb: 46195)                                                    |
[2023-02-28 14:19:55,080] [builder.py:1943]           [INFO]     | Music Collection | ? | Yesterday (2019) (TMDb: 515195)                                             |
[2023-02-28 14:19:55,201] [builder.py:1943]           [INFO]     | Music Collection | ? | Begin Again (2013) (TMDb: 198277)                                           |
[2023-02-28 14:19:55,203] [builder.py:1943]           [INFO]     | Music Collection | ? | High Fidelity (2000) (TMDb: 243)                                            |
[2023-02-28 14:19:55,204] [builder.py:1943]           [INFO]     | Music Collection | ? | Step Up (2006) (TMDb: 9762)                                                 |
[2023-02-28 14:19:55,205] [builder.py:1943]           [INFO]     | Music Collection | ? | If I Stay (2014) (TMDb: 249164)                                             |
[2023-02-28 14:19:55,328] [builder.py:1943]           [INFO]     | Music Collection | ? | Inside Llewyn Davis (2013) (TMDb: 86829)                                    |
[2023-02-28 14:19:55,329] [builder.py:1943]           [INFO]     | Music Collection | ? | Meet the Robinsons (2007) (TMDb: 1267)                                      |
[2023-02-28 14:19:55,331] [builder.py:1943]           [INFO]     | Music Collection | ? | Billy Elliot (2000) (TMDb: 71)                                              |
[2023-02-28 14:19:55,332] [builder.py:1943]           [INFO]     | Music Collection | ? | Sister Act (1992) (TMDb: 2005)                                              |
[2023-02-28 14:19:55,430] [builder.py:1943]           [INFO]     | Music Collection | ? | Across the Universe (2007) (TMDb: 4688)                                     |
[2023-02-28 14:19:55,432] [builder.py:1943]           [INFO]     | Music Collection | ? | Ray (2004) (TMDb: 1677)                                                     |
[2023-02-28 14:19:55,435] [builder.py:1943]           [INFO]     | Music Collection | ? | Happy Feet (2006) (TMDb: 9836)                                              |
[2023-02-28 14:19:55,436] [builder.py:1943]           [INFO]     | Music Collection | ? | Horton Hears a Who! (2008) (TMDb: 12222)                                    |
[2023-02-28 14:19:55,559] [builder.py:1943]           [INFO]     | Music Collection | ? | Three Colors: Blue (1993) (TMDb: 108)                                       |
[2023-02-28 14:19:55,562] [builder.py:1943]           [INFO]     | Music Collection | ? | Get Him to the Greek (2010) (TMDb: 32823)                                   |
[2023-02-28 14:19:55,562] [builder.py:1943]           [INFO]     | Music Collection | ? | The Boat That Rocked (2009) (TMDb: 18947)                                   |
[2023-02-28 14:19:55,658] [builder.py:1943]           [INFO]     | Music Collection | ? | Once (2007) (TMDb: 5723)                                                    |
[2023-02-28 14:19:55,766] [builder.py:1943]           [INFO]     | Music Collection | ? | August Rush (2007) (TMDb: 5123)                                             |
[2023-02-28 14:19:55,767] [builder.py:1943]           [INFO]     | Music Collection | ? | Music and Lyrics (2007) (TMDb: 11172)                                       |
[2023-02-28 14:19:55,767] [builder.py:1947]           [INFO]     |                                                                                                    |
[2023-02-28 14:19:55,768] [builder.py:1948]           [INFO]     | 30 Movies Missing                                                                                  |
[2023-02-28 14:19:57,021] [builder.py:2147]           [INFO]     |                                                                                                    |
[2023-02-28 14:19:57,022] [util.py:216]               [INFO]     |=============================== Updating Details of Music Collection ===============================|
[2023-02-28 14:19:57,022] [builder.py:2149]           [INFO]     |                                                                                                    |
[2023-02-28 14:19:57,022] [builder.py:2156]           [INFO]     | Detail: summary updated Collection Summary                                                         |
[2023-02-28 14:19:57,023] [builder.py:2258]           [DEBUG]    | 1 posters found:                                                                                   |
[2023-02-28 14:19:57,023] [builder.py:2260]           [DEBUG]    | Method: url_poster Poster: https://theposterdb.com/api/assets/51398                                |
[2023-02-28 14:19:57,024] [builder.py:2327]           [INFO]     | No background collection detail or asset folder found                                              |
[2023-02-28 14:19:57,024] [library.py:147]            [INFO]     | Detail: poster update not needed                                                                   |
[2023-02-28 14:19:57,264] [plex_meta_manager.py:880]  [INFO]     |                                                                                                    |
[2023-02-28 14:19:57,265] [util.py:209]               [INFO]     |====================================================================================================|
[2023-02-28 14:19:57,265] [util.py:216]               [INFO]     |                                     Finished Music Collection                                      |
[2023-02-28 14:19:57,266] [util.py:216]               [INFO]     |                                    Collection Run Time: 0:00:11                                    |
[2023-02-28 14:19:57,266] [util.py:220]               [INFO]     |====================================================================================================|
