[2023-01-31 01:01:07,104] [util.py:209]               [INFO]     |====================================================================================================|
[2023-01-31 01:01:07,104] [util.py:216]               [INFO]     |                                   Kill Bill Collection in Movies                                   |
[2023-01-31 01:01:07,105] [util.py:220]               [INFO]     |====================================================================================================|
[2023-01-31 01:01:07,105] [plex_meta_manager.py:750]  [INFO]     |                                                                                                    |
[2023-01-31 01:01:07,105] [util.py:216]               [INFO]     |================================= Validating Kill Bill Attributes ==================================|
[2023-01-31 01:01:07,106] [builder.py:265]            [DEBUG]    |                                                                                                    |
[2023-01-31 01:01:07,106] [builder.py:266]            [DEBUG]    | Validating Method: template                                                                        |
[2023-01-31 01:01:07,106] [meta.py:83]                [DEBUG]    | Value: ordereddict([('name', 'Movie'), ('collection', 2883), ('summary', 2883), ('poster', 'https://theposterdb.com/api/assets/40153')]) |
[2023-01-31 01:01:07,106] [builder.py:330]            [DEBUG]    |                                                                                                    |
[2023-01-31 01:01:07,107] [builder.py:331]            [DEBUG]    | Validating Method: sync_mode                                                                       |
[2023-01-31 01:01:07,107] [builder.py:335]            [DEBUG]    | Value: sync                                                                                        |
[2023-01-31 01:01:07,107] [builder.py:453]            [DEBUG]    |                                                                                                    |
[2023-01-31 01:01:07,107] [builder.py:454]            [DEBUG]    | Validating Method: collection_order                                                                |
[2023-01-31 01:01:07,108] [builder.py:455]            [DEBUG]    | Value: release                                                                                     |
[2023-01-31 01:01:07,108] [builder.py:472]            [DEBUG]    |                                                                                                    |
[2023-01-31 01:01:07,108] [builder.py:473]            [DEBUG]    | Validating Method: url_poster                                                                      |
[2023-01-31 01:01:07,108] [builder.py:474]            [DEBUG]    | Value: https://theposterdb.com/api/assets/40153                                                    |
[2023-01-31 01:01:07,108] [builder.py:472]            [DEBUG]    |                                                                                                    |
[2023-01-31 01:01:07,109] [builder.py:473]            [DEBUG]    | Validating Method: tmdb_collection                                                                 |
[2023-01-31 01:01:07,109] [builder.py:474]            [DEBUG]    | Value: 2883                                                                                        |
[2023-01-31 01:01:07,235] [builder.py:472]            [DEBUG]    |                                                                                                    |
[2023-01-31 01:01:07,235] [builder.py:473]            [DEBUG]    | Validating Method: tmdb_summary                                                                    |
[2023-01-31 01:01:07,235] [builder.py:474]            [DEBUG]    | Value: 2883                                                                                        |
[2023-01-31 01:01:07,236] [builder.py:472]            [DEBUG]    |                                                                                                    |
[2023-01-31 01:01:07,236] [builder.py:473]            [DEBUG]    | Validating Method: sort_title                                                                      |
[2023-01-31 01:01:07,236] [builder.py:474]            [DEBUG]    | Value: 00000f_Kill Bill                                                                            |
[2023-01-31 01:01:07,236] [builder.py:472]            [DEBUG]    |                                                                                                    |
[2023-01-31 01:01:07,237] [builder.py:473]            [DEBUG]    | Validating Method: radarr_add_missing                                                              |
[2023-01-31 01:01:07,237] [builder.py:474]            [DEBUG]    | Value: True                                                                                        |
[2023-01-31 01:01:07,414] [builder.py:619]            [INFO]     |                                                                                                    |
[2023-01-31 01:01:07,414] [builder.py:620]            [INFO]     | Validation Successful                                                                              |
[2023-01-31 01:01:07,416] [plex_meta_manager.py:758]  [INFO]     |                                                                                                    |
[2023-01-31 01:01:07,416] [util.py:216]               [INFO]     |=================================== Running Kill Bill Collection ===================================|
[2023-01-31 01:01:07,416] [plex_meta_manager.py:773]  [INFO]     |                                                                                                    |
[2023-01-31 01:01:07,417] [plex_meta_manager.py:774]  [INFO]     | Sync Mode: sync                                                                                    |
[2023-01-31 01:01:07,417] [builder.py:1275]           [DEBUG]    |                                                                                                    |
[2023-01-31 01:01:07,417] [builder.py:1276]           [DEBUG]    | Builder: tmdb_collection: 2883                                                                     |
[2023-01-31 01:01:07,417] [builder.py:1277]           [INFO]     |                                                                                                    |
[2023-01-31 01:01:07,418] [tmdb.py:323]               [INFO]     | Processing TMDb Collection: (2883) Kill Bill Collection (2 Items)                                  |
[2023-01-31 01:01:07,418] [builder.py:1282]           [DEBUG]    |                                                                                                    |
[2023-01-31 01:01:07,418] [builder.py:1283]           [DEBUG]    | 2 IDs Found: [(24, 'tmdb'), (393, 'tmdb')]                                                         |
[2023-01-31 01:01:07,418] [builder.py:1284]           [DEBUG]    |                                                                                                    |
[2023-01-31 01:01:07,454] [builder.py:1697]           [INFO]     |                                                                                                    |
[2023-01-31 01:01:07,455] [util.py:216]               [INFO]     |================================== Adding to Kill Bill Collection ==================================|
[2023-01-31 01:01:07,455] [builder.py:1699]           [INFO]     |                                                                                                    |
[2023-01-31 01:01:07,455] [builder.py:1709]           [INFO]     | 1/2 | Kill Bill Collection | = | Kill Bill: Vol. 1 (2003)                                          |
[2023-01-31 01:01:07,456] [builder.py:1709]           [INFO]     | 2/2 | Kill Bill Collection | = | Kill Bill: Vol. 2 (2004)                                          |
[2023-01-31 01:01:07,456] [builder.py:1734]           [INFO]     |                                                                                                    |
[2023-01-31 01:01:07,457] [builder.py:1735]           [INFO]     | 2 Movies Processed                                                                                 |
[2023-01-31 01:01:07,461] [builder.py:2147]           [INFO]     |                                                                                                    |
[2023-01-31 01:01:07,461] [util.py:216]               [INFO]     |============================= Updating Details of Kill Bill Collection =============================|
[2023-01-31 01:01:07,462] [builder.py:2149]           [INFO]     |                                                                                                    |
[2023-01-31 01:01:07,462] [builder.py:2156]           [INFO]     | Detail: tmdb_summary updated Collection Summary                                                    |
[2023-01-31 01:01:07,463] [builder.py:2258]           [DEBUG]    | 1 posters found:                                                                                   |
[2023-01-31 01:01:07,463] [builder.py:2260]           [DEBUG]    | Method: url_poster Poster: https://theposterdb.com/api/assets/40153                                |
[2023-01-31 01:01:07,463] [builder.py:2327]           [INFO]     | No background collection detail or asset folder found                                              |
[2023-01-31 01:01:07,464] [library.py:147]            [INFO]     | Detail: poster update not needed                                                                   |
[2023-01-31 01:01:07,638] [plex_meta_manager.py:880]  [INFO]     |                                                                                                    |
[2023-01-31 01:01:07,638] [util.py:209]               [INFO]     |====================================================================================================|
[2023-01-31 01:01:07,639] [util.py:216]               [INFO]     |                                   Finished Kill Bill Collection                                    |
[2023-01-31 01:01:07,639] [util.py:216]               [INFO]     |                                    Collection Run Time: 0:00:00                                    |
[2023-01-31 01:01:07,639] [util.py:220]               [INFO]     |====================================================================================================|
