[2023-02-02 01:02:29,266] [util.py:209]               [INFO]     |====================================================================================================|
[2023-02-02 01:02:29,266] [util.py:216]               [INFO]     |                                Seasonal Summer Collection in Anime                                 |
[2023-02-02 01:02:29,266] [util.py:220]               [INFO]     |====================================================================================================|
[2023-02-02 01:02:29,267] [plex_meta_manager.py:750]  [INFO]     |                                                                                                    |
[2023-02-02 01:02:29,267] [util.py:216]               [INFO]     |============================== Validating Seasonal Summer Attributes ===============================|
[2023-02-02 01:02:29,268] [builder.py:273]            [DEBUG]    |                                                                                                    |
[2023-02-02 01:02:29,268] [builder.py:274]            [DEBUG]    | Validating Method: delete_not_scheduled                                                            |
[2023-02-02 01:02:29,268] [builder.py:275]            [DEBUG]    | Value: True                                                                                        |
[2023-02-02 01:02:29,268] [builder.py:279]            [DEBUG]    |                                                                                                    |
[2023-02-02 01:02:29,269] [builder.py:280]            [DEBUG]    | Validating Method: schedule                                                                        |
[2023-02-02 01:02:29,269] [builder.py:284]            [DEBUG]    | Value: range(07/01-10/01)                                                                          |
[2023-02-02 01:02:29,271] [plex.py:687]               [DEBUG]    | Looking for: Seasonal Summer                                                                       |
[2023-02-02 01:02:29,272] [util.py:161]               [INFO]     |                                                                                                    |
[2023-02-02 01:02:29,272] [util.py:161]               [INFO]     | Scheduled between July 1st and October 1st                                                         |
[2023-02-02 01:02:29,272] [util.py:161]               [INFO]     |                                                                                                    |
[2023-02-02 01:02:29,273] [util.py:161]               [INFO]     | Collection Seasonal Summer not scheduled to run and could not be found to delete                   |
[2023-02-02 01:02:29,273] [plex_meta_manager.py:880]  [INFO]     |                                                                                                    |
[2023-02-02 01:02:29,273] [util.py:209]               [INFO]     |====================================================================================================|
[2023-02-02 01:02:29,274] [util.py:216]               [INFO]     |                                Finished Seasonal Summer Collection                                 |
[2023-02-02 01:02:29,274] [util.py:216]               [INFO]     |                                    Collection Run Time: 0:00:00                                    |
[2023-02-02 01:02:29,274] [util.py:220]               [INFO]     |====================================================================================================|
