[2023-02-14 01:02:00,263] [util.py:209]               [INFO]     |====================================================================================================|
[2023-02-14 01:02:00,263] [util.py:216]               [INFO]     |                    Its the Most Wonderful Time of the Year Collection in Movies                    |
[2023-02-14 01:02:00,263] [util.py:220]               [INFO]     |====================================================================================================|
[2023-02-14 01:02:00,264] [plex_meta_manager.py:750]  [INFO]     |                                                                                                    |
[2023-02-14 01:02:00,264] [util.py:216]               [INFO]     |================== Validating Its the Most Wonderful Time of the Year Attributes ===================|
[2023-02-14 01:02:00,264] [builder.py:265]            [DEBUG]    |                                                                                                    |
[2023-02-14 01:02:00,264] [builder.py:266]            [DEBUG]    | Validating Method: template                                                                        |
[2023-02-14 01:02:00,265] [meta.py:83]                [DEBUG]    | Value: ordereddict([('name', 'Holiday'), ('poster', './config/posters/paintings/christmas.jpg')])  |
[2023-02-14 01:02:00,265] [builder.py:273]            [DEBUG]    |                                                                                                    |
[2023-02-14 01:02:00,265] [builder.py:274]            [DEBUG]    | Validating Method: delete_not_scheduled                                                            |
[2023-02-14 01:02:00,265] [builder.py:275]            [DEBUG]    | Value: True                                                                                        |
[2023-02-14 01:02:00,266] [builder.py:279]            [DEBUG]    |                                                                                                    |
[2023-02-14 01:02:00,266] [builder.py:280]            [DEBUG]    | Validating Method: schedule                                                                        |
[2023-02-14 01:02:00,266] [builder.py:284]            [DEBUG]    | Value: range(11/30-12/26)                                                                          |
[2023-02-14 01:02:00,269] [plex.py:687]               [DEBUG]    | Looking for: Its the Most Wonderful Time of the Year                                               |
[2023-02-14 01:02:00,269] [util.py:161]               [INFO]     |                                                                                                    |
[2023-02-14 01:02:00,269] [util.py:161]               [INFO]     | Scheduled between November 30th and December 26th                                                  |
[2023-02-14 01:02:00,270] [util.py:161]               [INFO]     |                                                                                                    |
[2023-02-14 01:02:00,270] [util.py:161]               [INFO]     | Collection Its the Most Wonderful Time of the Year not scheduled to run and could not be found to delete |
[2023-02-14 01:02:00,270] [plex_meta_manager.py:880]  [INFO]     |                                                                                                    |
[2023-02-14 01:02:00,270] [util.py:209]               [INFO]     |====================================================================================================|
[2023-02-14 01:02:00,271] [util.py:216]               [INFO]     |                    Finished Its the Most Wonderful Time of the Year Collection                     |
[2023-02-14 01:02:00,271] [util.py:216]               [INFO]     |                                    Collection Run Time: 0:00:00                                    |
[2023-02-14 01:02:00,271] [util.py:220]               [INFO]     |====================================================================================================|
