[2023-02-28 14:20:08,402] [util.py:209]               [INFO]     |====================================================================================================|
[2023-02-28 14:20:08,403] [util.py:216]               [INFO]     |                                   Pandemic Collection in Movies                                    |
[2023-02-28 14:20:08,403] [util.py:220]               [INFO]     |====================================================================================================|
[2023-02-28 14:20:08,403] [plex_meta_manager.py:750]  [INFO]     |                                                                                                    |
[2023-02-28 14:20:08,411] [util.py:216]               [INFO]     |================================== Validating Pandemic Attributes ==================================|
[2023-02-28 14:20:08,411] [builder.py:265]            [DEBUG]    |                                                                                                    |
[2023-02-28 14:20:08,411] [builder.py:266]            [DEBUG]    | Validating Method: template                                                                        |
[2023-02-28 14:20:08,412] [meta.py:83]                [DEBUG]    | Value: ordereddict([('name', 'Other Genre'), ('poster', 'https://theposterdb.com/api/assets/55837')]) |
[2023-02-28 14:20:08,412] [builder.py:330]            [DEBUG]    |                                                                                                    |
[2023-02-28 14:20:08,412] [builder.py:331]            [DEBUG]    | Validating Method: sync_mode                                                                       |
[2023-02-28 14:20:08,413] [builder.py:335]            [DEBUG]    | Value: sync                                                                                        |
[2023-02-28 14:20:08,413] [builder.py:453]            [DEBUG]    |                                                                                                    |
[2023-02-28 14:20:08,413] [builder.py:454]            [DEBUG]    | Validating Method: collection_order                                                                |
[2023-02-28 14:20:08,413] [builder.py:455]            [DEBUG]    | Value: alpha                                                                                       |
[2023-02-28 14:20:08,414] [builder.py:472]            [DEBUG]    |                                                                                                    |
[2023-02-28 14:20:08,414] [builder.py:473]            [DEBUG]    | Validating Method: imdb_list                                                                       |
[2023-02-28 14:20:08,414] [builder.py:474]            [DEBUG]    | Value: [ordereddict([('url', 'https://www.imdb.com/list/ls041901506/')]), ordereddict([('url', 'https://www.imdb.com/list/ls092321048/')])] |
[2023-02-28 14:20:13,192] [builder.py:472]            [DEBUG]    |                                                                                                    |
[2023-02-28 14:20:13,193] [builder.py:473]            [DEBUG]    | Validating Method: summary                                                                         |
[2023-02-28 14:20:13,193] [builder.py:474]            [DEBUG]    | Value: A Pandemic film resolves around widespread viruses, plagues, and diseases.                  |
[2023-02-28 14:20:13,193] [builder.py:472]            [DEBUG]    |                                                                                                    |
[2023-02-28 14:20:13,193] [builder.py:473]            [DEBUG]    | Validating Method: sort_title                                                                      |
[2023-02-28 14:20:13,194] [builder.py:474]            [DEBUG]    | Value: 00000d_Pandemic                                                                             |
[2023-02-28 14:20:13,194] [builder.py:472]            [DEBUG]    |                                                                                                    |
[2023-02-28 14:20:13,194] [builder.py:473]            [DEBUG]    | Validating Method: url_poster                                                                      |
[2023-02-28 14:20:13,194] [builder.py:474]            [DEBUG]    | Value: https://theposterdb.com/api/assets/55837                                                    |
[2023-02-28 14:20:13,430] [builder.py:619]            [INFO]     |                                                                                                    |
[2023-02-28 14:20:13,431] [builder.py:620]            [INFO]     | Validation Successful                                                                              |
[2023-02-28 14:20:13,446] [plex_meta_manager.py:758]  [INFO]     |                                                                                                    |
[2023-02-28 14:20:13,446] [util.py:216]               [INFO]     |=================================== Running Pandemic Collection ====================================|
[2023-02-28 14:20:13,446] [plex_meta_manager.py:773]  [INFO]     |                                                                                                    |
[2023-02-28 14:20:13,447] [plex_meta_manager.py:774]  [INFO]     | Sync Mode: sync                                                                                    |
[2023-02-28 14:20:13,447] [builder.py:1275]           [DEBUG]    |                                                                                                    |
[2023-02-28 14:20:13,447] [builder.py:1276]           [DEBUG]    | Builder: imdb_list: {'url': 'https://www.imdb.com/list/ls041901506/', 'limit': 0}                  |
[2023-02-28 14:20:13,447] [builder.py:1277]           [INFO]     |                                                                                                    |
[2023-02-28 14:20:13,448] [imdb.py:158]               [INFO]     | Processing IMDb List: https://www.imdb.com/list/ls041901506/                                       |
[2023-02-28 14:20:18,741] [imdb.py:127]               [DEBUG]    | 52 IMDb IDs Found: ['tt3148266', 'tt0429422', 'tt1598778', 'tt0234634', 'tt0115123', 'tt0816711', 'tt1258189', 'tt1318514', 'tt0285331', 'tt3163224', 'tt3774802', 'tt0802821', 'tt0272557', 'tt0275039', 'tt5700672', 'tt6656238', 'tt4132692', 'tt2758950', 'tt0221885', 'tt0115309', 'tt4209174', 'tt5092380', 'tt0806203', 'tt1414863', 'tt2351310', 'tt8850222', 'tt0424600', 'tt3860916', 'tt0411011', 'tt0118480', 'tt0155716', 'tt3458254', 'tt0105206', 'tt0479201', 'tt0119984', 'tt8551868', 'tt1410198', 'tt0250214', 'tt3709718', 'tt1754316', 'tt0462097', 'tt4839118', 'tt6013156', 'tt0125034', 'tt7403736', 'tt8365426', 'tt4291700', 'tt0118885', 'tt2351310', 'tt4348012', 'tt0115471', 'tt1587669'] |
[2023-02-28 14:20:18,742] [builder.py:1282]           [DEBUG]    |                                                                                                    |
[2023-02-28 14:20:18,742] [builder.py:1283]           [DEBUG]    | 52 IDs Found: [('tt3148266', 'imdb'), ('tt0429422', 'imdb'), ('tt1598778', 'imdb'), ('tt0234634', 'imdb'), ('tt0115123', 'imdb'), ('tt0816711', 'imdb'), ('tt1258189', 'imdb'), ('tt1318514', 'imdb'), ('tt0285331', 'imdb'), ('tt3163224', 'imdb'), ('tt3774802', 'imdb'), ('tt0802821', 'imdb'), ('tt0272557', 'imdb'), ('tt0275039', 'imdb'), ('tt5700672', 'imdb'), ('tt6656238', 'imdb'), ('tt4132692', 'imdb'), ('tt2758950', 'imdb'), ('tt0221885', 'imdb'), ('tt0115309', 'imdb'), ('tt4209174', 'imdb'), ('tt5092380', 'imdb'), ('tt0806203', 'imdb'), ('tt1414863', 'imdb'), ('tt2351310', 'imdb'), ('tt8850222', 'imdb'), ('tt0424600', 'imdb'), ('tt3860916', 'imdb'), ('tt0411011', 'imdb'), ('tt0118480', 'imdb'), ('tt0155716', 'imdb'), ('tt3458254', 'imdb'), ('tt0105206', 'imdb'), ('tt0479201', 'imdb'), ('tt0119984', 'imdb'), ('tt8551868', 'imdb'), ('tt1410198', 'imdb'), ('tt0250214', 'imdb'), ('tt3709718', 'imdb'), ('tt1754316', 'imdb'), ('tt0462097', 'imdb'), ('tt4839118', 'imdb'), ('tt6013156', 'imdb'), ('tt0125034', 'imdb'), ('tt7403736', 'imdb'), ('tt8365426', 'imdb'), ('tt4291700', 'imdb'), ('tt0118885', 'imdb'), ('tt2351310', 'imdb'), ('tt4348012', 'imdb'), ('tt0115471', 'imdb'), ('tt1587669', 'imdb')] |
[2023-02-28 14:20:18,742] [builder.py:1284]           [DEBUG]    |                                                                                                    |
[2023-02-28 14:20:18,937] [builder.py:1383]           [ERROR]    | Convert Error: No TVDb ID Found for TMDb ID: 75671                                                 |
[2023-02-28 14:20:18,970] [builder.py:1275]           [DEBUG]    |                                                                                                    |
[2023-02-28 14:20:18,971] [builder.py:1276]           [DEBUG]    | Builder: imdb_list: {'url': 'https://www.imdb.com/list/ls092321048/', 'limit': 0}                  |
[2023-02-28 14:20:18,971] [builder.py:1277]           [INFO]     |                                                                                                    |
[2023-02-28 14:20:18,971] [imdb.py:158]               [INFO]     | Processing IMDb List: https://www.imdb.com/list/ls092321048/                                       |
[2023-02-28 14:20:25,719] [imdb.py:127]               [DEBUG]    | 84 IMDb IDs Found: ['tt0108941', 'tt0114069', 'tt0114746', 'tt0120804', 'tt0289043', 'tt0463854', 'tt0303816', 'tt0363547', 'tt0365748', 'tt0318627', 'tt2592614', 'tt0432021', 'tt0961722', 'tt3832096', 'tt1082868', 'tt0455407', 'tt1598778', 'tt0816711', 'tt2281159', 'tt0806203', 'tt2351310', 'tt4421578', 'tt1226681', 'tt0861689', 'tt4547056', 'tt3860916', 'tt8941440', 'tt3774802', 'tt2580382', 'tt0434409', 'tt0069895', 'tt0074292', 'tt0480249', 'tt1699231', 'tt1520211', 'tt4131818', 'tt0120755', 'tt4500922', 'tt2246907', 'tt5700672', 'tt1038988', 'tt1245112', 'tt0120458', 'tt0117500', 'tt1560220', 'tt1156398', 'tt0077402', 'tt7949218', 'tt3148266', 'tt0206634', 'tt2737304', 'tt0898367', 'tt0446755', 'tt0424600', 'tt0066769', 'tt0419706', 'tt0762073', 'tt3458254', 'tt2102496', 'tt1077258', 'tt2638662', 'tt0800026', 'tt0118885', 'tt0272557', 'tt0429422', 'tt0234634', 'tt1258189', 'tt0285331', 'tt5868826', 'tt0388482', 'tt3062096', 'tt1528100', 'tt0483607', 'tt0073705', 'tt3463106', 'tt1881002', 'tt2597892', 'tt4974778', 'tt1831804', 'tt0108941', 'tt1258189', 'tt2654620', 'tt7366338', 'tt10384106'] |
[2023-02-28 14:20:25,720] [builder.py:1282]           [DEBUG]    |                                                                                                    |
[2023-02-28 14:20:25,720] [builder.py:1283]           [DEBUG]    | 84 IDs Found: [('tt0108941', 'imdb'), ('tt0114069', 'imdb'), ('tt0114746', 'imdb'), ('tt0120804', 'imdb'), ('tt0289043', 'imdb'), ('tt0463854', 'imdb'), ('tt0303816', 'imdb'), ('tt0363547', 'imdb'), ('tt0365748', 'imdb'), ('tt0318627', 'imdb'), ('tt2592614', 'imdb'), ('tt0432021', 'imdb'), ('tt0961722', 'imdb'), ('tt3832096', 'imdb'), ('tt1082868', 'imdb'), ('tt0455407', 'imdb'), ('tt1598778', 'imdb'), ('tt0816711', 'imdb'), ('tt2281159', 'imdb'), ('tt0806203', 'imdb'), ('tt2351310', 'imdb'), ('tt4421578', 'imdb'), ('tt1226681', 'imdb'), ('tt0861689', 'imdb'), ('tt4547056', 'imdb'), ('tt3860916', 'imdb'), ('tt8941440', 'imdb'), ('tt3774802', 'imdb'), ('tt2580382', 'imdb'), ('tt0434409', 'imdb'), ('tt0069895', 'imdb'), ('tt0074292', 'imdb'), ('tt0480249', 'imdb'), ('tt1699231', 'imdb'), ('tt1520211', 'imdb'), ('tt4131818', 'imdb'), ('tt0120755', 'imdb'), ('tt4500922', 'imdb'), ('tt2246907', 'imdb'), ('tt5700672', 'imdb'), ('tt1038988', 'imdb'), ('tt1245112', 'imdb'), ('tt0120458', 'imdb'), ('tt0117500', 'imdb'), ('tt1560220', 'imdb'), ('tt1156398', 'imdb'), ('tt0077402', 'imdb'), ('tt7949218', 'imdb'), ('tt3148266', 'imdb'), ('tt0206634', 'imdb'), ('tt2737304', 'imdb'), ('tt0898367', 'imdb'), ('tt0446755', 'imdb'), ('tt0424600', 'imdb'), ('tt0066769', 'imdb'), ('tt0419706', 'imdb'), ('tt0762073', 'imdb'), ('tt3458254', 'imdb'), ('tt2102496', 'imdb'), ('tt1077258', 'imdb'), ('tt2638662', 'imdb'), ('tt0800026', 'imdb'), ('tt0118885', 'imdb'), ('tt0272557', 'imdb'), ('tt0429422', 'imdb'), ('tt0234634', 'imdb'), ('tt1258189', 'imdb'), ('tt0285331', 'imdb'), ('tt5868826', 'imdb'), ('tt0388482', 'imdb'), ('tt3062096', 'imdb'), ('tt1528100', 'imdb'), ('tt0483607', 'imdb'), ('tt0073705', 'imdb'), ('tt3463106', 'imdb'), ('tt1881002', 'imdb'), ('tt2597892', 'imdb'), ('tt4974778', 'imdb'), ('tt1831804', 'imdb'), ('tt0108941', 'imdb'), ('tt1258189', 'imdb'), ('tt2654620', 'imdb'), ('tt7366338', 'imdb'), ('tt10384106', 'imdb')] |
[2023-02-28 14:20:25,720] [builder.py:1284]           [DEBUG]    |                                                                                                    |
[2023-02-28 14:20:26,070] [builder.py:1697]           [INFO]     |                                                                                                    |
[2023-02-28 14:20:26,071] [util.py:216]               [INFO]     |================================== Adding to Pandemic Collection ===================================|
[2023-02-28 14:20:26,071] [builder.py:1699]           [INFO]     |                                                                                                    |
[2023-02-28 14:20:26,071] [builder.py:1709]           [INFO]     |  1/16 | Pandemic Collection | = | World War Z (2013)                                               |
[2023-02-28 14:20:26,072] [builder.py:1709]           [INFO]     |  2/16 | Pandemic Collection | = | Rise of the Planet of the Apes (2011)                            |
[2023-02-28 14:20:26,072] [builder.py:1709]           [INFO]     |  3/16 | Pandemic Collection | = | Train to Busan (2016)                                            |
[2023-02-28 14:20:26,072] [builder.py:1709]           [INFO]     |  4/16 | Pandemic Collection | = | Peninsula (2020)                                                 |
[2023-02-28 14:20:26,073] [builder.py:1709]           [INFO]     |  5/16 | Pandemic Collection | = | 28 Days Later (2002)                                             |
[2023-02-28 14:20:26,073] [builder.py:1709]           [INFO]     |  6/16 | Pandemic Collection | = | 28 Weeks Later (2007)                                            |
[2023-02-28 14:20:26,073] [builder.py:1709]           [INFO]     |  7/16 | Pandemic Collection | = | Dawn of the Dead (2004)                                          |
[2023-02-28 14:20:26,074] [builder.py:1709]           [INFO]     |  8/16 | Pandemic Collection | = | Shaun of the Dead (2004)                                         |
[2023-02-28 14:20:26,074] [builder.py:1709]           [INFO]     |  9/16 | Pandemic Collection | = | V for Vendetta (2006)                                            |
[2023-02-28 14:20:26,074] [builder.py:1709]           [INFO]     | 10/16 | Pandemic Collection | = | I Am Legend (2007)                                               |
[2023-02-28 14:20:26,075] [builder.py:1709]           [INFO]     | 11/16 | Pandemic Collection | = | Mission: Impossible II (2000)                                    |
[2023-02-28 14:20:26,075] [builder.py:1709]           [INFO]     | 12/16 | Pandemic Collection | = | Maze Runner: The Death Cure (2018)                               |
[2023-02-28 14:20:26,075] [builder.py:1709]           [INFO]     | 13/16 | Pandemic Collection | = | Zombieland: Double Tap (2019)                                    |
[2023-02-28 14:20:26,076] [builder.py:1709]           [INFO]     | 14/16 | Pandemic Collection | = | Zombieland (2009)                                                |
[2023-02-28 14:20:26,076] [builder.py:1709]           [INFO]     | 15/16 | Pandemic Collection | = | Dawn of the Dead (1978)                                          |
[2023-02-28 14:20:26,076] [builder.py:1709]           [INFO]     | 16/16 | Pandemic Collection | = | Bird Box (2018)                                                  |
[2023-02-28 14:20:26,077] [builder.py:1734]           [INFO]     |                                                                                                    |
[2023-02-28 14:20:26,077] [builder.py:1735]           [INFO]     | 16 Movies Processed                                                                                |
[2023-02-28 14:20:26,078] [builder.py:1929]           [INFO]     |                                                                                                    |
[2023-02-28 14:20:26,078] [util.py:216]               [INFO]     |============================== Missing Movies from Library: Pandemic ===============================|
[2023-02-28 14:20:26,078] [builder.py:1931]           [INFO]     |                                                                                                    |
[2023-02-28 14:20:26,229] [builder.py:1943]           [INFO]     | Pandemic Collection | ? | Contagion (2011) (TMDb: 39538)                                           |
[2023-02-28 14:20:26,381] [builder.py:1943]           [INFO]     | Pandemic Collection | ? | Runaway Virus (2000) (TMDb: 354674)                                      |
[2023-02-28 14:20:26,509] [builder.py:1943]           [INFO]     | Pandemic Collection | ? | The Carrier (2015) (TMDb: 378088)                                        |
[2023-02-28 14:20:26,626] [builder.py:1943]           [INFO]     | Pandemic Collection | ? | Pandemic (2016) (TMDb: 346651)                                           |
[2023-02-28 14:20:26,774] [builder.py:1943]           [INFO]     | Pandemic Collection | ? | Contagion (2002) (TMDb: 74524)                                           |
[2023-02-28 14:20:26,920] [builder.py:1943]           [INFO]     | Pandemic Collection | ? | Venomous (2001) (TMDb: 44184)                                            |
[2023-02-28 14:20:27,052] [builder.py:1943]           [INFO]     | Pandemic Collection | ? | Contaminated Man (2000) (TMDb: 48123)                                    |
[2023-02-28 14:20:27,178] [builder.py:1943]           [INFO]     | Pandemic Collection | ? | Chimera Strain (2018) (TMDb: 507220)                                     |
[2023-02-28 14:20:27,299] [builder.py:1943]           [INFO]     | Pandemic Collection | ? | Just a Breath Away (2018) (TMDb: 477489)                                 |
[2023-02-28 14:20:27,519] [builder.py:1943]           [INFO]     | Pandemic Collection | ? | Carriers (2009) (TMDb: 25769)                                            |
[2023-02-28 14:20:27,679] [builder.py:1943]           [INFO]     | Pandemic Collection | ? | Toxic Skies (2008) (TMDb: 24917)                                         |
[2023-02-28 14:20:27,680] [builder.py:1943]           [INFO]     | Pandemic Collection | ? | The Flu (2013) (TMDb: 200085)                                            |
[2023-02-28 14:20:27,838] [builder.py:1943]           [INFO]     | Pandemic Collection | ? | Cargo (2017) (TMDb: 425972)                                              |
[2023-02-28 14:20:27,977] [builder.py:1943]           [INFO]     | Pandemic Collection | ? | Voyage of Terror (1998) (TMDb: 291924)                                   |
[2023-02-28 14:20:28,104] [builder.py:1943]           [INFO]     | Pandemic Collection | ? | Patient Zero (2018) (TMDb: 295011)                                       |
[2023-02-28 14:20:28,219] [builder.py:1943]           [INFO]     | Pandemic Collection | ? | Quiet Killer (1992) (TMDb: 138314)                                       |
[2023-02-28 14:20:28,368] [builder.py:1943]           [INFO]     | Pandemic Collection | ? | Living Hell (2008) (TMDb: 14192)                                         |
[2023-02-28 14:20:28,505] [builder.py:1943]           [INFO]     | Pandemic Collection | ? | Ravager (1997) (TMDb: 348572)                                            |
[2023-02-28 14:20:28,667] [builder.py:1943]           [INFO]     | Pandemic Collection | ? | Deadsight (2018) (TMDb: 564176)                                          |
[2023-02-28 14:20:28,819] [builder.py:1943]           [INFO]     | Pandemic Collection | ? | The 5th Execution (2011) (TMDb: 62219)                                   |
[2023-02-28 14:20:28,983] [builder.py:1943]           [INFO]     | Pandemic Collection | ? | Anthrax (2001) (TMDb: 48842)                                             |
[2023-02-28 14:20:29,101] [builder.py:1943]           [INFO]     | Pandemic Collection | ? | Transit 17 (2019) (TMDb: 308551)                                         |
[2023-02-28 14:20:29,235] [builder.py:1943]           [INFO]     | Pandemic Collection | ? | Art of Deception (2019) (TMDb: 634452)                                   |
[2023-02-28 14:20:29,354] [builder.py:1943]           [INFO]     | Pandemic Collection | ? | Black Wake (2018) (TMDb: 445867)                                         |
[2023-02-28 14:20:29,480] [builder.py:1943]           [INFO]     | Pandemic Collection | ? | What Still Remains (2018) (TMDb: 433637)                                 |
[2023-02-28 14:20:29,653] [builder.py:1943]           [INFO]     | Pandemic Collection | ? | Carriers (1998) (TMDb: 402677)                                           |
[2023-02-28 14:20:29,780] [builder.py:1943]           [INFO]     | Pandemic Collection | ? | Kill Mode (2020) (TMDb: 526120)                                          |
[2023-02-28 14:20:29,913] [builder.py:1943]           [INFO]     | Pandemic Collection | ? | Prey (2016) (TMDb: 400610)                                               |
[2023-02-28 14:20:30,034] [builder.py:1943]           [INFO]     | Pandemic Collection | ? | Contagious (1997) (TMDb: 207644)                                         |
[2023-02-28 14:20:30,151] [builder.py:1943]           [INFO]     | Pandemic Collection | ? | Mayhem (2017) (TMDb: 429733)                                             |
[2023-02-28 14:20:30,152] [builder.py:1943]           [INFO]     | Pandemic Collection | ? | Adrenalin: Fear the Rush (1996) (TMDb: 55687)                            |
[2023-02-28 14:20:30,270] [builder.py:1943]           [INFO]     | Pandemic Collection | ? | The Stand (TMDb: 953253)                                                 |
[2023-02-28 14:20:30,396] [builder.py:1943]           [INFO]     | Pandemic Collection | ? | Outbreak (1995) (TMDb: 6950)                                             |
[2023-02-28 14:20:30,399] [builder.py:1943]           [INFO]     | Pandemic Collection | ? | Twelve Monkeys (1995) (TMDb: 63)                                         |
[2023-02-28 14:20:30,568] [builder.py:1943]           [INFO]     | Pandemic Collection | ? | Resident Evil (2002) (TMDb: 1576)                                        |
[2023-02-28 14:20:30,570] [builder.py:1943]           [INFO]     | Pandemic Collection | ? | Cabin Fever (2003) (TMDb: 11547)                                         |
[2023-02-28 14:20:30,701] [builder.py:1943]           [INFO]     | Pandemic Collection | ? | Resident Evil: Apocalypse (2004) (TMDb: 1577)                            |
[2023-02-28 14:20:30,830] [builder.py:1943]           [INFO]     | Pandemic Collection | ? | Resident Evil: The Final Chapter (2016) (TMDb: 173897)                   |
[2023-02-28 14:20:30,958] [builder.py:1943]           [INFO]     | Pandemic Collection | ? | Resident Evil: Extinction (2007) (TMDb: 7737)                            |
[2023-02-28 14:20:30,960] [builder.py:1943]           [INFO]     | Pandemic Collection | ? | Cabin Fever 2: Spring Fever (2009) (TMDb: 28739)                         |
[2023-02-28 14:20:31,092] [builder.py:1943]           [INFO]     | Pandemic Collection | ? | Cabin Fever (2016) (TMDb: 298584)                                        |
[2023-02-28 14:20:31,094] [builder.py:1943]           [INFO]     | Pandemic Collection | ? | Quarantine (2008) (TMDb: 13812)                                          |
[2023-02-28 14:20:31,220] [builder.py:1943]           [INFO]     | Pandemic Collection | ? | The Crazies (2010) (TMDb: 29427)                                         |
[2023-02-28 14:20:31,221] [builder.py:1943]           [INFO]     | Pandemic Collection | ? | Contracted (2013) (TMDb: 204349)                                         |
[2023-02-28 14:20:31,348] [builder.py:1943]           [INFO]     | Pandemic Collection | ? | Pontypool (2009) (TMDb: 23963)                                           |
[2023-02-28 14:20:31,350] [builder.py:1943]           [INFO]     | Pandemic Collection | ? | Blindness (2008) (TMDb: 8338)                                            |
[2023-02-28 14:20:31,465] [builder.py:1943]           [INFO]     | Pandemic Collection | ? | The Girl with All the Gifts (2016) (TMDb: 375366)                        |
[2023-02-28 14:20:31,587] [builder.py:1943]           [INFO]     | Pandemic Collection | ? | Virus (2019) (TMDb: 585261)                                              |
[2023-02-28 14:20:31,708] [builder.py:1943]           [INFO]     | Pandemic Collection | ? | The Survivalist (2015) (TMDb: 329004)                                    |
[2023-02-28 14:20:31,836] [builder.py:1943]           [INFO]     | Pandemic Collection | ? | The Crazies (1973) (TMDb: 29425)                                         |
[2023-02-28 14:20:31,949] [builder.py:1943]           [INFO]     | Pandemic Collection | ? | The Cassandra Crossing (1976) (TMDb: 32037)                              |
[2023-02-28 14:20:31,951] [builder.py:1943]           [INFO]     | Pandemic Collection | ? | Quarantine 2: Terminal (2011) (TMDb: 59115)                              |
[2023-02-28 14:20:32,091] [builder.py:1943]           [INFO]     | Pandemic Collection | ? | Biohazard: Patient Zero (2011) (TMDb: 136972)                            |
[2023-02-28 14:20:32,240] [builder.py:1943]           [INFO]     | Pandemic Collection | ? | [REC] (2007) (TMDb: 8329)                                                |
[2023-02-28 14:20:32,368] [builder.py:1943]           [INFO]     | Pandemic Collection | ? | [REC]² (2009) (TMDb: 10664)                                              |
[2023-02-28 14:20:32,369] [builder.py:1943]           [INFO]     | Pandemic Collection | ? | Virus (1999) (TMDb: 9423)                                                |
[2023-02-28 14:20:32,494] [builder.py:1943]           [INFO]     | Pandemic Collection | ? | The Rock (1996) (TMDb: 9802)                                             |
[2023-02-28 14:20:33,218] [builder.py:1943]           [INFO]     | Pandemic Collection | ? | Children of Men (2006) (TMDb: 9693)                                      |
[2023-02-28 14:20:33,220] [builder.py:1943]           [INFO]     | Pandemic Collection | ? | The Road (2009) (TMDb: 20766)                                            |
[2023-02-28 14:20:33,355] [builder.py:1943]           [INFO]     | Pandemic Collection | ? | The Painted Veil (2006) (TMDb: 14202)                                    |
[2023-02-28 14:20:33,356] [builder.py:1943]           [INFO]     | Pandemic Collection | ? | The Andromeda Strain (1971) (TMDb: 10514)                                |
[2023-02-28 14:20:33,358] [builder.py:1943]           [INFO]     | Pandemic Collection | ? | Doom (2005) (TMDb: 8814)                                                 |
[2023-02-28 14:20:33,361] [builder.py:1943]           [INFO]     | Pandemic Collection | ? | Thirst (2009) (TMDb: 22536)                                              |
[2023-02-28 14:20:33,362] [builder.py:1943]           [INFO]     | Pandemic Collection | ? | Cabin Fever: Patient Zero (2014) (TMDb: 157424)                          |
[2023-02-28 14:20:33,363] [builder.py:1943]           [INFO]     | Pandemic Collection | ? | Planet Terror (2007) (TMDb: 1992)                                        |
[2023-02-28 14:20:33,466] [builder.py:1943]           [INFO]     | Pandemic Collection | ? | Summer Camp (2016) (TMDb: 306966)                                        |
[2023-02-28 14:20:33,586] [builder.py:1943]           [INFO]     | Pandemic Collection | ? | Fatal Contact: Bird Flu in America (2006) (TMDb: 24676)                  |
[2023-02-28 14:20:33,588] [builder.py:1943]           [INFO]     | Pandemic Collection | ? | Transporter 2 (2005) (TMDb: 9335)                                        |
[2023-02-28 14:20:33,590] [builder.py:1943]           [INFO]     | Pandemic Collection | ? | Inferno (2016) (TMDb: 207932)                                            |
[2023-02-28 14:20:33,592] [builder.py:1943]           [INFO]     | Pandemic Collection | ? | Exodus: Gods and Kings (2014) (TMDb: 147441)                             |
[2023-02-28 14:20:33,741] [builder.py:1943]           [INFO]     | Pandemic Collection | ? | Doomsday (2008) (TMDb: 13460)                                            |
[2023-02-28 14:20:33,877] [builder.py:1943]           [INFO]     | Pandemic Collection | ? | Shivers (1975) (TMDb: 27429)                                             |
[2023-02-28 14:20:33,991] [builder.py:1943]           [INFO]     | Pandemic Collection | ? | The Cured (2017) (TMDb: 469721)                                          |
[2023-02-28 14:20:33,993] [builder.py:1943]           [INFO]     | Pandemic Collection | ? | Maggie (2015) (TMDb: 287424)                                             |
[2023-02-28 14:20:33,994] [builder.py:1943]           [INFO]     | Pandemic Collection | ? | Viral (2016) (TMDb: 336455)                                              |
[2023-02-28 14:20:34,119] [builder.py:1943]           [INFO]     | Pandemic Collection | ? | Feral (2018) (TMDb: 436494)                                              |
[2023-02-28 14:20:34,120] [builder.py:1947]           [INFO]     |                                                                                                    |
[2023-02-28 14:20:34,120] [builder.py:1948]           [INFO]     | 76 Movies Missing                                                                                  |
[2023-02-28 14:20:35,405] [builder.py:2147]           [INFO]     |                                                                                                    |
[2023-02-28 14:20:35,405] [util.py:216]               [INFO]     |============================= Updating Details of Pandemic Collection ==============================|
[2023-02-28 14:20:35,406] [builder.py:2149]           [INFO]     |                                                                                                    |
[2023-02-28 14:20:35,406] [builder.py:2156]           [INFO]     | Detail: summary updated Collection Summary                                                         |
[2023-02-28 14:20:35,406] [builder.py:2258]           [DEBUG]    | 1 posters found:                                                                                   |
[2023-02-28 14:20:35,407] [builder.py:2260]           [DEBUG]    | Method: url_poster Poster: https://theposterdb.com/api/assets/55837                                |
[2023-02-28 14:20:35,407] [builder.py:2327]           [INFO]     | No background collection detail or asset folder found                                              |
[2023-02-28 14:20:35,408] [library.py:147]            [INFO]     | Detail: poster update not needed                                                                   |
[2023-02-28 14:20:35,646] [plex_meta_manager.py:880]  [INFO]     |                                                                                                    |
[2023-02-28 14:20:35,647] [util.py:209]               [INFO]     |====================================================================================================|
[2023-02-28 14:20:35,647] [util.py:216]               [INFO]     |                                    Finished Pandemic Collection                                    |
[2023-02-28 14:20:35,647] [util.py:216]               [INFO]     |                                    Collection Run Time: 0:00:27                                    |
[2023-02-28 14:20:35,648] [util.py:220]               [INFO]     |====================================================================================================|
