[2023-02-28 14:32:32,756] [util.py:209]               [INFO]     |====================================================================================================|
[2023-02-28 14:32:32,756] [util.py:216]               [INFO]     |                                Seasonal Spring Collection in Anime                                 |
[2023-02-28 14:32:32,756] [util.py:220]               [INFO]     |====================================================================================================|
[2023-02-28 14:32:32,757] [plex_meta_manager.py:750]  [INFO]     |                                                                                                    |
[2023-02-28 14:32:32,757] [util.py:216]               [INFO]     |============================== Validating Seasonal Spring Attributes ===============================|
[2023-02-28 14:32:32,758] [builder.py:265]            [DEBUG]    |                                                                                                    |
[2023-02-28 14:32:32,758] [builder.py:266]            [DEBUG]    | Validating Method: template                                                                        |
[2023-02-28 14:32:32,758] [meta.py:83]                [DEBUG]    | Value: ordereddict([('name', 'Season'), ('start', '04/01'), ('end', '07/01')])                     |
[2023-02-28 14:32:32,758] [builder.py:273]            [DEBUG]    |                                                                                                    |
[2023-02-28 14:32:32,759] [builder.py:274]            [DEBUG]    | Validating Method: delete_not_scheduled                                                            |
[2023-02-28 14:32:32,759] [builder.py:275]            [DEBUG]    | Value: True                                                                                        |
[2023-02-28 14:32:32,759] [builder.py:279]            [DEBUG]    |                                                                                                    |
[2023-02-28 14:32:32,759] [builder.py:280]            [DEBUG]    | Validating Method: schedule                                                                        |
[2023-02-28 14:32:32,760] [builder.py:284]            [DEBUG]    | Value: range(04/01-07/01)                                                                          |
[2023-02-28 14:32:32,916] [util.py:162]               [DEBUG]    | Collection Seasonal Spring deleted                                                                 |
[2023-02-28 14:32:32,916] [util.py:161]               [INFO]     |                                                                                                    |
[2023-02-28 14:32:32,917] [util.py:161]               [INFO]     | Scheduled between April 1st and July 1st                                                           |
[2023-02-28 14:32:32,917] [util.py:161]               [INFO]     |                                                                                                    |
[2023-02-28 14:32:32,917] [util.py:161]               [INFO]     | Collection Seasonal Spring not scheduled to run and was deleted                                    |
[2023-02-28 14:32:32,917] [plex_meta_manager.py:880]  [INFO]     |                                                                                                    |
[2023-02-28 14:32:32,918] [util.py:209]               [INFO]     |====================================================================================================|
[2023-02-28 14:32:32,918] [util.py:216]               [INFO]     |                                Finished Seasonal Spring Collection                                 |
[2023-02-28 14:32:32,918] [util.py:216]               [INFO]     |                                    Collection Run Time: 0:00:00                                    |
[2023-02-28 14:32:32,919] [util.py:220]               [INFO]     |====================================================================================================|
