[2023-02-24 01:39:43,851] [plex_meta_manager.py:216]  [INFO]     |                                                                                                    |
[2023-02-24 01:39:43,852] [util.py:209]               [INFO]     |====================================================================================================|
[2023-02-24 01:39:43,852] [util.py:216]               [INFO]     |                                           Anime Library                                            |
[2023-02-24 01:39:43,852] [util.py:220]               [INFO]     |====================================================================================================|
[2023-02-24 01:39:43,852] [plex_meta_manager.py:222]  [DEBUG]    |                                                                                                    |
[2023-02-24 01:39:43,853] [plex_meta_manager.py:223]  [DEBUG]    | Mapping Name: Anime                                                                                |
[2023-02-24 01:39:43,853] [plex_meta_manager.py:224]  [DEBUG]    | Folder Name: Anime                                                                                 |
[2023-02-24 01:39:43,853] [plex_meta_manager.py:225]  [DEBUG]    | Missing Path: C:\Plex-Stack\Plex-Meta-Manager\config\Anime_missing.yml                             |
[2023-02-24 01:39:43,853] [plex_meta_manager.py:227]  [DEBUG]    | Asset Directory: config/assets                                                                     |
[2023-02-24 01:39:43,853] [plex_meta_manager.py:228]  [DEBUG]    | Asset Folders: False                                                                               |
[2023-02-24 01:39:43,854] [plex_meta_manager.py:229]  [DEBUG]    | Create Asset Folders: False                                                                        |
[2023-02-24 01:39:43,854] [plex_meta_manager.py:230]  [DEBUG]    | Download URL Assets: False                                                                         |
[2023-02-24 01:39:43,854] [plex_meta_manager.py:231]  [DEBUG]    | Sync Mode: append                                                                                  |
[2023-02-24 01:39:43,854] [plex_meta_manager.py:232]  [DEBUG]    | Collection Minimum: 1                                                                              |
[2023-02-24 01:39:43,854] [plex_meta_manager.py:233]  [DEBUG]    | Delete Below Minimum: True                                                                         |
[2023-02-24 01:39:43,855] [plex_meta_manager.py:234]  [DEBUG]    | Delete Not Scheduled: False                                                                        |
[2023-02-24 01:39:43,855] [plex_meta_manager.py:235]  [DEBUG]    | Default Collection Order: release                                                                  |
[2023-02-24 01:39:43,855] [plex_meta_manager.py:236]  [DEBUG]    | Missing Only Released: False                                                                       |
[2023-02-24 01:39:43,855] [plex_meta_manager.py:237]  [DEBUG]    | Only Filter Missing: False                                                                         |
[2023-02-24 01:39:43,855] [plex_meta_manager.py:238]  [DEBUG]    | Show Unmanaged: True                                                                               |
[2023-02-24 01:39:43,855] [plex_meta_manager.py:239]  [DEBUG]    | Show Filtered: False                                                                               |
[2023-02-24 01:39:43,856] [plex_meta_manager.py:240]  [DEBUG]    | Show Missing: True                                                                                 |
[2023-02-24 01:39:43,856] [plex_meta_manager.py:241]  [DEBUG]    | Show Missing Assets: False                                                                         |
[2023-02-24 01:39:43,856] [plex_meta_manager.py:242]  [DEBUG]    | Save Missing: True                                                                                 |
[2023-02-24 01:39:43,856] [plex_meta_manager.py:243]  [DEBUG]    | Clean Bundles: False                                                                               |
[2023-02-24 01:39:43,856] [plex_meta_manager.py:244]  [DEBUG]    | Empty Trash: False                                                                                 |
[2023-02-24 01:39:43,856] [plex_meta_manager.py:245]  [DEBUG]    | Optimize: False                                                                                    |
[2023-02-24 01:39:43,857] [plex_meta_manager.py:246]  [DEBUG]    | Timeout: 60                                                                                        |
[2023-02-24 01:39:43,857] [plex_meta_manager.py:256]  [INFO]     |                                                                                                    |
[2023-02-24 01:39:43,857] [util.py:216]               [INFO]     |====================================== Mapping Anime Library =======================================|
[2023-02-24 01:39:43,857] [plex_meta_manager.py:258]  [INFO]     |                                                                                                    |
[2023-02-24 01:39:43,858] [plex.py:456]               [INFO]     | Loading All Shows from Library: Anime                                                              |
[2023-02-24 01:39:43,974] [plex.py:465]               [INFO]     | Loaded 148 Shows                                                                                   |
[2023-02-24 01:39:43,974] [library.py:248]            [INFO]     | Mapping Show Library: Anime                                                                        |
[2023-02-24 01:39:43,974] [library.py:249]            [INFO]     |                                                                                                    |
[2023-02-24 01:39:44,141] [convert.py:332]            [INFO]     |  Cache  |  ^  | com.plexapp.agents.hama://tvdb-305075?lang=en  | TVDb ID: 305075  | IMDb ID: tt5679720  | Bungou Stray Dogs |
[2023-02-24 01:39:46,752] [convert.py:332]            [INFO]     |  Cache  |  ^  | com.plexapp.agents.hama://anidb-12091?lang=en  | TVDb ID: 318893  | IMDb ID: tt6185782  | Kobayashi-san Chi no Maidragon |
[2023-02-24 01:39:46,797] [convert.py:348]            [INFO]     | Mapping Error | com.plexapp.agents.hama://anidb-16533?lang=en  | AniDB: 16533 not found for "Yojouhan Time Machine Blues" |
[2023-02-24 01:39:46,798] [library.py:263]            [INFO]     |                                                                                                    |
[2023-02-24 01:39:46,798] [library.py:264]            [INFO]     | Processed 148 Shows                                                                                |
[2023-02-24 01:39:46,799] [plex_meta_manager.py:261]  [INFO]     |                                                                                                    |
[2023-02-24 01:39:46,799] [util.py:209]               [INFO]     |====================================================================================================|
[2023-02-24 01:39:46,799] [util.py:216]               [INFO]     |                                       Running Metadata File                                        |
[2023-02-24 01:39:46,800] [util.py:216]               [INFO]     |                                          config/Anime.yml                                          |
[2023-02-24 01:39:46,800] [util.py:220]               [INFO]     |====================================================================================================|
[2023-02-24 01:39:46,801] [plex_meta_manager.py:275]  [INFO]     |                                                                                                    |
[2023-02-24 01:39:46,801] [util.py:209]               [INFO]     |====================================================================================================|
[2023-02-24 01:39:46,801] [util.py:216]               [INFO]     |                                            Collections                                             |
[2023-02-24 01:39:46,801] [util.py:220]               [INFO]     |====================================================================================================|
[2023-02-24 01:47:03,871] [plex_meta_manager.py:281]  [INFO]     |                                                                                                    |
[2023-02-24 01:47:03,872] [util.py:216]               [INFO]     |=============================== Sorting Anime Library's Collections ================================|
[2023-02-24 01:47:03,872] [plex_meta_manager.py:283]  [INFO]     |                                                                                                    |
[2023-02-24 01:47:03,872] [plex_meta_manager.py:285]  [INFO]     |                                                                                                    |
[2023-02-24 01:47:03,872] [util.py:216]               [INFO]     |============================= Sorting Jack's Favorite Anime Collection =============================|
[2023-02-24 01:47:03,873] [plex_meta_manager.py:287]  [INFO]     |                                                                                                    |
[2023-02-24 01:47:03,873] [builder.py:2333]           [INFO]     |                                                                                                    |
[2023-02-24 01:47:03,873] [util.py:216]               [INFO]     |============================= Sorting Jack's Favorite Anime Collection =============================|
[2023-02-24 01:47:03,873] [builder.py:2335]           [INFO]     |                                                                                                    |
[2023-02-24 01:47:03,874] [builder.py:2344]           [INFO]     | Moving Mushishi to the beginning                                                                   |
[2023-02-24 01:47:03,883] [builder.py:2344]           [INFO]     | Moving Hagane no Renkinjutsushi (2009) after Mushishi                                              |
[2023-02-24 01:47:03,891] [builder.py:2344]           [INFO]     | Moving Steins;Gate after Hagane no Renkinjutsushi (2009)                                           |
[2023-02-24 01:47:03,899] [builder.py:2344]           [INFO]     | Moving Hunter x Hunter (2011) after Steins;Gate                                                    |
[2023-02-24 01:47:03,906] [builder.py:2344]           [INFO]     | Moving Made in Abyss after Hunter x Hunter (2011)                                                  |
[2023-02-24 01:47:03,913] [builder.py:2344]           [INFO]     | Moving Shingeki no Kyojin after Made in Abyss                                                      |
[2023-02-24 01:47:03,920] [builder.py:2344]           [INFO]     | Moving Jujutsu Kaisen after Shingeki no Kyojin                                                     |
[2023-02-24 01:47:03,927] [builder.py:2344]           [INFO]     | Moving Vivy: Fluorite Eye's Song after Jujutsu Kaisen                                              |
[2023-02-24 01:47:03,934] [builder.py:2344]           [INFO]     | Moving Cowboy Bebop after Vivy: Fluorite Eye's Song                                                |
[2023-02-24 01:47:03,953] [builder.py:2344]           [INFO]     | Moving Death Note after Cowboy Bebop                                                               |
[2023-02-24 01:47:03,961] [builder.py:2344]           [INFO]     | Moving Code Geass: Hangyaku no Lelouch after Death Note                                            |
[2023-02-24 01:47:03,969] [builder.py:2344]           [INFO]     | Moving Toradora! after Code Geass: Hangyaku no Lelouch                                             |
[2023-02-24 01:47:03,977] [builder.py:2344]           [INFO]     | Moving Haikyuu!! after Toradora!                                                                   |
[2023-02-24 01:47:03,985] [builder.py:2344]           [INFO]     | Moving One Punch Man after Haikyuu!!                                                               |
[2023-02-24 01:47:03,992] [builder.py:2344]           [INFO]     | Moving Kobayashi-san Chi no Maidragon after One Punch Man                                          |
[2023-02-24 01:47:03,999] [builder.py:2344]           [INFO]     | Moving Kimetsu no Yaiba after Kobayashi-san Chi no Maidragon                                       |
[2023-02-24 01:47:04,007] [builder.py:2344]           [INFO]     | Moving Re:Zero kara Hajimeru Isekai Seikatsu (2021) after Kimetsu no Yaiba                         |
[2023-02-24 01:47:04,014] [builder.py:2344]           [INFO]     | Moving Cyberpunk: Edgerunners after Re:Zero kara Hajimeru Isekai Seikatsu (2021)                   |
[2023-02-24 01:47:04,021] [builder.py:2344]           [INFO]     | Moving Odd Taxi after Cyberpunk: Edgerunners                                                       |
[2023-02-24 01:47:04,028] [builder.py:2344]           [INFO]     | Moving Sono Bisque Doll wa Koi o Suru after Odd Taxi                                               |
[2023-02-24 01:47:04,036] [builder.py:2344]           [INFO]     | Moving Naruto after Sono Bisque Doll wa Koi o Suru                                                 |
[2023-02-24 01:47:04,043] [plex_meta_manager.py:285]  [INFO]     |                                                                                                    |
[2023-02-24 01:47:04,043] [util.py:216]               [INFO]     |=========================== Sorting Jack's Currently Watching Collection ===========================|
[2023-02-24 01:47:04,044] [plex_meta_manager.py:287]  [INFO]     |                                                                                                    |
[2023-02-24 01:47:04,044] [builder.py:2333]           [INFO]     |                                                                                                    |
[2023-02-24 01:47:04,044] [util.py:216]               [INFO]     |=========================== Sorting Jack's Currently Watching Collection ===========================|
[2023-02-24 01:47:04,045] [builder.py:2335]           [INFO]     |                                                                                                    |
[2023-02-24 01:47:04,045] [builder.py:2344]           [INFO]     | Moving Sangatsu no Lion to the beginning                                                           |
[2023-02-24 01:47:04,053] [builder.py:2344]           [INFO]     | Moving Akiba Meido Sensou after Sangatsu no Lion                                                   |
[2023-02-24 01:47:04,059] [builder.py:2344]           [INFO]     | Moving Birdie Wing: Golf Girls' Story after Akiba Meido Sensou                                     |
[2023-02-24 01:47:04,066] [builder.py:2344]           [INFO]     | Moving Blue Lock after Birdie Wing: Golf Girls' Story                                              |
[2023-02-24 01:47:04,073] [builder.py:2344]           [INFO]     | Moving Boku no Hero Academia after Blue Lock                                                       |
[2023-02-24 01:47:04,080] [builder.py:2344]           [INFO]     | Moving Dungeon ni Deai o Motomeru no wa Machigatte Iru Darouka: Familia Myth after Boku no Hero Academia |
[2023-02-24 01:47:04,087] [builder.py:2344]           [INFO]     | Moving Isekai Ojisan after Dungeon ni Deai o Motomeru no wa Machigatte Iru Darouka: Familia Myth   |
[2023-02-24 01:47:04,093] [builder.py:2344]           [INFO]     | Moving Kage no Jitsuryokusha ni Naritakute! after Isekai Ojisan                                    |
[2023-02-24 01:47:04,101] [builder.py:2344]           [INFO]     | Moving Kaguya-sama wa Kokurasetai: Tensai-tachi no Ren'ai Zunousen after Kage no Jitsuryokusha ni Naritakute! |
[2023-02-24 01:47:04,108] [builder.py:2344]           [INFO]     | Moving Mamahaha no Tsurego ga Motokano Datta after Kaguya-sama wa Kokurasetai: Tensai-tachi no Ren'ai Zunousen |
[2023-02-24 01:47:04,115] [builder.py:2344]           [INFO]     | Moving No Game No Life after Mamahaha no Tsurego ga Motokano Datta                                 |
[2023-02-24 01:47:04,122] [builder.py:2344]           [INFO]     | Moving Ousama Ranking after No Game No Life                                                        |
[2023-02-24 01:47:04,129] [builder.py:2344]           [INFO]     | Moving Sabikui Bisco after Ousama Ranking                                                          |
[2023-02-24 01:47:04,136] [builder.py:2344]           [INFO]     | Moving Shiguang Dailiren after Sabikui Bisco                                                       |
[2023-02-24 01:47:04,151] [builder.py:2344]           [INFO]     | Moving Spy Kyoushitsu after Shiguang Dailiren                                                      |
[2023-02-24 01:47:04,158] [builder.py:2344]           [INFO]     | Moving Spy x Family (2022) after Spy Kyoushitsu                                                    |
[2023-02-24 01:47:04,165] [builder.py:2344]           [INFO]     | Moving Summer Time Render after Spy x Family (2022)                                                |
[2023-02-24 01:47:04,172] [builder.py:2344]           [INFO]     | Moving Tensei Shitara Ken Deshita after Summer Time Render                                         |
[2023-02-24 01:47:04,179] [builder.py:2344]           [INFO]     | Moving Vinland Saga after Tensei Shitara Ken Deshita                                               |
[2023-02-24 01:47:04,186] [plex_meta_manager.py:285]  [INFO]     |                                                                                                    |
[2023-02-24 01:47:04,187] [util.py:216]               [INFO]     |============================= Sorting Jack's Plan to Watch Collection ==============================|
[2023-02-24 01:47:04,187] [plex_meta_manager.py:287]  [INFO]     |                                                                                                    |
[2023-02-24 01:47:04,187] [builder.py:2333]           [INFO]     |                                                                                                    |
[2023-02-24 01:47:04,188] [util.py:216]               [INFO]     |============================= Sorting Jack's Plan to Watch Collection ==============================|
[2023-02-24 01:47:04,188] [builder.py:2335]           [INFO]     |                                                                                                    |
[2023-02-24 01:47:04,188] [builder.py:2344]           [INFO]     | Moving Sangatsu no Lion to the beginning                                                           |
[2023-02-24 01:47:04,199] [builder.py:2344]           [INFO]     | Moving Go-Toubun no Hanayome after Sangatsu no Lion                                                |
[2023-02-24 01:47:04,209] [builder.py:2344]           [INFO]     | Moving Aharen-san wa Hakarenai after Go-Toubun no Hanayome                                         |
[2023-02-24 01:47:04,219] [builder.py:2344]           [INFO]     | Moving Akame ga Kill! after Aharen-san wa Hakarenai                                                |
[2023-02-24 01:47:04,230] [builder.py:2344]           [INFO]     | Moving Akudama Drive after Akame ga Kill!                                                          |
[2023-02-24 01:47:04,239] [builder.py:2344]           [INFO]     | Moving Another after Akudama Drive                                                                 |
[2023-02-24 01:47:04,250] [builder.py:2344]           [INFO]     | Moving Burn the Witch after Another                                                                |
[2023-02-24 01:47:04,259] [builder.py:2344]           [INFO]     | Moving Dance Dance Danseur after Burn the Witch                                                    |
[2023-02-24 01:47:04,269] [builder.py:2344]           [INFO]     | Moving Danshi Koukousei no Nichijou after Dance Dance Danseur                                      |
[2023-02-24 01:47:04,278] [builder.py:2344]           [INFO]     | Moving Date a Live after Danshi Koukousei no Nichijou                                              |
[2023-02-24 01:47:04,288] [builder.py:2344]           [INFO]     | Moving Dr. Stone after Date a Live                                                                 |
[2023-02-24 01:47:04,297] [builder.py:2344]           [INFO]     | Moving Dungeon ni Deai o Motomeru no wa Machigatte Iru Darouka: Familia Myth after Dr. Stone       |
[2023-02-24 01:47:04,307] [builder.py:2344]           [INFO]     | Moving Given after Dungeon ni Deai o Motomeru no wa Machigatte Iru Darouka: Familia Myth           |
[2023-02-24 01:47:04,316] [builder.py:2344]           [INFO]     | Moving Goblin Slayer after Given                                                                   |
[2023-02-24 01:47:04,325] [builder.py:2344]           [INFO]     | Moving Golden Kamuy after Goblin Slayer                                                            |
[2023-02-24 01:47:04,334] [builder.py:2344]           [INFO]     | Moving Hajime no Ippo: The Fighting! after Golden Kamuy                                            |
[2023-02-24 01:47:04,344] [builder.py:2344]           [INFO]     | Moving Horimiya after Hajime no Ippo: The Fighting!                                                |
[2023-02-24 01:47:04,353] [builder.py:2344]           [INFO]     | Moving Hyouka after Horimiya                                                                       |
[2023-02-24 01:47:04,362] [builder.py:2344]           [INFO]     | Moving K-On! after Hyouka                                                                          |
[2023-02-24 01:47:04,371] [builder.py:2344]           [INFO]     | Moving Kaguya-sama wa Kokurasetai: Tensai-tachi no Ren'ai Zunousen after K-On!                     |
[2023-02-24 01:47:04,390] [builder.py:2344]           [INFO]     | Moving Kami no Tou after Kaguya-sama wa Kokurasetai: Tensai-tachi no Ren'ai Zunousen               |
[2023-02-24 01:47:04,400] [builder.py:2344]           [INFO]     | Moving Kanojo, Okarishimasu after Kami no Tou                                                      |
[2023-02-24 01:47:04,410] [builder.py:2344]           [INFO]     | Moving Kidou Senshi Gundam: Suisei no Majo after Kanojo, Okarishimasu                              |
[2023-02-24 01:47:04,420] [builder.py:2344]           [INFO]     | Moving Kinsou no Vermeil: Gakeppuchi Majutsushi wa Saikyou no Yakusai to Mahou Sekai o Tsukisusumu after Kidou Senshi Gundam: Suisei no Majo |
[2023-02-24 01:47:04,429] [builder.py:2344]           [INFO]     | Moving Kiseijuu: Sei no Kakuritsu after Kinsou no Vermeil: Gakeppuchi Majutsushi wa Saikyou no Yakusai to Mahou Sekai o Tsukisusumu |
[2023-02-24 01:47:04,439] [builder.py:2344]           [INFO]     | Moving Komi-san wa, Komyushou Desu. after Kiseijuu: Sei no Kakuritsu                               |
[2023-02-24 01:47:04,448] [builder.py:2344]           [INFO]     | Moving Bakemonogatari after Komi-san wa, Komyushou Desu.                                           |
[2023-02-24 01:47:04,457] [builder.py:2344]           [INFO]     | Moving Ookami to Koushinryou after Bakemonogatari                                                  |
[2023-02-24 01:47:04,466] [builder.py:2344]           [INFO]     | Moving Overlord after Ookami to Koushinryou                                                        |
[2023-02-24 01:47:04,475] [builder.py:2344]           [INFO]     | Moving Shinsekai yori after Overlord                                                               |
[2023-02-24 01:47:04,485] [builder.py:2344]           [INFO]     | Moving Slime Taoshite 300-nen, Shiranai Uchi ni Level Max ni Nattemashita after Shinsekai yori     |
[2023-02-24 01:47:04,495] [builder.py:2344]           [INFO]     | Moving Sonny Boy after Slime Taoshite 300-nen, Shiranai Uchi ni Level Max ni Nattemashita          |
[2023-02-24 01:47:04,504] [builder.py:2344]           [INFO]     | Moving Soredemo Ayumu wa Yosetekuru after Sonny Boy                                                |
[2023-02-24 01:47:04,515] [builder.py:2344]           [INFO]     | Moving Star Wars: Visions after Soredemo Ayumu wa Yosetekuru                                       |
[2023-02-24 01:47:04,525] [builder.py:2344]           [INFO]     | Moving Tanaka-kun wa Itsumo Kedaruge after Star Wars: Visions                                      |
[2023-02-24 01:47:04,534] [builder.py:2344]           [INFO]     | Moving Tensei Kenja no Isekai Life: Daini no Shokugyou o Ete, Sekai Saikyou ni Narimashita after Tanaka-kun wa Itsumo Kedaruge |
[2023-02-24 01:47:04,544] [builder.py:2344]           [INFO]     | Moving Tensei Shitara Slime Datta Ken after Tensei Kenja no Isekai Life: Daini no Shokugyou o Ete, Sekai Saikyou ni Narimashita |
[2023-02-24 01:47:04,553] [builder.py:2344]           [INFO]     | Moving The God of High School after Tensei Shitara Slime Datta Ken                                 |
[2023-02-24 01:47:04,563] [builder.py:2344]           [INFO]     | Moving Tonikaku Kawaii after The God of High School                                                |
[2023-02-24 01:47:04,573] [builder.py:2344]           [INFO]     | Moving Vanitas no Karte after Tonikaku Kawaii                                                      |
[2023-02-24 01:47:04,583] [builder.py:2344]           [INFO]     | Moving Violet Evergarden after Vanitas no Karte                                                    |
[2023-02-24 01:47:04,593] [builder.py:2344]           [INFO]     | Moving Yakusoku no Neverland after Violet Evergarden                                               |
[2023-02-24 01:47:04,602] [builder.py:2344]           [INFO]     | Moving Youkoso Jitsuryoku Shijou Shugi no Kyoushitsu e after Yakusoku no Neverland                 |
[2023-02-24 01:47:04,612] [builder.py:2344]           [INFO]     | Moving Yuuri!!! on Ice after Youkoso Jitsuryoku Shijou Shugi no Kyoushitsu e                       |
[2023-02-24 01:47:04,622] [plex_meta_manager.py:285]  [INFO]     |                                                                                                    |
[2023-02-24 01:47:04,622] [util.py:216]               [INFO]     |============================= Sorting Jack's Whole MAL List Collection =============================|
[2023-02-24 01:47:04,622] [plex_meta_manager.py:287]  [INFO]     |                                                                                                    |
[2023-02-24 01:47:04,623] [builder.py:2333]           [INFO]     |                                                                                                    |
[2023-02-24 01:47:04,623] [util.py:216]               [INFO]     |============================= Sorting Jack's Whole MAL List Collection =============================|
[2023-02-24 01:47:04,623] [builder.py:2335]           [INFO]     |                                                                                                    |
[2023-02-24 01:47:04,623] [builder.py:2344]           [INFO]     | Moving Sangatsu no Lion to the beginning                                                           |
[2023-02-24 01:47:04,662] [builder.py:2344]           [INFO]     | Moving Go-Toubun no Hanayome after Sangatsu no Lion                                                |
[2023-02-24 01:47:04,684] [builder.py:2344]           [INFO]     | Moving 86 (2021) after Go-Toubun no Hanayome                                                       |
[2023-02-24 01:47:04,706] [builder.py:2344]           [INFO]     | Moving Aharen-san wa Hakarenai after 86 (2021)                                                     |
[2023-02-24 01:47:04,730] [builder.py:2344]           [INFO]     | Moving Akame ga Kill! after Aharen-san wa Hakarenai                                                |
[2023-02-24 01:47:04,753] [builder.py:2344]           [INFO]     | Moving Akiba Meido Sensou after Akame ga Kill!                                                     |
[2023-02-24 01:47:04,778] [builder.py:2344]           [INFO]     | Moving Akudama Drive after Akiba Meido Sensou                                                      |
[2023-02-24 01:47:04,802] [builder.py:2344]           [INFO]     | Moving Angel Beats! after Akudama Drive                                                            |
[2023-02-24 01:47:04,824] [builder.py:2344]           [INFO]     | Moving Another after Angel Beats!                                                                  |
[2023-02-24 01:47:04,848] [builder.py:2344]           [INFO]     | Moving Ao Ashi after Another                                                                       |
[2023-02-24 01:47:04,871] [builder.py:2344]           [INFO]     | Moving Bakemonogatari after Ao Ashi                                                                |
[2023-02-24 01:47:04,893] [builder.py:2344]           [INFO]     | Moving Birdie Wing: Golf Girls' Story after Bakemonogatari                                         |
[2023-02-24 01:47:04,915] [builder.py:2344]           [INFO]     | Moving Blue Lock after Birdie Wing: Golf Girls' Story                                              |
[2023-02-24 01:47:04,940] [builder.py:2344]           [INFO]     | Moving Bocchi the Rock! after Blue Lock                                                            |
[2023-02-24 01:47:04,962] [builder.py:2344]           [INFO]     | Moving Boku dake ga Inai Machi after Bocchi the Rock!                                              |
[2023-02-24 01:47:04,984] [builder.py:2344]           [INFO]     | Moving Boku no Hero Academia after Boku dake ga Inai Machi                                         |
[2023-02-24 01:47:05,006] [builder.py:2344]           [INFO]     | Moving Burn the Witch after Boku no Hero Academia                                                  |
[2023-02-24 01:47:05,031] [builder.py:2344]           [INFO]     | Moving Carole & Tuesday after Burn the Witch                                                       |
[2023-02-24 01:47:05,053] [builder.py:2344]           [INFO]     | Moving Chainsaw Man after Carole & Tuesday                                                         |
[2023-02-24 01:47:05,075] [builder.py:2344]           [INFO]     | Moving Code Geass: Hangyaku no Lelouch after Chainsaw Man                                          |
[2023-02-24 01:47:05,097] [builder.py:2344]           [INFO]     | Moving Cowboy Bebop after Code Geass: Hangyaku no Lelouch                                          |
[2023-02-24 01:47:05,121] [builder.py:2344]           [INFO]     | Moving Cyberpunk: Edgerunners after Cowboy Bebop                                                   |
[2023-02-24 01:47:05,145] [builder.py:2344]           [INFO]     | Moving Dance Dance Danseur after Cyberpunk: Edgerunners                                            |
[2023-02-24 01:47:05,168] [builder.py:2344]           [INFO]     | Moving Danshi Koukousei no Nichijou after Dance Dance Danseur                                      |
[2023-02-24 01:47:05,189] [builder.py:2344]           [INFO]     | Moving Date a Live after Danshi Koukousei no Nichijou                                              |
[2023-02-24 01:47:05,212] [builder.py:2344]           [INFO]     | Moving Death Note after Date a Live                                                                |
[2023-02-24 01:47:05,235] [builder.py:2344]           [INFO]     | Moving Dennou Coil after Death Note                                                                |
[2023-02-24 01:47:05,276] [builder.py:2344]           [INFO]     | Moving Do It Yourself!! after Dennou Coil                                                          |
[2023-02-24 01:47:05,299] [builder.py:2344]           [INFO]     | Moving Dr. Stone after Do It Yourself!!                                                            |
[2023-02-24 01:47:05,322] [builder.py:2344]           [INFO]     | Moving Dungeon ni Deai o Motomeru no wa Machigatte Iru Darouka: Familia Myth after Dr. Stone       |
[2023-02-24 01:47:05,344] [builder.py:2344]           [INFO]     | Moving Engage Kiss after Dungeon ni Deai o Motomeru no wa Machigatte Iru Darouka: Familia Myth     |
[2023-02-24 01:47:05,367] [builder.py:2344]           [INFO]     | Moving Hagane no Renkinjutsushi (2009) after Engage Kiss                                           |
[2023-02-24 01:47:05,390] [builder.py:2344]           [INFO]     | Moving Fumetsu no Anata e after Hagane no Renkinjutsushi (2009)                                    |
[2023-02-24 01:47:05,413] [builder.py:2344]           [INFO]     | Moving Gin no Saji after Fumetsu no Anata e                                                        |
[2023-02-24 01:47:05,437] [builder.py:2344]           [INFO]     | Moving Given after Gin no Saji                                                                     |
[2023-02-24 01:47:05,462] [builder.py:2344]           [INFO]     | Moving Goblin Slayer after Given                                                                   |
[2023-02-24 01:47:05,485] [builder.py:2344]           [INFO]     | Moving Golden Kamuy after Goblin Slayer                                                            |
[2023-02-24 01:47:05,510] [builder.py:2344]           [INFO]     | Moving Haikyuu!! after Golden Kamuy                                                                |
[2023-02-24 01:47:05,532] [builder.py:2344]           [INFO]     | Moving Hajime no Ippo: The Fighting! after Haikyuu!!                                               |
[2023-02-24 01:47:05,555] [builder.py:2344]           [INFO]     | Moving Hataraku Maou-sama! after Hajime no Ippo: The Fighting!                                     |
[2023-02-24 01:47:05,577] [builder.py:2344]           [INFO]     | Moving Hige o Soru. Soshite Joshikousei o Hirou. after Hataraku Maou-sama!                         |
[2023-02-24 01:47:05,598] [builder.py:2344]           [INFO]     | Moving Horimiya after Hige o Soru. Soshite Joshikousei o Hirou.                                    |
[2023-02-24 01:47:05,619] [builder.py:2344]           [INFO]     | Moving Hunter x Hunter (2011) after Horimiya                                                       |
[2023-02-24 01:47:05,643] [builder.py:2344]           [INFO]     | Moving Hyouka after Hunter x Hunter (2011)                                                         |
[2023-02-24 01:47:05,668] [builder.py:2344]           [INFO]     | Moving Ijiranaide, Nagatoro-san after Hyouka                                                       |
[2023-02-24 01:47:05,692] [builder.py:2344]           [INFO]     | Moving Isekai Ojisan after Ijiranaide, Nagatoro-san                                                |
[2023-02-24 01:47:05,715] [builder.py:2344]           [INFO]     | Moving Jujutsu Kaisen after Isekai Ojisan                                                          |
[2023-02-24 01:47:05,737] [builder.py:2344]           [INFO]     | Moving K-On! after Jujutsu Kaisen                                                                  |
[2023-02-24 01:47:05,758] [builder.py:2344]           [INFO]     | Moving Kage no Jitsuryokusha ni Naritakute! after K-On!                                            |
[2023-02-24 01:47:05,780] [builder.py:2344]           [INFO]     | Moving Kaguya-sama wa Kokurasetai: Tensai-tachi no Ren'ai Zunousen after Kage no Jitsuryokusha ni Naritakute! |
[2023-02-24 01:47:05,803] [builder.py:2344]           [INFO]     | Moving Kami no Tou after Kaguya-sama wa Kokurasetai: Tensai-tachi no Ren'ai Zunousen               |
[2023-02-24 01:47:05,827] [builder.py:2344]           [INFO]     | Moving Kanojo, Okarishimasu after Kami no Tou                                                      |
[2023-02-24 01:47:05,850] [builder.py:2344]           [INFO]     | Moving Kawaii dake ja Nai Shikimori-san after Kanojo, Okarishimasu                                 |
[2023-02-24 01:47:05,891] [builder.py:2344]           [INFO]     | Moving Kidou Senshi Gundam: Suisei no Majo after Kawaii dake ja Nai Shikimori-san                  |
[2023-02-24 01:47:05,915] [builder.py:2344]           [INFO]     | Moving Kill la Kill after Kidou Senshi Gundam: Suisei no Majo                                      |
[2023-02-24 01:47:05,939] [builder.py:2344]           [INFO]     | Moving Kimetsu no Yaiba after Kill la Kill                                                         |
[2023-02-24 01:47:05,963] [builder.py:2344]           [INFO]     | Moving Kinsou no Vermeil: Gakeppuchi Majutsushi wa Saikyou no Yakusai to Mahou Sekai o Tsukisusumu after Kimetsu no Yaiba |
[2023-02-24 01:47:05,986] [builder.py:2344]           [INFO]     | Moving Kiseijuu: Sei no Kakuritsu after Kinsou no Vermeil: Gakeppuchi Majutsushi wa Saikyou no Yakusai to Mahou Sekai o Tsukisusumu |
[2023-02-24 01:47:06,009] [builder.py:2344]           [INFO]     | Moving Kobayashi-san Chi no Maidragon after Kiseijuu: Sei no Kakuritsu                             |
[2023-02-24 01:47:06,032] [builder.py:2344]           [INFO]     | Moving Komi-san wa, Komyushou Desu. after Kobayashi-san Chi no Maidragon                           |
[2023-02-24 01:47:06,057] [builder.py:2344]           [INFO]     | Moving Kono Subarashii Sekai ni Shukufuku o! after Komi-san wa, Komyushou Desu.                    |
[2023-02-24 01:47:06,079] [builder.py:2344]           [INFO]     | Moving Kumo Desu ga, Nanika? after Kono Subarashii Sekai ni Shukufuku o!                           |
[2023-02-24 01:47:06,104] [builder.py:2344]           [INFO]     | Moving Made in Abyss after Kumo Desu ga, Nanika?                                                   |
[2023-02-24 01:47:06,129] [builder.py:2344]           [INFO]     | Moving Mamahaha no Tsurego ga Motokano Datta after Made in Abyss                                   |
[2023-02-24 01:47:06,152] [builder.py:2344]           [INFO]     | Moving Mieruko-chan after Mamahaha no Tsurego ga Motokano Datta                                    |
[2023-02-24 01:47:06,175] [builder.py:2344]           [INFO]     | Moving Mob Psycho 100 after Mieruko-chan                                                           |
[2023-02-24 01:47:06,198] [builder.py:2344]           [INFO]     | Moving Mushishi after Mob Psycho 100                                                               |
[2023-02-24 01:47:06,223] [builder.py:2344]           [INFO]     | Moving Mushoku Tensei: Isekai Ittara Honki Dasu (2021) after Mushishi                              |
[2023-02-24 01:47:06,244] [builder.py:2344]           [INFO]     | Moving Naruto after Mushoku Tensei: Isekai Ittara Honki Dasu (2021)                                |
[2023-02-24 01:47:06,267] [builder.py:2344]           [INFO]     | Moving Shinseiki Evangelion after Naruto                                                           |
[2023-02-24 01:47:06,291] [builder.py:2344]           [INFO]     | Moving No Game No Life after Shinseiki Evangelion                                                  |
[2023-02-24 01:47:06,317] [builder.py:2344]           [INFO]     | Moving Odd Taxi after No Game No Life                                                              |
[2023-02-24 01:47:06,339] [builder.py:2344]           [INFO]     | Moving One Punch Man after Odd Taxi                                                                |
[2023-02-24 01:47:06,363] [builder.py:2344]           [INFO]     | Moving Ookami to Koushinryou after One Punch Man                                                   |
[2023-02-24 01:47:06,383] [builder.py:2344]           [INFO]     | Moving Otomege Sekai wa Mob ni Kibishii Sekai Desu after Ookami to Koushinryou                     |
[2023-02-24 01:47:06,405] [builder.py:2344]           [INFO]     | Moving Ousama Ranking after Otomege Sekai wa Mob ni Kibishii Sekai Desu                            |
[2023-02-24 01:47:06,426] [builder.py:2344]           [INFO]     | Moving Overlord after Ousama Ranking                                                               |
[2023-02-24 01:47:06,447] [builder.py:2344]           [INFO]     | Moving Paripi Koumei after Overlord                                                                |
[2023-02-24 01:47:06,470] [builder.py:2344]           [INFO]     | Moving Peach Boy Riverside after Paripi Koumei                                                     |
[2023-02-24 01:47:06,508] [builder.py:2344]           [INFO]     | Moving Re:Zero kara Hajimeru Isekai Seikatsu (2021) after Peach Boy Riverside                      |
[2023-02-24 01:47:06,534] [builder.py:2344]           [INFO]     | Moving Sabikui Bisco after Re:Zero kara Hajimeru Isekai Seikatsu (2021)                            |
[2023-02-24 01:47:06,558] [builder.py:2344]           [INFO]     | Moving Samurai Champloo after Sabikui Bisco                                                        |
[2023-02-24 01:47:06,580] [builder.py:2344]           [INFO]     | Moving Seishun Buta Yarou wa Bunny Girl Senpai no Yume o Minai after Samurai Champloo              |
[2023-02-24 01:47:06,604] [builder.py:2344]           [INFO]     | Moving Sekai Saikou no Ansatsusha, Isekai Kizoku ni Tensei Suru after Seishun Buta Yarou wa Bunny Girl Senpai no Yume o Minai |
[2023-02-24 01:47:06,627] [builder.py:2344]           [INFO]     | Moving Shadows House after Sekai Saikou no Ansatsusha, Isekai Kizoku ni Tensei Suru                |
[2023-02-24 01:47:06,651] [builder.py:2344]           [INFO]     | Moving Shigatsu wa Kimi no Uso after Shadows House                                                 |
[2023-02-24 01:47:06,676] [builder.py:2344]           [INFO]     | Moving Shiguang Dailiren after Shigatsu wa Kimi no Uso                                             |
[2023-02-24 01:47:06,700] [builder.py:2344]           [INFO]     | Moving Shingeki no Kyojin after Shiguang Dailiren                                                  |
[2023-02-24 01:47:06,724] [builder.py:2344]           [INFO]     | Moving Shinsekai yori after Shingeki no Kyojin                                                     |
[2023-02-24 01:47:06,745] [builder.py:2344]           [INFO]     | Moving Slime Taoshite 300-nen, Shiranai Uchi ni Level Max ni Nattemashita after Shinsekai yori     |
[2023-02-24 01:47:06,769] [builder.py:2344]           [INFO]     | Moving Sonny Boy after Slime Taoshite 300-nen, Shiranai Uchi ni Level Max ni Nattemashita          |
[2023-02-24 01:47:06,791] [builder.py:2344]           [INFO]     | Moving Sono Bisque Doll wa Koi o Suru after Sonny Boy                                              |
[2023-02-24 01:47:06,814] [builder.py:2344]           [INFO]     | Moving Soredemo Ayumu wa Yosetekuru after Sono Bisque Doll wa Koi o Suru                           |
[2023-02-24 01:47:06,838] [builder.py:2344]           [INFO]     | Moving Spy Kyoushitsu after Soredemo Ayumu wa Yosetekuru                                           |
[2023-02-24 01:47:06,862] [builder.py:2344]           [INFO]     | Moving Spy x Family (2022) after Spy Kyoushitsu                                                    |
[2023-02-24 01:47:06,887] [builder.py:2344]           [INFO]     | Moving Star Wars: Visions after Spy x Family (2022)                                                |
[2023-02-24 01:47:06,910] [builder.py:2344]           [INFO]     | Moving Steins;Gate after Star Wars: Visions                                                        |
[2023-02-24 01:47:06,932] [builder.py:2344]           [INFO]     | Moving Summer Time Render after Steins;Gate                                                        |
[2023-02-24 01:47:06,956] [builder.py:2344]           [INFO]     | Moving Tanaka-kun wa Itsumo Kedaruge after Summer Time Render                                      |
[2023-02-24 01:47:06,977] [builder.py:2344]           [INFO]     | Moving Tengen Toppa Gurren Lagann after Tanaka-kun wa Itsumo Kedaruge                              |
[2023-02-24 01:47:06,999] [builder.py:2344]           [INFO]     | Moving Tensei Kenja no Isekai Life: Daini no Shokugyou o Ete, Sekai Saikyou ni Narimashita after Tengen Toppa Gurren Lagann |
[2023-02-24 01:47:07,023] [builder.py:2344]           [INFO]     | Moving Tensei Shitara Ken Deshita after Tensei Kenja no Isekai Life: Daini no Shokugyou o Ete, Sekai Saikyou ni Narimashita |
[2023-02-24 01:47:07,046] [builder.py:2344]           [INFO]     | Moving Tensei Shitara Slime Datta Ken after Tensei Shitara Ken Deshita                             |
[2023-02-24 01:47:07,070] [builder.py:2344]           [INFO]     | Moving The God of High School after Tensei Shitara Slime Datta Ken                                 |
[2023-02-24 01:47:07,092] [builder.py:2344]           [INFO]     | Moving Tomodachi Game after The God of High School                                                 |
[2023-02-24 01:47:07,116] [builder.py:2344]           [INFO]     | Moving Tonikaku Kawaii after Tomodachi Game                                                        |
[2023-02-24 01:47:07,149] [builder.py:2344]           [INFO]     | Moving Toradora! after Tonikaku Kawaii                                                             |
[2023-02-24 01:47:07,174] [builder.py:2344]           [INFO]     | Moving Vanitas no Karte after Toradora!                                                            |
[2023-02-24 01:47:07,195] [builder.py:2344]           [INFO]     | Moving Vinland Saga after Vanitas no Karte                                                         |
[2023-02-24 01:47:07,217] [builder.py:2344]           [INFO]     | Moving Violet Evergarden after Vinland Saga                                                        |
[2023-02-24 01:47:07,240] [builder.py:2344]           [INFO]     | Moving Vivy: Fluorite Eye's Song after Violet Evergarden                                           |
[2023-02-24 01:47:07,265] [builder.py:2344]           [INFO]     | Moving Yakusoku no Neverland after Vivy: Fluorite Eye's Song                                       |
[2023-02-24 01:47:07,291] [builder.py:2344]           [INFO]     | Moving Yofukashi no Uta after Yakusoku no Neverland                                                |
[2023-02-24 01:47:07,315] [builder.py:2344]           [INFO]     | Moving Youkoso Jitsuryoku Shijou Shugi no Kyoushitsu e after Yofukashi no Uta                      |
[2023-02-24 01:47:07,341] [builder.py:2344]           [INFO]     | Moving Yuuri!!! on Ice after Youkoso Jitsuryoku Shijou Shugi no Kyoushitsu e                       |
[2023-02-24 01:47:07,364] [plex_meta_manager.py:285]  [INFO]     |                                                                                                    |
[2023-02-24 01:47:07,365] [util.py:216]               [INFO]     |=============================== Sorting Top Airing Anime Collection ================================|
[2023-02-24 01:47:07,365] [plex_meta_manager.py:287]  [INFO]     |                                                                                                    |
[2023-02-24 01:47:07,365] [builder.py:2333]           [INFO]     |                                                                                                    |
[2023-02-24 01:47:07,366] [util.py:216]               [INFO]     |=============================== Sorting Top Airing Anime Collection ================================|
[2023-02-24 01:47:07,366] [builder.py:2335]           [INFO]     |                                                                                                    |
[2023-02-24 01:47:07,366] [builder.py:2344]           [INFO]     | Moving Vinland Saga to the beginning                                                               |
[2023-02-24 01:47:07,374] [builder.py:2344]           [INFO]     | Moving Bungou Stray Dogs after Vinland Saga                                                        |
[2023-02-24 01:47:07,381] [builder.py:2344]           [INFO]     | Moving Dungeon ni Deai o Motomeru no wa Machigatte Iru Darouka: Familia Myth after Bungou Stray Dogs |
[2023-02-24 01:47:07,386] [builder.py:2344]           [INFO]     | Moving Otonari no Tenshi-sama ni Itsunomanika Dame Ningen ni Sareteita Ken after Dungeon ni Deai o Motomeru no wa Machigatte Iru Darouka: Familia Myth |
[2023-02-24 01:47:07,392] [builder.py:2344]           [INFO]     | Moving Buddy Daddies after Otonari no Tenshi-sama ni Itsunomanika Dame Ningen ni Sareteita Ken     |
[2023-02-24 01:47:07,399] [builder.py:2344]           [INFO]     | Moving Tokyo Revengers after Buddy Daddies                                                         |
[2023-02-24 01:47:07,405] [builder.py:2344]           [INFO]     | Moving Tsurune: Kazemai Koukou Kyuudou Bu after Tokyo Revengers                                    |
[2023-02-24 01:47:07,411] [builder.py:2344]           [INFO]     | Moving Kubo-san wa Mob o Yurusanai after Tsurune: Kazemai Koukou Kyuudou Bu                        |
[2023-02-24 01:47:07,417] [builder.py:2344]           [INFO]     | Moving Tomo-chan wa Onnanoko! after Kubo-san wa Mob o Yurusanai                                    |
[2023-02-24 01:47:07,423] [builder.py:2344]           [INFO]     | Moving Tondemo Skill de Isekai Hourou Meshi after Tomo-chan wa Onnanoko!                           |
[2023-02-24 01:47:07,430] [builder.py:2344]           [INFO]     | Moving Trigun Stampede after Tondemo Skill de Isekai Hourou Meshi                                  |
[2023-02-24 01:47:07,436] [builder.py:2344]           [INFO]     | Moving Ijiranaide, Nagatoro-san after Trigun Stampede                                              |
[2023-02-24 01:47:07,442] [builder.py:2344]           [INFO]     | Moving Itai no wa Iya nano de Bougyoryoku ni Kyokufuri Shitai to Omoimasu. after Ijiranaide, Nagatoro-san |
[2023-02-24 01:47:07,447] [plex_meta_manager.py:285]  [INFO]     |                                                                                                    |
[2023-02-24 01:47:07,448] [util.py:216]               [INFO]     |============================== Sorting Most Popular Anime Collection ===============================|
[2023-02-24 01:47:07,448] [plex_meta_manager.py:287]  [INFO]     |                                                                                                    |
[2023-02-24 01:47:07,448] [builder.py:2333]           [INFO]     |                                                                                                    |
[2023-02-24 01:47:07,449] [util.py:216]               [INFO]     |============================== Sorting Most Popular Anime Collection ===============================|
[2023-02-24 01:47:07,449] [builder.py:2335]           [INFO]     |                                                                                                    |
[2023-02-24 01:47:07,449] [builder.py:2344]           [INFO]     | Moving Shingeki no Kyojin to the beginning                                                         |
[2023-02-24 01:47:07,458] [builder.py:2344]           [INFO]     | Moving Death Note after Shingeki no Kyojin                                                         |
[2023-02-24 01:47:07,466] [builder.py:2344]           [INFO]     | Moving Hagane no Renkinjutsushi (2009) after Death Note                                            |
[2023-02-24 01:47:07,473] [builder.py:2344]           [INFO]     | Moving One Punch Man after Hagane no Renkinjutsushi (2009)                                         |
[2023-02-24 01:47:07,495] [builder.py:2344]           [INFO]     | Moving Boku no Hero Academia after One Punch Man                                                   |
[2023-02-24 01:47:07,504] [builder.py:2344]           [INFO]     | Moving Kimetsu no Yaiba after Boku no Hero Academia                                                |
[2023-02-24 01:47:07,512] [builder.py:2344]           [INFO]     | Moving Naruto after Kimetsu no Yaiba                                                               |
[2023-02-24 01:47:07,521] [builder.py:2344]           [INFO]     | Moving Tokyo Ghoul after Naruto                                                                    |
[2023-02-24 01:47:07,528] [builder.py:2344]           [INFO]     | Moving Hunter x Hunter (2011) after Tokyo Ghoul                                                    |
[2023-02-24 01:47:07,537] [builder.py:2344]           [INFO]     | Moving Steins;Gate after Hunter x Hunter (2011)                                                    |
[2023-02-24 01:47:07,545] [builder.py:2344]           [INFO]     | Moving No Game No Life after Steins;Gate                                                           |
[2023-02-24 01:47:07,552] [builder.py:2344]           [INFO]     | Moving Jujutsu Kaisen after No Game No Life                                                        |
[2023-02-24 01:47:07,560] [builder.py:2344]           [INFO]     | Moving Code Geass: Hangyaku no Lelouch after Jujutsu Kaisen                                        |
[2023-02-24 01:47:07,569] [builder.py:2344]           [INFO]     | Moving Toradora! after Code Geass: Hangyaku no Lelouch                                             |
[2023-02-24 01:47:07,577] [builder.py:2344]           [INFO]     | Moving Shigatsu wa Kimi no Uso after Toradora!                                                     |
[2023-02-24 01:47:07,585] [builder.py:2344]           [INFO]     | Moving Re:Zero kara Hajimeru Isekai Seikatsu (2021) after Shigatsu wa Kimi no Uso                  |
[2023-02-24 01:47:07,593] [builder.py:2344]           [INFO]     | Moving Angel Beats! after Re:Zero kara Hajimeru Isekai Seikatsu (2021)                             |
[2023-02-24 01:47:07,601] [builder.py:2344]           [INFO]     | Moving Akame ga Kill! after Angel Beats!                                                           |
[2023-02-24 01:47:07,609] [builder.py:2344]           [INFO]     | Moving Boku dake ga Inai Machi after Akame ga Kill!                                                |
[2023-02-24 01:47:07,617] [builder.py:2344]           [INFO]     | Moving Mob Psycho 100 after Boku dake ga Inai Machi                                                |
[2023-02-24 01:47:07,625] [builder.py:2344]           [INFO]     | Moving Haikyuu!! after Mob Psycho 100                                                              |
[2023-02-24 01:47:07,634] [builder.py:2344]           [INFO]     | Moving Yakusoku no Neverland after Haikyuu!!                                                       |
[2023-02-24 01:47:07,641] [builder.py:2344]           [INFO]     | Moving Kono Subarashii Sekai ni Shukufuku o! after Yakusoku no Neverland                           |
[2023-02-24 01:47:07,650] [builder.py:2344]           [INFO]     | Moving Kiseijuu: Sei no Kakuritsu after Kono Subarashii Sekai ni Shukufuku o!                      |
[2023-02-24 01:47:07,658] [builder.py:2344]           [INFO]     | Moving Cowboy Bebop after Kiseijuu: Sei no Kakuritsu                                               |
[2023-02-24 01:47:07,666] [builder.py:2344]           [INFO]     | Moving Shinseiki Evangelion after Cowboy Bebop                                                     |
[2023-02-24 01:47:07,674] [builder.py:2344]           [INFO]     | Moving Violet Evergarden after Shinseiki Evangelion                                                |
[2023-02-24 01:47:07,683] [plex_meta_manager.py:285]  [INFO]     |                                                                                                    |
[2023-02-24 01:47:07,683] [util.py:216]               [INFO]     |============================= Sorting Most Favorited Anime Collection ==============================|
[2023-02-24 01:47:07,683] [plex_meta_manager.py:287]  [INFO]     |                                                                                                    |
[2023-02-24 01:47:07,684] [builder.py:2333]           [INFO]     |                                                                                                    |
[2023-02-24 01:47:07,684] [util.py:216]               [INFO]     |============================= Sorting Most Favorited Anime Collection ==============================|
[2023-02-24 01:47:07,684] [builder.py:2335]           [INFO]     |                                                                                                    |
[2023-02-24 01:47:07,685] [builder.py:2344]           [INFO]     | Moving Hagane no Renkinjutsushi (2009) to the beginning                                            |
[2023-02-24 01:47:07,695] [builder.py:2344]           [INFO]     | Moving Hunter x Hunter (2011) after Hagane no Renkinjutsushi (2009)                                |
[2023-02-24 01:47:07,703] [builder.py:2344]           [INFO]     | Moving Steins;Gate after Hunter x Hunter (2011)                                                    |
[2023-02-24 01:47:07,719] [builder.py:2344]           [INFO]     | Moving Death Note after Steins;Gate                                                                |
[2023-02-24 01:47:07,730] [builder.py:2344]           [INFO]     | Moving Shingeki no Kyojin after Death Note                                                         |
[2023-02-24 01:47:07,739] [builder.py:2344]           [INFO]     | Moving Code Geass: Hangyaku no Lelouch after Shingeki no Kyojin                                    |
[2023-02-24 01:47:07,748] [builder.py:2344]           [INFO]     | Moving Shinseiki Evangelion after Code Geass: Hangyaku no Lelouch                                  |
[2023-02-24 01:47:07,758] [builder.py:2344]           [INFO]     | Moving Kimetsu no Yaiba after Shinseiki Evangelion                                                 |
[2023-02-24 01:47:07,766] [builder.py:2344]           [INFO]     | Moving Shigatsu wa Kimi no Uso after Kimetsu no Yaiba                                              |
[2023-02-24 01:47:07,775] [builder.py:2344]           [INFO]     | Moving Jujutsu Kaisen after Shigatsu wa Kimi no Uso                                                |
[2023-02-24 01:47:07,784] [builder.py:2344]           [INFO]     | Moving Cowboy Bebop after Jujutsu Kaisen                                                           |
[2023-02-24 01:47:07,793] [builder.py:2344]           [INFO]     | Moving Tengen Toppa Gurren Lagann after Cowboy Bebop                                               |
[2023-02-24 01:47:07,802] [builder.py:2344]           [INFO]     | Moving Naruto after Tengen Toppa Gurren Lagann                                                     |
[2023-02-24 01:47:07,811] [builder.py:2344]           [INFO]     | Moving Haikyuu!! after Naruto                                                                      |
[2023-02-24 01:47:07,820] [builder.py:2344]           [INFO]     | Moving Re:Zero kara Hajimeru Isekai Seikatsu (2021) after Haikyuu!!                                |
[2023-02-24 01:47:07,830] [builder.py:2344]           [INFO]     | Moving One Punch Man after Re:Zero kara Hajimeru Isekai Seikatsu (2021)                            |
[2023-02-24 01:47:07,838] [builder.py:2344]           [INFO]     | Moving Violet Evergarden after One Punch Man                                                       |
[2023-02-24 01:47:07,847] [builder.py:2344]           [INFO]     | Moving Toradora! after Violet Evergarden                                                           |
[2023-02-24 01:47:07,856] [builder.py:2344]           [INFO]     | Moving Boku no Hero Academia after Toradora!                                                       |
[2023-02-24 01:47:07,866] [builder.py:2344]           [INFO]     | Moving Tokyo Ghoul after Boku no Hero Academia                                                     |
[2023-02-24 01:47:07,875] [builder.py:2344]           [INFO]     | Moving Bakemonogatari after Tokyo Ghoul                                                            |
[2023-02-24 01:47:07,884] [builder.py:2344]           [INFO]     | Moving Angel Beats! after Bakemonogatari                                                           |
[2023-02-24 01:47:07,893] [builder.py:2344]           [INFO]     | Moving No Game No Life after Angel Beats!                                                          |
[2023-02-24 01:47:07,902] [builder.py:2344]           [INFO]     | Moving Boku dake ga Inai Machi after No Game No Life                                               |
[2023-02-24 01:47:07,911] [builder.py:2344]           [INFO]     | Moving Mob Psycho 100 after Boku dake ga Inai Machi                                                |
[2023-02-24 01:47:07,921] [builder.py:2344]           [INFO]     | Moving Seishun Buta Yarou wa Bunny Girl Senpai no Yume o Minai after Mob Psycho 100                |
[2023-02-24 01:47:07,930] [builder.py:2344]           [INFO]     | Moving Kono Subarashii Sekai ni Shukufuku o! after Seishun Buta Yarou wa Bunny Girl Senpai no Yume o Minai |
[2023-02-24 01:47:07,940] [builder.py:2344]           [INFO]     | Moving Made in Abyss after Kono Subarashii Sekai ni Shukufuku o!                                   |
[2023-02-24 01:47:07,949] [builder.py:2344]           [INFO]     | Moving Vinland Saga after Made in Abyss                                                            |
[2023-02-24 01:47:07,964] [builder.py:2344]           [INFO]     | Moving Chainsaw Man after Vinland Saga                                                             |
[2023-02-24 01:47:07,973] [builder.py:2344]           [INFO]     | Moving Spy x Family (2022) after Chainsaw Man                                                      |
[2023-02-24 01:47:07,983] [builder.py:2344]           [INFO]     | Moving Kaguya-sama wa Kokurasetai: Tensai-tachi no Ren'ai Zunousen after Spy x Family (2022)       |
[2023-02-24 01:47:07,992] [builder.py:2344]           [INFO]     | Moving Kill la Kill after Kaguya-sama wa Kokurasetai: Tensai-tachi no Ren'ai Zunousen              |
[2023-02-24 01:47:08,001] [plex_meta_manager.py:285]  [INFO]     |                                                                                                    |
[2023-02-24 01:47:08,001] [util.py:216]               [INFO]     |================================ Sorting Seasonal Winter Collection ================================|
[2023-02-24 01:47:08,002] [plex_meta_manager.py:287]  [INFO]     |                                                                                                    |
[2023-02-24 01:47:08,002] [builder.py:2333]           [INFO]     |                                                                                                    |
[2023-02-24 01:47:08,003] [util.py:216]               [INFO]     |================================ Sorting Seasonal Winter Collection ================================|
[2023-02-24 01:47:08,003] [builder.py:2335]           [INFO]     |                                                                                                    |
[2023-02-24 01:47:08,003] [builder.py:2344]           [INFO]     | Moving Boku no Hero Academia to the beginning                                                      |
[2023-02-24 01:47:08,010] [builder.py:2344]           [INFO]     | Moving Blue Lock after Boku no Hero Academia                                                       |
[2023-02-24 01:47:08,016] [builder.py:2344]           [INFO]     | Moving Kage no Jitsuryokusha ni Naritakute! after Blue Lock                                        |
[2023-02-24 01:47:08,022] [builder.py:2344]           [INFO]     | Moving Vinland Saga after Kage no Jitsuryokusha ni Naritakute!                                     |
[2023-02-24 01:47:08,028] [builder.py:2344]           [INFO]     | Moving Isekai Ojisan after Vinland Saga                                                            |
[2023-02-24 01:47:08,034] [builder.py:2344]           [INFO]     | Moving Maou Gakuin no Futekigousha: Shijou Saikyou no Maou no Shiso, Tensei Shite Shison-tachi no Gakkou e Kayou after Isekai Ojisan |
[2023-02-24 01:47:08,041] [builder.py:2344]           [INFO]     | Moving Tokyo Revengers after Maou Gakuin no Futekigousha: Shijou Saikyou no Maou no Shiso, Tensei Shite Shison-tachi no Gakkou e Kayou |
[2023-02-24 01:47:08,047] [builder.py:2344]           [INFO]     | Moving Fumetsu no Anata e after Tokyo Revengers                                                    |
[2023-02-24 01:47:08,053] [builder.py:2344]           [INFO]     | Moving Ijiranaide, Nagatoro-san after Fumetsu no Anata e                                           |
[2023-02-24 01:47:08,059] [builder.py:2344]           [INFO]     | Moving NieR:Automata Ver1.1a after Ijiranaide, Nagatoro-san                                        |
[2023-02-24 01:47:08,066] [builder.py:2344]           [INFO]     | Moving Tomo-chan wa Onnanoko! after NieR:Automata Ver1.1a                                          |
[2023-02-24 01:47:08,072] [builder.py:2344]           [INFO]     | Moving Bungou Stray Dogs after Tomo-chan wa Onnanoko!                                              |
[2023-02-24 01:47:08,079] [builder.py:2344]           [INFO]     | Moving Itai no wa Iya nano de Bougyoryoku ni Kyokufuri Shitai to Omoimasu. after Bungou Stray Dogs |
[2023-02-24 01:47:08,085] [builder.py:2344]           [INFO]     | Moving Otonari no Tenshi-sama ni Itsunomanika Dame Ningen ni Sareteita Ken after Itai no wa Iya nano de Bougyoryoku ni Kyokufuri Shitai to Omoimasu. |
[2023-02-24 01:47:08,092] [plex_meta_manager.py:285]  [INFO]     |                                                                                                    |
[2023-02-24 01:47:08,092] [util.py:216]               [INFO]     |================================ Sorting Seasonal Spring Collection ================================|
[2023-02-24 01:47:08,092] [plex_meta_manager.py:287]  [INFO]     |                                                                                                    |
[2023-02-24 01:47:08,093] [builder.py:2333]           [INFO]     |                                                                                                    |
[2023-02-24 01:47:08,093] [util.py:216]               [INFO]     |================================ Sorting Seasonal Spring Collection ================================|
[2023-02-24 01:47:08,093] [builder.py:2335]           [INFO]     |                                                                                                    |
[2023-02-24 01:47:08,094] [builder.py:2344]           [INFO]     | Moving Boku no Hero Academia to the beginning                                                      |
[2023-02-24 01:47:08,100] [builder.py:2344]           [INFO]     | Moving Blue Lock after Boku no Hero Academia                                                       |
[2023-02-24 01:47:08,106] [builder.py:2344]           [INFO]     | Moving Kage no Jitsuryokusha ni Naritakute! after Blue Lock                                        |
[2023-02-24 01:47:08,113] [builder.py:2344]           [INFO]     | Moving Vinland Saga after Kage no Jitsuryokusha ni Naritakute!                                     |
[2023-02-24 01:47:08,120] [builder.py:2344]           [INFO]     | Moving Isekai Ojisan after Vinland Saga                                                            |
[2023-02-24 01:47:08,126] [builder.py:2344]           [INFO]     | Moving Maou Gakuin no Futekigousha: Shijou Saikyou no Maou no Shiso, Tensei Shite Shison-tachi no Gakkou e Kayou after Isekai Ojisan |
[2023-02-24 01:47:08,132] [builder.py:2344]           [INFO]     | Moving Tokyo Revengers after Maou Gakuin no Futekigousha: Shijou Saikyou no Maou no Shiso, Tensei Shite Shison-tachi no Gakkou e Kayou |
[2023-02-24 01:47:08,138] [builder.py:2344]           [INFO]     | Moving Fumetsu no Anata e after Tokyo Revengers                                                    |
[2023-02-24 01:47:08,145] [builder.py:2344]           [INFO]     | Moving Ijiranaide, Nagatoro-san after Fumetsu no Anata e                                           |
[2023-02-24 01:47:08,159] [builder.py:2344]           [INFO]     | Moving NieR:Automata Ver1.1a after Ijiranaide, Nagatoro-san                                        |
[2023-02-24 01:47:08,167] [builder.py:2344]           [INFO]     | Moving Tomo-chan wa Onnanoko! after NieR:Automata Ver1.1a                                          |
[2023-02-24 01:47:08,173] [builder.py:2344]           [INFO]     | Moving Bungou Stray Dogs after Tomo-chan wa Onnanoko!                                              |
[2023-02-24 01:47:08,179] [builder.py:2344]           [INFO]     | Moving Itai no wa Iya nano de Bougyoryoku ni Kyokufuri Shitai to Omoimasu. after Bungou Stray Dogs |
[2023-02-24 01:47:08,185] [builder.py:2344]           [INFO]     | Moving Otonari no Tenshi-sama ni Itsunomanika Dame Ningen ni Sareteita Ken after Itai no wa Iya nano de Bougyoryoku ni Kyokufuri Shitai to Omoimasu. |
[2023-02-24 01:47:08,192] [plex_meta_manager.py:285]  [INFO]     |                                                                                                    |
[2023-02-24 01:47:08,192] [util.py:216]               [INFO]     |================================ Sorting Seasonal Summer Collection ================================|
[2023-02-24 01:47:08,193] [plex_meta_manager.py:287]  [INFO]     |                                                                                                    |
[2023-02-24 01:47:08,193] [builder.py:2333]           [INFO]     |                                                                                                    |
[2023-02-24 01:47:08,193] [util.py:216]               [INFO]     |================================ Sorting Seasonal Summer Collection ================================|
[2023-02-24 01:47:08,193] [builder.py:2335]           [INFO]     |                                                                                                    |
[2023-02-24 01:47:08,194] [builder.py:2344]           [INFO]     | Moving Boku no Hero Academia to the beginning                                                      |
[2023-02-24 01:47:08,200] [builder.py:2344]           [INFO]     | Moving Blue Lock after Boku no Hero Academia                                                       |
[2023-02-24 01:47:08,207] [builder.py:2344]           [INFO]     | Moving Kage no Jitsuryokusha ni Naritakute! after Blue Lock                                        |
[2023-02-24 01:47:08,213] [builder.py:2344]           [INFO]     | Moving Vinland Saga after Kage no Jitsuryokusha ni Naritakute!                                     |
[2023-02-24 01:47:08,219] [builder.py:2344]           [INFO]     | Moving Isekai Ojisan after Vinland Saga                                                            |
[2023-02-24 01:47:08,225] [builder.py:2344]           [INFO]     | Moving Maou Gakuin no Futekigousha: Shijou Saikyou no Maou no Shiso, Tensei Shite Shison-tachi no Gakkou e Kayou after Isekai Ojisan |
[2023-02-24 01:47:08,231] [builder.py:2344]           [INFO]     | Moving Tokyo Revengers after Maou Gakuin no Futekigousha: Shijou Saikyou no Maou no Shiso, Tensei Shite Shison-tachi no Gakkou e Kayou |
[2023-02-24 01:47:08,237] [builder.py:2344]           [INFO]     | Moving Fumetsu no Anata e after Tokyo Revengers                                                    |
[2023-02-24 01:47:08,244] [builder.py:2344]           [INFO]     | Moving Ijiranaide, Nagatoro-san after Fumetsu no Anata e                                           |
[2023-02-24 01:47:08,251] [builder.py:2344]           [INFO]     | Moving NieR:Automata Ver1.1a after Ijiranaide, Nagatoro-san                                        |
[2023-02-24 01:47:08,257] [builder.py:2344]           [INFO]     | Moving Tomo-chan wa Onnanoko! after NieR:Automata Ver1.1a                                          |
[2023-02-24 01:47:08,264] [builder.py:2344]           [INFO]     | Moving Bungou Stray Dogs after Tomo-chan wa Onnanoko!                                              |
[2023-02-24 01:47:08,270] [builder.py:2344]           [INFO]     | Moving Itai no wa Iya nano de Bougyoryoku ni Kyokufuri Shitai to Omoimasu. after Bungou Stray Dogs |
[2023-02-24 01:47:08,276] [builder.py:2344]           [INFO]     | Moving Otonari no Tenshi-sama ni Itsunomanika Dame Ningen ni Sareteita Ken after Itai no wa Iya nano de Bougyoryoku ni Kyokufuri Shitai to Omoimasu. |
[2023-02-24 01:47:08,283] [plex_meta_manager.py:285]  [INFO]     |                                                                                                    |
[2023-02-24 01:47:08,283] [util.py:216]               [INFO]     |================================= Sorting Seasonal Fall Collection =================================|
[2023-02-24 01:47:08,283] [plex_meta_manager.py:287]  [INFO]     |                                                                                                    |
[2023-02-24 01:47:08,284] [builder.py:2333]           [INFO]     |                                                                                                    |
[2023-02-24 01:47:08,284] [util.py:216]               [INFO]     |================================= Sorting Seasonal Fall Collection =================================|
[2023-02-24 01:47:08,284] [builder.py:2335]           [INFO]     |                                                                                                    |
[2023-02-24 01:47:08,285] [builder.py:2344]           [INFO]     | Moving Boku no Hero Academia to the beginning                                                      |
[2023-02-24 01:47:08,291] [builder.py:2344]           [INFO]     | Moving Blue Lock after Boku no Hero Academia                                                       |
[2023-02-24 01:47:08,298] [builder.py:2344]           [INFO]     | Moving Kage no Jitsuryokusha ni Naritakute! after Blue Lock                                        |
[2023-02-24 01:47:08,304] [builder.py:2344]           [INFO]     | Moving Vinland Saga after Kage no Jitsuryokusha ni Naritakute!                                     |
[2023-02-24 01:47:08,310] [builder.py:2344]           [INFO]     | Moving Isekai Ojisan after Vinland Saga                                                            |
[2023-02-24 01:47:08,317] [builder.py:2344]           [INFO]     | Moving Maou Gakuin no Futekigousha: Shijou Saikyou no Maou no Shiso, Tensei Shite Shison-tachi no Gakkou e Kayou after Isekai Ojisan |
[2023-02-24 01:47:08,323] [builder.py:2344]           [INFO]     | Moving Tokyo Revengers after Maou Gakuin no Futekigousha: Shijou Saikyou no Maou no Shiso, Tensei Shite Shison-tachi no Gakkou e Kayou |
[2023-02-24 01:47:08,330] [builder.py:2344]           [INFO]     | Moving Fumetsu no Anata e after Tokyo Revengers                                                    |
[2023-02-24 01:47:08,342] [builder.py:2344]           [INFO]     | Moving Ijiranaide, Nagatoro-san after Fumetsu no Anata e                                           |
[2023-02-24 01:47:08,349] [builder.py:2344]           [INFO]     | Moving NieR:Automata Ver1.1a after Ijiranaide, Nagatoro-san                                        |
[2023-02-24 01:47:08,356] [builder.py:2344]           [INFO]     | Moving Tomo-chan wa Onnanoko! after NieR:Automata Ver1.1a                                          |
[2023-02-24 01:47:08,362] [builder.py:2344]           [INFO]     | Moving Bungou Stray Dogs after Tomo-chan wa Onnanoko!                                              |
[2023-02-24 01:47:08,368] [builder.py:2344]           [INFO]     | Moving Itai no wa Iya nano de Bougyoryoku ni Kyokufuri Shitai to Omoimasu. after Bungou Stray Dogs |
[2023-02-24 01:47:08,374] [builder.py:2344]           [INFO]     | Moving Otonari no Tenshi-sama ni Itsunomanika Dame Ningen ni Sareteita Ken after Itai no wa Iya nano de Bougyoryoku ni Kyokufuri Shitai to Omoimasu. |
[2023-02-24 01:47:08,381] [plex_meta_manager.py:423]  [INFO]     |                                                                                                    |
[2023-02-24 01:47:08,381] [util.py:209]               [INFO]     |====================================================================================================|
[2023-02-24 01:47:08,382] [util.py:216]               [INFO]     |                                      Anime Library Operations                                      |
[2023-02-24 01:47:08,382] [util.py:220]               [INFO]     |====================================================================================================|
[2023-02-24 01:47:08,382] [plex_meta_manager.py:425]  [INFO]     |                                                                                                    |
[2023-02-24 01:47:08,382] [plex_meta_manager.py:426]  [DEBUG]    | Assets For All: False                                                                              |
[2023-02-24 01:47:08,383] [plex_meta_manager.py:427]  [DEBUG]    | Delete Collections With Less: None                                                                 |
[2023-02-24 01:47:08,383] [plex_meta_manager.py:428]  [DEBUG]    | Delete Unmanaged Collections: False                                                                |
[2023-02-24 01:47:08,383] [plex_meta_manager.py:429]  [DEBUG]    | Mass Genre Update: None                                                                            |
[2023-02-24 01:47:08,383] [plex_meta_manager.py:430]  [DEBUG]    | Mass Audience Rating Update: None                                                                  |
[2023-02-24 01:47:08,384] [plex_meta_manager.py:431]  [DEBUG]    | Mass Critic Rating Update: None                                                                    |
[2023-02-24 01:47:08,384] [plex_meta_manager.py:432]  [DEBUG]    | Mass Trakt Rating Update: False                                                                    |
[2023-02-24 01:47:08,384] [plex_meta_manager.py:433]  [DEBUG]    | Mass Collection Mode Update: None                                                                  |
[2023-02-24 01:47:08,385] [plex_meta_manager.py:434]  [DEBUG]    | Split Duplicates: False                                                                            |
[2023-02-24 01:47:08,385] [plex_meta_manager.py:435]  [DEBUG]    | Radarr Add All Existing: False                                                                     |
[2023-02-24 01:47:08,385] [plex_meta_manager.py:436]  [DEBUG]    | Radarr Remove by Tag: None                                                                         |
[2023-02-24 01:47:08,386] [plex_meta_manager.py:437]  [DEBUG]    | Sonarr Add All Existing: False                                                                     |
[2023-02-24 01:47:08,386] [plex_meta_manager.py:438]  [DEBUG]    | Sonarr Remove by Tag: None                                                                         |
[2023-02-24 01:47:08,386] [plex_meta_manager.py:439]  [DEBUG]    | TMDb Collections: None                                                                             |
[2023-02-24 01:47:08,387] [plex_meta_manager.py:440]  [DEBUG]    | Genre Collections: None                                                                            |
[2023-02-24 01:47:08,387] [plex_meta_manager.py:441]  [DEBUG]    | Genre Mapper: None                                                                                 |
[2023-02-24 01:47:08,387] [plex_meta_manager.py:442]  [DEBUG]    | TMDb Operation: False                                                                              |
[2023-02-24 01:47:08,406] [plex_meta_manager.py:696]  [INFO]     |                                                                                                    |
[2023-02-24 01:47:08,407] [util.py:216]               [INFO]     |============================ No Unmanaged Collections in Anime Library =============================|
[2023-02-24 01:47:08,407] [plex_meta_manager.py:698]  [INFO]     |                                                                                                    |
