[2023-01-31 01:00:42,871] [util.py:209]               [INFO]     |====================================================================================================|
[2023-01-31 01:00:42,871] [util.py:216]               [INFO]     |                                     Dune Collection in Movies                                      |
[2023-01-31 01:00:42,872] [util.py:220]               [INFO]     |====================================================================================================|
[2023-01-31 01:00:42,872] [plex_meta_manager.py:750]  [INFO]     |                                                                                                    |
[2023-01-31 01:00:42,872] [util.py:216]               [INFO]     |==================================== Validating Dune Attributes ====================================|
[2023-01-31 01:00:42,873] [builder.py:265]            [DEBUG]    |                                                                                                    |
[2023-01-31 01:00:42,873] [builder.py:266]            [DEBUG]    | Validating Method: template                                                                        |
[2023-01-31 01:00:42,873] [meta.py:83]                [DEBUG]    | Value: ordereddict([('name', 'Movie'), ('collection', 726871), ('summary', 726871), ('poster', 'https://theposterdb.com/api/assets/197348')]) |
[2023-01-31 01:00:42,874] [builder.py:330]            [DEBUG]    |                                                                                                    |
[2023-01-31 01:00:42,874] [builder.py:331]            [DEBUG]    | Validating Method: sync_mode                                                                       |
[2023-01-31 01:00:42,874] [builder.py:335]            [DEBUG]    | Value: sync                                                                                        |
[2023-01-31 01:00:42,874] [builder.py:453]            [DEBUG]    |                                                                                                    |
[2023-01-31 01:00:42,875] [builder.py:454]            [DEBUG]    | Validating Method: collection_order                                                                |
[2023-01-31 01:00:42,875] [builder.py:455]            [DEBUG]    | Value: release                                                                                     |
[2023-01-31 01:00:42,875] [builder.py:472]            [DEBUG]    |                                                                                                    |
[2023-01-31 01:00:42,876] [builder.py:473]            [DEBUG]    | Validating Method: url_poster                                                                      |
[2023-01-31 01:00:42,876] [builder.py:474]            [DEBUG]    | Value: https://theposterdb.com/api/assets/197348                                                   |
[2023-01-31 01:00:42,876] [builder.py:472]            [DEBUG]    |                                                                                                    |
[2023-01-31 01:00:42,876] [builder.py:473]            [DEBUG]    | Validating Method: tmdb_collection                                                                 |
[2023-01-31 01:00:42,877] [builder.py:474]            [DEBUG]    | Value: 726871                                                                                      |
[2023-01-31 01:00:43,000] [builder.py:472]            [DEBUG]    |                                                                                                    |
[2023-01-31 01:00:43,000] [builder.py:473]            [DEBUG]    | Validating Method: tmdb_summary                                                                    |
[2023-01-31 01:00:43,000] [builder.py:474]            [DEBUG]    | Value: 726871                                                                                      |
[2023-01-31 01:00:43,000] [builder.py:472]            [DEBUG]    |                                                                                                    |
[2023-01-31 01:00:43,001] [builder.py:473]            [DEBUG]    | Validating Method: sort_title                                                                      |
[2023-01-31 01:00:43,001] [builder.py:474]            [DEBUG]    | Value: 00000f_Dune                                                                                 |
[2023-01-31 01:00:43,001] [builder.py:472]            [DEBUG]    |                                                                                                    |
[2023-01-31 01:00:43,001] [builder.py:473]            [DEBUG]    | Validating Method: radarr_add_missing                                                              |
[2023-01-31 01:00:43,002] [builder.py:474]            [DEBUG]    | Value: True                                                                                        |
[2023-01-31 01:00:43,178] [builder.py:619]            [INFO]     |                                                                                                    |
[2023-01-31 01:00:43,179] [builder.py:620]            [INFO]     | Validation Successful                                                                              |
[2023-01-31 01:00:43,180] [plex_meta_manager.py:758]  [INFO]     |                                                                                                    |
[2023-01-31 01:00:43,180] [util.py:216]               [INFO]     |===================================== Running Dune Collection ======================================|
[2023-01-31 01:00:43,181] [plex_meta_manager.py:773]  [INFO]     |                                                                                                    |
[2023-01-31 01:00:43,181] [plex_meta_manager.py:774]  [INFO]     | Sync Mode: sync                                                                                    |
[2023-01-31 01:00:43,181] [builder.py:1275]           [DEBUG]    |                                                                                                    |
[2023-01-31 01:00:43,181] [builder.py:1276]           [DEBUG]    | Builder: tmdb_collection: 726871                                                                   |
[2023-01-31 01:00:43,182] [builder.py:1277]           [INFO]     |                                                                                                    |
[2023-01-31 01:00:43,182] [tmdb.py:323]               [INFO]     | Processing TMDb Collection: (726871) Dune Collection (2 Items)                                     |
[2023-01-31 01:00:43,182] [builder.py:1282]           [DEBUG]    |                                                                                                    |
[2023-01-31 01:00:43,182] [builder.py:1283]           [DEBUG]    | 2 IDs Found: [(438631, 'tmdb'), (693134, 'tmdb')]                                                  |
[2023-01-31 01:00:43,183] [builder.py:1284]           [DEBUG]    |                                                                                                    |
[2023-01-31 01:00:43,210] [builder.py:1697]           [INFO]     |                                                                                                    |
[2023-01-31 01:00:43,211] [util.py:216]               [INFO]     |==================================== Adding to Dune Collection =====================================|
[2023-01-31 01:00:43,211] [builder.py:1699]           [INFO]     |                                                                                                    |
[2023-01-31 01:00:43,211] [builder.py:1709]           [INFO]     | 1/1 | Dune Collection | = | Dune (2021)                                                            |
[2023-01-31 01:00:43,212] [builder.py:1734]           [INFO]     |                                                                                                    |
[2023-01-31 01:00:43,212] [builder.py:1735]           [INFO]     | 1 Movie Processed                                                                                  |
[2023-01-31 01:00:43,212] [builder.py:1929]           [INFO]     |                                                                                                    |
[2023-01-31 01:00:43,213] [util.py:216]               [INFO]     |================================ Missing Movies from Library: Dune =================================|
[2023-01-31 01:00:43,213] [builder.py:1931]           [INFO]     |                                                                                                    |
[2023-01-31 01:00:43,346] [builder.py:1943]           [INFO]     | Dune Collection | ? | Dune: Part Two (2023) (TMDb: 693134)                                         |
[2023-01-31 01:00:43,346] [builder.py:1947]           [INFO]     |                                                                                                    |
[2023-01-31 01:00:43,347] [builder.py:1948]           [INFO]     | 1 Movie Missing                                                                                    |
[2023-01-31 01:00:43,351] [radarr.py:46]              [INFO]     |                                                                                                    |
[2023-01-31 01:00:43,352] [util.py:216]               [INFO]     |===================================== Adding Missing to Radarr =====================================|
[2023-01-31 01:00:43,352] [radarr.py:48]              [DEBUG]    |                                                                                                    |
[2023-01-31 01:00:43,352] [radarr.py:49]              [DEBUG]    | Radarr Adds: [693134]                                                                              |
[2023-01-31 01:00:44,577] [radarr.py:138]             [INFO]     |                                                                                                    |
[2023-01-31 01:00:44,577] [radarr.py:146]             [INFO]     | Skipped: In Cache | 693134                                                                         |
[2023-01-31 01:00:44,578] [radarr.py:147]             [INFO]     | 1 Movie already exist in Radarr                                                                    |
[2023-01-31 01:00:44,598] [builder.py:2147]           [INFO]     |                                                                                                    |
[2023-01-31 01:00:44,598] [util.py:216]               [INFO]     |=============================== Updating Details of Dune Collection ================================|
[2023-01-31 01:00:44,598] [builder.py:2149]           [INFO]     |                                                                                                    |
[2023-01-31 01:00:44,599] [builder.py:2156]           [INFO]     | Detail: tmdb_summary updated Collection Summary                                                    |
[2023-01-31 01:00:44,600] [builder.py:2258]           [DEBUG]    | 1 posters found:                                                                                   |
[2023-01-31 01:00:44,600] [builder.py:2260]           [DEBUG]    | Method: url_poster Poster: https://theposterdb.com/api/assets/197348                               |
[2023-01-31 01:00:44,600] [builder.py:2327]           [INFO]     | No background collection detail or asset folder found                                              |
[2023-01-31 01:00:44,601] [library.py:147]            [INFO]     | Detail: poster update not needed                                                                   |
[2023-01-31 01:00:44,774] [plex_meta_manager.py:880]  [INFO]     |                                                                                                    |
[2023-01-31 01:00:44,774] [util.py:209]               [INFO]     |====================================================================================================|
[2023-01-31 01:00:44,775] [util.py:216]               [INFO]     |                                      Finished Dune Collection                                      |
[2023-01-31 01:00:44,775] [util.py:216]               [INFO]     |                                    Collection Run Time: 0:00:01                                    |
[2023-01-31 01:00:44,776] [util.py:220]               [INFO]     |====================================================================================================|
