[2023-02-02 01:02:29,434] [util.py:209]               [INFO]     |====================================================================================================|
[2023-02-02 01:02:29,435] [util.py:216]               [INFO]     |                                 Slice of Life Collection in Anime                                  |
[2023-02-02 01:02:29,435] [util.py:220]               [INFO]     |====================================================================================================|
[2023-02-02 01:02:29,436] [plex_meta_manager.py:750]  [INFO]     |                                                                                                    |
[2023-02-02 01:02:29,436] [util.py:216]               [INFO]     |=============================== Validating Slice of Life Attributes ================================|
[2023-02-02 01:02:29,436] [builder.py:265]            [DEBUG]    |                                                                                                    |
[2023-02-02 01:02:29,436] [builder.py:266]            [DEBUG]    | Validating Method: template                                                                        |
[2023-02-02 01:02:29,437] [meta.py:83]                [DEBUG]    | Value: ordereddict([('name', 'Anime'), ('mal_id', 36), ('poster', 'https://theposterdb.com/api/assets/213663')]) |
[2023-02-02 01:02:29,437] [builder.py:330]            [DEBUG]    |                                                                                                    |
[2023-02-02 01:02:29,437] [builder.py:331]            [DEBUG]    | Validating Method: sync_mode                                                                       |
[2023-02-02 01:02:29,437] [builder.py:335]            [DEBUG]    | Value: sync                                                                                        |
[2023-02-02 01:02:29,438] [builder.py:453]            [DEBUG]    |                                                                                                    |
[2023-02-02 01:02:29,438] [builder.py:454]            [DEBUG]    | Validating Method: collection_order                                                                |
[2023-02-02 01:02:29,438] [builder.py:455]            [DEBUG]    | Value: alpha                                                                                       |
[2023-02-02 01:02:29,438] [builder.py:472]            [DEBUG]    |                                                                                                    |
[2023-02-02 01:02:29,439] [builder.py:473]            [DEBUG]    | Validating Method: mal_search                                                                      |
[2023-02-02 01:02:29,439] [builder.py:474]            [DEBUG]    | Value: {'genre': 36, 'limit': 0}                                                                   |
[2023-02-02 01:02:29,439] [util.py:162]               [DEBUG]    | Traceback (most recent call last):                                                                 |
[2023-02-02 01:02:29,440] [util.py:162]               [DEBUG]    |   File "C:\Plex-Stack\Plex-Meta-Manager\plex_meta_manager.py", line 757, in run_collection         |
[2023-02-02 01:02:29,440] [util.py:162]               [DEBUG]    |     builder = CollectionBuilder(config, library, metadata, mapping_name, no_missing, collection_attrs) |
[2023-02-02 01:02:29,440] [util.py:162]               [DEBUG]    |   File "C:\Plex-Stack\Plex-Meta-Manager\modules\builder.py", line 557, in __init__                 |
[2023-02-02 01:02:29,440] [util.py:162]               [DEBUG]    |     raise Failed(f"{self.Type} Error: {method_final} attribute not supported")                     |
[2023-02-02 01:02:29,441] [util.py:162]               [DEBUG]    | modules.util.Failed: Collection Error: mal_search attribute not supported                          |
[2023-02-02 01:02:29,441] [util.py:162]               [DEBUG]    |                                                                                                    |
[2023-02-02 01:02:29,441] [util.py:159]               [ERROR]    | Collection Error: mal_search attribute not supported                                               |
[2023-02-02 01:02:29,441] [plex_meta_manager.py:880]  [INFO]     |                                                                                                    |
[2023-02-02 01:02:29,441] [util.py:209]               [INFO]     |====================================================================================================|
[2023-02-02 01:02:29,442] [util.py:216]               [INFO]     |                                 Finished Slice of Life Collection                                  |
[2023-02-02 01:02:29,442] [util.py:216]               [INFO]     |                                    Collection Run Time: 0:00:00                                    |
[2023-02-02 01:02:29,442] [util.py:220]               [INFO]     |====================================================================================================|
