[2023-02-28 13:05:06,261] [util.py:209]               [INFO]     |====================================================================================================|
[2023-02-28 13:05:06,262] [util.py:216]               [INFO]     |                                      300 Collection in Movies                                      |
[2023-02-28 13:05:06,262] [util.py:220]               [INFO]     |====================================================================================================|
[2023-02-28 13:05:06,262] [plex_meta_manager.py:750]  [INFO]     |                                                                                                    |
[2023-02-28 13:05:06,263] [util.py:216]               [INFO]     |==================================== Validating 300 Attributes =====================================|
[2023-02-28 13:05:06,263] [builder.py:265]            [DEBUG]    |                                                                                                    |
[2023-02-28 13:05:06,263] [builder.py:266]            [DEBUG]    | Validating Method: template                                                                        |
[2023-02-28 13:05:06,264] [meta.py:83]                [DEBUG]    | Value: ordereddict([('name', 'Collection'), ('collection', 125570), ('poster', 'https://theposterdb.com/api/assets/5575')]) |
[2023-02-28 13:05:06,264] [builder.py:330]            [DEBUG]    |                                                                                                    |
[2023-02-28 13:05:06,264] [builder.py:331]            [DEBUG]    | Validating Method: sync_mode                                                                       |
[2023-02-28 13:05:06,264] [builder.py:335]            [DEBUG]    | Value: sync                                                                                        |
[2023-02-28 13:05:06,265] [builder.py:453]            [DEBUG]    |                                                                                                    |
[2023-02-28 13:05:06,265] [builder.py:454]            [DEBUG]    | Validating Method: collection_order                                                                |
[2023-02-28 13:05:06,265] [builder.py:455]            [DEBUG]    | Value: release                                                                                     |
[2023-02-28 13:05:06,265] [builder.py:472]            [DEBUG]    |                                                                                                    |
[2023-02-28 13:05:06,266] [builder.py:473]            [DEBUG]    | Validating Method: tmdb_collection_details                                                         |
[2023-02-28 13:05:06,266] [builder.py:474]            [DEBUG]    | Value: 125570                                                                                      |
[2023-02-28 13:05:06,416] [builder.py:472]            [DEBUG]    |                                                                                                    |
[2023-02-28 13:05:06,416] [builder.py:473]            [DEBUG]    | Validating Method: sort_title                                                                      |
[2023-02-28 13:05:06,416] [builder.py:474]            [DEBUG]    | Value: 00000f_300                                                                                  |
[2023-02-28 13:05:06,417] [builder.py:472]            [DEBUG]    |                                                                                                    |
[2023-02-28 13:05:06,417] [builder.py:473]            [DEBUG]    | Validating Method: url_poster                                                                      |
[2023-02-28 13:05:06,417] [builder.py:474]            [DEBUG]    | Value: https://theposterdb.com/api/assets/5575                                                     |
[2023-02-28 13:05:06,606] [builder.py:619]            [INFO]     |                                                                                                    |
[2023-02-28 13:05:06,607] [builder.py:620]            [INFO]     | Validation Successful                                                                              |
[2023-02-28 13:05:06,607] [plex_meta_manager.py:758]  [INFO]     |                                                                                                    |
[2023-02-28 13:05:06,607] [util.py:216]               [INFO]     |====================================== Running 300 Collection ======================================|
[2023-02-28 13:05:06,608] [plex_meta_manager.py:773]  [INFO]     |                                                                                                    |
[2023-02-28 13:05:06,608] [plex_meta_manager.py:774]  [INFO]     | Sync Mode: sync                                                                                    |
[2023-02-28 13:05:06,608] [builder.py:1275]           [DEBUG]    |                                                                                                    |
[2023-02-28 13:05:06,608] [builder.py:1276]           [DEBUG]    | Builder: tmdb_collection: 125570                                                                   |
[2023-02-28 13:05:06,609] [builder.py:1277]           [INFO]     |                                                                                                    |
[2023-02-28 13:05:06,609] [tmdb.py:323]               [INFO]     | Processing TMDb Collection: (125570) 300 Collection (2 Items)                                      |
[2023-02-28 13:05:06,609] [builder.py:1282]           [DEBUG]    |                                                                                                    |
[2023-02-28 13:05:06,610] [builder.py:1283]           [DEBUG]    | 2 IDs Found: [(1271, 'tmdb'), (53182, 'tmdb')]                                                     |
[2023-02-28 13:05:06,610] [builder.py:1284]           [DEBUG]    |                                                                                                    |
[2023-02-28 13:05:06,662] [builder.py:1697]           [INFO]     |                                                                                                    |
[2023-02-28 13:05:06,662] [util.py:216]               [INFO]     |===================================== Adding to 300 Collection =====================================|
[2023-02-28 13:05:06,662] [builder.py:1699]           [INFO]     |                                                                                                    |
[2023-02-28 13:05:06,663] [builder.py:1709]           [INFO]     | 1/2 | 300 Collection | = | 300 (2007)                                                              |
[2023-02-28 13:05:06,663] [builder.py:1709]           [INFO]     | 2/2 | 300 Collection | = | 300: Rise of an Empire (2014)                                           |
[2023-02-28 13:05:06,663] [builder.py:1734]           [INFO]     |                                                                                                    |
[2023-02-28 13:05:06,664] [builder.py:1735]           [INFO]     | 2 Movies Processed                                                                                 |
[2023-02-28 13:05:06,668] [builder.py:2147]           [INFO]     |                                                                                                    |
[2023-02-28 13:05:06,668] [util.py:216]               [INFO]     |================================ Updating Details of 300 Collection ================================|
[2023-02-28 13:05:06,669] [builder.py:2149]           [INFO]     |                                                                                                    |
[2023-02-28 13:05:06,669] [builder.py:2156]           [INFO]     | Detail: tmdb_collection_details updated Collection Summary                                         |
[2023-02-28 13:05:06,670] [builder.py:2258]           [DEBUG]    | 2 posters found:                                                                                   |
[2023-02-28 13:05:06,670] [builder.py:2260]           [DEBUG]    | Method: tmdb_collection_details Poster: https://image.tmdb.org/t/p/original/n9TSYr78u6QDgOlK2tfcKLeqwSm.jpg |
[2023-02-28 13:05:06,670] [builder.py:2260]           [DEBUG]    | Method: url_poster Poster: https://theposterdb.com/api/assets/5575                                 |
[2023-02-28 13:05:06,671] [builder.py:2298]           [DEBUG]    | 1 backgrounds found:                                                                               |
[2023-02-28 13:05:06,671] [builder.py:2300]           [DEBUG]    | Method: tmdb_collection_details Background: https://image.tmdb.org/t/p/original/aMGlbrOwAiqN7VyYHYwwj3CTDfk.jpg |
[2023-02-28 13:05:06,672] [library.py:147]            [INFO]     | Detail: poster update not needed                                                                   |
[2023-02-28 13:05:06,672] [library.py:197]            [INFO]     | Detail: background update not needed                                                               |
[2023-02-28 13:05:06,857] [plex_meta_manager.py:880]  [INFO]     |                                                                                                    |
[2023-02-28 13:05:06,858] [util.py:209]               [INFO]     |====================================================================================================|
[2023-02-28 13:05:06,858] [util.py:216]               [INFO]     |                                      Finished 300 Collection                                       |
[2023-02-28 13:05:06,859] [util.py:216]               [INFO]     |                                    Collection Run Time: 0:00:00                                    |
[2023-02-28 13:05:06,859] [util.py:220]               [INFO]     |====================================================================================================|
