[2023-02-25 01:01:43,417] [util.py:209]               [INFO]     |====================================================================================================|
[2023-02-25 01:01:43,417] [util.py:216]               [INFO]     |                                Latest releases Collection in Movies                                |
[2023-02-25 01:01:43,418] [util.py:220]               [INFO]     |====================================================================================================|
[2023-02-25 01:01:43,418] [plex_meta_manager.py:750]  [INFO]     |                                                                                                    |
[2023-02-25 01:01:43,425] [util.py:216]               [INFO]     |============================== Validating Latest releases Attributes ===============================|
[2023-02-25 01:01:43,425] [builder.py:265]            [DEBUG]    |                                                                                                    |
[2023-02-25 01:01:43,426] [builder.py:266]            [DEBUG]    | Validating Method: template                                                                        |
[2023-02-25 01:01:43,426] [meta.py:83]                [DEBUG]    | Value: ordereddict([('name', 'Special Genre')])                                                    |
[2023-02-25 01:01:43,426] [builder.py:330]            [DEBUG]    |                                                                                                    |
[2023-02-25 01:01:43,427] [builder.py:331]            [DEBUG]    | Validating Method: sync_mode                                                                       |
[2023-02-25 01:01:43,427] [builder.py:335]            [DEBUG]    | Value: sync                                                                                        |
[2023-02-25 01:01:43,427] [builder.py:453]            [DEBUG]    |                                                                                                    |
[2023-02-25 01:01:43,427] [builder.py:454]            [DEBUG]    | Validating Method: collection_order                                                                |
[2023-02-25 01:01:43,427] [builder.py:455]            [DEBUG]    | Value: release.desc                                                                                |
[2023-02-25 01:01:43,428] [builder.py:472]            [DEBUG]    |                                                                                                    |
[2023-02-25 01:01:43,428] [builder.py:473]            [DEBUG]    | Validating Method: sort_title                                                                      |
[2023-02-25 01:01:43,428] [builder.py:474]            [DEBUG]    | Value: 00000b_3                                                                                    |
[2023-02-25 01:01:43,428] [builder.py:472]            [DEBUG]    |                                                                                                    |
[2023-02-25 01:01:43,429] [builder.py:473]            [DEBUG]    | Validating Method: trakt_list                                                                      |
[2023-02-25 01:01:43,429] [builder.py:474]            [DEBUG]    | Value: ['https://trakt.tv/users/garycrawfordgc/lists/latest-releases', 'https://trakt.tv/users/giladg/lists/latest-releases'] |
[2023-02-25 01:01:44,169] [builder.py:472]            [DEBUG]    |                                                                                                    |
[2023-02-25 01:01:44,170] [builder.py:473]            [DEBUG]    | Validating Method: summary                                                                         |
[2023-02-25 01:01:44,170] [builder.py:474]            [DEBUG]    | Value: Latest releases                                                                             |
[2023-02-25 01:01:44,170] [builder.py:472]            [DEBUG]    |                                                                                                    |
[2023-02-25 01:01:44,171] [builder.py:473]            [DEBUG]    | Validating Method: url_poster                                                                      |
[2023-02-25 01:01:44,171] [builder.py:474]            [DEBUG]    | Value: https://i.imgur.com/D62EdJd.jpg                                                             |
[2023-02-25 01:01:44,171] [builder.py:472]            [DEBUG]    |                                                                                                    |
[2023-02-25 01:01:44,171] [builder.py:473]            [DEBUG]    | Validating Method: url_background                                                                  |
[2023-02-25 01:01:44,172] [builder.py:474]            [DEBUG]    | Value: https://wallpaperbat.com/img/23094-cinema-hd-wallpaper-top-free-cinema-hd-background.jpg    |
[2023-02-25 01:01:44,172] [builder.py:472]            [DEBUG]    |                                                                                                    |
[2023-02-25 01:01:44,172] [builder.py:473]            [DEBUG]    | Validating Method: visible_library                                                                 |
[2023-02-25 01:01:44,172] [builder.py:474]            [DEBUG]    | Value: True                                                                                        |
[2023-02-25 01:01:44,172] [builder.py:472]            [DEBUG]    |                                                                                                    |
[2023-02-25 01:01:44,173] [builder.py:473]            [DEBUG]    | Validating Method: visible_home                                                                    |
[2023-02-25 01:01:44,173] [builder.py:474]            [DEBUG]    | Value: True                                                                                        |
[2023-02-25 01:01:44,173] [builder.py:472]            [DEBUG]    |                                                                                                    |
[2023-02-25 01:01:44,173] [builder.py:473]            [DEBUG]    | Validating Method: visible_shared                                                                  |
[2023-02-25 01:01:44,174] [builder.py:474]            [DEBUG]    | Value: True                                                                                        |
[2023-02-25 01:01:44,427] [builder.py:619]            [INFO]     |                                                                                                    |
[2023-02-25 01:01:44,427] [builder.py:620]            [INFO]     | Validation Successful                                                                              |
[2023-02-25 01:01:44,428] [plex_meta_manager.py:758]  [INFO]     |                                                                                                    |
[2023-02-25 01:01:44,428] [util.py:216]               [INFO]     |================================ Running Latest releases Collection ================================|
[2023-02-25 01:01:44,428] [plex_meta_manager.py:773]  [INFO]     |                                                                                                    |
[2023-02-25 01:01:44,428] [plex_meta_manager.py:774]  [INFO]     | Sync Mode: sync                                                                                    |
[2023-02-25 01:01:44,429] [builder.py:1275]           [DEBUG]    |                                                                                                    |
[2023-02-25 01:01:44,429] [builder.py:1276]           [DEBUG]    | Builder: trakt_list: https://trakt.tv/users/garycrawfordgc/lists/latest-releases                   |
[2023-02-25 01:01:44,429] [builder.py:1277]           [INFO]     |                                                                                                    |
[2023-02-25 01:01:44,430] [trakt.py:233]              [INFO]     | Processing Trakt List: https://trakt.tv/users/garycrawfordgc/lists/latest-releases                 |
[2023-02-25 01:01:44,786] [builder.py:1282]           [DEBUG]    |                                                                                                    |
[2023-02-25 01:01:44,787] [builder.py:1283]           [DEBUG]    | 173 IDs Found: [(762968, 'tmdb'), (789171, 'tmdb'), (852046, 'tmdb'), (429473, 'tmdb'), (916605, 'tmdb'), (718930, 'tmdb'), (606870, 'tmdb'), (1007401, 'tmdb'), (520023, 'tmdb'), (301502, 'tmdb'), (934207, 'tmdb'), (1027014, 'tmdb'), (642885, 'tmdb'), (597922, 'tmdb'), (843380, 'tmdb'), (976720, 'tmdb'), (893338, 'tmdb'), (723419, 'tmdb'), (894205, 'tmdb'), (799546, 'tmdb'), (338947, 'tmdb'), (598331, 'tmdb'), (660262, 'tmdb'), (1031206, 'tmdb'), (551271, 'tmdb'), (635891, 'tmdb'), (848058, 'tmdb'), (616820, 'tmdb'), (839678, 'tmdb'), (633657, 'tmdb'), (779782, 'tmdb'), (848791, 'tmdb'), (785084, 'tmdb'), (869025, 'tmdb'), (777245, 'tmdb'), (949423, 'tmdb'), (631842, 'tmdb'), (663712, 'tmdb'), (591634, 'tmdb'), (619730, 'tmdb'), (1027338, 'tmdb'), (800939, 'tmdb'), (913290, 'tmdb'), (541134, 'tmdb'), (774301, 'tmdb'), (841733, 'tmdb'), (511817, 'tmdb'), (49046, 'tmdb'), (886083, 'tmdb'), (766220, 'tmdb'), (823147, 'tmdb'), (615173, 'tmdb'), (766475, 'tmdb'), (438148, 'tmdb'), (846433, 'tmdb'), (724495, 'tmdb'), (964909, 'tmdb'), (744114, 'tmdb'), (595586, 'tmdb'), (829280, 'tmdb'), (979924, 'tmdb'), (928344, 'tmdb'), (600583, 'tmdb'), (1013860, 'tmdb'), (833097, 'tmdb'), (852485, 'tmdb'), (664469, 'tmdb'), (913823, 'tmdb'), (829799, 'tmdb'), (842934, 'tmdb'), (882598, 'tmdb'), (707103, 'tmdb'), (436270, 'tmdb'), (823766, 'tmdb'), (579496, 'tmdb'), (626872, 'tmdb'), (632856, 'tmdb'), (929340, 'tmdb'), (844404, 'tmdb'), (668461, 'tmdb'), (338958, 'tmdb'), (560052, 'tmdb'), (864959, 'tmdb'), (615952, 'tmdb'), (497828, 'tmdb'), (830784, 'tmdb'), (854239, 'tmdb'), (774752, 'tmdb'), (821881, 'tmdb'), (910858, 'tmdb'), (1034168, 'tmdb'), (996581, 'tmdb'), (659551, 'tmdb'), (736526, 'tmdb'), (1001865, 'tmdb'), (814338, 'tmdb'), (199734, 'tmdb'), (837881, 'tmdb'), (751741, 'tmdb'), (1019836, 'tmdb'), (555604, 'tmdb'), (715931, 'tmdb'), (836009, 'tmdb'), (676547, 'tmdb'), (791177, 'tmdb'), (674324, 'tmdb'), (804095, 'tmdb'), (842942, 'tmdb'), (1050266, 'tmdb'), (622082, 'tmdb'), (843932, 'tmdb'), (942890, 'tmdb'), (899112, 'tmdb'), (801965, 'tmdb'), (965150, 'tmdb'), (817758, 'tmdb'), (862965, 'tmdb'), (1028851, 'tmdb'), (556694, 'tmdb'), (676710, 'tmdb'), (724665, 'tmdb'), (866267, 'tmdb'), (1013228, 'tmdb'), (661374, 'tmdb'), (814800, 'tmdb'), (877269, 'tmdb'), (830788, 'tmdb'), (566805, 'tmdb'), (993145, 'tmdb'), (852438, 'tmdb'), (522526, 'tmdb'), (507903, 'tmdb'), (804413, 'tmdb'), (668482, 'tmdb'), (916405, 'tmdb'), (744594, 'tmdb'), (821390, 'tmdb'), (843621, 'tmdb'), (730167, 'tmdb'), (457232, 'tmdb'), (593643, 'tmdb'), (913851, 'tmdb'), (800815, 'tmdb'), (315162, 'tmdb'), (653851, 'tmdb'), (872954, 'tmdb'), (934197, 'tmdb'), (937220, 'tmdb'), (603204, 'tmdb'), (536554, 'tmdb'), (877703, 'tmdb'), (758009, 'tmdb'), (866413, 'tmdb'), (691422, 'tmdb'), (955991, 'tmdb'), (505642, 'tmdb'), (615777, 'tmdb'), (517302, 'tmdb'), (994143, 'tmdb'), (850028, 'tmdb'), (646389, 'tmdb'), (1008374, 'tmdb'), (746524, 'tmdb'), (1075519, 'tmdb'), (814757, 'tmdb'), (869112, 'tmdb'), (703451, 'tmdb'), (806368, 'tmdb'), (799379, 'tmdb'), (667216, 'tmdb'), (972230, 'tmdb'), (837938, 'tmdb'), (717980, 'tmdb')] |
[2023-02-25 01:01:44,787] [builder.py:1284]           [DEBUG]    |                                                                                                    |
[2023-02-25 01:01:45,991] [builder.py:1275]           [DEBUG]    |                                                                                                    |
[2023-02-25 01:01:45,991] [builder.py:1276]           [DEBUG]    | Builder: trakt_list: https://trakt.tv/users/giladg/lists/latest-releases                           |
[2023-02-25 01:01:45,991] [builder.py:1277]           [INFO]     |                                                                                                    |
[2023-02-25 01:01:45,992] [trakt.py:233]              [INFO]     | Processing Trakt List: https://trakt.tv/users/giladg/lists/latest-releases                         |
[2023-02-25 01:01:46,193] [builder.py:1282]           [DEBUG]    |                                                                                                    |
[2023-02-25 01:01:46,193] [builder.py:1283]           [DEBUG]    | 300 IDs Found: [(836009, 'tmdb'), (1034168, 'tmdb'), (1033528, 'tmdb'), (1032457, 'tmdb'), (601796, 'tmdb'), (898308, 'tmdb'), (1017504, 'tmdb'), (1026706, 'tmdb'), (996767, 'tmdb'), (1012608, 'tmdb'), (865559, 'tmdb'), (1012659, 'tmdb'), (1028546, 'tmdb'), (1045944, 'tmdb'), (1028559, 'tmdb'), (897192, 'tmdb'), (1028938, 'tmdb'), (1028556, 'tmdb'), (1028544, 'tmdb'), (790867, 'tmdb'), (934559, 'tmdb'), (846956, 'tmdb'), (1046636, 'tmdb'), (879513, 'tmdb'), (1028551, 'tmdb'), (1026561, 'tmdb'), (1001865, 'tmdb'), (964873, 'tmdb'), (885121, 'tmdb'), (1037929, 'tmdb'), (518896, 'tmdb'), (736526, 'tmdb'), (1035896, 'tmdb'), (664469, 'tmdb'), (1028548, 'tmdb'), (882995, 'tmdb'), (814338, 'tmdb'), (774752, 'tmdb'), (1041479, 'tmdb'), (715931, 'tmdb'), (555604, 'tmdb'), (1019836, 'tmdb'), (751741, 'tmdb'), (916053, 'tmdb'), (1026624, 'tmdb'), (961707, 'tmdb'), (957805, 'tmdb'), (1054115, 'tmdb'), (993030, 'tmdb'), (911826, 'tmdb'), (843314, 'tmdb'), (768447, 'tmdb'), (1051909, 'tmdb'), (199734, 'tmdb'), (888838, 'tmdb'), (741621, 'tmdb'), (1017339, 'tmdb'), (970472, 'tmdb'), (970512, 'tmdb'), (778106, 'tmdb'), (1036814, 'tmdb'), (659551, 'tmdb'), (945897, 'tmdb'), (873126, 'tmdb'), (882598, 'tmdb'), (579496, 'tmdb'), (740952, 'tmdb'), (842942, 'tmdb'), (976720, 'tmdb'), (683328, 'tmdb'), (1050266, 'tmdb'), (622082, 'tmdb'), (926392, 'tmdb'), (801691, 'tmdb'), (872497, 'tmdb'), (747803, 'tmdb'), (843932, 'tmdb'), (1035654, 'tmdb'), (829799, 'tmdb'), (962367, 'tmdb'), (965150, 'tmdb'), (817758, 'tmdb'), (940100, 'tmdb'), (1028851, 'tmdb'), (1015963, 'tmdb'), (676710, 'tmdb'), (1059270, 'tmdb'), (913604, 'tmdb'), (871547, 'tmdb'), (674324, 'tmdb'), (846867, 'tmdb'), (921629, 'tmdb'), (1026320, 'tmdb'), (791125, 'tmdb'), (958785, 'tmdb'), (915968, 'tmdb'), (838482, 'tmdb'), (957803, 'tmdb'), (661374, 'tmdb'), (852438, 'tmdb'), (668482, 'tmdb'), (507903, 'tmdb'), (837399, 'tmdb'), (1057935, 'tmdb'), (982459, 'tmdb'), (990789, 'tmdb'), (702621, 'tmdb'), (995133, 'tmdb'), (551271, 'tmdb'), (760204, 'tmdb'), (457232, 'tmdb'), (566805, 'tmdb'), (1041513, 'tmdb'), (843621, 'tmdb'), (744594, 'tmdb'), (1042590, 'tmdb'), (512198, 'tmdb'), (985335, 'tmdb'), (823147, 'tmdb'), (436270, 'tmdb'), (1056733, 'tmdb'), (1031072, 'tmdb'), (1028545, 'tmdb'), (787791, 'tmdb'), (1027431, 'tmdb'), (676547, 'tmdb'), (1028543, 'tmdb'), (978938, 'tmdb'), (1068621, 'tmdb'), (615952, 'tmdb'), (913851, 'tmdb'), (534134, 'tmdb'), (800815, 'tmdb'), (1011869, 'tmdb'), (1056735, 'tmdb'), (860854, 'tmdb'), (837881, 'tmdb'), (910778, 'tmdb'), (917007, 'tmdb'), (810015, 'tmdb'), (974188, 'tmdb'), (943874, 'tmdb'), (1063242, 'tmdb'), (964822, 'tmdb'), (934197, 'tmdb'), (829410, 'tmdb'), (858408, 'tmdb'), (593643, 'tmdb'), (1035803, 'tmdb'), (844396, 'tmdb'), (987750, 'tmdb'), (1056737, 'tmdb'), (864231, 'tmdb'), (851969, 'tmdb'), (1075201, 'tmdb'), (937220, 'tmdb'), (1075199, 'tmdb'), (1061605, 'tmdb'), (1074276, 'tmdb'), (853860, 'tmdb'), (899579, 'tmdb'), (737853, 'tmdb'), (1075198, 'tmdb'), (766314, 'tmdb'), (603204, 'tmdb'), (854239, 'tmdb'), (826942, 'tmdb'), (1020696, 'tmdb'), (983768, 'tmdb'), (819504, 'tmdb'), (632065, 'tmdb'), (996727, 'tmdb'), (848058, 'tmdb'), (497828, 'tmdb'), (862970, 'tmdb'), (888097, 'tmdb'), (878410, 'tmdb'), (934605, 'tmdb'), (988591, 'tmdb'), (843794, 'tmdb'), (1035806, 'tmdb'), (899112, 'tmdb'), (866267, 'tmdb'), (1056738, 'tmdb'), (1032945, 'tmdb'), (619930, 'tmdb'), (974926, 'tmdb'), (1074291, 'tmdb'), (872130, 'tmdb'), (826753, 'tmdb'), (1075304, 'tmdb'), (536554, 'tmdb'), (1078049, 'tmdb'), (881555, 'tmdb'), (726897, 'tmdb'), (987361, 'tmdb'), (923111, 'tmdb'), (1060688, 'tmdb'), (1064750, 'tmdb'), (919355, 'tmdb'), (945840, 'tmdb'), (1007427, 'tmdb'), (877703, 'tmdb'), (1006540, 'tmdb'), (1031918, 'tmdb'), (1011604, 'tmdb'), (1078079, 'tmdb'), (955991, 'tmdb'), (691422, 'tmdb'), (866413, 'tmdb'), (724585, 'tmdb'), (758009, 'tmdb'), (853317, 'tmdb'), (815136, 'tmdb'), (1016246, 'tmdb'), (654910, 'tmdb'), (1056569, 'tmdb'), (1024532, 'tmdb'), (1056740, 'tmdb'), (910765, 'tmdb'), (807132, 'tmdb'), (1072928, 'tmdb'), (1069175, 'tmdb'), (984105, 'tmdb'), (794004, 'tmdb'), (1079450, 'tmdb'), (1042978, 'tmdb'), (1003214, 'tmdb'), (1003580, 'tmdb'), (1075316, 'tmdb'), (615777, 'tmdb'), (505642, 'tmdb'), (1074896, 'tmdb'), (517302, 'tmdb'), (1022785, 'tmdb'), (994143, 'tmdb'), (850028, 'tmdb'), (1034629, 'tmdb'), (1072567, 'tmdb'), (739986, 'tmdb'), (788752, 'tmdb'), (646389, 'tmdb'), (877269, 'tmdb'), (928358, 'tmdb'), (1043565, 'tmdb'), (1062482, 'tmdb'), (1008374, 'tmdb'), (746524, 'tmdb'), (1075519, 'tmdb'), (1036156, 'tmdb'), (1038043, 'tmdb'), (1058949, 'tmdb'), (1014501, 'tmdb'), (881901, 'tmdb'), (1068830, 'tmdb'), (842795, 'tmdb'), (842544, 'tmdb'), (1059372, 'tmdb'), (938600, 'tmdb'), (804095, 'tmdb'), (1061163, 'tmdb'), (869112, 'tmdb'), (703451, 'tmdb'), (791177, 'tmdb'), (1045734, 'tmdb'), (1081694, 'tmdb'), (806368, 'tmdb'), (799379, 'tmdb'), (623511, 'tmdb'), (1075334, 'tmdb'), (1076955, 'tmdb'), (991814, 'tmdb'), (667216, 'tmdb'), (972230, 'tmdb'), (1015381, 'tmdb'), (837938, 'tmdb'), (788948, 'tmdb'), (964985, 'tmdb'), (717980, 'tmdb'), (872954, 'tmdb'), (1017236, 'tmdb'), (1081620, 'tmdb'), (1081353, 'tmdb'), (1030621, 'tmdb'), (919328, 'tmdb'), (1088777, 'tmdb'), (958637, 'tmdb'), (1050172, 'tmdb'), (777245, 'tmdb'), (785084, 'tmdb'), (631842, 'tmdb'), (1063422, 'tmdb'), (653851, 'tmdb'), (591634, 'tmdb'), (814757, 'tmdb'), (1061089, 'tmdb'), (315162, 'tmdb'), (1014566, 'tmdb'), (1077280, 'tmdb'), (852096, 'tmdb')] |
[2023-02-25 01:01:46,194] [builder.py:1284]           [DEBUG]    |                                                                                                    |
[2023-02-25 01:01:46,802] [builder.py:1697]           [INFO]     |                                                                                                    |
[2023-02-25 01:01:46,802] [util.py:216]               [INFO]     |=============================== Adding to Latest releases Collection ===============================|
[2023-02-25 01:01:46,802] [builder.py:1699]           [INFO]     |                                                                                                    |
[2023-02-25 01:01:46,803] [builder.py:1709]           [INFO]     |  1/62 | Latest releases Collection | = | Athena (2022)                                             |
[2023-02-25 01:01:46,803] [builder.py:1709]           [INFO]     |  2/62 | Latest releases Collection | = | Bullet Train (2022)                                       |
[2023-02-25 01:01:46,803] [builder.py:1709]           [INFO]     |  3/62 | Latest releases Collection | = | Bodies Bodies Bodies (2022)                               |
[2023-02-25 01:01:46,804] [builder.py:1709]           [INFO]     |  4/62 | Latest releases Collection | = | Hocus Pocus 2 (2022)                                      |
[2023-02-25 01:01:46,804] [builder.py:1709]           [INFO]     |  5/62 | Latest releases Collection | = | The Greatest Beer Run Ever (2022)                         |
[2023-02-25 01:01:46,805] [builder.py:1709]           [INFO]     |  6/62 | Latest releases Collection | = | Vesper (2022)                                             |
[2023-02-25 01:01:46,805] [builder.py:1709]           [INFO]     |  7/62 | Latest releases Collection | = | Werewolf by Night (2022)                                  |
[2023-02-25 01:01:46,805] [builder.py:1709]           [INFO]     |  8/62 | Latest releases Collection | = | Medieval (2022)                                           |
[2023-02-25 01:01:46,806] [builder.py:1709]           [INFO]     |  9/62 | Latest releases Collection | = | Halloween Ends (2022)                                     |
[2023-02-25 01:01:46,806] [builder.py:1709]           [INFO]     | 10/62 | Latest releases Collection | = | The Good House (2022)                                     |
[2023-02-25 01:01:46,807] [builder.py:1709]           [INFO]     | 11/62 | Latest releases Collection | = | Pearl (2022)                                              |
[2023-02-25 01:01:46,807] [builder.py:1709]           [INFO]     | 12/62 | Latest releases Collection | = | Don't Worry Darling (2022)                                |
[2023-02-25 01:01:46,807] [builder.py:1709]           [INFO]     | 13/62 | Latest releases Collection | = | Barbarian (2022)                                          |
[2023-02-25 01:01:46,808] [builder.py:1709]           [INFO]     | 14/62 | Latest releases Collection | = | The Good Nurse (2022)                                     |
[2023-02-25 01:01:46,808] [builder.py:1709]           [INFO]     | 15/62 | Latest releases Collection | = | Wendell & Wild (2022)                                     |
[2023-02-25 01:01:46,808] [builder.py:1709]           [INFO]     | 16/62 | Latest releases Collection | = | All Quiet on the Western Front (2022)                     |
[2023-02-25 01:01:46,809] [builder.py:1709]           [INFO]     | 17/62 | Latest releases Collection | = | Minions: The Rise of Gru (2022)                           |
[2023-02-25 01:01:46,809] [builder.py:1709]           [INFO]     | 18/62 | Latest releases Collection | = | The Woman King (2022)                                     |
[2023-02-25 01:01:46,809] [builder.py:1709]           [INFO]     | 19/62 | Latest releases Collection | = | Causeway (2022)                                           |
[2023-02-25 01:01:46,810] [builder.py:1709]           [INFO]     | 20/62 | Latest releases Collection | = | Enola Holmes 2 (2022)                                     |
[2023-02-25 01:01:46,810] [builder.py:1709]           [INFO]     | 21/62 | Latest releases Collection | = | Weird: The Al Yankovic Story (2022)                       |
[2023-02-25 01:01:46,810] [builder.py:1709]           [INFO]     | 22/62 | Latest releases Collection | = | The Power of the Dog (2021)                               |
[2023-02-25 01:01:46,811] [builder.py:1709]           [INFO]     | 23/62 | Latest releases Collection | = | Falling for Christmas (2022)                              |
[2023-02-25 01:01:46,811] [builder.py:1709]           [INFO]     | 24/62 | Latest releases Collection | = | Amsterdam (2022)                                          |
[2023-02-25 01:01:46,811] [builder.py:1709]           [INFO]     | 25/62 | Latest releases Collection | = | Smile (2022)                                              |
[2023-02-25 01:01:46,812] [builder.py:1709]           [INFO]     | 26/62 | Latest releases Collection | = | Black Adam (2022)                                         |
[2023-02-25 01:01:46,812] [builder.py:1709]           [INFO]     | 27/62 | Latest releases Collection | = | The Wonder (2022)                                         |
[2023-02-25 01:01:46,812] [builder.py:1709]           [INFO]     | 28/62 | Latest releases Collection | = | Spirited (2022)                                           |
[2023-02-25 01:01:46,813] [builder.py:1709]           [INFO]     | 29/62 | Latest releases Collection | = | A Christmas Story Christmas (2022)                        |
[2023-02-25 01:01:46,813] [builder.py:1709]           [INFO]     | 30/62 | Latest releases Collection | = | Slumberland (2022)                                        |
[2023-02-25 01:01:46,813] [builder.py:1709]           [INFO]     | 31/62 | Latest releases Collection | = | The Curse of Bridge Hollow (2022)                         |
[2023-02-25 01:01:46,814] [builder.py:1709]           [INFO]     | 32/62 | Latest releases Collection | = | Armageddon Time (2022)                                    |
[2023-02-25 01:01:46,814] [builder.py:1709]           [INFO]     | 33/62 | Latest releases Collection | = | Triangle of Sadness (2022)                                |
[2023-02-25 01:01:46,814] [builder.py:1709]           [INFO]     | 34/62 | Latest releases Collection | = | Lyle, Lyle, Crocodile (2022)                              |
[2023-02-25 01:01:46,815] [builder.py:1709]           [INFO]     | 35/62 | Latest releases Collection | = | Till (2022)                                               |
[2023-02-25 01:01:46,815] [builder.py:1709]           [INFO]     | 36/62 | Latest releases Collection | = | The Guardians of the Galaxy: Holiday Special (2022)       |
[2023-02-25 01:01:46,815] [builder.py:1709]           [INFO]     | 37/62 | Latest releases Collection | = | Troll (2022)                                              |
[2023-02-25 01:01:46,816] [builder.py:1709]           [INFO]     | 38/62 | Latest releases Collection | = | She Said (2022)                                           |
[2023-02-25 01:01:46,816] [builder.py:1709]           [INFO]     | 39/62 | Latest releases Collection | = | Guillermo del Toro's Pinocchio (2022)                     |
[2023-02-25 01:01:46,816] [builder.py:1709]           [INFO]     | 40/62 | Latest releases Collection | = | Bones and All (2022)                                      |
[2023-02-25 01:01:46,816] [builder.py:1709]           [INFO]     | 41/62 | Latest releases Collection | = | The Banshees of Inisherin (2022)                          |
[2023-02-25 01:01:46,817] [builder.py:1709]           [INFO]     | 42/62 | Latest releases Collection | = | The Fabelmans (2022)                                      |
[2023-02-25 01:01:46,819] [builder.py:1709]           [INFO]     | 43/62 | Latest releases Collection | = | Bandit (2022)                                             |
[2023-02-25 01:01:46,819] [builder.py:1709]           [INFO]     | 44/62 | Latest releases Collection | = | Violent Night (2022)                                      |
[2023-02-25 01:01:46,819] [builder.py:1709]           [INFO]     | 45/62 | Latest releases Collection | = | Breaking (2022)                                           |
[2023-02-25 01:01:46,819] [builder.py:1709]           [INFO]     | 46/62 | Latest releases Collection | = | Aftersun (2022)                                           |
[2023-02-25 01:01:46,820] [builder.py:1709]           [INFO]     | 47/62 | Latest releases Collection | = | Tár (2022)                                                |
[2023-02-25 01:01:46,820] [builder.py:1709]           [INFO]     | 48/62 | Latest releases Collection | = | Emily the Criminal (2022)                                 |
[2023-02-25 01:01:46,820] [builder.py:1709]           [INFO]     | 49/62 | Latest releases Collection | = | Three Thousand Years of Longing (2022)                    |
[2023-02-25 01:01:46,821] [builder.py:1709]           [INFO]     | 50/62 | Latest releases Collection | = | Confess, Fletch (2022)                                    |
[2023-02-25 01:01:46,821] [builder.py:1709]           [INFO]     | 51/62 | Latest releases Collection | = | Glass Onion (2022)                                        |
[2023-02-25 01:01:46,821] [builder.py:1709]           [INFO]     | 52/62 | Latest releases Collection | = | The Invitation (2022)                                     |
[2023-02-25 01:01:46,822] [builder.py:1709]           [INFO]     | 53/62 | Latest releases Collection | = | Spoiler Alert (2022)                                      |
[2023-02-25 01:01:46,822] [builder.py:1709]           [INFO]     | 54/62 | Latest releases Collection | = | The Menu (2022)                                           |
[2023-02-25 01:01:46,822] [builder.py:1709]           [INFO]     | 55/62 | Latest releases Collection | = | Puss in Boots: The Last Wish (2022)                       |
[2023-02-25 01:01:46,822] [builder.py:1709]           [INFO]     | 56/62 | Latest releases Collection | = | Devotion (2022)                                           |
[2023-02-25 01:01:46,823] [builder.py:1709]           [INFO]     | 57/62 | Latest releases Collection | = | M3GAN (2022)                                              |
[2023-02-25 01:01:46,823] [builder.py:1709]           [INFO]     | 58/62 | Latest releases Collection | = | Hatching (2022)                                           |
[2023-02-25 01:01:46,824] [builder.py:1709]           [INFO]     | 59/62 | Latest releases Collection | = | Warriors of Future (2022)                                 |
[2023-02-25 01:01:46,824] [builder.py:1709]           [INFO]     | 60/62 | Latest releases Collection | = | Mad God (2022)                                            |
[2023-02-25 01:01:46,824] [builder.py:1709]           [INFO]     | 61/62 | Latest releases Collection | = | The Boy, the Mole, the Fox and the Horse (2022)           |
[2023-02-25 01:01:46,825] [builder.py:1709]           [INFO]     | 62/62 | Latest releases Collection | = | The Burning Sea (2021)                                    |
[2023-02-25 01:01:46,825] [builder.py:1734]           [INFO]     |                                                                                                    |
[2023-02-25 01:01:46,825] [builder.py:1735]           [INFO]     | 62 Movies Processed                                                                                |
[2023-02-25 01:01:46,826] [builder.py:1929]           [INFO]     |                                                                                                    |
[2023-02-25 01:01:46,826] [util.py:216]               [INFO]     |=========================== Missing Movies from Library: Latest releases ===========================|
[2023-02-25 01:01:46,826] [builder.py:1931]           [INFO]     |                                                                                                    |
[2023-02-25 01:01:46,959] [builder.py:1943]           [INFO]     | Latest releases Collection | ? | Do Revenge (2022) (TMDb: 762968)                                  |
[2023-02-25 01:01:47,078] [builder.py:1943]           [INFO]     | Latest releases Collection | ? | Last Survivors (2022) (TMDb: 789171)                              |
[2023-02-25 01:01:47,199] [builder.py:1943]           [INFO]     | Latest releases Collection | ? | Lou (2022) (TMDb: 429473)                                         |
[2023-02-25 01:01:47,316] [builder.py:1943]           [INFO]     | Latest releases Collection | ? | The Infernal Machine (2022) (TMDb: 916605)                        |
[2023-02-25 01:01:47,433] [builder.py:1943]           [INFO]     | Latest releases Collection | ? | The Survivor (2022) (TMDb: 606870)                                |
[2023-02-25 01:01:47,562] [builder.py:1943]           [INFO]     | Latest releases Collection | ? | Mortal Kombat Legends: Snow Blind (2022) (TMDb: 1007401)          |
[2023-02-25 01:01:47,673] [builder.py:1943]           [INFO]     | Latest releases Collection | ? | Blonde (2022) (TMDb: 301502)                                      |
[2023-02-25 01:01:47,787] [builder.py:1943]           [INFO]     | Latest releases Collection | ? | Sissy (2022) (TMDb: 934207)                                       |
[2023-02-25 01:01:47,913] [builder.py:1943]           [INFO]     | Latest releases Collection | ? | Entergalactic (2022) (TMDb: 1027014)                              |
[2023-02-25 01:01:48,052] [builder.py:1943]           [INFO]     | Latest releases Collection | ? | Dead for a Dollar (2022) (TMDb: 843380)                           |
[2023-02-25 01:01:48,174] [builder.py:1943]           [INFO]     | Latest releases Collection | ? | Gatlopp: Hell of a Game (2022) (TMDb: 893338)                     |
[2023-02-25 01:01:48,296] [builder.py:1943]           [INFO]     | Latest releases Collection | ? | Mr. Harrigan's Phone (2022) (TMDb: 723419)                        |
[2023-02-25 01:01:48,453] [builder.py:1943]           [INFO]     | Latest releases Collection | ? | Luckiest Girl Alive (2022) (TMDb: 799546)                         |
[2023-02-25 01:01:48,576] [builder.py:1943]           [INFO]     | Latest releases Collection | ? | Hellraiser (2022) (TMDb: 338947)                                  |
[2023-02-25 01:01:48,706] [builder.py:1943]           [INFO]     | Latest releases Collection | ? | Rumble (2021) (TMDb: 598331)                                      |
[2023-02-25 01:01:48,838] [builder.py:1943]           [INFO]     | Latest releases Collection | ? | Three Wishes for Cinderella (2021) (TMDb: 660262)                 |
[2023-02-25 01:01:48,957] [builder.py:1943]           [INFO]     | Latest releases Collection | ? | Cursed Friends (2022) (TMDb: 1031206)                             |
[2023-02-25 01:01:49,084] [builder.py:1943]           [INFO]     | Latest releases Collection | ? | Clerks III (2022) (TMDb: 635891)                                  |
[2023-02-25 01:01:49,202] [builder.py:1943]           [INFO]     | Latest releases Collection | ? | Piggy (2022) (TMDb: 848058)                                       |
[2023-02-25 01:01:49,316] [builder.py:1943]           [INFO]     | Latest releases Collection | ? | Unhuman (2022) (TMDb: 839678)                                     |
[2023-02-25 01:01:49,434] [builder.py:1943]           [INFO]     | Latest releases Collection | ? | The School for Good and Evil (2022) (TMDb: 779782)                |
[2023-02-25 01:01:49,562] [builder.py:1943]           [INFO]     | Latest releases Collection | ? | The Stranger (2022) (TMDb: 848791)                                |
[2023-02-25 01:01:49,564] [builder.py:1943]           [INFO]     | Latest releases Collection | ? | The Whale (2022) (TMDb: 785084)                                   |
[2023-02-25 01:01:49,690] [builder.py:1943]           [INFO]     | Latest releases Collection | ? | Raymond & Ray (2022) (TMDb: 869025)                               |
[2023-02-25 01:01:49,692] [builder.py:1943]           [INFO]     | Latest releases Collection | ? | Women Talking (2022) (TMDb: 777245)                               |
[2023-02-25 01:01:49,693] [builder.py:1943]           [INFO]     | Latest releases Collection | ? | Knock at the Cabin (2023) (TMDb: 631842)                          |
[2023-02-25 01:01:49,800] [builder.py:1943]           [INFO]     | Latest releases Collection | ? | Terrifier 2 (2022) (TMDb: 663712)                                 |
[2023-02-25 01:01:49,921] [builder.py:1943]           [INFO]     | Latest releases Collection | ? | False Positive (2021) (TMDb: 591634)                              |
[2023-02-25 01:01:50,071] [builder.py:1943]           [INFO]     | Latest releases Collection | ? | We Wish You a Married Christmas (2022) (TMDb: 1027338)            |
[2023-02-25 01:01:50,198] [builder.py:1943]           [INFO]     | Latest releases Collection | ? | Ticket to Paradise (2022) (TMDb: 800939)                          |
[2023-02-25 01:01:50,306] [builder.py:1943]           [INFO]     | Latest releases Collection | ? | American Murderer (2022) (TMDb: 774301)                           |
[2023-02-25 01:01:50,422] [builder.py:1943]           [INFO]     | Latest releases Collection | ? | The Storied Life of A.J. Fikry (2022) (TMDb: 841733)              |
[2023-02-25 01:01:50,540] [builder.py:1943]           [INFO]     | Latest releases Collection | ? | Deadstream (2022) (TMDb: 886083)                                  |
[2023-02-25 01:01:50,660] [builder.py:1943]           [INFO]     | Latest releases Collection | ? | Old Man (2022) (TMDb: 766220)                                     |
[2023-02-25 01:01:50,765] [builder.py:1943]           [INFO]     | Latest releases Collection | ? | To Leslie (2022) (TMDb: 823147)                                   |
[2023-02-25 01:01:50,873] [builder.py:1943]           [INFO]     | Latest releases Collection | ? | The Witch: Part 2. The Other One (2022) (TMDb: 615173)            |
[2023-02-25 01:01:50,999] [builder.py:1943]           [INFO]     | Latest releases Collection | ? | See How They Run (2022) (TMDb: 766475)                            |
[2023-02-25 01:01:51,127] [builder.py:1943]           [INFO]     | Latest releases Collection | ? | The Enforcer (2022) (TMDb: 846433)                                |
[2023-02-25 01:01:51,281] [builder.py:1943]           [INFO]     | Latest releases Collection | ? | Next Exit (2022) (TMDb: 964909)                                   |
[2023-02-25 01:01:51,434] [builder.py:1943]           [INFO]     | Latest releases Collection | ? | My Policeman (2022) (TMDb: 744114)                                |
[2023-02-25 01:01:51,553] [builder.py:1943]           [INFO]     | Latest releases Collection | ? | On the Line (2022) (TMDb: 979924)                                 |
[2023-02-25 01:01:51,667] [builder.py:1943]           [INFO]     | Latest releases Collection | ? | R.I.P.D. 2: Rise of the Damned (2022) (TMDb: 1013860)             |
[2023-02-25 01:01:51,775] [builder.py:1943]           [INFO]     | Latest releases Collection | ? | She Will (2022) (TMDb: 852485)                                    |
[2023-02-25 01:01:51,918] [builder.py:1943]           [INFO]     | Latest releases Collection | ? | Fire of Love (2022) (TMDb: 913823)                                |
[2023-02-25 01:01:52,042] [builder.py:1943]           [INFO]     | Latest releases Collection | ? | Paradise City (2022) (TMDb: 829799)                               |
[2023-02-25 01:01:52,165] [builder.py:1943]           [INFO]     | Latest releases Collection | ? | Poker Face (2022) (TMDb: 842934)                                  |
[2023-02-25 01:01:52,297] [builder.py:1943]           [INFO]     | Latest releases Collection | ? | Emily (2022) (TMDb: 707103)                                       |
[2023-02-25 01:01:52,419] [builder.py:1943]           [INFO]     | Latest releases Collection | ? | Call Jane (2022) (TMDb: 579496)                                   |
[2023-02-25 01:01:52,526] [builder.py:1943]           [INFO]     | Latest releases Collection | ? | Emergency Declaration (2022) (TMDb: 626872)                       |
[2023-02-25 01:01:52,640] [builder.py:1943]           [INFO]     | Latest releases Collection | ? | Sam & Kate (2022) (TMDb: 844404)                                  |
[2023-02-25 01:01:52,756] [builder.py:1943]           [INFO]     | Latest releases Collection | ? | Disenchanted (2022) (TMDb: 338958)                                |
[2023-02-25 01:01:52,866] [builder.py:1943]           [INFO]     | Latest releases Collection | ? | My Father's Dragon (2022) (TMDb: 560052)                          |
[2023-02-25 01:01:52,976] [builder.py:1943]           [INFO]     | Latest releases Collection | ? | The Swimmers (2022) (TMDb: 821881)                                |
[2023-02-25 01:01:53,097] [builder.py:1943]           [INFO]     | Latest releases Collection | ? | The Estate (2022) (TMDb: 910858)                                  |
[2023-02-25 01:01:53,213] [builder.py:1943]           [INFO]     | Latest releases Collection | ? | The 12 Days of Christmas Eve (2022) (TMDb: 1034168)               |
[2023-02-25 01:01:53,319] [builder.py:1943]           [INFO]     | Latest releases Collection | ? | Raven's Hollow (2022) (TMDb: 996581)                              |
[2023-02-25 01:01:53,439] [builder.py:1943]           [INFO]     | Latest releases Collection | ? | Eat Wheaties! (2020) (TMDb: 659551)                               |
[2023-02-25 01:01:53,592] [builder.py:1943]           [INFO]     | Latest releases Collection | ? | Scrooge: A Christmas Carol (2022) (TMDb: 1001865)                 |
[2023-02-25 01:01:53,744] [builder.py:1943]           [INFO]     | Latest releases Collection | ? | Lady Chatterley's Lover (2022) (TMDb: 814338)                     |
[2023-02-25 01:01:53,884] [builder.py:1943]           [INFO]     | Latest releases Collection | ? | 5-25-77 (2017) (TMDb: 199734)                                     |
[2023-02-25 01:01:54,167] [builder.py:1943]           [INFO]     | Latest releases Collection | ? | Night at the Museum: Kahmunrah Rises Again (2022) (TMDb: 751741)  |
[2023-02-25 01:01:54,275] [builder.py:1943]           [INFO]     | Latest releases Collection | ? | Christmas Bloody Christmas (2022) (TMDb: 1019836)                 |
[2023-02-25 01:01:54,276] [builder.py:1943]           [INFO]     | Latest releases Collection | ? | Emancipation (2022) (TMDb: 715931)                                |
[2023-02-25 01:01:54,384] [builder.py:1943]           [INFO]     | Latest releases Collection | ? | Against the Ice (2022) (TMDb: 836009)                             |
[2023-02-25 01:01:54,487] [builder.py:1943]           [INFO]     | Latest releases Collection | ? | Prey for the Devil (2022) (TMDb: 676547)                          |
[2023-02-25 01:01:54,612] [builder.py:1943]           [INFO]     | Latest releases Collection | ? | Who Killed Santa? A Murderville Murder Mystery (2022) (TMDb: 1050266) |
[2023-02-25 01:01:54,717] [builder.py:1943]           [INFO]     | Latest releases Collection | ? | In from the Side (2022) (TMDb: 622082)                            |
[2023-02-25 01:01:54,718] [builder.py:1943]           [INFO]     | Latest releases Collection | ? | Nanny (2022) (TMDb: 843932)                                       |
[2023-02-25 01:01:54,832] [builder.py:1943]           [INFO]     | Latest releases Collection | ? | House of Darkness (2022) (TMDb: 942890)                           |
[2023-02-25 01:01:54,970] [builder.py:1943]           [INFO]     | Latest releases Collection | ? | Beauty and the Beast: A 30th Celebration (2023) (TMDb: 1028851)   |
[2023-02-25 01:01:55,089] [builder.py:1943]           [INFO]     | Latest releases Collection | ? | The Amazing Maurice (2022) (TMDb: 676710)                         |
[2023-02-25 01:01:55,213] [builder.py:1943]           [INFO]     | Latest releases Collection | ? | The Hanging Sun (2022) (TMDb: 866267)                             |
[2023-02-25 01:01:55,357] [builder.py:1943]           [INFO]     | Latest releases Collection | ? | I Used to Be Famous (2022) (TMDb: 1013228)                        |
[2023-02-25 01:01:55,474] [builder.py:1943]           [INFO]     | Latest releases Collection | ? | Goodnight Mommy (2022) (TMDb: 814800)                             |
[2023-02-25 01:01:55,596] [builder.py:1943]           [INFO]     | Latest releases Collection | ? | Strange World (2022) (TMDb: 877269)                               |
[2023-02-25 01:01:55,829] [builder.py:1943]           [INFO]     | Latest releases Collection | ? | Mad Heidi (2022) (TMDb: 566805)                                   |
[2023-02-25 01:01:55,935] [builder.py:1943]           [INFO]     | Latest releases Collection | ? | Bullet Proof (2022) (TMDb: 993145)                                |
[2023-02-25 01:01:56,039] [builder.py:1943]           [INFO]     | Latest releases Collection | ? | Final Cut (2022) (TMDb: 852438)                                   |
[2023-02-25 01:01:56,157] [builder.py:1943]           [INFO]     | Latest releases Collection | ? | Mona Lisa and the Blood Moon (2022) (TMDb: 522526)                |
[2023-02-25 01:01:56,282] [builder.py:1943]           [INFO]     | Latest releases Collection | ? | The Munsters (2022) (TMDb: 804413)                                |
[2023-02-25 01:01:56,381] [builder.py:1943]           [INFO]     | Latest releases Collection | ? | Roald Dahl's Matilda the Musical (2022) (TMDb: 668482)            |
[2023-02-25 01:01:56,506] [builder.py:1943]           [INFO]     | Latest releases Collection | ? | The Quiet Girl (2022) (TMDb: 916405)                              |
[2023-02-25 01:01:56,614] [builder.py:1943]           [INFO]     | Latest releases Collection | ? | White Noise (2022) (TMDb: 744594)                                 |
[2023-02-25 01:01:56,727] [builder.py:1943]           [INFO]     | Latest releases Collection | ? | The Retreat (2021) (TMDb: 821390)                                 |
[2023-02-25 01:01:56,839] [builder.py:1943]           [INFO]     | Latest releases Collection | ? | Something in the Dirt (2022) (TMDb: 843621)                       |
[2023-02-25 01:01:56,973] [builder.py:1943]           [INFO]     | Latest releases Collection | ? | The Reef: Stalked (2022) (TMDb: 730167)                           |
[2023-02-25 01:01:57,093] [builder.py:1943]           [INFO]     | Latest releases Collection | ? | Lamborghini: The Man Behind the Legend (2022) (TMDb: 457232)      |
[2023-02-25 01:01:57,211] [builder.py:1943]           [INFO]     | Latest releases Collection | ? | A Love Song (2022) (TMDb: 913851)                                 |
[2023-02-25 01:01:57,322] [builder.py:1943]           [INFO]     | Latest releases Collection | ? | The Pale Blue Eye (2022) (TMDb: 800815)                           |
[2023-02-25 01:01:57,441] [builder.py:1943]           [INFO]     | Latest releases Collection | ? | The Old Way (2023) (TMDb: 872954)                                 |
[2023-02-25 01:01:57,567] [builder.py:1943]           [INFO]     | Latest releases Collection | ? | Pretty Problems (2022) (TMDb: 934197)                             |
[2023-02-25 01:01:57,685] [builder.py:1943]           [INFO]     | Latest releases Collection | ? | Bank of Dave (2023) (TMDb: 937220)                                |
[2023-02-25 01:01:57,804] [builder.py:1943]           [INFO]     | Latest releases Collection | ? | Stars at Noon (2022) (TMDb: 603204)                               |
[2023-02-25 01:01:57,911] [builder.py:1943]           [INFO]     | Latest releases Collection | ? | Teen Wolf: The Movie (2023) (TMDb: 877703)                        |
[2023-02-25 01:01:57,912] [builder.py:1943]           [INFO]     | Latest releases Collection | ? | Shotgun Wedding (2022) (TMDb: 758009)                             |
[2023-02-25 01:01:58,010] [builder.py:1943]           [INFO]     | Latest releases Collection | ? | You People (2023) (TMDb: 866413)                                  |
[2023-02-25 01:01:58,133] [builder.py:1943]           [INFO]     | Latest releases Collection | ? | When You Finish Saving The World (2023) (TMDb: 691422)            |
[2023-02-25 01:01:58,237] [builder.py:1943]           [INFO]     | Latest releases Collection | ? | The Offering (2023) (TMDb: 955991)                                |
[2023-02-25 01:01:58,242] [builder.py:1943]           [INFO]     | Latest releases Collection | ? | Black Panther: Wakanda Forever (2022) (TMDb: 505642)              |
[2023-02-25 01:01:58,245] [builder.py:1943]           [INFO]     | Latest releases Collection | ? | Babylon (2022) (TMDb: 615777)                                     |
[2023-02-25 01:01:58,370] [builder.py:1943]           [INFO]     | Latest releases Collection | ? | Skinamarink (2023) (TMDb: 994143)                                 |
[2023-02-25 01:01:58,513] [builder.py:1943]           [INFO]     | Latest releases Collection | ? | Alice, Darling (2022) (TMDb: 850028)                              |
[2023-02-25 01:01:58,515] [builder.py:1943]           [INFO]     | Latest releases Collection | ? | Plane (2023) (TMDb: 646389)                                       |
[2023-02-25 01:01:58,633] [builder.py:1943]           [INFO]     | Latest releases Collection | ? | Baby Ruby (2023) (TMDb: 1008374)                                  |
[2023-02-25 01:01:58,752] [builder.py:1943]           [INFO]     | Latest releases Collection | ? | Blood (2023) (TMDb: 746524)                                       |
[2023-02-25 01:01:58,882] [builder.py:1943]           [INFO]     | Latest releases Collection | ? | The Locksmith (2023) (TMDb: 1075519)                              |
[2023-02-25 01:01:59,005] [builder.py:1943]           [INFO]     | Latest releases Collection | ? | Empire of Light (2022) (TMDb: 814757)                             |
[2023-02-25 01:01:59,115] [builder.py:1943]           [INFO]     | Latest releases Collection | ? | Somebody I Used to Know (2023) (TMDb: 869112)                     |
[2023-02-25 01:01:59,209] [builder.py:1943]           [INFO]     | Latest releases Collection | ? | Your Place or Mine (2023) (TMDb: 703451)                          |
[2023-02-25 01:01:59,313] [builder.py:1943]           [INFO]     | Latest releases Collection | ? | The Son (2022) (TMDb: 806368)                                     |
[2023-02-25 01:01:59,475] [builder.py:1943]           [INFO]     | Latest releases Collection | ? | Project Wolf Hunting (2022) (TMDb: 799379)                        |
[2023-02-25 01:01:59,579] [builder.py:1943]           [INFO]     | Latest releases Collection | ? | Infinity Pool (2023) (TMDb: 667216)                               |
[2023-02-25 01:01:59,687] [builder.py:1943]           [INFO]     | Latest releases Collection | ? | Maybe I Do (2023) (TMDb: 972230)                                  |
[2023-02-25 01:01:59,688] [builder.py:1943]           [INFO]     | Latest releases Collection | ? | The Inspection (2022) (TMDb: 837938)                              |
[2023-02-25 01:01:59,689] [builder.py:1943]           [INFO]     | Latest releases Collection | ? | Sharper (2023) (TMDb: 717980)                                     |
[2023-02-25 01:01:59,822] [builder.py:1943]           [INFO]     | Latest releases Collection | ? | Fit for Christmas (2022) (TMDb: 1033528)                          |
[2023-02-25 01:01:59,966] [builder.py:1943]           [INFO]     | Latest releases Collection | ? | Merry Kiss Cam (2022) (TMDb: 1032457)                             |
[2023-02-25 01:02:00,082] [builder.py:1943]           [INFO]     | Latest releases Collection | ? | Alienoid (2022) (TMDb: 601796)                                    |
[2023-02-25 01:02:00,200] [builder.py:1943]           [INFO]     | Latest releases Collection | ? | Darby and the Dead (2022) (TMDb: 898308)                          |
[2023-02-25 01:02:00,364] [builder.py:1943]           [INFO]     | Latest releases Collection | ? | The Snowball Effect (2022) (TMDb: 1017504)                        |
[2023-02-25 01:02:00,476] [builder.py:1943]           [INFO]     | Latest releases Collection | ? | Survive (2022) (TMDb: 1026706)                                    |
[2023-02-25 01:02:00,600] [builder.py:1943]           [INFO]     | Latest releases Collection | ? | A Holiday Spectacular (2022) (TMDb: 996767)                       |
[2023-02-25 01:02:00,721] [builder.py:1943]           [INFO]     | Latest releases Collection | ? | Cloudy with a Chance of Christmas (2022) (TMDb: 1012608)          |
[2023-02-25 01:02:00,833] [builder.py:1943]           [INFO]     | Latest releases Collection | ? | Your Christmas Or Mine? (2022) (TMDb: 865559)                     |
[2023-02-25 01:02:00,943] [builder.py:1943]           [INFO]     | Latest releases Collection | ? | Sappy Holiday (2022) (TMDb: 1012659)                              |
[2023-02-25 01:02:01,062] [builder.py:1943]           [INFO]     | Latest releases Collection | ? | A Tale of Two Christmases (2022) (TMDb: 1028546)                  |
[2023-02-25 01:02:01,187] [builder.py:1943]           [INFO]     | Latest releases Collection | ? | The Boss Baby: Christmas Bonus (2022) (TMDb: 1045944)             |
[2023-02-25 01:02:01,308] [builder.py:1943]           [INFO]     | Latest releases Collection | ? | A Big Fat Family Christmas (2022) (TMDb: 1028559)                 |
[2023-02-25 01:02:01,424] [builder.py:1943]           [INFO]     | Latest releases Collection | ? | Diary of a Wimpy Kid: Rodrick Rules (2022) (TMDb: 897192)         |
[2023-02-25 01:02:01,544] [builder.py:1943]           [INFO]     | Latest releases Collection | ? | A Hollywood Christmas (2022) (TMDb: 1028938)                      |
[2023-02-25 01:02:01,671] [builder.py:1943]           [INFO]     | Latest releases Collection | ? | Haul Out the Holly (2022) (TMDb: 1028556)                         |
[2023-02-25 01:02:01,828] [builder.py:1943]           [INFO]     | Latest releases Collection | ? | Undercover Holiday (2022) (TMDb: 1028544)                         |
[2023-02-25 01:02:01,940] [builder.py:1943]           [INFO]     | Latest releases Collection | ? | The Eternal Daughter (2022) (TMDb: 790867)                        |
[2023-02-25 01:02:02,041] [builder.py:1943]           [INFO]     | Latest releases Collection | ? | Christmas with the Campbells (2022) (TMDb: 934559)                |
[2023-02-25 01:02:02,179] [builder.py:1943]           [INFO]     | Latest releases Collection | ? | Rogue Agent (2022) (TMDb: 846956)                                 |
[2023-02-25 01:02:02,302] [builder.py:1943]           [INFO]     | Latest releases Collection | ? | Christmas Ransom (2022) (TMDb: 1046636)                           |
[2023-02-25 01:02:02,430] [builder.py:1943]           [INFO]     | Latest releases Collection | ? | Fantasy Football (2022) (TMDb: 879513)                            |
[2023-02-25 01:02:02,540] [builder.py:1943]           [INFO]     | Latest releases Collection | ? | Time for Him to Come Home for Christmas (2022) (TMDb: 1028551)    |
[2023-02-25 01:02:02,660] [builder.py:1943]           [INFO]     | Latest releases Collection | ? | Reindeer in Here (2022) (TMDb: 1026561)                           |
[2023-02-25 01:02:02,795] [builder.py:1943]           [INFO]     | Latest releases Collection | ? | A Wounded Fawn (2022) (TMDb: 964873)                              |
[2023-02-25 01:02:02,913] [builder.py:1943]           [INFO]     | Latest releases Collection | ? | Room 203 (2022) (TMDb: 885121)                                    |
[2023-02-25 01:02:03,029] [builder.py:1943]           [INFO]     | Latest releases Collection | ? | Mickey Saves Christmas (2022) (TMDb: 1037929)                     |
[2023-02-25 01:02:03,155] [builder.py:1943]           [INFO]     | Latest releases Collection | ? | Faith Heist: A Christmas Caper (2022) (TMDb: 1035896)             |
[2023-02-25 01:02:03,275] [builder.py:1943]           [INFO]     | Latest releases Collection | ? | A Fabled Holiday (2022) (TMDb: 1028548)                           |
[2023-02-25 01:02:03,388] [builder.py:1943]           [INFO]     | Latest releases Collection | ? | A Furry Little Christmas (2021) (TMDb: 882995)                    |
[2023-02-25 01:02:03,511] [builder.py:1943]           [INFO]     | Latest releases Collection | ? | Hunther (2022) (TMDb: 1041479)                                    |
[2023-02-25 01:02:03,668] [builder.py:1943]           [INFO]     | Latest releases Collection | ? | Something from Tiffany's (2022) (TMDb: 916053)                    |
[2023-02-25 01:02:03,788] [builder.py:1943]           [INFO]     | Latest releases Collection | ? | It's a Wonderful Binge (2022) (TMDb: 1026624)                     |
[2023-02-25 01:02:03,925] [builder.py:1943]           [INFO]     | Latest releases Collection | ? | Hawa (2022) (TMDb: 961707)                                        |
[2023-02-25 01:02:04,046] [builder.py:1943]           [INFO]     | Latest releases Collection | ? | A Merry Single Christmas (2022) (TMDb: 957805)                    |
[2023-02-25 01:02:04,155] [builder.py:1943]           [INFO]     | Latest releases Collection | ? | A Wonderful Time of the Year (2022) (TMDb: 1054115)               |
[2023-02-25 01:02:04,280] [builder.py:1943]           [INFO]     | Latest releases Collection | ? | Christmas Plus One (2022) (TMDb: 993030)                          |
[2023-02-25 01:02:04,411] [builder.py:1943]           [INFO]     | Latest releases Collection | ? | Love at the Christmas Contest (2022) (TMDb: 911826)               |
[2023-02-25 01:02:04,532] [builder.py:1943]           [INFO]     | Latest releases Collection | ? | Possession (2022) (TMDb: 843314)                                  |
[2023-02-25 01:02:04,675] [builder.py:1943]           [INFO]     | Latest releases Collection | ? | Motherly (2022) (TMDb: 768447)                                    |
[2023-02-25 01:02:04,804] [builder.py:1943]           [INFO]     | Latest releases Collection | ? | Reno 911!: It's a Wonderful Heist (2022) (TMDb: 1051909)          |
[2023-02-25 01:02:04,939] [builder.py:1943]           [INFO]     | Latest releases Collection | ? | The Long Dark Trail (2021) (TMDb: 888838)                         |
[2023-02-25 01:02:05,048] [builder.py:1943]           [INFO]     | Latest releases Collection | ? | Blackwater (2020) (TMDb: 741621)                                  |
[2023-02-25 01:02:05,162] [builder.py:1943]           [INFO]     | Latest releases Collection | ? | Hotel for the Holidays (2022) (TMDb: 1017339)                     |
[2023-02-25 01:02:05,280] [builder.py:1943]           [INFO]     | Latest releases Collection | ? | Killer Design (2022) (TMDb: 970472)                               |
[2023-02-25 01:02:05,406] [builder.py:1943]           [INFO]     | Latest releases Collection | ? | 9 Ways to Hell (2022) (TMDb: 970512)                              |
[2023-02-25 01:02:05,562] [builder.py:1943]           [INFO]     | Latest releases Collection | ? | Along for the Ride (2022) (TMDb: 778106)                          |
[2023-02-25 01:02:05,681] [builder.py:1943]           [INFO]     | Latest releases Collection | ? | Induced (2022) (TMDb: 1036814)                                    |
[2023-02-25 01:02:05,807] [builder.py:1943]           [INFO]     | Latest releases Collection | ? | A Man of Action (2022) (TMDb: 945897)                             |
[2023-02-25 01:02:05,955] [builder.py:1943]           [INFO]     | Latest releases Collection | ? | My Name Is Vendetta (2022) (TMDb: 873126)                         |
[2023-02-25 01:02:06,082] [builder.py:1943]           [INFO]     | Latest releases Collection | ? | Savage Salvation (2022) (TMDb: 740952)                            |
[2023-02-25 01:02:06,188] [builder.py:1943]           [INFO]     | Latest releases Collection | ? | The Big 4 (2022) (TMDb: 683328)                                   |
[2023-02-25 01:02:06,302] [builder.py:1943]           [INFO]     | Latest releases Collection | ? | If These Walls Could Sing (2023) (TMDb: 926392)                   |
[2023-02-25 01:02:06,416] [builder.py:1943]           [INFO]     | Latest releases Collection | ? | Hellblazers (2022) (TMDb: 801691)                                 |
[2023-02-25 01:02:06,568] [builder.py:1943]           [INFO]     | Latest releases Collection | ? | Resurrection (2022) (TMDb: 872497)                                |
[2023-02-25 01:02:06,677] [builder.py:1943]           [INFO]     | Latest releases Collection | ? | One Way (2022) (TMDb: 747803)                                     |
[2023-02-25 01:02:06,794] [builder.py:1943]           [INFO]     | Latest releases Collection | ? | The Apology (2022) (TMDb: 1035654)                                |
[2023-02-25 01:02:06,897] [builder.py:1943]           [INFO]     | Latest releases Collection | ? | When Christmas Was Young (2022) (TMDb: 962367)                    |
[2023-02-25 01:02:07,020] [builder.py:1943]           [INFO]     | Latest releases Collection | ? | Ashgrove (2022) (TMDb: 940100)                                    |
[2023-02-25 01:02:07,139] [builder.py:1943]           [INFO]     | Latest releases Collection | ? | High Heat (2022) (TMDb: 1015963)                                  |
[2023-02-25 01:02:07,266] [builder.py:1943]           [INFO]     | Latest releases Collection | ? | Plebs: Soldiers of Rome (2022) (TMDb: 1059270)                    |
[2023-02-25 01:02:07,378] [builder.py:1943]           [INFO]     | Latest releases Collection | ? | Renegades (2022) (TMDb: 913604)                                   |
[2023-02-25 01:02:07,495] [builder.py:1943]           [INFO]     | Latest releases Collection | ? | The Honeymoon (2022) (TMDb: 871547)                               |
[2023-02-25 01:02:07,604] [builder.py:1943]           [INFO]     | Latest releases Collection | ? | The African Desperate (2022) (TMDb: 921629)                       |
[2023-02-25 01:02:07,724] [builder.py:1943]           [INFO]     | Latest releases Collection | ? | When Are You Moving Out? (2022) (TMDb: 1026320)                   |
[2023-02-25 01:02:07,853] [builder.py:1943]           [INFO]     | Latest releases Collection | ? | Heart of the Gun (2021) (TMDb: 791125)                            |
[2023-02-25 01:02:08,005] [builder.py:1943]           [INFO]     | Latest releases Collection | ? | Wog Boys Forever (2022) (TMDb: 958785)                            |
[2023-02-25 01:02:08,165] [builder.py:1943]           [INFO]     | Latest releases Collection | ? | Scare Package II: Rad Chad’s Revenge (2022) (TMDb: 915968)        |
[2023-02-25 01:02:08,281] [builder.py:1943]           [INFO]     | Latest releases Collection | ? | With/In Volume 2 (2021) (TMDb: 838482)                            |
[2023-02-25 01:02:08,406] [builder.py:1943]           [INFO]     | Latest releases Collection | ? | Saving Christmas Spirit (2022) (TMDb: 957803)                     |
[2023-02-25 01:02:08,530] [builder.py:1943]           [INFO]     | Latest releases Collection | ? | The Irish Connection (2021) (TMDb: 837399)                        |
[2023-02-25 01:02:08,647] [builder.py:1943]           [INFO]     | Latest releases Collection | ? | Platinum (2022) (TMDb: 1057935)                                   |
[2023-02-25 01:02:08,766] [builder.py:1943]           [INFO]     | Latest releases Collection | ? | Obsessed to Death (2022) (TMDb: 982459)                           |
[2023-02-25 01:02:08,883] [builder.py:1943]           [INFO]     | Latest releases Collection | ? | The Bounty Men (2022) (TMDb: 990789)                              |
[2023-02-25 01:02:08,991] [builder.py:1943]           [INFO]     | Latest releases Collection | ? | Lullaby (2022) (TMDb: 702621)                                     |
[2023-02-25 01:02:09,104] [builder.py:1943]           [INFO]     | Latest releases Collection | ? | The Lair (2022) (TMDb: 760204)                                    |
[2023-02-25 01:02:09,212] [builder.py:1943]           [INFO]     | Latest releases Collection | ? | Encanto at the Hollywood Bowl (2022) (TMDb: 1041513)              |
[2023-02-25 01:02:09,330] [builder.py:1943]           [INFO]     | Latest releases Collection | ? | The Last Heist (2022) (TMDb: 1042590)                             |
[2023-02-25 01:02:09,480] [builder.py:1943]           [INFO]     | Latest releases Collection | ? | Dead Bride (2022) (TMDb: 512198)                                  |
[2023-02-25 01:02:09,605] [builder.py:1943]           [INFO]     | Latest releases Collection | ? | Girl at the Window (2022) (TMDb: 985335)                          |
[2023-02-25 01:02:09,741] [builder.py:1943]           [INFO]     | Latest releases Collection | ? | The Dog Lover's Guide to Dating (2023) (TMDb: 1056733)            |
[2023-02-25 01:02:09,873] [builder.py:1943]           [INFO]     | Latest releases Collection | ? | The Holiday Dating Guide (2022) (TMDb: 1031072)                   |
[2023-02-25 01:02:09,985] [builder.py:1943]           [INFO]     | Latest releases Collection | ? | The Holiday Stocking (2022) (TMDb: 1028545)                       |
[2023-02-25 01:02:10,093] [builder.py:1943]           [INFO]     | Latest releases Collection | ? | The Almond and the Seahorse (2022) (TMDb: 787791)                 |
[2023-02-25 01:02:10,238] [builder.py:1943]           [INFO]     | Latest releases Collection | ? | Christmas Bedtime Stories (2022) (TMDb: 1027431)                  |
[2023-02-25 01:02:10,364] [builder.py:1943]           [INFO]     | Latest releases Collection | ? | When I Think of Christmas (2022) (TMDb: 1028543)                  |
[2023-02-25 01:02:10,510] [builder.py:1943]           [INFO]     | Latest releases Collection | ? | Razzennest (2022) (TMDb: 978938)                                  |
[2023-02-25 01:02:10,641] [builder.py:1943]           [INFO]     | Latest releases Collection | ? | Catfish Killer (2022) (TMDb: 1068621)                             |
[2023-02-25 01:02:10,749] [builder.py:1943]           [INFO]     | Latest releases Collection | ? | Blackbird (2022) (TMDb: 534134)                                   |
[2023-02-25 01:02:10,875] [builder.py:1943]           [INFO]     | Latest releases Collection | ? | The Hammer (2023) (TMDb: 1011869)                                 |
[2023-02-25 01:02:11,025] [builder.py:1943]           [INFO]     | Latest releases Collection | ? | The Wedding Veil Expectations (2023) (TMDb: 1056735)              |
[2023-02-25 01:02:11,141] [builder.py:1943]           [INFO]     | Latest releases Collection | ? | Bromates (2022) (TMDb: 860854)                                    |
[2023-02-25 01:02:11,263] [builder.py:1943]           [INFO]     | Latest releases Collection | ? | The Wedding Veil Legacy (2022) (TMDb: 910778)                     |
[2023-02-25 01:02:11,377] [builder.py:1943]           [INFO]     | Latest releases Collection | ? | Bed Rest (2022) (TMDb: 917007)                                    |
[2023-02-25 01:02:11,491] [builder.py:1943]           [INFO]     | Latest releases Collection | ? | East of the Mountains (2021) (TMDb: 810015)                       |
[2023-02-25 01:02:11,634] [builder.py:1943]           [INFO]     | Latest releases Collection | ? | The Time Capsule (2022) (TMDb: 974188)                            |
[2023-02-25 01:02:11,750] [builder.py:1943]           [INFO]     | Latest releases Collection | ? | Mommy's Little Star (2022) (TMDb: 943874)                         |
[2023-02-25 01:02:11,914] [builder.py:1943]           [INFO]     | Latest releases Collection | ? | Disconnect: The Wedding Planner (2023) (TMDb: 1063242)            |
[2023-02-25 01:02:12,054] [builder.py:1943]           [INFO]     | Latest releases Collection | ? | The Drop (2022) (TMDb: 964822)                                    |
[2023-02-25 01:02:12,162] [builder.py:1943]           [INFO]     | Latest releases Collection | ? | Sick (2022) (TMDb: 829410)                                        |
[2023-02-25 01:02:12,270] [builder.py:1943]           [INFO]     | Latest releases Collection | ? | Dog Gone (2023) (TMDb: 858408)                                    |
[2023-02-25 01:02:12,374] [builder.py:1943]           [INFO]     | Latest releases Collection | ? | Detective Knight: Redemption (2022) (TMDb: 1035803)               |
[2023-02-25 01:02:12,484] [builder.py:1943]           [INFO]     | Latest releases Collection | ? | The Friendship Game (2022) (TMDb: 844396)                         |
[2023-02-25 01:02:12,595] [builder.py:1943]           [INFO]     | Latest releases Collection | ? | Inspector Sun and the Curse of the Black Widow (2022) (TMDb: 987750) |
[2023-02-25 01:02:12,712] [builder.py:1943]           [INFO]     | Latest releases Collection | ? | The Wedding Veil Inspiration (2023) (TMDb: 1056737)               |
[2023-02-25 01:02:12,823] [builder.py:1943]           [INFO]     | Latest releases Collection | ? | Almighty Zeus (2022) (TMDb: 864231)                               |
[2023-02-25 01:02:12,943] [builder.py:1943]           [INFO]     | Latest releases Collection | ? | Nobody Will Believe You (2021) (TMDb: 851969)                     |
[2023-02-25 01:02:13,067] [builder.py:1943]           [INFO]     | Latest releases Collection | ? | Ghost Party (2022) (TMDb: 1075201)                                |
[2023-02-25 01:02:13,180] [builder.py:1943]           [INFO]     | Latest releases Collection | ? | Battlebox (2023) (TMDb: 1075199)                                  |
[2023-02-25 01:02:13,304] [builder.py:1943]           [INFO]     | Latest releases Collection | ? | Don't Look Deeper (2022) (TMDb: 1061605)                          |
[2023-02-25 01:02:13,475] [builder.py:1943]           [INFO]     | Latest releases Collection | ? | Burned by Love (2023) (TMDb: 1074276)                             |
[2023-02-25 01:02:13,589] [builder.py:1943]           [INFO]     | Latest releases Collection | ? | The Falling World (2022) (TMDb: 853860)                           |
[2023-02-25 01:02:13,707] [builder.py:1943]           [INFO]     | Latest releases Collection | ? | There's Something Wrong with the Children (2023) (TMDb: 899579)   |
[2023-02-25 01:02:13,822] [builder.py:1943]           [INFO]     | Latest releases Collection | ? | Snow Falls (2023) (TMDb: 737853)                                  |
[2023-02-25 01:02:13,947] [builder.py:1943]           [INFO]     | Latest releases Collection | ? | Halloween Friends (2022) (TMDb: 1075198)                          |
[2023-02-25 01:02:14,093] [builder.py:1943]           [INFO]     | Latest releases Collection | ? | Whina (2022) (TMDb: 766314)                                       |
[2023-02-25 01:02:14,210] [builder.py:1943]           [INFO]     | Latest releases Collection | ? | Spin Me Round (2022) (TMDb: 826942)                               |
[2023-02-25 01:02:14,321] [builder.py:1943]           [INFO]     | Latest releases Collection | ? | Play Dead (2022) (TMDb: 1020696)                                  |
[2023-02-25 01:02:14,432] [builder.py:1943]           [INFO]     | Latest releases Collection | ? | Black Warrant (2023) (TMDb: 983768)                               |
[2023-02-25 01:02:14,537] [builder.py:1943]           [INFO]     | Latest releases Collection | ? | Seriously Red (2022) (TMDb: 819504)                               |
[2023-02-25 01:02:14,646] [builder.py:1943]           [INFO]     | Latest releases Collection | ? | House Party (2023) (TMDb: 632065)                                 |
[2023-02-25 01:02:14,745] [builder.py:1943]           [INFO]     | Latest releases Collection | ? | The Price We Pay (2023) (TMDb: 996727)                            |
[2023-02-25 01:02:14,858] [builder.py:1943]           [INFO]     | Latest releases Collection | ? | Sorry About the Demon (2022) (TMDb: 862970)                       |
[2023-02-25 01:02:14,986] [builder.py:1943]           [INFO]     | Latest releases Collection | ? | Slayers (2022) (TMDb: 888097)                                     |
[2023-02-25 01:02:15,135] [builder.py:1943]           [INFO]     | Latest releases Collection | ? | Much Ado About Christmas (2021) (TMDb: 878410)                    |
[2023-02-25 01:02:15,284] [builder.py:1943]           [INFO]     | Latest releases Collection | ? | Attack of the 50 Foot Camgirl (2022) (TMDb: 934605)               |
[2023-02-25 01:02:15,411] [builder.py:1943]           [INFO]     | Latest releases Collection | ? | Mega Lightning (2022) (TMDb: 988591)                              |
[2023-02-25 01:02:15,521] [builder.py:1943]           [INFO]     | Latest releases Collection | ? | JUNG_E (2023) (TMDb: 843794)                                      |
[2023-02-25 01:02:15,620] [builder.py:1943]           [INFO]     | Latest releases Collection | ? | Detective Knight: Independence (2023) (TMDb: 1035806)             |
[2023-02-25 01:02:15,749] [builder.py:1943]           [INFO]     | Latest releases Collection | ? | The Wedding Veil Journey (2023) (TMDb: 1056738)                   |
[2023-02-25 01:02:15,867] [builder.py:1943]           [INFO]     | Latest releases Collection | ? | Betrayed by My Bridesmaid (2022) (TMDb: 1032945)                  |
[2023-02-25 01:02:15,982] [builder.py:1943]           [INFO]     | Latest releases Collection | ? | Narvik (2022) (TMDb: 619930)                                      |
[2023-02-25 01:02:16,088] [builder.py:1943]           [INFO]     | Latest releases Collection | ? | All Eyes (2022) (TMDb: 974926)                                    |
[2023-02-25 01:02:16,199] [builder.py:1943]           [INFO]     | Latest releases Collection | ? | Bad Behind Bars: Jodi Arias (2023) (TMDb: 1074291)                |
[2023-02-25 01:02:16,312] [builder.py:1943]           [INFO]     | Latest releases Collection | ? | Zoey's Extraordinary Christmas (2021) (TMDb: 872130)              |
[2023-02-25 01:02:16,446] [builder.py:1943]           [INFO]     | Latest releases Collection | ? | Candy Land (2023) (TMDb: 826753)                                  |
[2023-02-25 01:02:16,568] [builder.py:1943]           [INFO]     | Latest releases Collection | ? | The Plot to Kill My Mother (2023) (TMDb: 1075304)                 |
[2023-02-25 01:02:16,671] [builder.py:1937]           [ERROR]    | TMDb Error: No Movie found for TMDb ID 1078049: The resource you requested could not be found.     |
[2023-02-25 01:02:16,780] [builder.py:1943]           [INFO]     | Latest releases Collection | ? | The Last Inn (2021) (TMDb: 881555)                                |
[2023-02-25 01:02:16,906] [builder.py:1943]           [INFO]     | Latest releases Collection | ? | The Flood (2020) (TMDb: 726897)                                   |
[2023-02-25 01:02:17,024] [builder.py:1943]           [INFO]     | Latest releases Collection | ? | Iron Cross: The Road to Normandy (2022) (TMDb: 987361)            |
[2023-02-25 01:02:17,145] [builder.py:1943]           [INFO]     | Latest releases Collection | ? | Designed for Death (2021) (TMDb: 923111)                          |
[2023-02-25 01:02:17,273] [builder.py:1943]           [INFO]     | Latest releases Collection | ? | The Hit (2022) (TMDb: 1060688)                                    |
[2023-02-25 01:02:17,400] [builder.py:1943]           [INFO]     | Latest releases Collection | ? | Imani (2023) (TMDb: 1064750)                                      |
[2023-02-25 01:02:17,512] [builder.py:1943]           [INFO]     | Latest releases Collection | ? | Dragon Knight (2022) (TMDb: 919355)                               |
[2023-02-25 01:02:17,619] [builder.py:1943]           [INFO]     | Latest releases Collection | ? | Dead Zone (2022) (TMDb: 945840)                                   |
[2023-02-25 01:02:17,751] [builder.py:1943]           [INFO]     | Latest releases Collection | ? | Night Train (2023) (TMDb: 1007427)                                |
[2023-02-25 01:02:17,883] [builder.py:1943]           [INFO]     | Latest releases Collection | ? | Bullet Train Down (2022) (TMDb: 1006540)                          |
[2023-02-25 01:02:17,992] [builder.py:1943]           [INFO]     | Latest releases Collection | ? | Beyond the Neon (2022) (TMDb: 1031918)                            |
[2023-02-25 01:02:18,153] [builder.py:1943]           [INFO]     | Latest releases Collection | ? | Shark Waters (2022) (TMDb: 1011604)                               |
[2023-02-25 01:02:18,271] [builder.py:1943]           [INFO]     | Latest releases Collection | ? | Stranger (2022) (TMDb: 1078079)                                   |
[2023-02-25 01:02:18,397] [builder.py:1943]           [INFO]     | Latest releases Collection | ? | Birdemic 3: Sea Eagle (2022) (TMDb: 724585)                       |
[2023-02-25 01:02:18,506] [builder.py:1943]           [INFO]     | Latest releases Collection | ? | Summertime Dropouts (2022) (TMDb: 853317)                         |
[2023-02-25 01:02:18,617] [builder.py:1943]           [INFO]     | Latest releases Collection | ? | Alone at Night (2023) (TMDb: 815136)                              |
[2023-02-25 01:02:18,728] [builder.py:1943]           [INFO]     | Latest releases Collection | ? | Xanadu Hellfire (2022) (TMDb: 1016246)                            |
[2023-02-25 01:02:18,864] [builder.py:1943]           [INFO]     | Latest releases Collection | ? | The Tiger's Nest (2022) (TMDb: 654910)                            |
[2023-02-25 01:02:18,979] [builder.py:1943]           [INFO]     | Latest releases Collection | ? | Battle for Pandora (2022) (TMDb: 1056569)                         |
[2023-02-25 01:02:19,113] [builder.py:1943]           [INFO]     | Latest releases Collection | ? | Carnifex (2022) (TMDb: 1024532)                                   |
[2023-02-25 01:02:19,220] [builder.py:1943]           [INFO]     | Latest releases Collection | ? | Love in Glacier National: A National Park Romance (2023) (TMDb: 1056740) |
[2023-02-25 01:02:19,357] [builder.py:1943]           [INFO]     | Latest releases Collection | ? | Aurora Teagarden Mysteries: Haunted By Murder (2022) (TMDb: 910765) |
[2023-02-25 01:02:19,480] [builder.py:1943]           [INFO]     | Latest releases Collection | ? | Blueback (2022) (TMDb: 807132)                                    |
[2023-02-25 01:02:19,590] [builder.py:1943]           [INFO]     | Latest releases Collection | ? | Waking Karma (2023) (TMDb: 1072928)                               |
[2023-02-25 01:02:19,708] [builder.py:1943]           [INFO]     | Latest releases Collection | ? | The 3rd Guest (2023) (TMDb: 1069175)                              |
[2023-02-25 01:02:19,828] [builder.py:1943]           [INFO]     | Latest releases Collection | ? | The Mummy Resurrection (2023) (TMDb: 984105)                      |
[2023-02-25 01:02:19,936] [builder.py:1943]           [INFO]     | Latest releases Collection | ? | Bleach (2022) (TMDb: 794004)                                      |
[2023-02-25 01:02:20,091] [builder.py:1943]           [INFO]     | Latest releases Collection | ? | The Nomad (2023) (TMDb: 1079450)                                  |
[2023-02-25 01:02:20,201] [builder.py:1943]           [INFO]     | Latest releases Collection | ? | Brotherhood (2022) (TMDb: 1042978)                                |
[2023-02-25 01:02:20,321] [builder.py:1943]           [INFO]     | Latest releases Collection | ? | The Price of Perfection (2022) (TMDb: 1003214)                    |
[2023-02-25 01:02:20,467] [builder.py:1943]           [INFO]     | Latest releases Collection | ? | Legion of Super-Heroes (2023) (TMDb: 1003580)                     |
[2023-02-25 01:02:20,588] [builder.py:1943]           [INFO]     | Latest releases Collection | ? | Vacation Home Nightmare (2023) (TMDb: 1075316)                    |
[2023-02-25 01:02:20,718] [builder.py:1943]           [INFO]     | Latest releases Collection | ? | Hoax: The True Story Of The Kidnapping Of Sherri Papini (2023) (TMDb: 1074896) |
[2023-02-25 01:02:20,849] [builder.py:1943]           [INFO]     | Latest releases Collection | ? | Mysterious Circumstance: The Death of Meriwether Lewis (2022) (TMDb: 1022785) |
[2023-02-25 01:02:20,967] [builder.py:1943]           [INFO]     | Latest releases Collection | ? | Stromboli (2022) (TMDb: 1034629)                                  |
[2023-02-25 01:02:21,074] [builder.py:1943]           [INFO]     | Latest releases Collection | ? | Infiesto (2023) (TMDb: 1072567)                                   |
[2023-02-25 01:02:21,169] [builder.py:1943]           [INFO]     | Latest releases Collection | ? | True Spirit (2023) (TMDb: 739986)                                 |
[2023-02-25 01:02:21,283] [builder.py:1943]           [INFO]     | Latest releases Collection | ? | Viking Wolf (2022) (TMDb: 788752)                                 |
[2023-02-25 01:02:21,421] [builder.py:1943]           [INFO]     | Latest releases Collection | ? | Grand Jeté (2022) (TMDb: 928358)                                  |
[2023-02-25 01:02:21,541] [builder.py:1943]           [INFO]     | Latest releases Collection | ? | Mindcage (2022) (TMDb: 1043565)                                   |
[2023-02-25 01:02:21,663] [builder.py:1943]           [INFO]     | Latest releases Collection | ? | Condor's Nest (2023) (TMDb: 1062482)                              |
[2023-02-25 01:02:21,786] [builder.py:1943]           [INFO]     | Latest releases Collection | ? | Secrets In the Marriage (2023) (TMDb: 1036156)                    |
[2023-02-25 01:02:21,900] [builder.py:1943]           [INFO]     | Latest releases Collection | ? | #Float (2022) (TMDb: 1038043)                                     |
[2023-02-25 01:02:22,002] [builder.py:1943]           [INFO]     | Latest releases Collection | ? | Little Dixie (2023) (TMDb: 1058949)                               |
[2023-02-25 01:02:22,121] [builder.py:1943]           [INFO]     | Latest releases Collection | ? | Grotesque (2022) (TMDb: 1014501)                                  |
[2023-02-25 01:02:22,242] [builder.py:1943]           [INFO]     | Latest releases Collection | ? | The Machinery of Dreams (2021) (TMDb: 881901)                     |
[2023-02-25 01:02:22,356] [builder.py:1943]           [INFO]     | Latest releases Collection | ? | Curious Caterer: Grilling Season (2023) (TMDb: 1068830)           |
[2023-02-25 01:02:22,468] [builder.py:1943]           [INFO]     | Latest releases Collection | ? | Roadhouse Romance (2021) (TMDb: 842795)                           |
[2023-02-25 01:02:22,571] [builder.py:1943]           [INFO]     | Latest releases Collection | ? | Transfusion (2023) (TMDb: 842544)                                 |
[2023-02-25 01:02:22,682] [builder.py:1943]           [INFO]     | Latest releases Collection | ? | Dear David (2023) (TMDb: 1059372)                                 |
[2023-02-25 01:02:22,846] [builder.py:1943]           [INFO]     | Latest releases Collection | ? | Attachment (2022) (TMDb: 938600)                                  |
[2023-02-25 01:02:22,953] [builder.py:1943]           [INFO]     | Latest releases Collection | ? | At Midnight (2023) (TMDb: 1061163)                                |
[2023-02-25 01:02:23,084] [builder.py:1943]           [INFO]     | Latest releases Collection | ? | The Stepmother 2 (2022) (TMDb: 1045734)                           |
[2023-02-25 01:02:23,201] [builder.py:1943]           [INFO]     | Latest releases Collection | ? | The Reading (2023) (TMDb: 1081694)                                |
[2023-02-25 01:02:23,330] [builder.py:1943]           [INFO]     | Latest releases Collection | ? | The Girl Who Escaped: The Kara Robinson Story (2023) (TMDb: 1075334) |
[2023-02-25 01:02:23,457] [builder.py:1943]           [INFO]     | Latest releases Collection | ? | A Sunday Affair (2023) (TMDb: 1076955)                            |
[2023-02-25 01:02:23,567] [builder.py:1943]           [INFO]     | Latest releases Collection | ? | Re/Member (2022) (TMDb: 991814)                                   |
[2023-02-25 01:02:23,838] [builder.py:1943]           [INFO]     | Latest releases Collection | ? | Frankie Meets Jack (2023) (TMDb: 1015381)                         |
[2023-02-25 01:02:23,960] [builder.py:1943]           [INFO]     | Latest releases Collection | ? | Splendid Isolation (2022) (TMDb: 788948)                          |
[2023-02-25 01:02:24,070] [builder.py:1943]           [INFO]     | Latest releases Collection | ? | Four Samosas (2022) (TMDb: 964985)                                |
[2023-02-25 01:02:24,182] [builder.py:1943]           [INFO]     | Latest releases Collection | ? | Amor Emanuelle (2023) (TMDb: 1017236)                             |
[2023-02-25 01:02:24,299] [builder.py:1943]           [INFO]     | Latest releases Collection | ? | The Weapon (2023) (TMDb: 1081620)                                 |
[2023-02-25 01:02:24,405] [builder.py:1943]           [INFO]     | Latest releases Collection | ? | Amy's F**k It List (2023) (TMDb: 1081353)                         |
[2023-02-25 01:02:24,522] [builder.py:1943]           [INFO]     | Latest releases Collection | ? | Why Can't My Life Be a Rom-Com? (2023) (TMDb: 1030621)            |
[2023-02-25 01:02:24,647] [builder.py:1943]           [INFO]     | Latest releases Collection | ? | Creatures of Necessity (2022) (TMDb: 919328)                      |
[2023-02-25 01:02:24,773] [builder.py:1943]           [INFO]     | Latest releases Collection | ? | Under His Influence (2023) (TMDb: 1088777)                        |
[2023-02-25 01:02:24,883] [builder.py:1943]           [INFO]     | Latest releases Collection | ? | The Princess and the Bodyguard (2023) (TMDb: 958637)              |
[2023-02-25 01:02:25,006] [builder.py:1943]           [INFO]     | Latest releases Collection | ? | Red Winter (2022) (TMDb: 1050172)                                 |
[2023-02-25 01:02:25,103] [builder.py:1943]           [INFO]     | Latest releases Collection | ? | The Strays (2023) (TMDb: 1063422)                                 |
[2023-02-25 01:02:25,226] [builder.py:1943]           [INFO]     | Latest releases Collection | ? | Nothing is Impossible (2022) (TMDb: 1061089)                      |
[2023-02-25 01:02:25,320] [builder.py:1943]           [INFO]     | Latest releases Collection | ? | Bruiser (2022) (TMDb: 1014566)                                    |
[2023-02-25 01:02:25,321] [builder.py:1943]           [INFO]     | Latest releases Collection | ? | Die Hart the Movie (2023) (TMDb: 1077280)                         |
[2023-02-25 01:02:25,323] [builder.py:1943]           [INFO]     | Latest releases Collection | ? | We Have a Ghost (2023) (TMDb: 852096)                             |
[2023-02-25 01:02:25,323] [builder.py:1947]           [INFO]     |                                                                                                    |
[2023-02-25 01:02:25,323] [builder.py:1948]           [INFO]     | 325 Movies Missing                                                                                 |
[2023-02-25 01:02:25,374] [builder.py:2147]           [INFO]     |                                                                                                    |
[2023-02-25 01:02:25,374] [util.py:216]               [INFO]     |========================== Updating Details of Latest releases Collection ==========================|
[2023-02-25 01:02:25,375] [builder.py:2149]           [INFO]     |                                                                                                    |
[2023-02-25 01:02:25,375] [builder.py:2156]           [INFO]     | Detail: summary updated Collection Summary                                                         |
[2023-02-25 01:02:25,378] [builder.py:2258]           [DEBUG]    | 1 posters found:                                                                                   |
[2023-02-25 01:02:25,378] [builder.py:2260]           [DEBUG]    | Method: url_poster Poster: https://i.imgur.com/D62EdJd.jpg                                         |
[2023-02-25 01:02:25,378] [builder.py:2298]           [DEBUG]    | 1 backgrounds found:                                                                               |
[2023-02-25 01:02:25,378] [builder.py:2300]           [DEBUG]    | Method: url_background Background: https://wallpaperbat.com/img/23094-cinema-hd-wallpaper-top-free-cinema-hd-background.jpg |
[2023-02-25 01:02:25,384] [library.py:147]            [INFO]     | Detail: poster update not needed                                                                   |
[2023-02-25 01:02:25,384] [library.py:197]            [INFO]     | Detail: background update not needed                                                               |
[2023-02-25 01:02:25,644] [plex_meta_manager.py:880]  [INFO]     |                                                                                                    |
[2023-02-25 01:02:25,644] [util.py:209]               [INFO]     |====================================================================================================|
[2023-02-25 01:02:25,644] [util.py:216]               [INFO]     |                                Finished Latest releases Collection                                 |
[2023-02-25 01:02:25,645] [util.py:216]               [INFO]     |                                    Collection Run Time: 0:00:42                                    |
[2023-02-25 01:02:25,645] [util.py:220]               [INFO]     |====================================================================================================|
