[2023-01-31 01:13:01,851] [util.py:209]               [INFO]     |====================================================================================================|
[2023-01-31 01:13:01,851] [util.py:216]               [INFO]     |                                     Anime Collection in Movies                                     |
[2023-01-31 01:13:01,851] [util.py:220]               [INFO]     |====================================================================================================|
[2023-01-31 01:13:01,852] [plex_meta_manager.py:750]  [INFO]     |                                                                                                    |
[2023-01-31 01:13:01,852] [util.py:216]               [INFO]     |=================================== Validating Anime Attributes ====================================|
[2023-01-31 01:13:01,852] [builder.py:265]            [DEBUG]    |                                                                                                    |
[2023-01-31 01:13:01,853] [builder.py:266]            [DEBUG]    | Validating Method: template                                                                        |
[2023-01-31 01:13:01,853] [meta.py:83]                [DEBUG]    | Value: ordereddict([('name', 'Genre'), ('genre', 'Anime'), ('poster', 'https://theposterdb.com/api/assets/126743')]) |
[2023-01-31 01:13:01,853] [builder.py:453]            [DEBUG]    |                                                                                                    |
[2023-01-31 01:13:01,853] [builder.py:454]            [DEBUG]    | Validating Method: collection_order                                                                |
[2023-01-31 01:13:01,854] [builder.py:455]            [DEBUG]    | Value: alpha                                                                                       |
[2023-01-31 01:13:01,854] [builder.py:472]            [DEBUG]    |                                                                                                    |
[2023-01-31 01:13:01,854] [builder.py:473]            [DEBUG]    | Validating Method: summary                                                                         |
[2023-01-31 01:13:01,854] [builder.py:474]            [DEBUG]    | Value: A collection of Anime movies                                                                |
[2023-01-31 01:13:01,855] [builder.py:472]            [DEBUG]    |                                                                                                    |
[2023-01-31 01:13:01,855] [builder.py:473]            [DEBUG]    | Validating Method: plex_search                                                                     |
[2023-01-31 01:13:01,855] [builder.py:474]            [DEBUG]    | Value: {'genre': 'Anime'}                                                                          |
[2023-01-31 01:13:01,914] [builder.py:472]            [DEBUG]    |                                                                                                    |
[2023-01-31 01:13:01,914] [builder.py:473]            [DEBUG]    | Validating Method: url_poster                                                                      |
[2023-01-31 01:13:01,914] [builder.py:474]            [DEBUG]    | Value: https://theposterdb.com/api/assets/126743                                                   |
[2023-01-31 01:13:01,915] [builder.py:472]            [DEBUG]    |                                                                                                    |
[2023-01-31 01:13:01,915] [builder.py:473]            [DEBUG]    | Validating Method: sort_title                                                                      |
[2023-01-31 01:13:01,915] [builder.py:474]            [DEBUG]    | Value: 00000d_Anime                                                                                |
[2023-01-31 01:13:02,175] [builder.py:619]            [INFO]     |                                                                                                    |
[2023-01-31 01:13:02,176] [builder.py:620]            [INFO]     | Validation Successful                                                                              |
[2023-01-31 01:13:02,194] [plex_meta_manager.py:758]  [INFO]     |                                                                                                    |
[2023-01-31 01:13:02,194] [util.py:216]               [INFO]     |===================================== Running Anime Collection =====================================|
[2023-01-31 01:13:02,195] [plex_meta_manager.py:773]  [INFO]     |                                                                                                    |
[2023-01-31 01:13:02,195] [plex_meta_manager.py:774]  [INFO]     | Sync Mode: append                                                                                  |
[2023-01-31 01:13:02,195] [builder.py:1275]           [DEBUG]    |                                                                                                    |
[2023-01-31 01:13:02,195] [builder.py:1276]           [DEBUG]    | Builder: plex_search: (1, 'Plex Movie Search\nSort By: title.asc\nFilter:\n  Match all of the following:\n    Match any of the following:\n      Genre is Anime', '?type=1&sort=titleSort&push=1&genre=457&pop=1') |
[2023-01-31 01:13:02,196] [builder.py:1277]           [INFO]     |                                                                                                    |
[2023-01-31 01:13:02,196] [util.py:161]               [INFO]     | Plex Movie Search                                                                                  |
[2023-01-31 01:13:02,196] [util.py:161]               [INFO]     | Sort By: title.asc                                                                                 |
[2023-01-31 01:13:02,196] [util.py:161]               [INFO]     | Filter:                                                                                            |
[2023-01-31 01:13:02,197] [util.py:161]               [INFO]     |   Match all of the following:                                                                      |
[2023-01-31 01:13:02,197] [util.py:161]               [INFO]     |     Match any of the following:                                                                    |
[2023-01-31 01:13:02,197] [util.py:161]               [INFO]     |       Genre is Anime                                                                               |
[2023-01-31 01:13:02,275] [plex.py:748]               [DEBUG]    |                                                                                                    |
[2023-01-31 01:13:02,276] [plex.py:749]               [DEBUG]    | 38 Keys Found: [(40664, 'ratingKey'), (99018, 'ratingKey'), (102205, 'ratingKey'), (127777, 'ratingKey'), (121083, 'ratingKey'), (102198, 'ratingKey'), (116648, 'ratingKey'), (102200, 'ratingKey'), (100599, 'ratingKey'), (102333, 'ratingKey'), (104568, 'ratingKey'), (122388, 'ratingKey'), (114982, 'ratingKey'), (124645, 'ratingKey'), (100578, 'ratingKey'), (100603, 'ratingKey'), (100356, 'ratingKey'), (101557, 'ratingKey'), (100510, 'ratingKey'), (100439, 'ratingKey'), (101717, 'ratingKey'), (104599, 'ratingKey'), (101460, 'ratingKey'), (101851, 'ratingKey'), (100422, 'ratingKey'), (100440, 'ratingKey'), (105933, 'ratingKey'), (100279, 'ratingKey'), (102159, 'ratingKey'), (101947, 'ratingKey'), (102330, 'ratingKey'), (108026, 'ratingKey'), (105235, 'ratingKey'), (112337, 'ratingKey'), (100913, 'ratingKey'), (105218, 'ratingKey'), (102172, 'ratingKey'), (100924, 'ratingKey')] |
[2023-01-31 01:13:02,276] [builder.py:1282]           [DEBUG]    |                                                                                                    |
[2023-01-31 01:13:02,277] [builder.py:1283]           [DEBUG]    | 38 IDs Found: [(40664, 'ratingKey'), (99018, 'ratingKey'), (102205, 'ratingKey'), (127777, 'ratingKey'), (121083, 'ratingKey'), (102198, 'ratingKey'), (116648, 'ratingKey'), (102200, 'ratingKey'), (100599, 'ratingKey'), (102333, 'ratingKey'), (104568, 'ratingKey'), (122388, 'ratingKey'), (114982, 'ratingKey'), (124645, 'ratingKey'), (100578, 'ratingKey'), (100603, 'ratingKey'), (100356, 'ratingKey'), (101557, 'ratingKey'), (100510, 'ratingKey'), (100439, 'ratingKey'), (101717, 'ratingKey'), (104599, 'ratingKey'), (101460, 'ratingKey'), (101851, 'ratingKey'), (100422, 'ratingKey'), (100440, 'ratingKey'), (105933, 'ratingKey'), (100279, 'ratingKey'), (102159, 'ratingKey'), (101947, 'ratingKey'), (102330, 'ratingKey'), (108026, 'ratingKey'), (105235, 'ratingKey'), (112337, 'ratingKey'), (100913, 'ratingKey'), (105218, 'ratingKey'), (102172, 'ratingKey'), (100924, 'ratingKey')] |
[2023-01-31 01:13:02,277] [builder.py:1284]           [DEBUG]    |                                                                                                    |
[2023-01-31 01:13:02,817] [builder.py:1697]           [INFO]     |                                                                                                    |
[2023-01-31 01:13:02,818] [util.py:216]               [INFO]     |==================================== Adding to Anime Collection ====================================|
[2023-01-31 01:13:02,818] [builder.py:1699]           [INFO]     |                                                                                                    |
[2023-01-31 01:13:02,818] [builder.py:1709]           [INFO]     |  1/38 | Anime Collection | = | Akira (1988)                                                        |
[2023-01-31 01:13:02,818] [builder.py:1709]           [INFO]     |  2/38 | Anime Collection | = | Castle in the Sky (1986)                                            |
[2023-01-31 01:13:02,819] [builder.py:1709]           [INFO]     |  3/38 | Anime Collection | = | Demon Slayer -Kimetsu no Yaiba- The Movie: Mugen Train (2020)       |
[2023-01-31 01:13:02,819] [builder.py:1709]           [INFO]     |  4/38 | Anime Collection | = | Dragon Ball Super: Super Hero (2022)                                |
[2023-01-31 01:13:02,819] [builder.py:1709]           [INFO]     |  5/38 | Anime Collection | = | From Up on Poppy Hill (2011)                                        |
[2023-01-31 01:13:02,820] [builder.py:1709]           [INFO]     |  6/38 | Anime Collection | = | The Garden of Words (2013)                                          |
[2023-01-31 01:13:02,820] [builder.py:1709]           [INFO]     |  7/38 | Anime Collection | = | Ghost in the Shell (1995)                                           |
[2023-01-31 01:13:02,821] [builder.py:1709]           [INFO]     |  8/38 | Anime Collection | = | Grave of the Fireflies (1988)                                       |
[2023-01-31 01:13:02,821] [builder.py:1709]           [INFO]     |  9/38 | Anime Collection | = | Hotarubi no Mori e (2011)                                           |
[2023-01-31 01:13:02,821] [builder.py:1709]           [INFO]     | 10/38 | Anime Collection | = | I Want to Eat Your Pancreas (2018)                                  |
[2023-01-31 01:13:02,822] [builder.py:1709]           [INFO]     | 11/38 | Anime Collection | = | Josee, the Tiger and the Fish (2020)                                |
[2023-01-31 01:13:02,822] [builder.py:1709]           [INFO]     | 12/38 | Anime Collection | = | Jujutsu Kaisen 0 (2021)                                             |
[2023-01-31 01:13:02,822] [builder.py:1709]           [INFO]     | 13/38 | Anime Collection | = | Justice League Dark: Apokolips War (2020)                           |
[2023-01-31 01:13:02,823] [builder.py:1709]           [INFO]     | 14/38 | Anime Collection | = | Made in Abyss: Dawn of the Deep Soul (2020)                         |
[2023-01-31 01:13:02,823] [builder.py:1709]           [INFO]     | 15/38 | Anime Collection | = | Maquia: When the Promised Flower Blooms (2018)                      |
[2023-01-31 01:13:02,823] [builder.py:1709]           [INFO]     | 16/38 | Anime Collection | = | My Neighbors the Yamadas (1999)                                     |
[2023-01-31 01:13:02,823] [builder.py:1709]           [INFO]     | 17/38 | Anime Collection | = | Nausicaä of the Valley of the Wind (1984)                           |
[2023-01-31 01:13:02,824] [builder.py:1709]           [INFO]     | 18/38 | Anime Collection | = | Ninja Scroll (1993)                                                 |
[2023-01-31 01:13:02,824] [builder.py:1709]           [INFO]     | 19/38 | Anime Collection | = | Ocean Waves (1993)                                                  |
[2023-01-31 01:13:02,824] [builder.py:1709]           [INFO]     | 20/38 | Anime Collection | = | Pom Poko (1994)                                                     |
[2023-01-31 01:13:02,825] [builder.py:1709]           [INFO]     | 21/38 | Anime Collection | = | Princess Mononoke (1997)                                            |
[2023-01-31 01:13:02,825] [builder.py:1709]           [INFO]     | 22/38 | Anime Collection | = | Promare (2019)                                                      |
[2023-01-31 01:13:02,825] [builder.py:1709]           [INFO]     | 23/38 | Anime Collection | = | Rascal Does Not Dream of a Dreaming Girl (2019)                     |
[2023-01-31 01:13:02,826] [builder.py:1709]           [INFO]     | 24/38 | Anime Collection | = | Ride Your Wave (2019)                                               |
[2023-01-31 01:13:02,826] [builder.py:1709]           [INFO]     | 25/38 | Anime Collection | = | Robin Robin (2021)                                                  |
[2023-01-31 01:13:02,826] [builder.py:1709]           [INFO]     | 26/38 | Anime Collection | = | Sailor Moon R: The Movie (1993)                                     |
[2023-01-31 01:13:02,827] [builder.py:1709]           [INFO]     | 27/38 | Anime Collection | = | The Secret World of Arrietty (2010)                                 |
[2023-01-31 01:13:02,827] [builder.py:1709]           [INFO]     | 28/38 | Anime Collection | = | A Silent Voice: The Movie (2016)                                    |
[2023-01-31 01:13:02,827] [builder.py:1709]           [INFO]     | 29/38 | Anime Collection | = | Spirited Away (2001)                                                |
[2023-01-31 01:13:02,828] [builder.py:1709]           [INFO]     | 30/38 | Anime Collection | = | The Tale of The Princess Kaguya (2013)                              |
[2023-01-31 01:13:02,828] [builder.py:1709]           [INFO]     | 31/38 | Anime Collection | = | Tales from Earthsea (2006)                                          |
[2023-01-31 01:13:02,828] [builder.py:1709]           [INFO]     | 32/38 | Anime Collection | = | Violet Evergarden: Eternity and the Auto Memory Doll (2019)         |
[2023-01-31 01:13:02,829] [builder.py:1709]           [INFO]     | 33/38 | Anime Collection | = | Violet Evergarden: The Movie (2020)                                 |
[2023-01-31 01:13:02,829] [builder.py:1709]           [INFO]     | 34/38 | Anime Collection | = | Weathering with You (2019)                                          |
[2023-01-31 01:13:02,830] [builder.py:1709]           [INFO]     | 35/38 | Anime Collection | = | When Marnie Was There (2014)                                        |
[2023-01-31 01:13:02,830] [builder.py:1709]           [INFO]     | 36/38 | Anime Collection | = | A Whisker Away (2020)                                               |
[2023-01-31 01:13:02,830] [builder.py:1709]           [INFO]     | 37/38 | Anime Collection | = | The Wind Rises (2013)                                               |
[2023-01-31 01:13:02,830] [builder.py:1709]           [INFO]     | 38/38 | Anime Collection | = | Words Bubble Up Like Soda Pop (2021)                                |
[2023-01-31 01:13:02,831] [builder.py:1734]           [INFO]     |                                                                                                    |
[2023-01-31 01:13:02,831] [builder.py:1735]           [INFO]     | 38 Movies Processed                                                                                |
[2023-01-31 01:13:02,835] [builder.py:2147]           [INFO]     |                                                                                                    |
[2023-01-31 01:13:02,837] [util.py:216]               [INFO]     |=============================== Updating Details of Anime Collection ===============================|
[2023-01-31 01:13:02,837] [builder.py:2149]           [INFO]     |                                                                                                    |
[2023-01-31 01:13:02,837] [builder.py:2156]           [INFO]     | Detail: summary updated Collection Summary                                                         |
[2023-01-31 01:13:02,838] [builder.py:2258]           [DEBUG]    | 1 posters found:                                                                                   |
[2023-01-31 01:13:02,838] [builder.py:2260]           [DEBUG]    | Method: url_poster Poster: https://theposterdb.com/api/assets/126743                               |
[2023-01-31 01:13:02,838] [builder.py:2327]           [INFO]     | No background collection detail or asset folder found                                              |
[2023-01-31 01:13:02,847] [library.py:147]            [INFO]     | Detail: poster update not needed                                                                   |
[2023-01-31 01:13:03,115] [plex_meta_manager.py:880]  [INFO]     |                                                                                                    |
[2023-01-31 01:13:03,115] [util.py:209]               [INFO]     |====================================================================================================|
[2023-01-31 01:13:03,116] [util.py:216]               [INFO]     |                                     Finished Anime Collection                                      |
[2023-01-31 01:13:03,116] [util.py:216]               [INFO]     |                                    Collection Run Time: 0:00:01                                    |
[2023-01-31 01:13:03,116] [util.py:220]               [INFO]     |====================================================================================================|
