[2023-02-14 01:12:05,539] [util.py:209]               [INFO]     |====================================================================================================|
[2023-02-14 01:12:05,539] [util.py:216]               [INFO]     |                                 Warner Bros. Collection in Movies                                  |
[2023-02-14 01:12:05,539] [util.py:220]               [INFO]     |====================================================================================================|
[2023-02-14 01:12:05,540] [plex_meta_manager.py:750]  [INFO]     |                                                                                                    |
[2023-02-14 01:12:05,540] [plex_meta_manager.py:752]  [INFO]     | Log Folder Name: Warner Bros. is invalid using Warner Bros                                         |
[2023-02-14 01:12:05,540] [plex_meta_manager.py:753]  [INFO]     |                                                                                                    |
[2023-02-14 01:12:05,540] [util.py:216]               [INFO]     |================================ Validating Warner Bros. Attributes ================================|
[2023-02-14 01:12:05,541] [builder.py:265]            [DEBUG]    |                                                                                                    |
[2023-02-14 01:12:05,541] [builder.py:266]            [DEBUG]    | Validating Method: template                                                                        |
[2023-02-14 01:12:05,541] [meta.py:83]                [DEBUG]    | Value: ordereddict([('name', 'Studio'), ('company', 25120), ('poster', 'https://theposterdb.com/api/assets/47604')]) |
[2023-02-14 01:12:05,542] [builder.py:453]            [DEBUG]    |                                                                                                    |
[2023-02-14 01:12:05,542] [builder.py:454]            [DEBUG]    | Validating Method: collection_order                                                                |
[2023-02-14 01:12:05,542] [builder.py:455]            [DEBUG]    | Value: release.desc                                                                                |
[2023-02-14 01:12:05,542] [builder.py:472]            [DEBUG]    |                                                                                                    |
[2023-02-14 01:12:05,542] [builder.py:473]            [DEBUG]    | Validating Method: summary                                                                         |
[2023-02-14 01:12:05,543] [builder.py:474]            [DEBUG]    | Value: Warner Bros.is the third-oldest American movie studio in continuous operation, after Paramount Pictures was founded on May 8, 1912 as Famous Players Film Corporation, and Universal Studios founded on June 8, 1912. Warner Bros. incorporated on April 4, 1923. |
[2023-02-14 01:12:05,543] [builder.py:472]            [DEBUG]    |                                                                                                    |
[2023-02-14 01:12:05,543] [builder.py:473]            [DEBUG]    | Validating Method: tmdb_company                                                                    |
[2023-02-14 01:12:05,543] [builder.py:474]            [DEBUG]    | Value: 25120                                                                                       |
[2023-02-14 01:12:05,645] [builder.py:472]            [DEBUG]    |                                                                                                    |
[2023-02-14 01:12:05,646] [builder.py:473]            [DEBUG]    | Validating Method: url_poster                                                                      |
[2023-02-14 01:12:05,646] [builder.py:474]            [DEBUG]    | Value: https://theposterdb.com/api/assets/47604                                                    |
[2023-02-14 01:12:05,646] [builder.py:472]            [DEBUG]    |                                                                                                    |
[2023-02-14 01:12:05,646] [builder.py:473]            [DEBUG]    | Validating Method: sort_title                                                                      |
[2023-02-14 01:12:05,647] [builder.py:474]            [DEBUG]    | Value: 00000e_Warner Bros.                                                                         |
[2023-02-14 01:12:05,650] [plex.py:687]               [DEBUG]    | Looking for: Warner Bros.                                                                          |
[2023-02-14 01:12:05,650] [builder.py:619]            [INFO]     |                                                                                                    |
[2023-02-14 01:12:05,651] [builder.py:620]            [INFO]     | Validation Successful                                                                              |
[2023-02-14 01:12:05,651] [plex_meta_manager.py:758]  [INFO]     |                                                                                                    |
[2023-02-14 01:12:05,651] [util.py:216]               [INFO]     |================================= Running Warner Bros. Collection ==================================|
[2023-02-14 01:12:05,651] [plex_meta_manager.py:773]  [INFO]     |                                                                                                    |
[2023-02-14 01:12:05,652] [plex_meta_manager.py:774]  [INFO]     | Sync Mode: append                                                                                  |
[2023-02-14 01:12:05,652] [builder.py:1275]           [DEBUG]    |                                                                                                    |
[2023-02-14 01:12:05,652] [builder.py:1276]           [DEBUG]    | Builder: tmdb_company: 25120                                                                       |
[2023-02-14 01:12:05,652] [builder.py:1277]           [INFO]     |                                                                                                    |
[2023-02-14 01:12:05,956] [tmdb.py:282]               [INFO]     | Processing TMDb Company: (25120) Warner Animation Group (25 Movies)                                |
[2023-02-14 01:12:05,956] [builder.py:1282]           [DEBUG]    |                                                                                                    |
[2023-02-14 01:12:05,956] [builder.py:1283]           [DEBUG]    | 25 IDs Found: [(539681, 'tmdb'), (379686, 'tmdb'), (587807, 'tmdb'), (137106, 'tmdb'), (385103, 'tmdb'), (324849, 'tmdb'), (332210, 'tmdb'), (274862, 'tmdb'), (446894, 'tmdb'), (280217, 'tmdb'), (417321, 'tmdb'), (779132, 'tmdb'), (539112, 'tmdb'), (461838, 'tmdb'), (567929, 'tmdb'), (438143, 'tmdb'), (461836, 'tmdb'), (568701, 'tmdb'), (911391, 'tmdb'), (761435, 'tmdb'), (761432, 'tmdb'), (748865, 'tmdb'), (631841, 'tmdb'), (461834, 'tmdb'), (461833, 'tmdb')] |
[2023-02-14 01:12:05,957] [builder.py:1284]           [DEBUG]    |                                                                                                    |
[2023-02-14 01:12:05,957] [plex_meta_manager.py:797]  [INFO]     |                                                                                                    |
[2023-02-14 01:12:05,958] [plex_meta_manager.py:798]  [INFO]     | Collection Minimum: 1 not met for Warner Bros. Collection                                          |
[2023-02-14 01:12:05,958] [builder.py:1929]           [INFO]     |                                                                                                    |
[2023-02-14 01:12:05,958] [util.py:216]               [INFO]     |============================ Missing Movies from Library: Warner Bros. =============================|
[2023-02-14 01:12:05,958] [builder.py:1931]           [INFO]     |                                                                                                    |
[2023-02-14 01:12:05,960] [builder.py:1943]           [INFO]     | Warner Bros. Collection | ? | DC League of Super-Pets (2022) (TMDb: 539681)                        |
[2023-02-14 01:12:06,074] [builder.py:1943]           [INFO]     | Warner Bros. Collection | ? | Space Jam: A New Legacy (2021) (TMDb: 379686)                        |
[2023-02-14 01:12:06,388] [builder.py:1943]           [INFO]     | Warner Bros. Collection | ? | Tom & Jerry (2021) (TMDb: 587807)                                    |
[2023-02-14 01:12:06,516] [builder.py:1943]           [INFO]     | Warner Bros. Collection | ? | The Lego Movie (2014) (TMDb: 137106)                                 |
[2023-02-14 01:12:06,630] [builder.py:1943]           [INFO]     | Warner Bros. Collection | ? | Scoob! (2020) (TMDb: 385103)                                         |
[2023-02-14 01:12:06,747] [builder.py:1943]           [INFO]     | Warner Bros. Collection | ? | The Lego Batman Movie (2017) (TMDb: 324849)                          |
[2023-02-14 01:12:06,855] [builder.py:1943]           [INFO]     | Warner Bros. Collection | ? | Storks (2016) (TMDb: 332210)                                         |
[2023-02-14 01:12:07,011] [builder.py:1943]           [INFO]     | Warner Bros. Collection | ? | The Lego Ninjago Movie (2017) (TMDb: 274862)                         |
[2023-02-14 01:12:07,120] [builder.py:1943]           [INFO]     | Warner Bros. Collection | ? | Smallfoot (2018) (TMDb: 446894)                                      |
[2023-02-14 01:12:07,230] [builder.py:1943]           [INFO]     | Warner Bros. Collection | ? | The Lego Movie 2: The Second Part (2019) (TMDb: 280217)              |
[2023-02-14 01:12:07,348] [builder.py:1943]           [INFO]     | Warner Bros. Collection | ? | The Master: A LEGO Ninjago Short (2016) (TMDb: 417321)               |
[2023-02-14 01:12:07,454] [builder.py:1943]           [INFO]     | Warner Bros. Collection | ? | Coyote vs. Acme (TMDb: 779132)                                       |
[2023-02-14 01:12:07,581] [builder.py:1943]           [INFO]     | Warner Bros. Collection | ? | Which Way to the Ocean (2017) (TMDb: 539112)                         |
[2023-02-14 01:12:07,709] [builder.py:1943]           [INFO]     | Warner Bros. Collection | ? | Movie Sound Effects: How Do They Do That? (2017) (TMDb: 461838)      |
[2023-02-14 01:12:07,815] [builder.py:1943]           [INFO]     | Warner Bros. Collection | ? | Emmet's Holiday Party: A LEGO Movie Short (2018) (TMDb: 567929)      |
[2023-02-14 01:12:07,931] [builder.py:1943]           [INFO]     | Warner Bros. Collection | ? | Pigeon Toady's Guide to Your New Baby (2016) (TMDb: 438143)          |
[2023-02-14 01:12:08,045] [builder.py:1943]           [INFO]     | Warner Bros. Collection | ? | Cooking with Alfred (2017) (TMDb: 461836)                            |
[2023-02-14 01:12:08,155] [builder.py:1943]           [INFO]     | Warner Bros. Collection | ? | Super Soozie (2018) (TMDb: 568701)                                   |
[2023-02-14 01:12:08,279] [builder.py:1943]           [INFO]     | Warner Bros. Collection | ? | Metal Men (TMDb: 911391)                                             |
[2023-02-14 01:12:08,397] [builder.py:1943]           [INFO]     | Warner Bros. Collection | ? | The Emmet Awards Show! (2014) (TMDb: 761435)                         |
[2023-02-14 01:12:08,496] [builder.py:1943]           [INFO]     | Warner Bros. Collection | ? | Enter the Ninjago (2014) (TMDb: 761432)                              |
[2023-02-14 01:12:08,631] [builder.py:1943]           [INFO]     | Warner Bros. Collection | ? | Oh The Places You'll Go! (TMDb: 748865)                              |
[2023-02-14 01:12:08,742] [builder.py:1943]           [INFO]     | Warner Bros. Collection | ? | Funko (TMDb: 631841)                                                 |
[2023-02-14 01:12:08,853] [builder.py:1943]           [INFO]     | Warner Bros. Collection | ? | Batman Is Just Not That Into You (2017) (TMDb: 461834)               |
[2023-02-14 01:12:08,972] [builder.py:1943]           [INFO]     | Warner Bros. Collection | ? | Dark Hoser (2017) (TMDb: 461833)                                     |
[2023-02-14 01:12:08,973] [builder.py:1947]           [INFO]     |                                                                                                    |
[2023-02-14 01:12:08,973] [builder.py:1948]           [INFO]     | 25 Movies Missing                                                                                  |
[2023-02-14 01:12:09,223] [plex_meta_manager.py:843]  [INFO]     |                                                                                                    |
[2023-02-14 01:12:09,224] [util.py:216]               [INFO]     |========================================== No Items Found ==========================================|
[2023-02-14 01:12:09,224] [plex_meta_manager.py:880]  [INFO]     |                                                                                                    |
[2023-02-14 01:12:09,225] [util.py:209]               [INFO]     |====================================================================================================|
[2023-02-14 01:12:09,225] [util.py:216]               [INFO]     |                                  Finished Warner Bros. Collection                                  |
[2023-02-14 01:12:09,225] [util.py:216]               [INFO]     |                                    Collection Run Time: 0:00:03                                    |
[2023-02-14 01:12:09,225] [util.py:220]               [INFO]     |====================================================================================================|
