[2023-02-14 01:11:34,860] [util.py:209]               [INFO]     |====================================================================================================|
[2023-02-14 01:11:34,861] [util.py:216]               [INFO]     |                                     Pixar Collection in Movies                                     |
[2023-02-14 01:11:34,861] [util.py:220]               [INFO]     |====================================================================================================|
[2023-02-14 01:11:34,861] [plex_meta_manager.py:750]  [INFO]     |                                                                                                    |
[2023-02-14 01:11:34,862] [util.py:216]               [INFO]     |=================================== Validating Pixar Attributes ====================================|
[2023-02-14 01:11:34,862] [builder.py:265]            [DEBUG]    |                                                                                                    |
[2023-02-14 01:11:34,862] [builder.py:266]            [DEBUG]    | Validating Method: template                                                                        |
[2023-02-14 01:11:34,863] [meta.py:83]                [DEBUG]    | Value: ordereddict([('name', 'Studio'), ('company', 3), ('poster', 'https://theposterdb.com/api/assets/18894')]) |
[2023-02-14 01:11:34,863] [builder.py:453]            [DEBUG]    |                                                                                                    |
[2023-02-14 01:11:34,863] [builder.py:454]            [DEBUG]    | Validating Method: collection_order                                                                |
[2023-02-14 01:11:34,863] [builder.py:455]            [DEBUG]    | Value: release.desc                                                                                |
[2023-02-14 01:11:34,863] [builder.py:472]            [DEBUG]    |                                                                                                    |
[2023-02-14 01:11:34,864] [builder.py:473]            [DEBUG]    | Validating Method: summary                                                                         |
[2023-02-14 01:11:34,864] [builder.py:474]            [DEBUG]    | Value: Pixar Animation Studios, commonly known as Pixar, is an American computer animation studio based in Emeryville, California, a subsidiary of Disney Studios Content owned by The Walt Disney Company. Pixar began in 1979 as part of the Lucasfilm computer division, known as the Graphics Group, before its spin-off as a corporation on February 3, 1986, with funding from Apple co-founder Steve Jobs, who became its majority shareholder. Disney purchased Pixar in 2006 at a valuation of $7.4 billion by converting each share of Pixar stock to 2.3 shares of Disney stock, a transaction that resulted in Jobs becoming Disney's largest single shareholder at the time. Pixar is best known for its feature films technologically powered by RenderMan, the company's own implementation of the industry-standard RenderMan Interface Specification image-rendering application programming interface. Luxo Jr., a desk lamp from the studio's 1986 short film of the same name, is the studio's mascot. |
[2023-02-14 01:11:34,864] [builder.py:472]            [DEBUG]    |                                                                                                    |
[2023-02-14 01:11:34,865] [builder.py:473]            [DEBUG]    | Validating Method: radarr_add_missing                                                              |
[2023-02-14 01:11:34,865] [builder.py:474]            [DEBUG]    | Value: True                                                                                        |
[2023-02-14 01:11:34,865] [builder.py:472]            [DEBUG]    |                                                                                                    |
[2023-02-14 01:11:34,865] [builder.py:473]            [DEBUG]    | Validating Method: tmdb_company                                                                    |
[2023-02-14 01:11:34,866] [builder.py:474]            [DEBUG]    | Value: 3                                                                                           |
[2023-02-14 01:11:34,961] [builder.py:472]            [DEBUG]    |                                                                                                    |
[2023-02-14 01:11:34,961] [builder.py:473]            [DEBUG]    | Validating Method: url_poster                                                                      |
[2023-02-14 01:11:34,961] [builder.py:474]            [DEBUG]    | Value: https://theposterdb.com/api/assets/18894                                                    |
[2023-02-14 01:11:34,962] [builder.py:472]            [DEBUG]    |                                                                                                    |
[2023-02-14 01:11:34,962] [builder.py:473]            [DEBUG]    | Validating Method: sort_title                                                                      |
[2023-02-14 01:11:34,962] [builder.py:474]            [DEBUG]    | Value: 00000e_Pixar                                                                                |
[2023-02-14 01:11:35,208] [builder.py:619]            [INFO]     |                                                                                                    |
[2023-02-14 01:11:35,209] [builder.py:620]            [INFO]     | Validation Successful                                                                              |
[2023-02-14 01:11:35,209] [plex_meta_manager.py:758]  [INFO]     |                                                                                                    |
[2023-02-14 01:11:35,209] [util.py:216]               [INFO]     |===================================== Running Pixar Collection =====================================|
[2023-02-14 01:11:35,210] [plex_meta_manager.py:773]  [INFO]     |                                                                                                    |
[2023-02-14 01:11:35,210] [plex_meta_manager.py:774]  [INFO]     | Sync Mode: append                                                                                  |
[2023-02-14 01:11:35,210] [builder.py:1275]           [DEBUG]    |                                                                                                    |
[2023-02-14 01:11:35,211] [builder.py:1276]           [DEBUG]    | Builder: tmdb_company: 3                                                                           |
[2023-02-14 01:11:35,211] [builder.py:1277]           [INFO]     |                                                                                                    |
[2023-02-14 01:11:35,994] [tmdb.py:282]               [INFO]     | Processing TMDb Company: (3) Pixar (135 Movies)                                                    |
[2023-02-14 01:11:35,994] [builder.py:1282]           [DEBUG]    |                                                                                                    |
[2023-02-14 01:11:35,994] [builder.py:1283]           [DEBUG]    | 135 IDs Found: [(508947, 'tmdb'), (718789, 'tmdb'), (354912, 'tmdb'), (585, 'tmdb'), (862, 'tmdb'), (508943, 'tmdb'), (2062, 'tmdb'), (260514, 'tmdb'), (49013, 'tmdb'), (14160, 'tmdb'), (12, 'tmdb'), (508442, 'tmdb'), (863, 'tmdb'), (150540, 'tmdb'), (301528, 'tmdb'), (10193, 'tmdb'), (62211, 'tmdb'), (260513, 'tmdb'), (62177, 'tmdb'), (920, 'tmdb'), (9806, 'tmdb'), (9487, 'tmdb'), (10681, 'tmdb'), (105864, 'tmdb'), (876716, 'tmdb'), (127380, 'tmdb'), (811367, 'tmdb'), (508439, 'tmdb'), (256835, 'tmdb'), (979163, 'tmdb'), (16187, 'tmdb'), (355338, 'tmdb'), (1076364, 'tmdb'), (976573, 'tmdb'), (13061, 'tmdb'), (13931, 'tmdb'), (399106, 'tmdb'), (594530, 'tmdb'), (514754, 'tmdb'), (82424, 'tmdb'), (148605, 'tmdb'), (13932, 'tmdb'), (13413, 'tmdb'), (77887, 'tmdb'), (258152, 'tmdb'), (13924, 'tmdb'), (145316, 'tmdb'), (286192, 'tmdb'), (130925, 'tmdb'), (24328, 'tmdb'), (24589, 'tmdb'), (13929, 'tmdb'), (427004, 'tmdb'), (141528, 'tmdb'), (13062, 'tmdb'), (24480, 'tmdb'), (13930, 'tmdb'), (13060, 'tmdb'), (171536, 'tmdb'), (13934, 'tmdb'), (574074, 'tmdb'), (13928, 'tmdb'), (13933, 'tmdb'), (13042, 'tmdb'), (40619, 'tmdb'), (13925, 'tmdb'), (433471, 'tmdb'), (574093, 'tmdb'), (532953, 'tmdb'), (141423, 'tmdb'), (83564, 'tmdb'), (13926, 'tmdb'), (13927, 'tmdb'), (56553, 'tmdb'), (546728, 'tmdb'), (940075, 'tmdb'), (200481, 'tmdb'), (574089, 'tmdb'), (1022789, 'tmdb'), (148607, 'tmdb'), (747059, 'tmdb'), (148608, 'tmdb'), (706860, 'tmdb'), (148606, 'tmdb'), (39030, 'tmdb'), (140967, 'tmdb'), (532952, 'tmdb'), (345637, 'tmdb'), (660851, 'tmdb'), (72962, 'tmdb'), (230767, 'tmdb'), (1084244, 'tmdb'), (483396, 'tmdb'), (852721, 'tmdb'), (574091, 'tmdb'), (286189, 'tmdb'), (464729, 'tmdb'), (660856, 'tmdb'), (662666, 'tmdb'), (660858, 'tmdb'), (660867, 'tmdb'), (897298, 'tmdb'), (1022787, 'tmdb'), (660859, 'tmdb'), (296850, 'tmdb'), (55423, 'tmdb'), (852719, 'tmdb'), (660855, 'tmdb'), (852724, 'tmdb'), (660861, 'tmdb'), (660866, 'tmdb'), (296137, 'tmdb'), (265447, 'tmdb'), (660862, 'tmdb'), (296159, 'tmdb'), (449621, 'tmdb'), (213121, 'tmdb'), (209674, 'tmdb'), (209676, 'tmdb'), (287097, 'tmdb'), (209679, 'tmdb'), (246673, 'tmdb'), (752172, 'tmdb'), (849731, 'tmdb'), (300247, 'tmdb'), (1081356, 'tmdb'), (1078246, 'tmdb'), (899613, 'tmdb'), (841820, 'tmdb'), (701163, 'tmdb'), (567672, 'tmdb'), (416573, 'tmdb'), (300445, 'tmdb'), (287096, 'tmdb'), (287095, 'tmdb')] |
[2023-02-14 01:11:35,995] [builder.py:1284]           [DEBUG]    |                                                                                                    |
[2023-02-14 01:11:36,928] [builder.py:1697]           [INFO]     |                                                                                                    |
[2023-02-14 01:11:36,928] [util.py:216]               [INFO]     |==================================== Adding to Pixar Collection ====================================|
[2023-02-14 01:11:36,928] [builder.py:1699]           [INFO]     |                                                                                                    |
[2023-02-14 01:11:36,928] [builder.py:1709]           [INFO]     |  1/56 | Pixar Collection | = | Turning Red (2022)                                                  |
[2023-02-14 01:11:36,929] [builder.py:1709]           [INFO]     |  2/56 | Pixar Collection | = | Lightyear (2022)                                                    |
[2023-02-14 01:11:36,929] [builder.py:1709]           [INFO]     |  3/56 | Pixar Collection | = | Coco (2017)                                                         |
[2023-02-14 01:11:36,929] [builder.py:1709]           [INFO]     |  4/56 | Pixar Collection | = | Monsters, Inc. (2001)                                               |
[2023-02-14 01:11:36,930] [builder.py:1709]           [INFO]     |  5/56 | Pixar Collection | = | Toy Story (1995)                                                    |
[2023-02-14 01:11:36,930] [builder.py:1709]           [INFO]     |  6/56 | Pixar Collection | = | Luca (2021)                                                         |
[2023-02-14 01:11:36,930] [builder.py:1709]           [INFO]     |  7/56 | Pixar Collection | = | Ratatouille (2007)                                                  |
[2023-02-14 01:11:36,931] [builder.py:1709]           [INFO]     |  8/56 | Pixar Collection | = | Cars 3 (2017)                                                       |
[2023-02-14 01:11:36,931] [builder.py:1709]           [INFO]     |  9/56 | Pixar Collection | = | Cars 2 (2011)                                                       |
[2023-02-14 01:11:36,931] [builder.py:1709]           [INFO]     | 10/56 | Pixar Collection | = | Up (2009)                                                           |
[2023-02-14 01:11:36,932] [builder.py:1709]           [INFO]     | 11/56 | Pixar Collection | = | Finding Nemo (2003)                                                 |
[2023-02-14 01:11:36,932] [builder.py:1709]           [INFO]     | 12/56 | Pixar Collection | = | Soul (2020)                                                         |
[2023-02-14 01:11:36,932] [builder.py:1709]           [INFO]     | 13/56 | Pixar Collection | = | Toy Story 2 (1999)                                                  |
[2023-02-14 01:11:36,933] [builder.py:1709]           [INFO]     | 14/56 | Pixar Collection | = | Inside Out (2015)                                                   |
[2023-02-14 01:11:36,933] [builder.py:1709]           [INFO]     | 15/56 | Pixar Collection | = | Toy Story 4 (2019)                                                  |
[2023-02-14 01:11:36,933] [builder.py:1709]           [INFO]     | 16/56 | Pixar Collection | = | Toy Story 3 (2010)                                                  |
[2023-02-14 01:11:36,934] [builder.py:1709]           [INFO]     | 17/56 | Pixar Collection | = | Monsters University (2013)                                          |
[2023-02-14 01:11:36,934] [builder.py:1709]           [INFO]     | 18/56 | Pixar Collection | = | Incredibles 2 (2018)                                                |
[2023-02-14 01:11:36,934] [builder.py:1709]           [INFO]     | 19/56 | Pixar Collection | = | Brave (2012)                                                        |
[2023-02-14 01:11:36,935] [builder.py:1709]           [INFO]     | 20/56 | Pixar Collection | = | Cars (2006)                                                         |
[2023-02-14 01:11:36,935] [builder.py:1709]           [INFO]     | 21/56 | Pixar Collection | = | The Incredibles (2004)                                              |
[2023-02-14 01:11:36,935] [builder.py:1709]           [INFO]     | 22/56 | Pixar Collection | = | A Bug's Life (1998)                                                 |
[2023-02-14 01:11:36,936] [builder.py:1709]           [INFO]     | 23/56 | Pixar Collection | = | WALL·E (2008)                                                       |
[2023-02-14 01:11:36,936] [builder.py:1709]           [INFO]     | 24/56 | Pixar Collection | = | The Good Dinosaur (2015)                                            |
[2023-02-14 01:11:36,936] [builder.py:1709]           [INFO]     | 25/56 | Pixar Collection | = | Ciao Alberto (2021)                                                 |
[2023-02-14 01:11:36,937] [builder.py:1709]           [INFO]     | 26/56 | Pixar Collection | = | Finding Dory (2016)                                                 |
[2023-02-14 01:11:36,937] [builder.py:1709]           [INFO]     | 27/56 | Pixar Collection | = | 22 vs. Earth (2021)                                                 |
[2023-02-14 01:11:36,937] [builder.py:1709]           [INFO]     | 28/56 | Pixar Collection | = | Onward (2020)                                                       |
[2023-02-14 01:11:36,937] [builder.py:1709]           [INFO]     | 29/56 | Pixar Collection | = | Toy Story That Time Forgot (2014)                                   |
[2023-02-14 01:11:36,938] [builder.py:1709]           [INFO]     | 30/56 | Pixar Collection | = | Beyond Infinity: Buzz and the Journey to Lightyear (2022)           |
[2023-02-14 01:11:36,939] [builder.py:1709]           [INFO]     | 31/56 | Pixar Collection | = | Riley's First Date? (2015)                                          |
[2023-02-14 01:11:36,940] [builder.py:1709]           [INFO]     | 32/56 | Pixar Collection | = | Your Friend the Rat (2007)                                          |
[2023-02-14 01:11:36,940] [builder.py:1709]           [INFO]     | 33/56 | Pixar Collection | = | Piper (2016)                                                        |
[2023-02-14 01:11:36,940] [builder.py:1709]           [INFO]     | 34/56 | Pixar Collection | = | Lamp Life (2020)                                                    |
[2023-02-14 01:11:36,940] [builder.py:1709]           [INFO]     | 35/56 | Pixar Collection | = | Bao (2018)                                                          |
[2023-02-14 01:11:36,941] [builder.py:1709]           [INFO]     | 36/56 | Pixar Collection | = | Burn-E (2008)                                                       |
[2023-02-14 01:11:36,942] [builder.py:1709]           [INFO]     | 37/56 | Pixar Collection | = | Party Central (2014)                                                |
[2023-02-14 01:11:36,942] [builder.py:1709]           [INFO]     | 38/56 | Pixar Collection | = | Lava (2015)                                                         |
[2023-02-14 01:11:36,942] [builder.py:1709]           [INFO]     | 39/56 | Pixar Collection | = | Toy Story Toons: Partysaurus Rex (2012)                             |
[2023-02-14 01:11:36,943] [builder.py:1709]           [INFO]     | 40/56 | Pixar Collection | = | Kitbull (2019)                                                      |
[2023-02-14 01:11:36,943] [builder.py:1709]           [INFO]     | 41/56 | Pixar Collection | = | Knick Knack (1992)                                                  |
[2023-02-14 01:11:36,943] [builder.py:1709]           [INFO]     | 42/56 | Pixar Collection | = | One Man Band (2006)                                                 |
[2023-02-14 01:11:36,944] [builder.py:1709]           [INFO]     | 43/56 | Pixar Collection | = | Lou (2017)                                                          |
[2023-02-14 01:11:36,944] [builder.py:1709]           [INFO]     | 44/56 | Pixar Collection | = | Float (2019)                                                        |
[2023-02-14 01:11:36,944] [builder.py:1709]           [INFO]     | 45/56 | Pixar Collection | = | La Luna (2012)                                                      |
[2023-02-14 01:11:36,944] [builder.py:1709]           [INFO]     | 46/56 | Pixar Collection | = | Auntie Edna (2018)                                                  |
[2023-02-14 01:11:36,945] [builder.py:1709]           [INFO]     | 47/56 | Pixar Collection | = | Embrace the Panda: Making Turning Red (2022)                        |
[2023-02-14 01:11:36,945] [builder.py:1709]           [INFO]     | 48/56 | Pixar Collection | = | The Blue Umbrella (2013)                                            |
[2023-02-14 01:11:36,945] [builder.py:1709]           [INFO]     | 49/56 | Pixar Collection | = | Loop (2020)                                                         |
[2023-02-14 01:11:36,946] [builder.py:1709]           [INFO]     | 50/56 | Pixar Collection | = | Sanjay's Super Team (2015)                                          |
[2023-02-14 01:11:36,946] [builder.py:1709]           [INFO]     | 51/56 | Pixar Collection | = | Miss Fritter's Racing Skoool (2017)                                 |
[2023-02-14 01:11:36,946] [builder.py:1709]           [INFO]     | 52/56 | Pixar Collection | = | Nona (2021)                                                         |
[2023-02-14 01:11:36,946] [builder.py:1709]           [INFO]     | 53/56 | Pixar Collection | = | Wind (2019)                                                         |
[2023-02-14 01:11:36,947] [builder.py:1709]           [INFO]     | 54/56 | Pixar Collection | = | Twenty Something (2021)                                             |
[2023-02-14 01:11:36,947] [builder.py:1709]           [INFO]     | 55/56 | Pixar Collection | = | A Spark Story (2021)                                                |
[2023-02-14 01:11:36,947] [builder.py:1709]           [INFO]     | 56/56 | Pixar Collection | = | Dante's Lunch (2017)                                                |
[2023-02-14 01:11:36,948] [builder.py:1734]           [INFO]     |                                                                                                    |
[2023-02-14 01:11:36,948] [builder.py:1735]           [INFO]     | 56 Movies Processed                                                                                |
[2023-02-14 01:11:36,948] [builder.py:1929]           [INFO]     |                                                                                                    |
[2023-02-14 01:11:36,948] [util.py:216]               [INFO]     |================================ Missing Movies from Library: Pixar ================================|
[2023-02-14 01:11:36,949] [builder.py:1931]           [INFO]     |                                                                                                    |
[2023-02-14 01:11:37,057] [builder.py:1943]           [INFO]     | Pixar Collection | ? | Buzz Lightyear of Star Command: The Adventure Begins (2000) (TMDb: 16187)   |
[2023-02-14 01:11:37,201] [builder.py:1943]           [INFO]     | Pixar Collection | ? | Dug Days: Carl’s Date (2023) (TMDb: 1076364)                                |
[2023-02-14 01:11:37,323] [builder.py:1943]           [INFO]     | Pixar Collection | ? | Elemental (2023) (TMDb: 976573)                                             |
[2023-02-14 01:11:37,437] [builder.py:1943]           [INFO]     | Pixar Collection | ? | Mike's New Car (2002) (TMDb: 13931)                                         |
[2023-02-14 01:11:37,553] [builder.py:1943]           [INFO]     | Pixar Collection | ? | Small Fry (2011) (TMDb: 82424)                                              |
[2023-02-14 01:11:37,671] [builder.py:1943]           [INFO]     | Pixar Collection | ? | Monster Truck Mater (2010) (TMDb: 148605)                                   |
[2023-02-14 01:11:37,778] [builder.py:1943]           [INFO]     | Pixar Collection | ? | Jack-Jack Attack (2005) (TMDb: 13932)                                       |
[2023-02-14 01:11:37,894] [builder.py:1943]           [INFO]     | Pixar Collection | ? | Hawaiian Vacation (2011) (TMDb: 77887)                                      |
[2023-02-14 01:11:38,024] [builder.py:1943]           [INFO]     | Pixar Collection | ? | The Adventures of André and Wally B. (1984) (TMDb: 13924)                   |
[2023-02-14 01:11:38,134] [builder.py:1943]           [INFO]     | Pixar Collection | ? | Air Mater (2011) (TMDb: 145316)                                             |
[2023-02-14 01:11:38,249] [builder.py:1943]           [INFO]     | Pixar Collection | ? | Tokyo Mater (2008) (TMDb: 24328)                                            |
[2023-02-14 01:11:38,376] [builder.py:1943]           [INFO]     | Pixar Collection | ? | Dug's Special Mission (2009) (TMDb: 24589)                                  |
[2023-02-14 01:11:38,487] [builder.py:1943]           [INFO]     | Pixar Collection | ? | Geri's Game (1997) (TMDb: 13929)                                            |
[2023-02-14 01:11:38,607] [builder.py:1943]           [INFO]     | Pixar Collection | ? | Marine Life Interviews (2017) (TMDb: 427004)                                |
[2023-02-14 01:11:38,726] [builder.py:1943]           [INFO]     | Pixar Collection | ? | Time Travel Mater (2012) (TMDb: 141528)                                     |
[2023-02-14 01:11:38,872] [builder.py:1943]           [INFO]     | Pixar Collection | ? | Boundin' (2003) (TMDb: 13062)                                               |
[2023-02-14 01:11:38,979] [builder.py:1943]           [INFO]     | Pixar Collection | ? | Partly Cloudy (2009) (TMDb: 24480)                                          |
[2023-02-14 01:11:39,093] [builder.py:1943]           [INFO]     | Pixar Collection | ? | For the Birds (2000) (TMDb: 13930)                                          |
[2023-02-14 01:11:39,214] [builder.py:1943]           [INFO]     | Pixar Collection | ? | Lifted (2006) (TMDb: 13060)                                                 |
[2023-02-14 01:11:39,318] [builder.py:1943]           [INFO]     | Pixar Collection | ? | Unidentified Flying Mater (2009) (TMDb: 171536)                             |
[2023-02-14 01:11:39,431] [builder.py:1943]           [INFO]     | Pixar Collection | ? | Mater and the Ghostlight (2006) (TMDb: 13934)                               |
[2023-02-14 01:11:39,546] [builder.py:1943]           [INFO]     | Pixar Collection | ? | Presto (2008) (TMDb: 13042)                                                 |
[2023-02-14 01:11:39,660] [builder.py:1943]           [INFO]     | Pixar Collection | ? | Day & Night (2010) (TMDb: 40619)                                            |
[2023-02-14 01:11:39,768] [builder.py:1943]           [INFO]     | Pixar Collection | ? | Luxo Jr. (1986) (TMDb: 13925)                                               |
[2023-02-14 01:11:39,921] [builder.py:1943]           [INFO]     | Pixar Collection | ? | Purl (2019) (TMDb: 532953)                                                  |
[2023-02-14 01:11:40,036] [builder.py:1943]           [INFO]     | Pixar Collection | ? | The Legend of Mor'du (2012) (TMDb: 141423)                                  |
[2023-02-14 01:11:40,142] [builder.py:1943]           [INFO]     | Pixar Collection | ? | Red's Dream (1987) (TMDb: 13926)                                            |
[2023-02-14 01:11:40,268] [builder.py:1943]           [INFO]     | Pixar Collection | ? | Tin Toy (1988) (TMDb: 13927)                                                |
[2023-02-14 01:11:40,377] [builder.py:1943]           [INFO]     | Pixar Collection | ? | Rescue Squad Mater (2008) (TMDb: 56553)                                     |
[2023-02-14 01:11:40,493] [builder.py:1943]           [INFO]     | Pixar Collection | ? | Inside Out 2 (2024) (TMDb: 1022789)                                         |
[2023-02-14 01:11:40,615] [builder.py:1943]           [INFO]     | Pixar Collection | ? | Heavy Metal Mater (2010) (TMDb: 148607)                                     |
[2023-02-14 01:11:40,729] [builder.py:1943]           [INFO]     | Pixar Collection | ? | Burrow (2020) (TMDb: 747059)                                                |
[2023-02-14 01:11:40,848] [builder.py:1943]           [INFO]     | Pixar Collection | ? | Moon Mater (2010) (TMDb: 148608)                                            |
[2023-02-14 01:11:40,964] [builder.py:1943]           [INFO]     | Pixar Collection | ? | Out (2020) (TMDb: 706860)                                                   |
[2023-02-14 01:11:41,081] [builder.py:1943]           [INFO]     | Pixar Collection | ? | Mater Private Eye (2010) (TMDb: 148606)                                     |
[2023-02-14 01:11:41,196] [builder.py:1943]           [INFO]     | Pixar Collection | ? | El Materdor (2008) (TMDb: 39030)                                            |
[2023-02-14 01:11:41,341] [builder.py:1943]           [INFO]     | Pixar Collection | ? | Mater the Greater (2008) (TMDb: 140967)                                     |
[2023-02-14 01:11:41,457] [builder.py:1943]           [INFO]     | Pixar Collection | ? | Smash and Grab (2019) (TMDb: 532952)                                        |
[2023-02-14 01:11:41,566] [builder.py:1943]           [INFO]     | Pixar Collection | ? | Forky Asks a Question: What Is Money? (2019) (TMDb: 660851)                 |
[2023-02-14 01:11:41,675] [builder.py:1943]           [INFO]     | Pixar Collection | ? | George and A.J. (2009) (TMDb: 72962)                                        |
[2023-02-14 01:11:41,782] [builder.py:1943]           [INFO]     | Pixar Collection | ? | Hiccups (2013) (TMDb: 230767)                                               |
[2023-02-14 01:11:41,894] [builder.py:1943]           [INFO]     | Pixar Collection | ? | Toy Story 5 (TMDb: 1084244)                                                 |
[2023-02-14 01:11:42,028] [builder.py:1943]           [INFO]     | Pixar Collection | ? | The Radiator Springs 500½ (2014) (TMDb: 286189)                             |
[2023-02-14 01:11:42,138] [builder.py:1943]           [INFO]     | Pixar Collection | ? | The Story Behind 'Toy Story' (1996) (TMDb: 464729)                          |
[2023-02-14 01:11:42,250] [builder.py:1943]           [INFO]     | Pixar Collection | ? | Forky Asks a Question: What Is Art? (2019) (TMDb: 660856)                   |
[2023-02-14 01:11:42,356] [builder.py:1943]           [INFO]     | Pixar Collection | ? | Forky Asks a Question: What Is Reading? (2020) (TMDb: 662666)               |
[2023-02-14 01:11:42,465] [builder.py:1943]           [INFO]     | Pixar Collection | ? | Forky Asks a Question: What Is Time? (2019) (TMDb: 660858)                  |
[2023-02-14 01:11:42,576] [builder.py:1943]           [INFO]     | Pixar Collection | ? | Forky Asks a Question: What Is Cheese? (2020) (TMDb: 660867)                |
[2023-02-14 01:11:42,685] [builder.py:1943]           [INFO]     | Pixar Collection | ? | Pixar 2021 Disney+ Day Special (2021) (TMDb: 897298)                        |
[2023-02-14 01:11:42,792] [builder.py:1943]           [INFO]     | Pixar Collection | ? | Elio (2024) (TMDb: 1022787)                                                 |
[2023-02-14 01:11:42,907] [builder.py:1943]           [INFO]     | Pixar Collection | ? | Forky Asks a Question: What Is Love? (2019) (TMDb: 660859)                  |
[2023-02-14 01:11:43,012] [builder.py:1943]           [INFO]     | Pixar Collection | ? | Exploring the Reef (2003) (TMDb: 296850)                                    |
[2023-02-14 01:11:43,144] [builder.py:1943]           [INFO]     | Pixar Collection | ? | Mr. Incredible and Pals (2005) (TMDb: 55423)                                |
[2023-02-14 01:11:43,242] [builder.py:1943]           [INFO]     | Pixar Collection | ? | Forky Asks a Question: What Is a Friend? (2019) (TMDb: 660855)              |
[2023-02-14 01:11:43,346] [builder.py:1943]           [INFO]     | Pixar Collection | ? | Forky Asks a Question: What Is a Computer? (2019) (TMDb: 660861)            |
[2023-02-14 01:11:43,505] [builder.py:1943]           [INFO]     | Pixar Collection | ? | Forky Asks a Question: What Is a Pet? (2019) (TMDb: 660866)                 |
[2023-02-14 01:11:43,614] [builder.py:1943]           [INFO]     | Pixar Collection | ? | Spinning (2013) (TMDb: 296137)                                              |
[2023-02-14 01:11:43,745] [builder.py:1943]           [INFO]     | Pixar Collection | ? | The Pixar Shorts: A Short History (2007) (TMDb: 265447)                     |
[2023-02-14 01:11:43,857] [builder.py:1943]           [INFO]     | Pixar Collection | ? | Forky Asks a Question: What Is a Leader? (2019) (TMDb: 660862)              |
[2023-02-14 01:11:43,982] [builder.py:1943]           [INFO]     | Pixar Collection | ? | Bugged (2013) (TMDb: 296159)                                                |
[2023-02-14 01:11:44,105] [builder.py:1943]           [INFO]     | Pixar Collection | ? | Toy Story of Terror! (2013) (TMDb: 213121)                                  |
[2023-02-14 01:11:44,219] [builder.py:1943]           [INFO]     | Pixar Collection | ? | Next Door (1990) (TMDb: 209674)                                             |
[2023-02-14 01:11:44,329] [builder.py:1943]           [INFO]     | Pixar Collection | ? | Palm Springs (1989) (TMDb: 209676)                                          |
[2023-02-14 01:11:44,435] [builder.py:1943]           [INFO]     | Pixar Collection | ? | Up and Down (1991) (TMDb: 287097)                                           |
[2023-02-14 01:11:44,561] [builder.py:1943]           [INFO]     | Pixar Collection | ? | Winter (1988) (TMDb: 209679)                                                |
[2023-02-14 01:11:44,674] [builder.py:1943]           [INFO]     | Pixar Collection | ? | Front and Back (1991) (TMDb: 246673)                                        |
[2023-02-14 01:11:44,776] [builder.py:1943]           [INFO]     | Pixar Collection | ? | Soul, Improvised (2021) (TMDb: 752172)                                      |
[2023-02-14 01:11:44,881] [builder.py:1943]           [INFO]     | Pixar Collection | ? | Fine Food and Film (2007) (TMDb: 849731)                                    |
[2023-02-14 01:11:44,989] [builder.py:1943]           [INFO]     | Pixar Collection | ? | Beach Chair (1986) (TMDb: 300247)                                           |
[2023-02-14 01:11:45,102] [builder.py:1943]           [INFO]     | Pixar Collection | ? | The Making of Kitbull (2019) (TMDb: 1081356)                                |
[2023-02-14 01:11:45,206] [builder.py:1943]           [INFO]     | Pixar Collection | ? | Untitled Domee Shi/Pixar Film (TMDb: 1078246)                               |
[2023-02-14 01:11:45,329] [builder.py:1943]           [INFO]     | Pixar Collection | ? | Automaton (2020) (TMDb: 899613)                                             |
[2023-02-14 01:11:45,450] [builder.py:1943]           [INFO]     | Pixar Collection | ? | Vowellet - An Essay by Sarah Vowell (2005) (TMDb: 841820)                   |
[2023-02-14 01:11:45,558] [builder.py:1943]           [INFO]     | Pixar Collection | ? | Groovin' With Ken (2010) (TMDb: 701163)                                     |
[2023-02-14 01:11:45,684] [builder.py:1943]           [INFO]     | Pixar Collection | ? | Blowin' in the Wind (1985) (TMDb: 567672)                                   |
[2023-02-14 01:11:45,803] [builder.py:1943]           [INFO]     | Pixar Collection | ? | The Incredible Socks (2005) (TMDb: 416573)                                  |
[2023-02-14 01:11:45,943] [builder.py:1943]           [INFO]     | Pixar Collection | ? | Flags and Waves (1986) (TMDb: 300445)                                       |
[2023-02-14 01:11:46,048] [builder.py:1943]           [INFO]     | Pixar Collection | ? | Surprise (1991) (TMDb: 287096)                                              |
[2023-02-14 01:11:46,161] [builder.py:1943]           [INFO]     | Pixar Collection | ? | Light and Heavy (1991) (TMDb: 287095)                                       |
[2023-02-14 01:11:46,162] [builder.py:1947]           [INFO]     |                                                                                                    |
[2023-02-14 01:11:46,162] [builder.py:1948]           [INFO]     | 79 Movies Missing                                                                                  |
[2023-02-14 01:11:46,402] [radarr.py:46]              [INFO]     |                                                                                                    |
[2023-02-14 01:11:46,403] [util.py:216]               [INFO]     |===================================== Adding Missing to Radarr =====================================|
[2023-02-14 01:11:46,403] [radarr.py:48]              [DEBUG]    |                                                                                                    |
[2023-02-14 01:11:46,403] [radarr.py:49]              [DEBUG]    | Radarr Adds: [16187, 1076364, 976573, 13931, 82424, 148605, 13932, 77887, 13924, 145316, 24328, 24589, 13929, 427004, 141528, 13062, 24480, 13930, 13060, 171536, 13934, 13042, 40619, 13925, 532953, 141423, 13926, 13927, 56553, 1022789, 148607, 747059, 148608, 706860, 148606, 39030, 140967, 532952, 660851, 72962, 230767, 1084244, 286189, 464729, 660856, 662666, 660858, 660867, 897298, 1022787, 660859, 296850, 55423, 660855, 660861, 660866, 296137, 265447, 660862, 296159, 213121, 209674, 209676, 287097, 209679, 246673, 752172, 849731, 300247, 1081356, 1078246, 899613, 841820, 701163, 567672, 416573, 300445, 287096, 287095] |
[2023-02-14 01:11:48,026] [radarr.py:138]             [INFO]     |                                                                                                    |
[2023-02-14 01:11:48,026] [radarr.py:146]             [INFO]     | Skipped: In Cache | 16187                                                                          |
[2023-02-14 01:11:48,026] [radarr.py:146]             [INFO]     | Skipped: In Cache | 1076364                                                                        |
[2023-02-14 01:11:48,027] [radarr.py:146]             [INFO]     | Skipped: In Cache | 976573                                                                         |
[2023-02-14 01:11:48,027] [radarr.py:146]             [INFO]     | Skipped: In Cache | 13931                                                                          |
[2023-02-14 01:11:48,027] [radarr.py:146]             [INFO]     | Skipped: In Cache | 82424                                                                          |
[2023-02-14 01:11:48,028] [radarr.py:146]             [INFO]     | Skipped: In Cache | 148605                                                                         |
[2023-02-14 01:11:48,028] [radarr.py:146]             [INFO]     | Skipped: In Cache | 13932                                                                          |
[2023-02-14 01:11:48,028] [radarr.py:146]             [INFO]     | Skipped: In Cache | 77887                                                                          |
[2023-02-14 01:11:48,028] [radarr.py:146]             [INFO]     | Skipped: In Cache | 13924                                                                          |
[2023-02-14 01:11:48,029] [radarr.py:146]             [INFO]     | Skipped: In Cache | 145316                                                                         |
[2023-02-14 01:11:48,029] [radarr.py:146]             [INFO]     | Skipped: In Cache | 24328                                                                          |
[2023-02-14 01:11:48,029] [radarr.py:146]             [INFO]     | Skipped: In Cache | 24589                                                                          |
[2023-02-14 01:11:48,029] [radarr.py:146]             [INFO]     | Skipped: In Cache | 13929                                                                          |
[2023-02-14 01:11:48,030] [radarr.py:146]             [INFO]     | Skipped: In Cache | 427004                                                                         |
[2023-02-14 01:11:48,030] [radarr.py:146]             [INFO]     | Skipped: In Cache | 141528                                                                         |
[2023-02-14 01:11:48,030] [radarr.py:146]             [INFO]     | Skipped: In Cache | 13062                                                                          |
[2023-02-14 01:11:48,030] [radarr.py:146]             [INFO]     | Skipped: In Cache | 24480                                                                          |
[2023-02-14 01:11:48,031] [radarr.py:146]             [INFO]     | Skipped: In Cache | 13930                                                                          |
[2023-02-14 01:11:48,031] [radarr.py:146]             [INFO]     | Skipped: In Cache | 13060                                                                          |
[2023-02-14 01:11:48,031] [radarr.py:146]             [INFO]     | Skipped: In Cache | 171536                                                                         |
[2023-02-14 01:11:48,031] [radarr.py:146]             [INFO]     | Skipped: In Cache | 13934                                                                          |
[2023-02-14 01:11:48,032] [radarr.py:146]             [INFO]     | Skipped: In Cache | 13042                                                                          |
[2023-02-14 01:11:48,032] [radarr.py:146]             [INFO]     | Skipped: In Cache | 40619                                                                          |
[2023-02-14 01:11:48,032] [radarr.py:146]             [INFO]     | Skipped: In Cache | 13925                                                                          |
[2023-02-14 01:11:48,032] [radarr.py:146]             [INFO]     | Skipped: In Cache | 532953                                                                         |
[2023-02-14 01:11:48,033] [radarr.py:146]             [INFO]     | Skipped: In Cache | 141423                                                                         |
[2023-02-14 01:11:48,033] [radarr.py:146]             [INFO]     | Skipped: In Cache | 13926                                                                          |
[2023-02-14 01:11:48,033] [radarr.py:146]             [INFO]     | Skipped: In Cache | 13927                                                                          |
[2023-02-14 01:11:48,033] [radarr.py:146]             [INFO]     | Skipped: In Cache | 56553                                                                          |
[2023-02-14 01:11:48,034] [radarr.py:146]             [INFO]     | Skipped: In Cache | 1022789                                                                        |
[2023-02-14 01:11:48,034] [radarr.py:146]             [INFO]     | Skipped: In Cache | 148607                                                                         |
[2023-02-14 01:11:48,036] [radarr.py:146]             [INFO]     | Skipped: In Cache | 747059                                                                         |
[2023-02-14 01:11:48,036] [radarr.py:146]             [INFO]     | Skipped: In Cache | 148608                                                                         |
[2023-02-14 01:11:48,036] [radarr.py:146]             [INFO]     | Skipped: In Cache | 706860                                                                         |
[2023-02-14 01:11:48,037] [radarr.py:146]             [INFO]     | Skipped: In Cache | 148606                                                                         |
[2023-02-14 01:11:48,037] [radarr.py:146]             [INFO]     | Skipped: In Cache | 39030                                                                          |
[2023-02-14 01:11:48,037] [radarr.py:146]             [INFO]     | Skipped: In Cache | 140967                                                                         |
[2023-02-14 01:11:48,038] [radarr.py:146]             [INFO]     | Skipped: In Cache | 532952                                                                         |
[2023-02-14 01:11:48,038] [radarr.py:146]             [INFO]     | Skipped: In Cache | 660851                                                                         |
[2023-02-14 01:11:48,038] [radarr.py:146]             [INFO]     | Skipped: In Cache | 72962                                                                          |
[2023-02-14 01:11:48,038] [radarr.py:146]             [INFO]     | Skipped: In Cache | 230767                                                                         |
[2023-02-14 01:11:48,039] [radarr.py:146]             [INFO]     | Skipped: In Cache | 1084244                                                                        |
[2023-02-14 01:11:48,039] [radarr.py:146]             [INFO]     | Skipped: In Cache | 286189                                                                         |
[2023-02-14 01:11:48,039] [radarr.py:146]             [INFO]     | Skipped: In Cache | 464729                                                                         |
[2023-02-14 01:11:48,040] [radarr.py:146]             [INFO]     | Skipped: In Cache | 660856                                                                         |
[2023-02-14 01:11:48,040] [radarr.py:146]             [INFO]     | Skipped: In Cache | 662666                                                                         |
[2023-02-14 01:11:48,040] [radarr.py:146]             [INFO]     | Skipped: In Cache | 660858                                                                         |
[2023-02-14 01:11:48,040] [radarr.py:146]             [INFO]     | Skipped: In Cache | 660867                                                                         |
[2023-02-14 01:11:48,041] [radarr.py:146]             [INFO]     | Skipped: In Cache | 897298                                                                         |
[2023-02-14 01:11:48,041] [radarr.py:146]             [INFO]     | Skipped: In Cache | 1022787                                                                        |
[2023-02-14 01:11:48,041] [radarr.py:146]             [INFO]     | Skipped: In Cache | 660859                                                                         |
[2023-02-14 01:11:48,041] [radarr.py:146]             [INFO]     | Skipped: In Cache | 296850                                                                         |
[2023-02-14 01:11:48,042] [radarr.py:146]             [INFO]     | Skipped: In Cache | 55423                                                                          |
[2023-02-14 01:11:48,042] [radarr.py:146]             [INFO]     | Skipped: In Cache | 660855                                                                         |
[2023-02-14 01:11:48,042] [radarr.py:146]             [INFO]     | Skipped: In Cache | 660861                                                                         |
[2023-02-14 01:11:48,043] [radarr.py:146]             [INFO]     | Skipped: In Cache | 660866                                                                         |
[2023-02-14 01:11:48,043] [radarr.py:146]             [INFO]     | Skipped: In Cache | 296137                                                                         |
[2023-02-14 01:11:48,043] [radarr.py:146]             [INFO]     | Skipped: In Cache | 265447                                                                         |
[2023-02-14 01:11:48,043] [radarr.py:146]             [INFO]     | Skipped: In Cache | 660862                                                                         |
[2023-02-14 01:11:48,044] [radarr.py:146]             [INFO]     | Skipped: In Cache | 296159                                                                         |
[2023-02-14 01:11:48,044] [radarr.py:146]             [INFO]     | Skipped: In Cache | 213121                                                                         |
[2023-02-14 01:11:48,044] [radarr.py:146]             [INFO]     | Skipped: In Cache | 209674                                                                         |
[2023-02-14 01:11:48,044] [radarr.py:146]             [INFO]     | Skipped: In Cache | 209676                                                                         |
[2023-02-14 01:11:48,045] [radarr.py:146]             [INFO]     | Skipped: In Cache | 287097                                                                         |
[2023-02-14 01:11:48,045] [radarr.py:146]             [INFO]     | Skipped: In Cache | 209679                                                                         |
[2023-02-14 01:11:48,045] [radarr.py:146]             [INFO]     | Skipped: In Cache | 246673                                                                         |
[2023-02-14 01:11:48,045] [radarr.py:146]             [INFO]     | Skipped: In Cache | 752172                                                                         |
[2023-02-14 01:11:48,046] [radarr.py:146]             [INFO]     | Skipped: In Cache | 849731                                                                         |
[2023-02-14 01:11:48,046] [radarr.py:146]             [INFO]     | Skipped: In Cache | 300247                                                                         |
[2023-02-14 01:11:48,046] [radarr.py:146]             [INFO]     | Skipped: In Cache | 1081356                                                                        |
[2023-02-14 01:11:48,046] [radarr.py:146]             [INFO]     | Skipped: In Cache | 1078246                                                                        |
[2023-02-14 01:11:48,046] [radarr.py:146]             [INFO]     | Skipped: In Cache | 899613                                                                         |
[2023-02-14 01:11:48,047] [radarr.py:146]             [INFO]     | Skipped: In Cache | 841820                                                                         |
[2023-02-14 01:11:48,047] [radarr.py:146]             [INFO]     | Skipped: In Cache | 701163                                                                         |
[2023-02-14 01:11:48,047] [radarr.py:146]             [INFO]     | Skipped: In Cache | 567672                                                                         |
[2023-02-14 01:11:48,047] [radarr.py:146]             [INFO]     | Skipped: In Cache | 416573                                                                         |
[2023-02-14 01:11:48,048] [radarr.py:146]             [INFO]     | Skipped: In Cache | 300445                                                                         |
[2023-02-14 01:11:48,048] [radarr.py:146]             [INFO]     | Skipped: In Cache | 287096                                                                         |
[2023-02-14 01:11:48,048] [radarr.py:146]             [INFO]     | Skipped: In Cache | 287095                                                                         |
[2023-02-14 01:11:48,048] [radarr.py:147]             [INFO]     | 79 Movies already exist in Radarr                                                                  |
[2023-02-14 01:11:48,072] [builder.py:2147]           [INFO]     |                                                                                                    |
[2023-02-14 01:11:48,072] [util.py:216]               [INFO]     |=============================== Updating Details of Pixar Collection ===============================|
[2023-02-14 01:11:48,073] [builder.py:2149]           [INFO]     |                                                                                                    |
[2023-02-14 01:11:48,073] [builder.py:2156]           [INFO]     | Detail: summary updated Collection Summary                                                         |
[2023-02-14 01:11:48,074] [builder.py:2258]           [DEBUG]    | 1 posters found:                                                                                   |
[2023-02-14 01:11:48,074] [builder.py:2260]           [DEBUG]    | Method: url_poster Poster: https://theposterdb.com/api/assets/18894                                |
[2023-02-14 01:11:48,074] [builder.py:2327]           [INFO]     | No background collection detail or asset folder found                                              |
[2023-02-14 01:11:48,075] [library.py:147]            [INFO]     | Detail: poster update not needed                                                                   |
[2023-02-14 01:11:48,317] [plex_meta_manager.py:880]  [INFO]     |                                                                                                    |
[2023-02-14 01:11:48,317] [util.py:209]               [INFO]     |====================================================================================================|
[2023-02-14 01:11:48,318] [util.py:216]               [INFO]     |                                     Finished Pixar Collection                                      |
[2023-02-14 01:11:48,318] [util.py:216]               [INFO]     |                                    Collection Run Time: 0:00:13                                    |
[2023-02-14 01:11:48,318] [util.py:220]               [INFO]     |====================================================================================================|
