[2023-02-28 01:07:50,338] [util.py:209]               [INFO]     |====================================================================================================|
[2023-02-28 01:07:50,338] [util.py:216]               [INFO]     |                                 Harry Potter Collection in Movies                                  |
[2023-02-28 01:07:50,339] [util.py:220]               [INFO]     |====================================================================================================|
[2023-02-28 01:07:50,339] [plex_meta_manager.py:750]  [INFO]     |                                                                                                    |
[2023-02-28 01:07:50,339] [util.py:216]               [INFO]     |================================ Validating Harry Potter Attributes ================================|
[2023-02-28 01:07:50,340] [builder.py:265]            [DEBUG]    |                                                                                                    |
[2023-02-28 01:07:50,340] [builder.py:266]            [DEBUG]    | Validating Method: template                                                                        |
[2023-02-28 01:07:50,340] [meta.py:83]                [DEBUG]    | Value: ordereddict([('name', 'Collection'), ('collection', 1241), ('poster', 'https://theposterdb.com/api/assets/15699')]) |
[2023-02-28 01:07:50,341] [builder.py:330]            [DEBUG]    |                                                                                                    |
[2023-02-28 01:07:50,341] [builder.py:331]            [DEBUG]    | Validating Method: sync_mode                                                                       |
[2023-02-28 01:07:50,341] [builder.py:335]            [DEBUG]    | Value: sync                                                                                        |
[2023-02-28 01:07:50,341] [builder.py:453]            [DEBUG]    |                                                                                                    |
[2023-02-28 01:07:50,342] [builder.py:454]            [DEBUG]    | Validating Method: collection_order                                                                |
[2023-02-28 01:07:50,342] [builder.py:455]            [DEBUG]    | Value: release                                                                                     |
[2023-02-28 01:07:50,342] [builder.py:472]            [DEBUG]    |                                                                                                    |
[2023-02-28 01:07:50,342] [builder.py:473]            [DEBUG]    | Validating Method: tmdb_collection_details                                                         |
[2023-02-28 01:07:50,342] [builder.py:474]            [DEBUG]    | Value: 1241                                                                                        |
[2023-02-28 01:07:50,452] [builder.py:472]            [DEBUG]    |                                                                                                    |
[2023-02-28 01:07:50,452] [builder.py:473]            [DEBUG]    | Validating Method: sort_title                                                                      |
[2023-02-28 01:07:50,452] [builder.py:474]            [DEBUG]    | Value: 00000f_Harry Potter                                                                         |
[2023-02-28 01:07:50,453] [builder.py:472]            [DEBUG]    |                                                                                                    |
[2023-02-28 01:07:50,453] [builder.py:473]            [DEBUG]    | Validating Method: url_poster                                                                      |
[2023-02-28 01:07:50,453] [builder.py:474]            [DEBUG]    | Value: https://theposterdb.com/api/assets/15699                                                    |
[2023-02-28 01:07:50,674] [builder.py:619]            [INFO]     |                                                                                                    |
[2023-02-28 01:07:50,675] [builder.py:620]            [INFO]     | Validation Successful                                                                              |
[2023-02-28 01:07:50,675] [plex_meta_manager.py:758]  [INFO]     |                                                                                                    |
[2023-02-28 01:07:50,675] [util.py:216]               [INFO]     |================================= Running Harry Potter Collection ==================================|
[2023-02-28 01:07:50,676] [plex_meta_manager.py:773]  [INFO]     |                                                                                                    |
[2023-02-28 01:07:50,676] [plex_meta_manager.py:774]  [INFO]     | Sync Mode: sync                                                                                    |
[2023-02-28 01:07:50,676] [builder.py:1275]           [DEBUG]    |                                                                                                    |
[2023-02-28 01:07:50,677] [builder.py:1276]           [DEBUG]    | Builder: tmdb_collection: 1241                                                                     |
[2023-02-28 01:07:50,677] [builder.py:1277]           [INFO]     |                                                                                                    |
[2023-02-28 01:07:50,677] [tmdb.py:323]               [INFO]     | Processing TMDb Collection: (1241) Harry Potter Collection (8 Items)                               |
[2023-02-28 01:07:50,678] [builder.py:1282]           [DEBUG]    |                                                                                                    |
[2023-02-28 01:07:50,678] [builder.py:1283]           [DEBUG]    | 8 IDs Found: [(671, 'tmdb'), (672, 'tmdb'), (674, 'tmdb'), (767, 'tmdb'), (673, 'tmdb'), (675, 'tmdb'), (12444, 'tmdb'), (12445, 'tmdb')] |
[2023-02-28 01:07:50,678] [builder.py:1284]           [DEBUG]    |                                                                                                    |
[2023-02-28 01:07:50,919] [builder.py:1697]           [INFO]     |                                                                                                    |
[2023-02-28 01:07:50,919] [util.py:216]               [INFO]     |================================ Adding to Harry Potter Collection =================================|
[2023-02-28 01:07:50,919] [builder.py:1699]           [INFO]     |                                                                                                    |
[2023-02-28 01:07:50,920] [builder.py:1709]           [INFO]     | 1/8 | Harry Potter Collection | = | Harry Potter and the Sorcerer's Stone (2001)                   |
[2023-02-28 01:07:50,920] [builder.py:1709]           [INFO]     | 2/8 | Harry Potter Collection | = | Harry Potter and the Chamber of Secrets (2002)                 |
[2023-02-28 01:07:50,920] [builder.py:1709]           [INFO]     | 3/8 | Harry Potter Collection | = | Harry Potter and the Goblet of Fire (2005)                     |
[2023-02-28 01:07:50,921] [builder.py:1709]           [INFO]     | 4/8 | Harry Potter Collection | = | Harry Potter and the Half-Blood Prince (2009)                  |
[2023-02-28 01:07:50,921] [builder.py:1709]           [INFO]     | 5/8 | Harry Potter Collection | = | Harry Potter and the Prisoner of Azkaban (2004)                |
[2023-02-28 01:07:50,921] [builder.py:1709]           [INFO]     | 6/8 | Harry Potter Collection | = | Harry Potter and the Order of the Phoenix (2007)               |
[2023-02-28 01:07:50,921] [builder.py:1709]           [INFO]     | 7/8 | Harry Potter Collection | = | Harry Potter and the Deathly Hallows: Part 1 (2010)            |
[2023-02-28 01:07:50,922] [builder.py:1709]           [INFO]     | 8/8 | Harry Potter Collection | = | Harry Potter and the Deathly Hallows: Part 2 (2011)            |
[2023-02-28 01:07:50,922] [builder.py:1734]           [INFO]     |                                                                                                    |
[2023-02-28 01:07:50,922] [builder.py:1735]           [INFO]     | 8 Movies Processed                                                                                 |
[2023-02-28 01:07:50,926] [builder.py:2147]           [INFO]     |                                                                                                    |
[2023-02-28 01:07:50,927] [util.py:216]               [INFO]     |=========================== Updating Details of Harry Potter Collection ============================|
[2023-02-28 01:07:50,927] [builder.py:2149]           [INFO]     |                                                                                                    |
[2023-02-28 01:07:50,927] [builder.py:2156]           [INFO]     | Detail: tmdb_collection_details updated Collection Summary                                         |
[2023-02-28 01:07:50,928] [builder.py:2258]           [DEBUG]    | 2 posters found:                                                                                   |
[2023-02-28 01:07:50,928] [builder.py:2260]           [DEBUG]    | Method: tmdb_collection_details Poster: https://image.tmdb.org/t/p/original/eVPs2Y0LyvTLZn6AP5Z6O2rtiGB.jpg |
[2023-02-28 01:07:50,928] [builder.py:2260]           [DEBUG]    | Method: url_poster Poster: https://theposterdb.com/api/assets/15699                                |
[2023-02-28 01:07:50,929] [builder.py:2298]           [DEBUG]    | 1 backgrounds found:                                                                               |
[2023-02-28 01:07:50,929] [builder.py:2300]           [DEBUG]    | Method: tmdb_collection_details Background: https://image.tmdb.org/t/p/original/4gV0rKUjB1nLUdZB4zIltLvNZZr.jpg |
[2023-02-28 01:07:50,931] [library.py:147]            [INFO]     | Detail: poster update not needed                                                                   |
[2023-02-28 01:07:50,931] [library.py:197]            [INFO]     | Detail: background update not needed                                                               |
[2023-02-28 01:07:51,141] [plex_meta_manager.py:880]  [INFO]     |                                                                                                    |
[2023-02-28 01:07:51,141] [util.py:209]               [INFO]     |====================================================================================================|
[2023-02-28 01:07:51,141] [util.py:216]               [INFO]     |                                  Finished Harry Potter Collection                                  |
[2023-02-28 01:07:51,142] [util.py:216]               [INFO]     |                                    Collection Run Time: 0:00:00                                    |
[2023-02-28 01:07:51,142] [util.py:220]               [INFO]     |====================================================================================================|
