[2023-02-28 13:21:53,556] [util.py:209]               [INFO]     |====================================================================================================|
[2023-02-28 13:21:53,557] [util.py:216]               [INFO]     |                                     X-Men Collection in Movies                                     |
[2023-02-28 13:21:53,557] [util.py:220]               [INFO]     |====================================================================================================|
[2023-02-28 13:21:53,557] [plex_meta_manager.py:750]  [INFO]     |                                                                                                    |
[2023-02-28 13:21:53,558] [util.py:216]               [INFO]     |=================================== Validating X-Men Attributes ====================================|
[2023-02-28 13:21:53,558] [builder.py:265]            [DEBUG]    |                                                                                                    |
[2023-02-28 13:21:53,559] [builder.py:266]            [DEBUG]    | Validating Method: template                                                                        |
[2023-02-28 13:21:53,559] [meta.py:83]                [DEBUG]    | Value: ordereddict([('name', 'Collection'), ('collection', '748, 453993, 448150'), ('movie', 567604), ('poster', 'https://theposterdb.com/api/assets/18380')]) |
[2023-02-28 13:21:53,559] [builder.py:330]            [DEBUG]    |                                                                                                    |
[2023-02-28 13:21:53,560] [builder.py:331]            [DEBUG]    | Validating Method: sync_mode                                                                       |
[2023-02-28 13:21:53,560] [builder.py:335]            [DEBUG]    | Value: sync                                                                                        |
[2023-02-28 13:21:53,560] [builder.py:453]            [DEBUG]    |                                                                                                    |
[2023-02-28 13:21:53,560] [builder.py:454]            [DEBUG]    | Validating Method: collection_order                                                                |
[2023-02-28 13:21:53,560] [builder.py:455]            [DEBUG]    | Value: release                                                                                     |
[2023-02-28 13:21:53,561] [builder.py:472]            [DEBUG]    |                                                                                                    |
[2023-02-28 13:21:53,561] [builder.py:473]            [DEBUG]    | Validating Method: tmdb_collection_details                                                         |
[2023-02-28 13:21:53,561] [builder.py:474]            [DEBUG]    | Value: 748, 453993, 448150                                                                         |
[2023-02-28 13:21:53,667] [tmdb.py:242]               [ERROR]    | TMDb Error: No Collection found for TMDb ID 748: The resource you requested could not be found.    |
[2023-02-28 13:21:53,668] [tmdb.py:242]               [ERROR]    | TMDb Error: No Collection found for TMDb ID 453993: The resource you requested could not be found. |
[2023-02-28 13:21:53,668] [builder.py:472]            [DEBUG]    |                                                                                                    |
[2023-02-28 13:21:53,668] [builder.py:473]            [DEBUG]    | Validating Method: tmdb_movie                                                                      |
[2023-02-28 13:21:53,669] [builder.py:474]            [DEBUG]    | Value: 567604                                                                                      |
[2023-02-28 13:21:53,670] [builder.py:472]            [DEBUG]    |                                                                                                    |
[2023-02-28 13:21:53,670] [builder.py:473]            [DEBUG]    | Validating Method: sort_title                                                                      |
[2023-02-28 13:21:53,670] [builder.py:474]            [DEBUG]    | Value: 00000f_X-Men                                                                                |
[2023-02-28 13:21:53,671] [builder.py:472]            [DEBUG]    |                                                                                                    |
[2023-02-28 13:21:53,671] [builder.py:473]            [DEBUG]    | Validating Method: url_poster                                                                      |
[2023-02-28 13:21:53,671] [builder.py:474]            [DEBUG]    | Value: https://theposterdb.com/api/assets/18380                                                    |
[2023-02-28 13:21:53,890] [builder.py:619]            [INFO]     |                                                                                                    |
[2023-02-28 13:21:53,891] [builder.py:620]            [INFO]     | Validation Successful                                                                              |
[2023-02-28 13:21:53,891] [plex_meta_manager.py:758]  [INFO]     |                                                                                                    |
[2023-02-28 13:21:53,891] [util.py:216]               [INFO]     |===================================== Running X-Men Collection =====================================|
[2023-02-28 13:21:53,892] [plex_meta_manager.py:773]  [INFO]     |                                                                                                    |
[2023-02-28 13:21:53,892] [plex_meta_manager.py:774]  [INFO]     | Sync Mode: sync                                                                                    |
[2023-02-28 13:21:53,892] [builder.py:1275]           [DEBUG]    |                                                                                                    |
[2023-02-28 13:21:53,892] [builder.py:1276]           [DEBUG]    | Builder: tmdb_collection: 448150                                                                   |
[2023-02-28 13:21:53,893] [builder.py:1277]           [INFO]     |                                                                                                    |
[2023-02-28 13:21:53,893] [tmdb.py:323]               [INFO]     | Processing TMDb Collection: (448150) Deadpool Collection (3 Items)                                 |
[2023-02-28 13:21:53,893] [builder.py:1282]           [DEBUG]    |                                                                                                    |
[2023-02-28 13:21:53,894] [builder.py:1283]           [DEBUG]    | 3 IDs Found: [(293660, 'tmdb'), (383498, 'tmdb'), (533535, 'tmdb')]                                |
[2023-02-28 13:21:53,894] [builder.py:1284]           [DEBUG]    |                                                                                                    |
[2023-02-28 13:21:53,955] [builder.py:1275]           [DEBUG]    |                                                                                                    |
[2023-02-28 13:21:53,955] [builder.py:1276]           [DEBUG]    | Builder: tmdb_movie: 567604                                                                        |
[2023-02-28 13:21:53,955] [builder.py:1277]           [INFO]     |                                                                                                    |
[2023-02-28 13:21:53,957] [tmdb.py:323]               [INFO]     | Processing TMDb Movie: (567604) Once Upon a Deadpool (1 Item)                                      |
[2023-02-28 13:21:53,957] [builder.py:1282]           [DEBUG]    |                                                                                                    |
[2023-02-28 13:21:53,957] [builder.py:1283]           [DEBUG]    | 1 IDs Found: [(567604, 'tmdb')]                                                                    |
[2023-02-28 13:21:53,958] [builder.py:1284]           [DEBUG]    |                                                                                                    |
[2023-02-28 13:21:53,958] [builder.py:1697]           [INFO]     |                                                                                                    |
[2023-02-28 13:21:53,958] [util.py:216]               [INFO]     |==================================== Adding to X-Men Collection ====================================|
[2023-02-28 13:21:53,959] [builder.py:1699]           [INFO]     |                                                                                                    |
[2023-02-28 13:21:53,959] [builder.py:1709]           [INFO]     | 1/2 | X-Men Collection | = | Deadpool (2016)                                                       |
[2023-02-28 13:21:53,959] [builder.py:1709]           [INFO]     | 2/2 | X-Men Collection | = | Deadpool 2 (2018)                                                     |
[2023-02-28 13:21:53,960] [builder.py:1734]           [INFO]     |                                                                                                    |
[2023-02-28 13:21:53,960] [builder.py:1735]           [INFO]     | 2 Movies Processed                                                                                 |
[2023-02-28 13:21:53,960] [builder.py:1743]           [INFO]     |                                                                                                    |
[2023-02-28 13:21:53,961] [util.py:216]               [INFO]     |================================== Removed from X-Men Collection ===================================|
[2023-02-28 13:21:53,961] [builder.py:1745]           [INFO]     |                                                                                                    |
[2023-02-28 13:21:53,989] [builder.py:1751]           [INFO]     | 1/9 | X-Men Collection | - | X-Men (2000)                                                          |
[2023-02-28 13:21:54,152] [builder.py:1751]           [INFO]     | 2/9 | X-Men Collection | - | X2: X-Men United (2003)                                               |
[2023-02-28 13:21:54,688] [builder.py:1751]           [INFO]     | 3/9 | X-Men Collection | - | X-Men: The Last Stand (2006)                                          |
[2023-02-28 13:21:54,842] [builder.py:1751]           [INFO]     | 4/9 | X-Men Collection | - | X-Men Origins: Wolverine (2009)                                       |
[2023-02-28 13:21:55,012] [builder.py:1751]           [INFO]     | 5/9 | X-Men Collection | - | X-Men: First Class (2011)                                             |
[2023-02-28 13:21:55,178] [builder.py:1751]           [INFO]     | 6/9 | X-Men Collection | - | X-Men: Days of Future Past (2014)                                     |
[2023-02-28 13:21:55,348] [builder.py:1751]           [INFO]     | 7/9 | X-Men Collection | - | X-Men: Apocalypse (2016)                                              |
[2023-02-28 13:21:55,525] [builder.py:1751]           [INFO]     | 8/9 | X-Men Collection | - | Logan (2017)                                                          |
[2023-02-28 13:21:55,721] [builder.py:1751]           [INFO]     | 9/9 | X-Men Collection | - | X-Men: Dark Phoenix (2019)                                            |
[2023-02-28 13:21:55,853] [builder.py:1768]           [INFO]     |                                                                                                    |
[2023-02-28 13:21:55,853] [builder.py:1769]           [INFO]     | 9 Movie Removed                                                                                    |
[2023-02-28 13:21:55,854] [builder.py:1929]           [INFO]     |                                                                                                    |
[2023-02-28 13:21:55,854] [util.py:216]               [INFO]     |================================ Missing Movies from Library: X-Men ================================|
[2023-02-28 13:21:55,854] [builder.py:1931]           [INFO]     |                                                                                                    |
[2023-02-28 13:21:55,855] [builder.py:1943]           [INFO]     | X-Men Collection | ? | Deadpool 3 (2024) (TMDb: 533535)                                            |
[2023-02-28 13:21:55,856] [builder.py:1943]           [INFO]     | X-Men Collection | ? | Once Upon a Deadpool (2018) (TMDb: 567604)                                  |
[2023-02-28 13:21:55,856] [builder.py:1947]           [INFO]     |                                                                                                    |
[2023-02-28 13:21:55,857] [builder.py:1948]           [INFO]     | 2 Movies Missing                                                                                   |
[2023-02-28 13:21:56,068] [builder.py:2147]           [INFO]     |                                                                                                    |
[2023-02-28 13:21:56,069] [util.py:216]               [INFO]     |=============================== Updating Details of X-Men Collection ===============================|
[2023-02-28 13:21:56,069] [builder.py:2149]           [INFO]     |                                                                                                    |
[2023-02-28 13:21:56,070] [builder.py:2156]           [INFO]     | Detail: tmdb_collection_details updated Collection Summary                                         |
[2023-02-28 13:21:56,070] [builder.py:2235]           [DEBUG]    | {'summary.value': 'A film series on the anti-superhero of the same name. A funnier and humorous side of X-Men.', 'summary.locked': 1} |
[2023-02-28 13:21:56,078] [builder.py:2237]           [INFO]     | Details: have been updated                                                                         |
[2023-02-28 13:21:56,080] [builder.py:2258]           [DEBUG]    | 2 posters found:                                                                                   |
[2023-02-28 13:21:56,080] [builder.py:2260]           [DEBUG]    | Method: tmdb_collection_details Poster: https://image.tmdb.org/t/p/original/u9vctxUKeGRZ4x2Yiaqj2y3AeYv.jpg |
[2023-02-28 13:21:56,080] [builder.py:2260]           [DEBUG]    | Method: url_poster Poster: https://theposterdb.com/api/assets/18380                                |
[2023-02-28 13:21:56,081] [builder.py:2298]           [DEBUG]    | 1 backgrounds found:                                                                               |
[2023-02-28 13:21:56,081] [builder.py:2300]           [DEBUG]    | Method: tmdb_collection_details Background: https://image.tmdb.org/t/p/original/hBQOWY8qWXJVFAc8yLTh1teIu43.jpg |
[2023-02-28 13:21:57,162] [library.py:145]            [INFO]     | Detail: url_poster updated poster to [URL] https://theposterdb.com/api/assets/18380                |
[2023-02-28 13:21:57,206] [library.py:195]            [INFO]     | Detail: tmdb_collection_details updated background to [URL] https://image.tmdb.org/t/p/original/hBQOWY8qWXJVFAc8yLTh1teIu43.jpg |
[2023-02-28 13:21:57,405] [plex_meta_manager.py:880]  [INFO]     |                                                                                                    |
[2023-02-28 13:21:57,405] [util.py:209]               [INFO]     |====================================================================================================|
[2023-02-28 13:21:57,406] [util.py:216]               [INFO]     |                                     Finished X-Men Collection                                      |
[2023-02-28 13:21:57,406] [util.py:216]               [INFO]     |                                    Collection Run Time: 0:00:03                                    |
[2023-02-28 13:21:57,406] [util.py:220]               [INFO]     |====================================================================================================|
