[2023-02-28 13:19:32,823] [util.py:209]               [INFO]     |====================================================================================================|
[2023-02-28 13:19:32,824] [util.py:216]               [INFO]     |                                The Maze Runner Collection in Movies                                |
[2023-02-28 13:19:32,824] [util.py:220]               [INFO]     |====================================================================================================|
[2023-02-28 13:19:32,825] [plex_meta_manager.py:750]  [INFO]     |                                                                                                    |
[2023-02-28 13:19:32,825] [util.py:216]               [INFO]     |============================== Validating The Maze Runner Attributes ===============================|
[2023-02-28 13:19:32,825] [builder.py:265]            [DEBUG]    |                                                                                                    |
[2023-02-28 13:19:32,826] [builder.py:266]            [DEBUG]    | Validating Method: template                                                                        |
[2023-02-28 13:19:32,826] [meta.py:83]                [DEBUG]    | Value: ordereddict([('name', 'Collection'), ('collection', 295130), ('poster', 'https://theposterdb.com/api/assets/174')]) |
[2023-02-28 13:19:32,826] [builder.py:330]            [DEBUG]    |                                                                                                    |
[2023-02-28 13:19:32,826] [builder.py:331]            [DEBUG]    | Validating Method: sync_mode                                                                       |
[2023-02-28 13:19:32,827] [builder.py:335]            [DEBUG]    | Value: sync                                                                                        |
[2023-02-28 13:19:32,827] [builder.py:453]            [DEBUG]    |                                                                                                    |
[2023-02-28 13:19:32,827] [builder.py:454]            [DEBUG]    | Validating Method: collection_order                                                                |
[2023-02-28 13:19:32,827] [builder.py:455]            [DEBUG]    | Value: release                                                                                     |
[2023-02-28 13:19:32,827] [builder.py:472]            [DEBUG]    |                                                                                                    |
[2023-02-28 13:19:32,828] [builder.py:473]            [DEBUG]    | Validating Method: tmdb_collection_details                                                         |
[2023-02-28 13:19:32,828] [builder.py:474]            [DEBUG]    | Value: 295130                                                                                      |
[2023-02-28 13:19:32,918] [builder.py:472]            [DEBUG]    |                                                                                                    |
[2023-02-28 13:19:32,919] [builder.py:473]            [DEBUG]    | Validating Method: sort_title                                                                      |
[2023-02-28 13:19:32,919] [builder.py:474]            [DEBUG]    | Value: 00000f_The Maze Runner                                                                      |
[2023-02-28 13:19:32,919] [builder.py:472]            [DEBUG]    |                                                                                                    |
[2023-02-28 13:19:32,919] [builder.py:473]            [DEBUG]    | Validating Method: url_poster                                                                      |
[2023-02-28 13:19:32,920] [builder.py:474]            [DEBUG]    | Value: https://theposterdb.com/api/assets/174                                                      |
[2023-02-28 13:19:33,113] [builder.py:619]            [INFO]     |                                                                                                    |
[2023-02-28 13:19:33,113] [builder.py:620]            [INFO]     | Validation Successful                                                                              |
[2023-02-28 13:19:33,114] [plex_meta_manager.py:758]  [INFO]     |                                                                                                    |
[2023-02-28 13:19:33,114] [util.py:216]               [INFO]     |================================ Running The Maze Runner Collection ================================|
[2023-02-28 13:19:33,114] [plex_meta_manager.py:773]  [INFO]     |                                                                                                    |
[2023-02-28 13:19:33,115] [plex_meta_manager.py:774]  [INFO]     | Sync Mode: sync                                                                                    |
[2023-02-28 13:19:33,115] [builder.py:1275]           [DEBUG]    |                                                                                                    |
[2023-02-28 13:19:33,115] [builder.py:1276]           [DEBUG]    | Builder: tmdb_collection: 295130                                                                   |
[2023-02-28 13:19:33,116] [builder.py:1277]           [INFO]     |                                                                                                    |
[2023-02-28 13:19:33,116] [tmdb.py:323]               [INFO]     | Processing TMDb Collection: (295130) The Maze Runner Collection (3 Items)                          |
[2023-02-28 13:19:33,116] [builder.py:1282]           [DEBUG]    |                                                                                                    |
[2023-02-28 13:19:33,116] [builder.py:1283]           [DEBUG]    | 3 IDs Found: [(198663, 'tmdb'), (294254, 'tmdb'), (336843, 'tmdb')]                                |
[2023-02-28 13:19:33,117] [builder.py:1284]           [DEBUG]    |                                                                                                    |
[2023-02-28 13:19:33,186] [builder.py:1697]           [INFO]     |                                                                                                    |
[2023-02-28 13:19:33,186] [util.py:216]               [INFO]     |=============================== Adding to The Maze Runner Collection ===============================|
[2023-02-28 13:19:33,187] [builder.py:1699]           [INFO]     |                                                                                                    |
[2023-02-28 13:19:33,187] [builder.py:1709]           [INFO]     | 1/3 | The Maze Runner Collection | = | The Maze Runner (2014)                                      |
[2023-02-28 13:19:33,187] [builder.py:1709]           [INFO]     | 2/3 | The Maze Runner Collection | = | Maze Runner: The Scorch Trials (2015)                       |
[2023-02-28 13:19:33,188] [builder.py:1709]           [INFO]     | 3/3 | The Maze Runner Collection | = | Maze Runner: The Death Cure (2018)                          |
[2023-02-28 13:19:33,188] [builder.py:1734]           [INFO]     |                                                                                                    |
[2023-02-28 13:19:33,188] [builder.py:1735]           [INFO]     | 3 Movies Processed                                                                                 |
[2023-02-28 13:19:33,193] [builder.py:2147]           [INFO]     |                                                                                                    |
[2023-02-28 13:19:33,194] [util.py:216]               [INFO]     |========================== Updating Details of The Maze Runner Collection ==========================|
[2023-02-28 13:19:33,194] [builder.py:2149]           [INFO]     |                                                                                                    |
[2023-02-28 13:19:33,194] [builder.py:2156]           [INFO]     | Detail: tmdb_collection_details updated Collection Summary                                         |
[2023-02-28 13:19:33,195] [builder.py:2258]           [DEBUG]    | 2 posters found:                                                                                   |
[2023-02-28 13:19:33,195] [builder.py:2260]           [DEBUG]    | Method: tmdb_collection_details Poster: https://image.tmdb.org/t/p/original/wQ0l9sq0Bm6OAeqY4w6NWjP9jwS.jpg |
[2023-02-28 13:19:33,196] [builder.py:2260]           [DEBUG]    | Method: url_poster Poster: https://theposterdb.com/api/assets/174                                  |
[2023-02-28 13:19:33,196] [builder.py:2298]           [DEBUG]    | 1 backgrounds found:                                                                               |
[2023-02-28 13:19:33,196] [builder.py:2300]           [DEBUG]    | Method: tmdb_collection_details Background: https://image.tmdb.org/t/p/original/te8ibHFhjwWXZTCtQIPRUFjxWX2.jpg |
[2023-02-28 13:19:33,197] [library.py:147]            [INFO]     | Detail: poster update not needed                                                                   |
[2023-02-28 13:19:33,198] [library.py:197]            [INFO]     | Detail: background update not needed                                                               |
[2023-02-28 13:19:33,393] [plex_meta_manager.py:880]  [INFO]     |                                                                                                    |
[2023-02-28 13:19:33,393] [util.py:209]               [INFO]     |====================================================================================================|
[2023-02-28 13:19:33,394] [util.py:216]               [INFO]     |                                Finished The Maze Runner Collection                                 |
[2023-02-28 13:19:33,394] [util.py:216]               [INFO]     |                                    Collection Run Time: 0:00:00                                    |
[2023-02-28 13:19:33,394] [util.py:220]               [INFO]     |====================================================================================================|
