[2023-02-14 01:11:06,586] [util.py:209]               [INFO]     |====================================================================================================|
[2023-02-14 01:11:06,587] [util.py:216]               [INFO]     |                                  DreamWorks Collection in Movies                                   |
[2023-02-14 01:11:06,587] [util.py:220]               [INFO]     |====================================================================================================|
[2023-02-14 01:11:06,587] [plex_meta_manager.py:750]  [INFO]     |                                                                                                    |
[2023-02-14 01:11:06,588] [util.py:216]               [INFO]     |================================= Validating DreamWorks Attributes =================================|
[2023-02-14 01:11:06,588] [builder.py:265]            [DEBUG]    |                                                                                                    |
[2023-02-14 01:11:06,589] [builder.py:266]            [DEBUG]    | Validating Method: template                                                                        |
[2023-02-14 01:11:06,589] [meta.py:83]                [DEBUG]    | Value: ordereddict([('name', 'Studio'), ('company', 521), ('poster', 'https://theposterdb.com/api/assets/52723')]) |
[2023-02-14 01:11:06,589] [builder.py:453]            [DEBUG]    |                                                                                                    |
[2023-02-14 01:11:06,589] [builder.py:454]            [DEBUG]    | Validating Method: collection_order                                                                |
[2023-02-14 01:11:06,590] [builder.py:455]            [DEBUG]    | Value: release.desc                                                                                |
[2023-02-14 01:11:06,590] [builder.py:472]            [DEBUG]    |                                                                                                    |
[2023-02-14 01:11:06,590] [builder.py:473]            [DEBUG]    | Validating Method: filters                                                                         |
[2023-02-14 01:11:06,590] [builder.py:474]            [DEBUG]    | Value: ordereddict([('collection.not', 'Aardman')])                                                |
[2023-02-14 01:11:06,621] [builder.py:472]            [DEBUG]    |                                                                                                    |
[2023-02-14 01:11:06,621] [builder.py:473]            [DEBUG]    | Validating Method: summary                                                                         |
[2023-02-14 01:11:06,622] [builder.py:474]            [DEBUG]    | Value: DreamWorks Animation LLC (also simply known as DreamWorks) is an American animation studio and a subsidiary of Universal Pictures, itself a subsidiary of Comcast's NBCUniversal. It is based in Glendale, California, and produces animated feature films, television programs, and online virtual games. |
[2023-02-14 01:11:06,622] [builder.py:472]            [DEBUG]    |                                                                                                    |
[2023-02-14 01:11:06,622] [builder.py:473]            [DEBUG]    | Validating Method: tmdb_company                                                                    |
[2023-02-14 01:11:06,622] [builder.py:474]            [DEBUG]    | Value: 521                                                                                         |
[2023-02-14 01:11:06,721] [builder.py:472]            [DEBUG]    |                                                                                                    |
[2023-02-14 01:11:06,722] [builder.py:473]            [DEBUG]    | Validating Method: url_poster                                                                      |
[2023-02-14 01:11:06,722] [builder.py:474]            [DEBUG]    | Value: https://theposterdb.com/api/assets/52723                                                    |
[2023-02-14 01:11:06,722] [builder.py:472]            [DEBUG]    |                                                                                                    |
[2023-02-14 01:11:06,722] [builder.py:473]            [DEBUG]    | Validating Method: sort_title                                                                      |
[2023-02-14 01:11:06,723] [builder.py:474]            [DEBUG]    | Value: 00000e_DreamWorks                                                                           |
[2023-02-14 01:11:06,862] [builder.py:619]            [INFO]     |                                                                                                    |
[2023-02-14 01:11:06,863] [builder.py:620]            [INFO]     | Validation Successful                                                                              |
[2023-02-14 01:11:06,863] [plex_meta_manager.py:758]  [INFO]     |                                                                                                    |
[2023-02-14 01:11:06,863] [util.py:216]               [INFO]     |================================== Running DreamWorks Collection ===================================|
[2023-02-14 01:11:06,864] [plex_meta_manager.py:773]  [INFO]     |                                                                                                    |
[2023-02-14 01:11:06,864] [plex_meta_manager.py:774]  [INFO]     | Sync Mode: append                                                                                  |
[2023-02-14 01:11:06,864] [plex_meta_manager.py:777]  [INFO]     |                                                                                                    |
[2023-02-14 01:11:06,864] [plex_meta_manager.py:779]  [INFO]     | Collection Filter collection.not: ['Aardman']                                                      |
[2023-02-14 01:11:06,865] [builder.py:1275]           [DEBUG]    |                                                                                                    |
[2023-02-14 01:11:06,865] [builder.py:1276]           [DEBUG]    | Builder: tmdb_company: 521                                                                         |
[2023-02-14 01:11:06,865] [builder.py:1277]           [INFO]     |                                                                                                    |
[2023-02-14 01:11:07,592] [tmdb.py:282]               [INFO]     | Processing TMDb Company: (521) DreamWorks Animation (119 Movies)                                   |
[2023-02-14 01:11:07,592] [builder.py:1282]           [DEBUG]    |                                                                                                    |
[2023-02-14 01:11:07,593] [builder.py:1283]           [DEBUG]    | 119 IDs Found: [(315162, 'tmdb'), (1045944, 'tmdb'), (417859, 'tmdb'), (808, 'tmdb'), (809, 'tmdb'), (10192, 'tmdb'), (629542, 'tmdb'), (459151, 'tmdb'), (83201, 'tmdb'), (529203, 'tmdb'), (810, 'tmdb'), (166428, 'tmdb'), (462650, 'tmdb'), (953, 'tmdb'), (270946, 'tmdb'), (82702, 'tmdb'), (9502, 'tmdb'), (10191, 'tmdb'), (421892, 'tmdb'), (9023, 'tmdb'), (140300, 'tmdb'), (49444, 'tmdb'), (637693, 'tmdb'), (49519, 'tmdb'), (80321, 'tmdb'), (10527, 'tmdb'), (446893, 'tmdb'), (638507, 'tmdb'), (7443, 'tmdb'), (38055, 'tmdb'), (81188, 'tmdb'), (896221, 'tmdb'), (136799, 'tmdb'), (15512, 'tmdb'), (10555, 'tmdb'), (228161, 'tmdb'), (16366, 'tmdb'), (730840, 'tmdb'), (10501, 'tmdb'), (9837, 'tmdb'), (5559, 'tmdb'), (11619, 'tmdb'), (14411, 'tmdb'), (13394, 'tmdb'), (431580, 'tmdb'), (7518, 'tmdb'), (82703, 'tmdb'), (533, 'tmdb'), (48466, 'tmdb'), (268531, 'tmdb'), (15854, 'tmdb'), (77950, 'tmdb'), (8916, 'tmdb'), (1036956, 'tmdb'), (91417, 'tmdb'), (298115, 'tmdb'), (295693, 'tmdb'), (25523, 'tmdb'), (25472, 'tmdb'), (161143, 'tmdb'), (47626, 'tmdb'), (57718, 'tmdb'), (484510, 'tmdb'), (81003, 'tmdb'), (381693, 'tmdb'), (79379, 'tmdb'), (10258, 'tmdb'), (50393, 'tmdb'), (26840, 'tmdb'), (51256, 'tmdb'), (53985, 'tmdb'), (58508, 'tmdb'), (1011985, 'tmdb'), (118249, 'tmdb'), (723895, 'tmdb'), (82530, 'tmdb'), (768076, 'tmdb'), (686941, 'tmdb'), (653904, 'tmdb'), (528644, 'tmdb'), (85693, 'tmdb'), (24884, 'tmdb'), (118248, 'tmdb'), (256346, 'tmdb'), (490156, 'tmdb'), (901362, 'tmdb'), (668602, 'tmdb'), (381690, 'tmdb'), (456661, 'tmdb'), (981424, 'tmdb'), (460789, 'tmdb'), (953654, 'tmdb'), (118251, 'tmdb'), (510738, 'tmdb'), (291174, 'tmdb'), (258076, 'tmdb'), (999336, 'tmdb'), (789477, 'tmdb'), (575510, 'tmdb'), (801876, 'tmdb'), (680941, 'tmdb'), (118254, 'tmdb'), (1040148, 'tmdb'), (607386, 'tmdb'), (251278, 'tmdb'), (661386, 'tmdb'), (999314, 'tmdb'), (501861, 'tmdb'), (1046032, 'tmdb'), (917477, 'tmdb'), (875656, 'tmdb'), (829339, 'tmdb'), (801735, 'tmdb'), (774370, 'tmdb'), (743226, 'tmdb'), (722812, 'tmdb'), (690669, 'tmdb'), (673628, 'tmdb'), (559579, 'tmdb')] |
[2023-02-14 01:11:07,593] [builder.py:1284]           [DEBUG]    |                                                                                                    |
[2023-02-14 01:11:07,968] [builder.py:1697]           [INFO]     |                                                                                                    |
[2023-02-14 01:11:07,968] [util.py:216]               [INFO]     |================================= Adding to DreamWorks Collection ==================================|
[2023-02-14 01:11:07,969] [builder.py:1699]           [INFO]     |                                                                                                    |
[2023-02-14 01:11:07,969] [builder.py:1709]           [INFO]     |  1/18 | DreamWorks Collection | = | Puss in Boots: The Last Wish (2022)                            |
[2023-02-14 01:11:07,969] [builder.py:1709]           [INFO]     |  2/18 | DreamWorks Collection | = | Puss in Boots (2011)                                           |
[2023-02-14 01:11:07,969] [builder.py:1709]           [INFO]     |  3/18 | DreamWorks Collection | = | Shrek (2001)                                                   |
[2023-02-14 01:11:07,970] [builder.py:1709]           [INFO]     |  4/18 | DreamWorks Collection | = | Shrek 2 (2004)                                                 |
[2023-02-14 01:11:07,970] [builder.py:1709]           [INFO]     |  5/18 | DreamWorks Collection | = | Shrek Forever After (2010)                                     |
[2023-02-14 01:11:07,970] [builder.py:1709]           [INFO]     |  6/18 | DreamWorks Collection | = | The Bad Guys (2022)                                            |
[2023-02-14 01:11:07,971] [builder.py:1709]           [INFO]     |  7/18 | DreamWorks Collection | = | Puss in Boots: The Three Diablos (2012)                        |
[2023-02-14 01:11:07,971] [builder.py:1709]           [INFO]     |  8/18 | DreamWorks Collection | = | Shrek the Third (2007)                                         |
[2023-02-14 01:11:07,971] [builder.py:1709]           [INFO]     |  9/18 | DreamWorks Collection | = | How to Train Your Dragon: The Hidden World (2019)              |
[2023-02-14 01:11:07,972] [builder.py:1709]           [INFO]     | 10/18 | DreamWorks Collection | = | How to Train Your Dragon 2 (2014)                              |
[2023-02-14 01:11:07,972] [builder.py:1709]           [INFO]     | 11/18 | DreamWorks Collection | = | Kung Fu Panda (2008)                                           |
[2023-02-14 01:11:07,972] [builder.py:1709]           [INFO]     | 12/18 | DreamWorks Collection | = | How to Train Your Dragon (2010)                                |
[2023-02-14 01:11:07,972] [builder.py:1709]           [INFO]     | 13/18 | DreamWorks Collection | = | Kung Fu Panda 3 (2016)                                         |
[2023-02-14 01:11:07,973] [builder.py:1709]           [INFO]     | 14/18 | DreamWorks Collection | = | Kung Fu Panda 2 (2011)                                         |
[2023-02-14 01:11:07,974] [builder.py:1709]           [INFO]     | 15/18 | DreamWorks Collection | = | The Road to El Dorado (2000)                                   |
[2023-02-14 01:11:07,974] [builder.py:1709]           [INFO]     | 16/18 | DreamWorks Collection | = | The Prince of Egypt (1998)                                     |
[2023-02-14 01:11:07,974] [builder.py:1709]           [INFO]     | 17/18 | DreamWorks Collection | = | Shrek the Halls (2007)                                         |
[2023-02-14 01:11:07,975] [builder.py:1709]           [INFO]     | 18/18 | DreamWorks Collection | = | The Madagascar Penguins in a Christmas Caper (2005)            |
[2023-02-14 01:11:07,975] [builder.py:1734]           [INFO]     |                                                                                                    |
[2023-02-14 01:11:07,975] [builder.py:1735]           [INFO]     | 18 Movies Processed                                                                                |
[2023-02-14 01:11:07,976] [builder.py:1929]           [INFO]     |                                                                                                    |
[2023-02-14 01:11:07,976] [util.py:216]               [INFO]     |============================= Missing Movies from Library: DreamWorks ==============================|
[2023-02-14 01:11:07,976] [builder.py:1931]           [INFO]     |                                                                                                    |
[2023-02-14 01:11:07,977] [builder.py:1943]           [INFO]     | DreamWorks Collection | ? | The Boss Baby: Christmas Bonus (2022) (TMDb: 1045944)                  |
[2023-02-14 01:11:08,105] [builder.py:1943]           [INFO]     | DreamWorks Collection | ? | The Boss Baby: Family Business (2021) (TMDb: 459151)                   |
[2023-02-14 01:11:08,219] [builder.py:1943]           [INFO]     | DreamWorks Collection | ? | The Croods: A New Age (2020) (TMDb: 529203)                            |
[2023-02-14 01:11:08,333] [builder.py:1943]           [INFO]     | DreamWorks Collection | ? | Puss in Book: Trapped in an Epic Tale (2017) (TMDb: 462650)            |
[2023-02-14 01:11:08,448] [builder.py:1943]           [INFO]     | DreamWorks Collection | ? | Madagascar (2005) (TMDb: 953)                                          |
[2023-02-14 01:11:08,575] [builder.py:1943]           [INFO]     | DreamWorks Collection | ? | Penguins of Madagascar (2014) (TMDb: 270946)                           |
[2023-02-14 01:11:08,694] [builder.py:1943]           [INFO]     | DreamWorks Collection | ? | Shrek 5 (TMDb: 421892)                                                 |
[2023-02-14 01:11:08,821] [builder.py:1943]           [INFO]     | DreamWorks Collection | ? | Spirit: Stallion of the Cimarron (2002) (TMDb: 9023)                   |
[2023-02-14 01:11:08,925] [builder.py:1943]           [INFO]     | DreamWorks Collection | ? | Spirit Untamed (2021) (TMDb: 637693)                                   |
[2023-02-14 01:11:09,051] [builder.py:1943]           [INFO]     | DreamWorks Collection | ? | The Croods (2013) (TMDb: 49519)                                        |
[2023-02-14 01:11:09,171] [builder.py:1943]           [INFO]     | DreamWorks Collection | ? | Madagascar 3: Europe's Most Wanted (2012) (TMDb: 80321)                |
[2023-02-14 01:11:09,306] [builder.py:1943]           [INFO]     | DreamWorks Collection | ? | Madagascar: Escape 2 Africa (2008) (TMDb: 10527)                       |
[2023-02-14 01:11:09,423] [builder.py:1943]           [INFO]     | DreamWorks Collection | ? | Trolls World Tour (2020) (TMDb: 446893)                                |
[2023-02-14 01:11:09,536] [builder.py:1943]           [INFO]     | DreamWorks Collection | ? | How to Train Your Dragon: Homecoming (2019) (TMDb: 638507)             |
[2023-02-14 01:11:09,661] [builder.py:1943]           [INFO]     | DreamWorks Collection | ? | Megamind (2010) (TMDb: 38055)                                          |
[2023-02-14 01:11:09,793] [builder.py:1943]           [INFO]     | DreamWorks Collection | ? | Rise of the Guardians (2012) (TMDb: 81188)                             |
[2023-02-14 01:11:09,914] [builder.py:1943]           [INFO]     | DreamWorks Collection | ? | Trolls Holiday in Harmony (2021) (TMDb: 896221)                        |
[2023-02-14 01:11:10,023] [builder.py:1943]           [INFO]     | DreamWorks Collection | ? | Trolls (2016) (TMDb: 136799)                                           |
[2023-02-14 01:11:10,150] [builder.py:1943]           [INFO]     | DreamWorks Collection | ? | Monsters vs Aliens (2009) (TMDb: 15512)                                |
[2023-02-14 01:11:10,261] [builder.py:1943]           [INFO]     | DreamWorks Collection | ? | Shark Tale (2004) (TMDb: 10555)                                        |
[2023-02-14 01:11:10,374] [builder.py:1943]           [INFO]     | DreamWorks Collection | ? | Home (2015) (TMDb: 228161)                                             |
[2023-02-14 01:11:10,508] [builder.py:1943]           [INFO]     | DreamWorks Collection | ? | Joseph: King of Dreams (2000) (TMDb: 16366)                            |
[2023-02-14 01:11:10,620] [builder.py:1943]           [INFO]     | DreamWorks Collection | ? | Trollhunters: Rise of the Titans (2021) (TMDb: 730840)                 |
[2023-02-14 01:11:10,753] [builder.py:1943]           [INFO]     | DreamWorks Collection | ? | Bee Movie (2007) (TMDb: 5559)                                          |
[2023-02-14 01:11:10,866] [builder.py:1943]           [INFO]     | DreamWorks Collection | ? | Sinbad: Legend of the Seven Seas (2003) (TMDb: 14411)                  |
[2023-02-14 01:11:11,007] [builder.py:1943]           [INFO]     | DreamWorks Collection | ? | Abominable (2019) (TMDb: 431580)                                       |
[2023-02-14 01:11:11,126] [builder.py:1943]           [INFO]     | DreamWorks Collection | ? | Over the Hedge (2006) (TMDb: 7518)                                     |
[2023-02-14 01:11:11,244] [builder.py:1943]           [INFO]     | DreamWorks Collection | ? | Mr. Peabody & Sherman (2014) (TMDb: 82703)                             |
[2023-02-14 01:11:11,368] [builder.py:1943]           [INFO]     | DreamWorks Collection | ? | Scared Shrekless (2010) (TMDb: 48466)                                  |
[2023-02-14 01:11:11,501] [builder.py:1943]           [INFO]     | DreamWorks Collection | ? | Captain Underpants: The First Epic Movie (2017) (TMDb: 268531)         |
[2023-02-14 01:11:11,611] [builder.py:1943]           [INFO]     | DreamWorks Collection | ? | Kung Fu Panda: Secrets of the Furious Five (2008) (TMDb: 15854)        |
[2023-02-14 01:11:11,725] [builder.py:1943]           [INFO]     | DreamWorks Collection | ? | Turbo (2013) (TMDb: 77950)                                             |
[2023-02-14 01:11:11,850] [builder.py:1943]           [INFO]     | DreamWorks Collection | ? | Antz (1998) (TMDb: 8916)                                               |
[2023-02-14 01:11:11,985] [builder.py:1943]           [INFO]     | DreamWorks Collection | ? | Jurassic World Camp Cretaceous: Hidden Adventure (2022) (TMDb: 1036956) |
[2023-02-14 01:11:12,156] [builder.py:1943]           [INFO]     | DreamWorks Collection | ? | Dragons: Gift of the Night Fury (2011) (TMDb: 91417)                   |
[2023-02-14 01:11:12,281] [builder.py:1943]           [INFO]     | DreamWorks Collection | ? | Dragons: Dawn Of The Dragon Racers (2014) (TMDb: 298115)               |
[2023-02-14 01:11:12,403] [builder.py:1943]           [INFO]     | DreamWorks Collection | ? | The Boss Baby (2017) (TMDb: 295693)                                    |
[2023-02-14 01:11:12,563] [builder.py:1943]           [INFO]     | DreamWorks Collection | ? | The Ghost of Lord Farquaad (2003) (TMDb: 25523)                        |
[2023-02-14 01:11:12,681] [builder.py:1943]           [INFO]     | DreamWorks Collection | ? | Merry Madagascar (2009) (TMDb: 25472)                                  |
[2023-02-14 01:11:12,811] [builder.py:1943]           [INFO]     | DreamWorks Collection | ? | Madly Madagascar (2013) (TMDb: 161143)                                 |
[2023-02-14 01:11:12,967] [builder.py:1943]           [INFO]     | DreamWorks Collection | ? | Legend of the BoneKnapper Dragon (2010) (TMDb: 47626)                  |
[2023-02-14 01:11:13,095] [builder.py:1943]           [INFO]     | DreamWorks Collection | ? | Megamind: The Button of Doom (2011) (TMDb: 57718)                      |
[2023-02-14 01:11:13,217] [builder.py:1943]           [INFO]     | DreamWorks Collection | ? | Trolls Holiday (2017) (TMDb: 484510)                                   |
[2023-02-14 01:11:13,327] [builder.py:1943]           [INFO]     | DreamWorks Collection | ? | Kung Fu Panda: Secrets of the Masters (2011) (TMDb: 81003)             |
[2023-02-14 01:11:13,429] [builder.py:1943]           [INFO]     | DreamWorks Collection | ? | Kung Fu Panda: Secrets of the Scroll (2016) (TMDb: 381693)             |
[2023-02-14 01:11:13,539] [builder.py:1943]           [INFO]     | DreamWorks Collection | ? | Book of Dragons (2011) (TMDb: 79379)                                   |
[2023-02-14 01:11:13,654] [builder.py:1943]           [INFO]     | DreamWorks Collection | ? | Kung Fu Panda Holiday (2010) (TMDb: 50393)                             |
[2023-02-14 01:11:13,770] [builder.py:1943]           [INFO]     | DreamWorks Collection | ? | Shrek in the Swamp Karaoke Dance Party (2001) (TMDb: 26840)            |
[2023-02-14 01:11:13,897] [builder.py:1943]           [INFO]     | DreamWorks Collection | ? | Donkey's Christmas Shrektacular (2010) (TMDb: 51256)                   |
[2023-02-14 01:11:14,036] [builder.py:1943]           [INFO]     | DreamWorks Collection | ? | Mutant Pumpkins from Outer Space (2009) (TMDb: 53985)                  |
[2023-02-14 01:11:14,176] [builder.py:1943]           [INFO]     | DreamWorks Collection | ? | Far Far Away Idol (2004) (TMDb: 58508)                                 |
[2023-02-14 01:11:14,301] [builder.py:1943]           [INFO]     | DreamWorks Collection | ? | Kung Fu Panda 4 (2024) (TMDb: 1011985)                                 |
[2023-02-14 01:11:14,420] [builder.py:1943]           [INFO]     | DreamWorks Collection | ? | Shrek: Thriller Night (2011) (TMDb: 118249)                            |
[2023-02-14 01:11:14,543] [builder.py:1943]           [INFO]     | DreamWorks Collection | ? | Dragons: Rescue Riders: Secrets of the Songwing (2020) (TMDb: 723895)  |
[2023-02-14 01:11:14,670] [builder.py:1943]           [INFO]     | DreamWorks Collection | ? | The Pig Who Cried Werewolf (2011) (TMDb: 82530)                        |
[2023-02-14 01:11:14,819] [builder.py:1943]           [INFO]     | DreamWorks Collection | ? | Dragons: Rescue Riders: Huttsgalor Holiday (2020) (TMDb: 768076)       |
[2023-02-14 01:11:15,040] [builder.py:1943]           [INFO]     | DreamWorks Collection | ? | Dragons: Rescue Riders: Hunt for the Golden Dragon (2020) (TMDb: 686941) |
[2023-02-14 01:11:15,164] [builder.py:1943]           [INFO]     | DreamWorks Collection | ? | Spirit Riding Free: Spirit of Christmas (2019) (TMDb: 653904)          |
[2023-02-14 01:11:15,337] [builder.py:1943]           [INFO]     | DreamWorks Collection | ? | Bilby (2019) (TMDb: 528644)                                            |
[2023-02-14 01:11:15,465] [builder.py:1943]           [INFO]     | DreamWorks Collection | ? | Hammy's Boomerang Adventure (2006) (TMDb: 85693)                       |
[2023-02-14 01:11:15,593] [builder.py:1943]           [INFO]     | DreamWorks Collection | ? | B.O.B.'s Big Break (2009) (TMDb: 24884)                                |
[2023-02-14 01:11:15,700] [builder.py:1943]           [INFO]     | DreamWorks Collection | ? | Night of the Living Carrots (2011) (TMDb: 118248)                      |
[2023-02-14 01:11:15,827] [builder.py:1943]           [INFO]     | DreamWorks Collection | ? | Almost Home (2014) (TMDb: 256346)                                      |
[2023-02-14 01:11:15,938] [builder.py:1943]           [INFO]     | DreamWorks Collection | ? | DreamWorks Home: For the Holidays (2017) (TMDb: 490156)                |
[2023-02-14 01:11:16,072] [builder.py:1943]           [INFO]     | DreamWorks Collection | ? | Trolls Band Together (2023) (TMDb: 901362)                             |
[2023-02-14 01:11:16,193] [builder.py:1943]           [INFO]     | DreamWorks Collection | ? | Captain Underpants: Epic Choice-o-rama (2020) (TMDb: 668602)           |
[2023-02-14 01:11:16,306] [builder.py:1943]           [INFO]     | DreamWorks Collection | ? | Sinbad and the Cyclops Island (2003) (TMDb: 381690)                    |
[2023-02-14 01:11:16,460] [builder.py:1943]           [INFO]     | DreamWorks Collection | ? | Panda Paws (2016) (TMDb: 456661)                                       |
[2023-02-14 01:11:16,649] [builder.py:1943]           [INFO]     | DreamWorks Collection | ? | Maraschino Ruby (2022) (TMDb: 981424)                                  |
[2023-02-14 01:11:16,767] [builder.py:1943]           [INFO]     | DreamWorks Collection | ? | The Boss Baby and Tim's Treasure Hunt Through Time (2017) (TMDb: 460789) |
[2023-02-14 01:11:16,887] [builder.py:1943]           [INFO]     | DreamWorks Collection | ? | The Boss Baby 3 (TMDb: 953654)                                         |
[2023-02-14 01:11:17,024] [builder.py:1943]           [INFO]     | DreamWorks Collection | ? | First Flight (2006) (TMDb: 118251)                                     |
[2023-02-14 01:11:17,145] [builder.py:1943]           [INFO]     | DreamWorks Collection | ? | Bird Karma (2018) (TMDb: 510738)                                       |
[2023-02-14 01:11:17,266] [builder.py:1943]           [INFO]     | DreamWorks Collection | ? | VeggieTales: Celery Night Fever (2014) (TMDb: 291174)                  |
[2023-02-14 01:11:17,380] [builder.py:1943]           [INFO]     | DreamWorks Collection | ? | Rocky and Bullwinkle (2014) (TMDb: 258076)                             |
[2023-02-14 01:11:17,489] [builder.py:1943]           [INFO]     | DreamWorks Collection | ? | Trolls: Trolla-Palooza Tour (2017) (TMDb: 999336)                      |
[2023-02-14 01:11:17,699] [builder.py:1943]           [INFO]     | DreamWorks Collection | ? | Trollhunters: Happy Birthday to You! (2017) (TMDb: 789477)             |
[2023-02-14 01:11:17,821] [builder.py:1943]           [INFO]     | DreamWorks Collection | ? | Where No One Goes: The Making of How to Train Your Dragon 2 (2015) (TMDb: 575510) |
[2023-02-14 01:11:17,977] [builder.py:1943]           [INFO]     | DreamWorks Collection | ? | Dear Diary: World's First Pranks (2021) (TMDb: 801876)                 |
[2023-02-14 01:11:18,102] [builder.py:1943]           [INFO]     | DreamWorks Collection | ? | To: Gerard (2020) (TMDb: 680941)                                       |
[2023-02-14 01:11:18,209] [builder.py:1943]           [INFO]     | DreamWorks Collection | ? | Club Oscar (2005) (TMDb: 118254)                                       |
[2023-02-14 01:11:18,336] [builder.py:1943]           [INFO]     | DreamWorks Collection | ? | Meet the Gillmans (TMDb: 1040148)                                      |
[2023-02-14 01:11:18,443] [builder.py:1943]           [INFO]     | DreamWorks Collection | ? | Marooned (2019) (TMDb: 607386)                                         |
[2023-02-14 01:11:18,598] [builder.py:1943]           [INFO]     | DreamWorks Collection | ? | CyberWorld (2000) (TMDb: 251278)                                       |
[2023-02-14 01:11:18,720] [builder.py:1943]           [INFO]     | DreamWorks Collection | ? | The Penguins of Madagascar: Operation Antarctica (2012) (TMDb: 661386) |
[2023-02-14 01:11:18,863] [builder.py:1943]           [INFO]     | DreamWorks Collection | ? | Trolls: Together (2017) (TMDb: 999314)                                 |
[2023-02-14 01:11:18,996] [builder.py:1943]           [INFO]     | DreamWorks Collection | ? | The Croodaceous Creatures of 'Croods' (2013) (TMDb: 501861)            |
[2023-02-14 01:11:19,211] [builder.py:1943]           [INFO]     | DreamWorks Collection | ? | The Bad Guys: Holiday Heist (TMDb: 1046032)                            |
[2023-02-14 01:11:19,404] [builder.py:1943]           [INFO]     | DreamWorks Collection | ? | Real Steel 2 (TMDb: 917477)                                            |
[2023-02-14 01:11:19,525] [builder.py:1943]           [INFO]     | DreamWorks Collection | ? | Precious Templeton: A Pony Tale (2021) (TMDb: 875656)                  |
[2023-02-14 01:11:19,651] [builder.py:1943]           [INFO]     | DreamWorks Collection | ? | Kung Fu Panda: Unstoppable Awesomeness (2016) (TMDb: 829339)           |
[2023-02-14 01:11:19,771] [builder.py:1943]           [INFO]     | DreamWorks Collection | ? | Family Movie Night: Little Red Bronana Bread (2021) (TMDb: 801735)     |
[2023-02-14 01:11:19,938] [builder.py:1943]           [INFO]     | DreamWorks Collection | ? | Dog Man (TMDb: 774370)                                                 |
[2023-02-14 01:11:20,079] [builder.py:1943]           [INFO]     | DreamWorks Collection | ? | Ronan Boyle And The Book Of Riddles (TMDb: 743226)                     |
[2023-02-14 01:11:20,215] [builder.py:1943]           [INFO]     | DreamWorks Collection | ? | Tiny Diamond Goes Back to School (2020) (TMDb: 722812)                 |
[2023-02-14 01:11:20,360] [builder.py:1943]           [INFO]     | DreamWorks Collection | ? | Shadows (TMDb: 690669)                                                 |
[2023-02-14 01:11:20,487] [builder.py:1943]           [INFO]     | DreamWorks Collection | ? | Show & Tell (2019) (TMDb: 673628)                                      |
[2023-02-14 01:11:20,676] [builder.py:1943]           [INFO]     | DreamWorks Collection | ? | Mice and Mystics (TMDb: 559579)                                        |
[2023-02-14 01:11:20,676] [builder.py:1947]           [INFO]     |                                                                                                    |
[2023-02-14 01:11:20,676] [builder.py:1948]           [INFO]     | 98 Movies Missing                                                                                  |
[2023-02-14 01:11:20,905] [builder.py:2147]           [INFO]     |                                                                                                    |
[2023-02-14 01:11:20,906] [util.py:216]               [INFO]     |============================ Updating Details of DreamWorks Collection =============================|
[2023-02-14 01:11:20,906] [builder.py:2149]           [INFO]     |                                                                                                    |
[2023-02-14 01:11:20,906] [builder.py:2156]           [INFO]     | Detail: summary updated Collection Summary                                                         |
[2023-02-14 01:11:20,907] [builder.py:2258]           [DEBUG]    | 1 posters found:                                                                                   |
[2023-02-14 01:11:20,908] [builder.py:2260]           [DEBUG]    | Method: url_poster Poster: https://theposterdb.com/api/assets/52723                                |
[2023-02-14 01:11:20,908] [builder.py:2327]           [INFO]     | No background collection detail or asset folder found                                              |
[2023-02-14 01:11:20,909] [library.py:147]            [INFO]     | Detail: poster update not needed                                                                   |
[2023-02-14 01:11:21,042] [plex_meta_manager.py:880]  [INFO]     |                                                                                                    |
[2023-02-14 01:11:21,043] [util.py:209]               [INFO]     |====================================================================================================|
[2023-02-14 01:11:21,043] [util.py:216]               [INFO]     |                                   Finished DreamWorks Collection                                   |
[2023-02-14 01:11:21,044] [util.py:216]               [INFO]     |                                    Collection Run Time: 0:00:14                                    |
[2023-02-14 01:11:21,044] [util.py:220]               [INFO]     |====================================================================================================|
