[2023-02-25 03:19:10,563] [util.py:209]               [INFO]     |====================================================================================================|
[2023-02-25 03:19:10,564] [util.py:216]               [INFO]     |                                     TNT Collection in TV Shows                                     |
[2023-02-25 03:19:10,564] [util.py:220]               [INFO]     |====================================================================================================|
[2023-02-25 03:19:10,564] [plex_meta_manager.py:750]  [INFO]     |                                                                                                    |
[2023-02-25 03:19:10,565] [util.py:216]               [INFO]     |==================================== Validating TNT Attributes =====================================|
[2023-02-25 03:19:10,565] [builder.py:265]            [DEBUG]    |                                                                                                    |
[2023-02-25 03:19:10,565] [builder.py:266]            [DEBUG]    | Validating Method: template                                                                        |
[2023-02-25 03:19:10,566] [meta.py:83]                [DEBUG]    | Value: ordereddict([('name', 'network'), ('network', 41), ('poster', 'https://theposterdb.com/api/assets/207429')]) |
[2023-02-25 03:19:10,567] [builder.py:330]            [DEBUG]    |                                                                                                    |
[2023-02-25 03:19:10,567] [builder.py:331]            [DEBUG]    | Validating Method: sync_mode                                                                       |
[2023-02-25 03:19:10,567] [builder.py:335]            [DEBUG]    | Value: sync                                                                                        |
[2023-02-25 03:19:10,567] [builder.py:453]            [DEBUG]    |                                                                                                    |
[2023-02-25 03:19:10,568] [builder.py:454]            [DEBUG]    | Validating Method: collection_order                                                                |
[2023-02-25 03:19:10,568] [builder.py:455]            [DEBUG]    | Value: alpha                                                                                       |
[2023-02-25 03:19:10,568] [builder.py:472]            [DEBUG]    |                                                                                                    |
[2023-02-25 03:19:10,568] [builder.py:473]            [DEBUG]    | Validating Method: tmdb_network                                                                    |
[2023-02-25 03:19:10,569] [builder.py:474]            [DEBUG]    | Value: 41                                                                                          |
[2023-02-25 03:19:10,708] [builder.py:472]            [DEBUG]    |                                                                                                    |
[2023-02-25 03:19:10,708] [builder.py:473]            [DEBUG]    | Validating Method: url_poster                                                                      |
[2023-02-25 03:19:10,708] [builder.py:474]            [DEBUG]    | Value: https://theposterdb.com/api/assets/207429                                                   |
[2023-02-25 03:19:10,708] [builder.py:472]            [DEBUG]    |                                                                                                    |
[2023-02-25 03:19:10,709] [builder.py:473]            [DEBUG]    | Validating Method: sort_title                                                                      |
[2023-02-25 03:19:10,709] [builder.py:474]            [DEBUG]    | Value: +4_TNT                                                                                      |
[2023-02-25 03:19:10,714] [plex.py:687]               [DEBUG]    | Looking for: TNT                                                                                   |
[2023-02-25 03:19:10,715] [builder.py:619]            [INFO]     |                                                                                                    |
[2023-02-25 03:19:10,715] [builder.py:620]            [INFO]     | Validation Successful                                                                              |
[2023-02-25 03:19:10,716] [plex_meta_manager.py:758]  [INFO]     |                                                                                                    |
[2023-02-25 03:19:10,716] [util.py:216]               [INFO]     |====================================== Running TNT Collection ======================================|
[2023-02-25 03:19:10,716] [plex_meta_manager.py:773]  [INFO]     |                                                                                                    |
[2023-02-25 03:19:10,716] [plex_meta_manager.py:774]  [INFO]     | Sync Mode: sync                                                                                    |
[2023-02-25 03:19:10,717] [builder.py:1275]           [DEBUG]    |                                                                                                    |
[2023-02-25 03:19:10,717] [builder.py:1276]           [DEBUG]    | Builder: tmdb_network: 41                                                                          |
[2023-02-25 03:19:10,717] [builder.py:1277]           [INFO]     |                                                                                                    |
[2023-02-25 03:19:11,536] [tmdb.py:282]               [INFO]     | Processing TMDb Network: (41) TNT (102 Shows)                                                      |
[2023-02-25 03:19:11,536] [builder.py:1282]           [DEBUG]    |                                                                                                    |
[2023-02-25 03:19:11,537] [builder.py:1283]           [DEBUG]    | 102 IDs Found: [(1450, 'tmdb_show'), (7482, 'tmdb_show'), (60802, 'tmdb_show'), (3137, 'tmdb_show'), (79680, 'tmdb_show'), (32895, 'tmdb_show'), (39483, 'tmdb_show'), (66025, 'tmdb_show'), (126997, 'tmdb_show'), (61599, 'tmdb_show'), (91555, 'tmdb_show'), (71769, 'tmdb_show'), (39497, 'tmdb_show'), (39957, 'tmdb_show'), (34967, 'tmdb_show'), (17611, 'tmdb_show'), (636, 'tmdb_show'), (60855, 'tmdb_show'), (60129, 'tmdb_show'), (237, 'tmdb_show'), (271, 'tmdb_show'), (16208, 'tmdb_show'), (71199, 'tmdb_show'), (27562, 'tmdb_show'), (2120, 'tmdb_show'), (10190, 'tmdb_show'), (33301, 'tmdb_show'), (11099, 'tmdb_show'), (5256, 'tmdb_show'), (81239, 'tmdb_show'), (9899, 'tmdb_show'), (18797, 'tmdb_show'), (64836, 'tmdb_show'), (7389, 'tmdb_show'), (4340, 'tmdb_show'), (19531, 'tmdb_show'), (37759, 'tmdb_show'), (23608, 'tmdb_show'), (6974, 'tmdb_show'), (18856, 'tmdb_show'), (5314, 'tmdb_show'), (63645, 'tmdb_show'), (44840, 'tmdb_show'), (2332, 'tmdb_show'), (23715, 'tmdb_show'), (58818, 'tmdb_show'), (71528, 'tmdb_show'), (2756, 'tmdb_show'), (5315, 'tmdb_show'), (64237, 'tmdb_show'), (11640, 'tmdb_show'), (80, 'tmdb_show'), (11222, 'tmdb_show'), (17271, 'tmdb_show'), (48692, 'tmdb_show'), (43721, 'tmdb_show'), (56401, 'tmdb_show'), (1837, 'tmdb_show'), (153678, 'tmdb_show'), (71367, 'tmdb_show'), (157512, 'tmdb_show'), (49391, 'tmdb_show'), (33036, 'tmdb_show'), (62812, 'tmdb_show'), (10388, 'tmdb_show'), (47093, 'tmdb_show'), (10784, 'tmdb_show'), (63464, 'tmdb_show'), (170, 'tmdb_show'), (62910, 'tmdb_show'), (48917, 'tmdb_show'), (63017, 'tmdb_show'), (197990, 'tmdb_show'), (72191, 'tmdb_show'), (64650, 'tmdb_show'), (37339, 'tmdb_show'), (47177, 'tmdb_show'), (125575, 'tmdb_show'), (101428, 'tmdb_show'), (54788, 'tmdb_show'), (49163, 'tmdb_show'), (119506, 'tmdb_show'), (78531, 'tmdb_show'), (22939, 'tmdb_show'), (71756, 'tmdb_show'), (49027, 'tmdb_show'), (194949, 'tmdb_show'), (78944, 'tmdb_show'), (93921, 'tmdb_show'), (71664, 'tmdb_show'), (29497, 'tmdb_show'), (39117, 'tmdb_show'), (24348, 'tmdb_show'), (92889, 'tmdb_show'), (78946, 'tmdb_show'), (72559, 'tmdb_show'), (46789, 'tmdb_show'), (43445, 'tmdb_show'), (31037, 'tmdb_show'), (16121, 'tmdb_show'), (15190, 'tmdb_show'), (10617, 'tmdb_show')] |
[2023-02-25 03:19:11,537] [builder.py:1284]           [DEBUG]    |                                                                                                    |
[2023-02-25 03:19:11,663] [builder.py:1361]           [ERROR]    | Convert Error: No TVDb ID Found for TMDb ID: 23715                                                 |
[2023-02-25 03:19:11,804] [builder.py:1361]           [ERROR]    | Convert Error: No TVDb ID Found for TMDb ID: 80                                                    |
[2023-02-25 03:19:11,910] [builder.py:1361]           [ERROR]    | Convert Error: No TVDb ID Found for TMDb ID: 197990                                                |
[2023-02-25 03:19:12,015] [builder.py:1361]           [ERROR]    | Convert Error: No TVDb ID Found for TMDb ID: 47177                                                 |
[2023-02-25 03:19:12,150] [builder.py:1361]           [ERROR]    | Convert Error: No TVDb ID Found for TMDb ID: 49163                                                 |
[2023-02-25 03:19:12,372] [builder.py:1361]           [ERROR]    | Convert Error: No TVDb ID Found for TMDb ID: 78531                                                 |
[2023-02-25 03:19:12,477] [builder.py:1361]           [ERROR]    | Convert Error: No TVDb ID Found for TMDb ID: 49027                                                 |
[2023-02-25 03:19:12,583] [builder.py:1361]           [ERROR]    | Convert Error: No TVDb ID Found for TMDb ID: 194949                                                |
[2023-02-25 03:19:12,689] [builder.py:1361]           [ERROR]    | Convert Error: No TVDb ID Found for TMDb ID: 78944                                                 |
[2023-02-25 03:19:12,801] [builder.py:1361]           [ERROR]    | Convert Error: No TVDb ID Found for TMDb ID: 93921                                                 |
[2023-02-25 03:19:12,907] [builder.py:1361]           [ERROR]    | Convert Error: No TVDb ID Found for TMDb ID: 71664                                                 |
[2023-02-25 03:19:13,000] [builder.py:1361]           [ERROR]    | Convert Error: No TVDb ID Found for TMDb ID: 29497                                                 |
[2023-02-25 03:19:13,102] [builder.py:1361]           [ERROR]    | Convert Error: No TVDb ID Found for TMDb ID: 39117                                                 |
[2023-02-25 03:19:13,226] [builder.py:1361]           [ERROR]    | Convert Error: No TVDb ID Found for TMDb ID: 24348                                                 |
[2023-02-25 03:19:13,342] [builder.py:1361]           [ERROR]    | Convert Error: No TVDb ID Found for TMDb ID: 78946                                                 |
[2023-02-25 03:19:13,456] [builder.py:1361]           [ERROR]    | Convert Error: No TVDb ID Found for TMDb ID: 72559                                                 |
[2023-02-25 03:19:13,554] [builder.py:1361]           [ERROR]    | Convert Error: No TVDb ID Found for TMDb ID: 46789                                                 |
[2023-02-25 03:19:13,666] [builder.py:1361]           [ERROR]    | Convert Error: No TVDb ID Found for TMDb ID: 43445                                                 |
[2023-02-25 03:19:13,778] [builder.py:1361]           [ERROR]    | Convert Error: No TVDb ID Found for TMDb ID: 31037                                                 |
[2023-02-25 03:19:13,884] [builder.py:1361]           [ERROR]    | Convert Error: No TVDb ID Found for TMDb ID: 16121                                                 |
[2023-02-25 03:19:14,012] [builder.py:1361]           [ERROR]    | Convert Error: No TVDb ID Found for TMDb ID: 15190                                                 |
[2023-02-25 03:19:14,111] [builder.py:1361]           [ERROR]    | Convert Error: No TVDb ID Found for TMDb ID: 10617                                                 |
[2023-02-25 03:19:14,111] [plex_meta_manager.py:797]  [INFO]     |                                                                                                    |
[2023-02-25 03:19:14,111] [plex_meta_manager.py:798]  [INFO]     | Collection Minimum: 1 not met for TNT Collection                                                   |
[2023-02-25 03:19:14,112] [builder.py:1969]           [INFO]     |                                                                                                    |
[2023-02-25 03:19:14,112] [util.py:216]               [INFO]     |================================= Missing Shows from Library: TNT ==================================|
[2023-02-25 03:19:14,112] [builder.py:1971]           [INFO]     |                                                                                                    |
[2023-02-25 03:19:14,629] [builder.py:1982]           [INFO]     | TNT Collection | ? | The Closer (TVDB: 74875)                                                      |
[2023-02-25 03:19:15,199] [builder.py:1982]           [INFO]     | TNT Collection | ? | Leverage (TVDB: 82339)                                                        |
[2023-02-25 03:19:15,771] [builder.py:1982]           [INFO]     | TNT Collection | ? | The Last Ship (TVDB: 269533)                                                  |
[2023-02-25 03:19:16,527] [builder.py:1982]           [INFO]     | TNT Collection | ? | Babylon 5 (TVDB: 70726)                                                       |
[2023-02-25 03:19:17,035] [builder.py:1982]           [INFO]     | TNT Collection | ? | Snowpiercer (TVDB: 364928)                                                    |
[2023-02-25 03:19:17,692] [builder.py:1982]           [INFO]     | TNT Collection | ? | Rizzoli & Isles (TVDB: 161461)                                                |
[2023-02-25 03:19:18,155] [builder.py:1982]           [INFO]     | TNT Collection | ? | Major Crimes (TVDB: 257248)                                                   |
[2023-02-25 03:19:18,626] [builder.py:1982]           [INFO]     | TNT Collection | ? | Animal Kingdom (2016) (TVDB: 304262)                                          |
[2023-02-25 03:19:19,161] [builder.py:1982]           [INFO]     | TNT Collection | ? | All Elite Wrestling: Rampage (TVDB: 403243)                                   |
[2023-02-25 03:19:19,593] [builder.py:1982]           [INFO]     | TNT Collection | ? | The Librarians (2014) (TVDB: 281709)                                          |
[2023-02-25 03:19:20,340] [builder.py:1982]           [INFO]     | TNT Collection | ? | All Elite Wrestling: Dynamite (TVDB: 369003)                                  |
[2023-02-25 03:19:20,696] [builder.py:1982]           [INFO]     | TNT Collection | ? | The Alienist (TVDB: 328690)                                                   |
[2023-02-25 03:19:21,113] [builder.py:1982]           [INFO]     | TNT Collection | ? | Transporter (TVDB: 248962)                                                    |
[2023-02-25 03:19:21,414] [builder.py:1982]           [INFO]     | TNT Collection | ? | Perception (TVDB: 248757)                                                     |
[2023-02-25 03:19:21,989] [builder.py:1982]           [INFO]     | TNT Collection | ? | Falling Skies (TVDB: 205281)                                                  |
[2023-02-25 03:19:22,465] [builder.py:1982]           [INFO]     | TNT Collection | ? | SouthLAnd (TVDB: 84645)                                                       |
[2023-02-25 03:19:22,878] [builder.py:1982]           [INFO]     | TNT Collection | ? | Kung Fu: The Legend Continues (TVDB: 78197)                                   |
[2023-02-25 03:19:23,225] [builder.py:1982]           [INFO]     | TNT Collection | ? | Legends (2014) (TVDB: 265074)                                                 |
[2023-02-25 03:19:23,567] [builder.py:1982]           [INFO]     | TNT Collection | ? | Murder in the First (TVDB: 273402)                                            |
[2023-02-25 03:19:23,925] [builder.py:1982]           [INFO]     | TNT Collection | ? | Mortal Kombat: Conquest (TVDB: 74923)                                         |
[2023-02-25 03:19:24,403] [builder.py:1982]           [INFO]     | TNT Collection | ? | Ellen (TVDB: 76813)                                                           |
[2023-02-25 03:19:24,663] [builder.py:1982]           [INFO]     | TNT Collection | ? | Men of a Certain Age (TVDB: 121431)                                           |
[2023-02-25 03:19:24,995] [builder.py:1982]           [INFO]     | TNT Collection | ? | Claws (TVDB: 321149)                                                          |
[2023-02-25 03:19:25,192] [builder.py:1982]           [INFO]     | TNT Collection | ? | Screen Actors Guild Awards (TVDB: 266085)                                     |
[2023-02-25 03:19:25,485] [builder.py:1982]           [INFO]     | TNT Collection | ? | Crusade (TVDB: 71790)                                                         |
[2023-02-25 03:19:25,840] [builder.py:1982]           [INFO]     | TNT Collection | ? | Witchblade (TVDB: 79072)                                                      |
[2023-02-25 03:19:26,202] [builder.py:1982]           [INFO]     | TNT Collection | ? | Franklin & Bash (TVDB: 164041)                                                |
[2023-02-25 03:19:26,530] [builder.py:1982]           [INFO]     | TNT Collection | ? | Into the West (TVDB: 78828)                                                   |
[2023-02-25 03:19:26,802] [builder.py:1982]           [INFO]     | TNT Collection | ? | The Mists of Avalon (TVDB: 128661)                                            |
[2023-02-25 03:19:27,078] [builder.py:1982]           [INFO]     | TNT Collection | ? | I Am the Night (TVDB: 349997)                                                 |
[2023-02-25 03:19:27,424] [builder.py:1982]           [INFO]     | TNT Collection | ? | Saving Grace (TVDB: 80381)                                                    |
[2023-02-25 03:19:27,722] [builder.py:1982]           [INFO]     | TNT Collection | ? | Dark Blue (TVDB: 95781)                                                       |
[2023-02-25 03:19:28,036] [builder.py:1982]           [INFO]     | TNT Collection | ? | Good Behavior (TVDB: 306753)                                                  |
[2023-02-25 03:19:28,356] [builder.py:1982]           [INFO]     | TNT Collection | ? | Nuremberg (TVDB: 80961)                                                       |
[2023-02-25 03:19:28,676] [builder.py:1982]           [INFO]     | TNT Collection | ? | Nightmares & Dreamscapes: From the Stories of Stephen King (TVDB: 79389)      |
[2023-02-25 03:19:28,909] [builder.py:1982]           [INFO]     | TNT Collection | ? | Salem's Lot (2004) (TVDB: 153321)                                             |
[2023-02-25 03:19:29,361] [builder.py:1982]           [INFO]     | TNT Collection | ? | Dallas (2012) (TVDB: 242521)                                                  |
[2023-02-25 03:19:29,609] [builder.py:1982]           [INFO]     | TNT Collection | ? | AFI Life Achievement Award (TVDB: 146191)                                     |
[2023-02-25 03:19:29,898] [builder.py:1982]           [INFO]     | TNT Collection | ? | Raising the Bar (TVDB: 82340)                                                 |
[2023-02-25 03:19:30,186] [builder.py:1982]           [INFO]     | TNT Collection | ? | HawthoRNe (TVDB: 95741)                                                       |
[2023-02-25 03:19:30,453] [builder.py:1982]           [INFO]     | TNT Collection | ? | The Company (TVDB: 80424)                                                     |
[2023-02-25 03:19:30,732] [builder.py:1982]           [INFO]     | TNT Collection | ? | Agent X (TVDB: 291517)                                                        |
[2023-02-25 03:19:31,050] [builder.py:1982]           [INFO]     | TNT Collection | ? | Mob City (TVDB: 259632)                                                       |
[2023-02-25 03:19:31,287] [builder.py:1982]           [INFO]     | TNT Collection | ? | L.A. Heat (TVDB: 74998)                                                       |
[2023-02-25 03:19:31,718] [builder.py:1982]           [INFO]     | TNT Collection | ? | Cold Justice (TVDB: 271773)                                                   |
[2023-02-25 03:19:31,984] [builder.py:1982]           [INFO]     | TNT Collection | ? | Drop the Mic (TVDB: 332509)                                                   |
[2023-02-25 03:19:32,216] [builder.py:1982]           [INFO]     | TNT Collection | ? | Heartland (2007) (TVDB: 80260)                                                |
[2023-02-25 03:19:32,574] [builder.py:1982]           [INFO]     | TNT Collection | ? | The New Adventures of Robin Hood (TVDB: 73680)                                |
[2023-02-25 03:19:32,838] [builder.py:1982]           [INFO]     | TNT Collection | ? | Historia de un clan (TVDB: 300787)                                            |
[2023-02-25 03:19:33,143] [builder.py:1982]           [INFO]     | TNT Collection | ? | Bull (TVDB: 75821)                                                            |
[2023-02-25 03:19:33,596] [builder.py:1982]           [INFO]     | TNT Collection | ? | MonsterVision (TVDB: 78223)                                                   |
[2023-02-25 03:19:33,870] [builder.py:1982]           [INFO]     | TNT Collection | ? | Trust Me (2009) (TVDB: 84262)                                                 |
[2023-02-25 03:19:34,190] [builder.py:1982]           [INFO]     | TNT Collection | ? | Julius Caesar (TVDB: 228971)                                                  |
[2023-02-25 03:19:34,514] [builder.py:1982]           [INFO]     | TNT Collection | ? | Monday Mornings (TVDB: 258884)                                                |
[2023-02-25 03:19:34,773] [builder.py:1982]           [INFO]     | TNT Collection | ? | King & Maxwell (TVDB: 267988)                                                 |
[2023-02-25 03:19:35,198] [builder.py:1982]           [INFO]     | TNT Collection | ? | WCW Monday Nitro (TVDB: 76962)                                                |
[2023-02-25 03:19:35,569] [builder.py:1982]           [INFO]     | TNT Collection | ? | All Elite Wrestling: Battle Of The Belts (TVDB: 418949)                       |
[2023-02-25 03:19:35,840] [builder.py:1982]           [INFO]     | TNT Collection | ? | Will (TVDB: 320720)                                                           |
[2023-02-25 03:19:36,049] [builder.py:1982]           [INFO]     | TNT Collection | ? | Rich & Shameless (TVDB: 416717)                                               |
[2023-02-25 03:19:36,288] [builder.py:1982]           [INFO]     | TNT Collection | ? | Young Catherine (TVDB: 350447)                                                |
[2023-02-25 03:19:36,561] [builder.py:1982]           [INFO]     | TNT Collection | ? | Memphis Beat (TVDB: 157621)                                                   |
[2023-02-25 03:19:36,874] [builder.py:1982]           [INFO]     | TNT Collection | ? | Proof (2015) (TVDB: 281708)                                                   |
[2023-02-25 03:19:37,107] [builder.py:1982]           [INFO]     | TNT Collection | ? | Wanted (TVDB: 78809)                                                          |
[2023-02-25 03:19:37,340] [builder.py:1982]           [INFO]     | TNT Collection | ? | Rough Riders (TVDB: 205191)                                                   |
[2023-02-25 03:19:37,627] [builder.py:1982]           [INFO]     | TNT Collection | ? | The Grid (TVDB: 78950)                                                        |
[2023-02-25 03:19:37,848] [builder.py:1982]           [INFO]     | TNT Collection | ? | Public Morals (2015) (TVDB: 281707)                                           |
[2023-02-25 03:19:38,139] [builder.py:1982]           [INFO]     | TNT Collection | ? | Saved (TVDB: 79401)                                                           |
[2023-02-25 03:19:38,347] [builder.py:1982]           [INFO]     | TNT Collection | ? | Wake Up Call (TVDB: 288328)                                                   |
[2023-02-25 03:19:38,579] [builder.py:1982]           [INFO]     | TNT Collection | ? | The Hero (2013) (TVDB: 270156)                                                |
[2023-02-25 03:19:38,814] [builder.py:1982]           [INFO]     | TNT Collection | ? | Cold Justice: Sex Crimes (TVDB: 298474)                                       |
[2023-02-25 03:19:38,978] [builder.py:1982]           [INFO]     | TNT Collection | ? | The Nightmare Years (TVDB: 243881)                                            |
[2023-02-25 03:19:39,206] [builder.py:1982]           [INFO]     | TNT Collection | ? | Signos (TVDB: 302711)                                                         |
[2023-02-25 03:19:39,434] [builder.py:1982]           [INFO]     | TNT Collection | ? | Boston's Finest (TVDB: 262964)                                                |
[2023-02-25 03:19:39,639] [builder.py:1982]           [INFO]     | TNT Collection | ? | Rhodes to the Top (TVDB: 399895)                                              |
[2023-02-25 03:19:39,915] [builder.py:1982]           [INFO]     | TNT Collection | ? | Shaq Life (TVDB: 379863)                                                      |
[2023-02-25 03:19:40,111] [builder.py:1982]           [INFO]     | TNT Collection | ? | 72 Hours (TVDB: 270173)                                                       |
[2023-02-25 03:19:40,327] [builder.py:1982]           [INFO]     | TNT Collection | ? | The Inside Story (2021) (TVDB: 397963)                                        |
[2023-02-25 03:19:40,569] [builder.py:1982]           [INFO]     | TNT Collection | ? | MGM: When the Lion Roars (TVDB: 152991)                                       |
[2023-02-25 03:19:40,815] [builder.py:1982]           [INFO]     | TNT Collection | ? | The Dunk King (TVDB: 311670)                                                  |
[2023-02-25 03:19:41,043] [builder.py:1982]           [INFO]     | TNT Collection | ? | Chasing the Cure (TVDB: 367533)                                               |
[2023-02-25 03:19:41,044] [builder.py:1986]           [INFO]     |                                                                                                    |
[2023-02-25 03:19:41,044] [builder.py:1987]           [INFO]     | 80 Shows Missing                                                                                   |
[2023-02-25 03:19:46,122] [plex_meta_manager.py:880]  [INFO]     |                                                                                                    |
[2023-02-25 03:19:46,123] [util.py:209]               [INFO]     |====================================================================================================|
[2023-02-25 03:19:46,123] [util.py:216]               [INFO]     |                                      Finished TNT Collection                                       |
[2023-02-25 03:19:46,124] [util.py:216]               [INFO]     |                                    Collection Run Time: 0:00:35                                    |
[2023-02-25 03:19:46,124] [util.py:220]               [INFO]     |====================================================================================================|
