[2023-01-31 02:40:14,604] [util.py:209]               [INFO]     |====================================================================================================|
[2023-01-31 02:40:14,605] [util.py:216]               [INFO]     |                               Comedy Central Collection in TV Shows                                |
[2023-01-31 02:40:14,605] [util.py:220]               [INFO]     |====================================================================================================|
[2023-01-31 02:40:14,605] [plex_meta_manager.py:750]  [INFO]     |                                                                                                    |
[2023-01-31 02:40:14,606] [util.py:216]               [INFO]     |=============================== Validating Comedy Central Attributes ===============================|
[2023-01-31 02:40:14,606] [builder.py:265]            [DEBUG]    |                                                                                                    |
[2023-01-31 02:40:14,606] [builder.py:266]            [DEBUG]    | Validating Method: template                                                                        |
[2023-01-31 02:40:14,606] [meta.py:83]                [DEBUG]    | Value: ordereddict([('name', 'network'), ('network', 47), ('poster', 'https://theposterdb.com/api/assets/193571')]) |
[2023-01-31 02:40:14,607] [builder.py:330]            [DEBUG]    |                                                                                                    |
[2023-01-31 02:40:14,607] [builder.py:331]            [DEBUG]    | Validating Method: sync_mode                                                                       |
[2023-01-31 02:40:14,607] [builder.py:335]            [DEBUG]    | Value: sync                                                                                        |
[2023-01-31 02:40:14,607] [builder.py:453]            [DEBUG]    |                                                                                                    |
[2023-01-31 02:40:14,608] [builder.py:454]            [DEBUG]    | Validating Method: collection_order                                                                |
[2023-01-31 02:40:14,608] [builder.py:455]            [DEBUG]    | Value: alpha                                                                                       |
[2023-01-31 02:40:14,608] [builder.py:472]            [DEBUG]    |                                                                                                    |
[2023-01-31 02:40:14,608] [builder.py:473]            [DEBUG]    | Validating Method: tmdb_network                                                                    |
[2023-01-31 02:40:14,609] [builder.py:474]            [DEBUG]    | Value: 47                                                                                          |
[2023-01-31 02:40:14,712] [builder.py:472]            [DEBUG]    |                                                                                                    |
[2023-01-31 02:40:14,712] [builder.py:473]            [DEBUG]    | Validating Method: url_poster                                                                      |
[2023-01-31 02:40:14,712] [builder.py:474]            [DEBUG]    | Value: https://theposterdb.com/api/assets/193571                                                   |
[2023-01-31 02:40:14,713] [builder.py:472]            [DEBUG]    |                                                                                                    |
[2023-01-31 02:40:14,713] [builder.py:473]            [DEBUG]    | Validating Method: sort_title                                                                      |
[2023-01-31 02:40:14,713] [builder.py:474]            [DEBUG]    | Value: +4_Comedy Central                                                                           |
[2023-01-31 02:40:14,790] [builder.py:619]            [INFO]     |                                                                                                    |
[2023-01-31 02:40:14,791] [builder.py:620]            [INFO]     | Validation Successful                                                                              |
[2023-01-31 02:40:14,792] [plex_meta_manager.py:758]  [INFO]     |                                                                                                    |
[2023-01-31 02:40:14,792] [util.py:216]               [INFO]     |================================ Running Comedy Central Collection =================================|
[2023-01-31 02:40:14,792] [plex_meta_manager.py:773]  [INFO]     |                                                                                                    |
[2023-01-31 02:40:14,792] [plex_meta_manager.py:774]  [INFO]     | Sync Mode: sync                                                                                    |
[2023-01-31 02:40:14,793] [builder.py:1275]           [DEBUG]    |                                                                                                    |
[2023-01-31 02:40:14,793] [builder.py:1276]           [DEBUG]    | Builder: tmdb_network: 47                                                                          |
[2023-01-31 02:40:14,793] [builder.py:1277]           [INFO]     |                                                                                                    |
[2023-01-31 02:40:15,904] [tmdb.py:282]               [INFO]     | Processing TMDb Network: (47) Comedy Central (179 Shows)                                           |
[2023-01-31 02:40:15,905] [builder.py:1282]           [DEBUG]    |                                                                                                    |
[2023-01-31 02:40:15,905] [builder.py:1283]           [DEBUG]    | 179 IDs Found: [(2224, 'tmdb_show'), (2190, 'tmdb_show'), (4336, 'tmdb_show'), (615, 'tmdb_show'), (4385, 'tmdb_show'), (44169, 'tmdb_show'), (1952, 'tmdb_show'), (2187, 'tmdb_show'), (18014, 'tmdb_show'), (32351, 'tmdb_show'), (36994, 'tmdb_show'), (56219, 'tmdb_show'), (713, 'tmdb_show'), (1260, 'tmdb_show'), (43082, 'tmdb_show'), (47562, 'tmdb_show'), (4787, 'tmdb_show'), (60839, 'tmdb_show'), (5580, 'tmdb_show'), (62819, 'tmdb_show'), (66374, 'tmdb_show'), (58957, 'tmdb_show'), (14540, 'tmdb_show'), (2, 'tmdb_show'), (91174, 'tmdb_show'), (96231, 'tmdb_show'), (901, 'tmdb_show'), (2513, 'tmdb_show'), (4956, 'tmdb_show'), (2097, 'tmdb_show'), (101, 'tmdb_show'), (85519, 'tmdb_show'), (62611, 'tmdb_show'), (1912, 'tmdb_show'), (61025, 'tmdb_show'), (63777, 'tmdb_show'), (71074, 'tmdb_show'), (60904, 'tmdb_show'), (1286, 'tmdb_show'), (12343, 'tmdb_show'), (73606, 'tmdb_show'), (3585, 'tmdb_show'), (75967, 'tmdb_show'), (72025, 'tmdb_show'), (1623, 'tmdb_show'), (2496, 'tmdb_show'), (69776, 'tmdb_show'), (61587, 'tmdb_show'), (68050, 'tmdb_show'), (57607, 'tmdb_show'), (17470, 'tmdb_show'), (40430, 'tmdb_show'), (7141, 'tmdb_show'), (44758, 'tmdb_show'), (8083, 'tmdb_show'), (65704, 'tmdb_show'), (46836, 'tmdb_show'), (30782, 'tmdb_show'), (91502, 'tmdb_show'), (3403, 'tmdb_show'), (7084, 'tmdb_show'), (63079, 'tmdb_show'), (16903, 'tmdb_show'), (10646, 'tmdb_show'), (31290, 'tmdb_show'), (62445, 'tmdb_show'), (5396, 'tmdb_show'), (2241, 'tmdb_show'), (555, 'tmdb_show'), (7613, 'tmdb_show'), (69866, 'tmdb_show'), (66259, 'tmdb_show'), (65680, 'tmdb_show'), (72390, 'tmdb_show'), (87609, 'tmdb_show'), (4670, 'tmdb_show'), (39522, 'tmdb_show'), (70777, 'tmdb_show'), (45595, 'tmdb_show'), (95634, 'tmdb_show'), (5214, 'tmdb_show'), (67935, 'tmdb_show'), (2249, 'tmdb_show'), (29407, 'tmdb_show'), (92230, 'tmdb_show'), (67761, 'tmdb_show'), (17046, 'tmdb_show'), (19138, 'tmdb_show'), (2067, 'tmdb_show'), (12340, 'tmdb_show'), (25986, 'tmdb_show'), (6663, 'tmdb_show'), (78841, 'tmdb_show'), (90577, 'tmdb_show'), (62237, 'tmdb_show'), (10319, 'tmdb_show'), (93305, 'tmdb_show'), (207318, 'tmdb_show'), (67260, 'tmdb_show'), (8652, 'tmdb_show'), (34508, 'tmdb_show'), (64988, 'tmdb_show'), (62993, 'tmdb_show'), (38663, 'tmdb_show'), (1556, 'tmdb_show'), (31074, 'tmdb_show'), (30062, 'tmdb_show'), (4134, 'tmdb_show'), (103215, 'tmdb_show'), (68922, 'tmdb_show'), (3563, 'tmdb_show'), (31106, 'tmdb_show'), (59746, 'tmdb_show'), (4469, 'tmdb_show'), (206084, 'tmdb_show'), (97300, 'tmdb_show'), (121909, 'tmdb_show'), (7529, 'tmdb_show'), (59344, 'tmdb_show'), (34926, 'tmdb_show'), (218473, 'tmdb_show'), (71201, 'tmdb_show'), (70309, 'tmdb_show'), (73943, 'tmdb_show'), (22895, 'tmdb_show'), (210249, 'tmdb_show'), (81360, 'tmdb_show'), (123518, 'tmdb_show'), (31095, 'tmdb_show'), (7739, 'tmdb_show'), (10486, 'tmdb_show'), (87942, 'tmdb_show'), (8782, 'tmdb_show'), (36159, 'tmdb_show'), (134028, 'tmdb_show'), (34318, 'tmdb_show'), (87724, 'tmdb_show'), (26647, 'tmdb_show'), (106296, 'tmdb_show'), (72558, 'tmdb_show'), (198143, 'tmdb_show'), (71091, 'tmdb_show'), (31690, 'tmdb_show'), (67160, 'tmdb_show'), (6097, 'tmdb_show'), (63461, 'tmdb_show'), (50651, 'tmdb_show'), (33413, 'tmdb_show'), (13041, 'tmdb_show'), (6195, 'tmdb_show'), (1724, 'tmdb_show'), (32325, 'tmdb_show'), (88511, 'tmdb_show'), (102190, 'tmdb_show'), (120757, 'tmdb_show'), (157229, 'tmdb_show'), (26355, 'tmdb_show'), (101892, 'tmdb_show'), (2998, 'tmdb_show'), (137580, 'tmdb_show'), (157, 'tmdb_show'), (70631, 'tmdb_show'), (122494, 'tmdb_show'), (109375, 'tmdb_show'), (104244, 'tmdb_show'), (69967, 'tmdb_show'), (66231, 'tmdb_show'), (59216, 'tmdb_show'), (58493, 'tmdb_show'), (40388, 'tmdb_show'), (34885, 'tmdb_show'), (26610, 'tmdb_show'), (17876, 'tmdb_show'), (12199, 'tmdb_show'), (11166, 'tmdb_show'), (10769, 'tmdb_show'), (9346, 'tmdb_show'), (8639, 'tmdb_show'), (8411, 'tmdb_show')] |
[2023-01-31 02:40:15,906] [builder.py:1284]           [DEBUG]    |                                                                                                    |
[2023-01-31 02:40:16,095] [builder.py:1361]           [ERROR]    | Convert Error: No TVDb ID Found for TMDb ID: 31290                                                 |
[2023-01-31 02:40:16,202] [builder.py:1361]           [ERROR]    | Convert Error: No TVDb ID Found for TMDb ID: 72390                                                 |
[2023-01-31 02:40:16,304] [builder.py:1361]           [ERROR]    | Convert Error: No TVDb ID Found for TMDb ID: 87609                                                 |
[2023-01-31 02:40:16,410] [builder.py:1361]           [ERROR]    | Convert Error: No TVDb ID Found for TMDb ID: 45595                                                 |
[2023-01-31 02:40:16,513] [builder.py:1361]           [ERROR]    | Convert Error: No TVDb ID Found for TMDb ID: 92230                                                 |
[2023-01-31 02:40:16,615] [builder.py:1361]           [ERROR]    | Convert Error: No TVDb ID Found for TMDb ID: 25986                                                 |
[2023-01-31 02:40:16,729] [builder.py:1361]           [ERROR]    | Convert Error: No TVDb ID Found for TMDb ID: 68922                                                 |
[2023-01-31 02:40:16,845] [builder.py:1361]           [ERROR]    | Convert Error: No TVDb ID Found for TMDb ID: 218473                                                |
[2023-01-31 02:40:16,951] [builder.py:1361]           [ERROR]    | Convert Error: No TVDb ID Found for TMDb ID: 210249                                                |
[2023-01-31 02:40:17,068] [builder.py:1361]           [ERROR]    | Convert Error: No TVDb ID Found for TMDb ID: 71091                                                 |
[2023-01-31 02:40:17,211] [builder.py:1361]           [ERROR]    | Convert Error: No TVDb ID Found for TMDb ID: 67160                                                 |
[2023-01-31 02:40:17,312] [builder.py:1361]           [ERROR]    | Convert Error: No TVDb ID Found for TMDb ID: 63461                                                 |
[2023-01-31 02:40:17,423] [builder.py:1361]           [ERROR]    | Convert Error: No TVDb ID Found for TMDb ID: 13041                                                 |
[2023-01-31 02:40:17,525] [builder.py:1361]           [ERROR]    | Convert Error: No TVDb ID Found for TMDb ID: 1724                                                  |
[2023-01-31 02:40:17,638] [builder.py:1361]           [ERROR]    | Convert Error: No TVDb ID Found for TMDb ID: 26355                                                 |
[2023-01-31 02:40:17,752] [builder.py:1361]           [ERROR]    | Convert Error: No TVDb ID Found for TMDb ID: 137580                                                |
[2023-01-31 02:40:17,861] [builder.py:1361]           [ERROR]    | Convert Error: No TVDb ID Found for TMDb ID: 109375                                                |
[2023-01-31 02:40:17,965] [builder.py:1361]           [ERROR]    | Convert Error: No TVDb ID Found for TMDb ID: 69967                                                 |
[2023-01-31 02:40:18,062] [builder.py:1361]           [ERROR]    | Convert Error: No TVDb ID Found for TMDb ID: 66231                                                 |
[2023-01-31 02:40:18,168] [builder.py:1361]           [ERROR]    | Convert Error: No TVDb ID Found for TMDb ID: 59216                                                 |
[2023-01-31 02:40:18,265] [builder.py:1361]           [ERROR]    | Convert Error: No TVDb ID Found for TMDb ID: 58493                                                 |
[2023-01-31 02:40:18,372] [builder.py:1361]           [ERROR]    | Convert Error: No TVDb ID Found for TMDb ID: 34885                                                 |
[2023-01-31 02:40:18,480] [builder.py:1361]           [ERROR]    | Convert Error: No TVDb ID Found for TMDb ID: 17876                                                 |
[2023-01-31 02:40:18,577] [builder.py:1361]           [ERROR]    | Convert Error: No TVDb ID Found for TMDb ID: 9346                                                  |
[2023-01-31 02:40:18,693] [builder.py:1361]           [ERROR]    | Convert Error: No TVDb ID Found for TMDb ID: 8639                                                  |
[2023-01-31 02:40:18,801] [builder.py:1361]           [ERROR]    | Convert Error: No TVDb ID Found for TMDb ID: 8411                                                  |
[2023-01-31 02:40:18,802] [builder.py:1697]           [INFO]     |                                                                                                    |
[2023-01-31 02:40:18,802] [util.py:216]               [INFO]     |=============================== Adding to Comedy Central Collection ================================|
[2023-01-31 02:40:18,802] [builder.py:1699]           [INFO]     |                                                                                                    |
[2023-01-31 02:40:18,803] [builder.py:1709]           [INFO]     | 1/3 | Comedy Central Collection | = | South Park                                                   |
[2023-01-31 02:40:18,803] [builder.py:1709]           [INFO]     | 2/3 | Comedy Central Collection | = | Futurama                                                     |
[2023-01-31 02:40:18,803] [builder.py:1709]           [INFO]     | 3/3 | Comedy Central Collection | = | Awkwafina Is Nora From Queens                                |
[2023-01-31 02:40:18,803] [builder.py:1734]           [INFO]     |                                                                                                    |
[2023-01-31 02:40:18,804] [builder.py:1735]           [INFO]     | 3 Shows Processed                                                                                  |
[2023-01-31 02:40:18,804] [builder.py:1969]           [INFO]     |                                                                                                    |
[2023-01-31 02:40:18,804] [util.py:216]               [INFO]     |============================ Missing Shows from Library: Comedy Central ============================|
[2023-01-31 02:40:18,805] [builder.py:1971]           [INFO]     |                                                                                                    |
[2023-01-31 02:40:21,013] [builder.py:1982]           [INFO]     | Comedy Central Collection | ? | The Daily Show (TVDB: 71256)                                       |
[2023-01-31 02:40:21,371] [builder.py:1982]           [INFO]     | Comedy Central Collection | ? | Drawn Together (TVDB: 78831)                                       |
[2023-01-31 02:40:22,130] [builder.py:1982]           [INFO]     | Comedy Central Collection | ? | The Colbert Report (TVDB: 79274)                                   |
[2023-01-31 02:40:22,413] [builder.py:1982]           [INFO]     | Comedy Central Collection | ? | Brickleberry (TVDB: 259569)                                        |
[2023-01-31 02:40:23,371] [builder.py:1982]           [INFO]     | Comedy Central Collection | ? | Mystery Science Theater 3000 (TVDB: 74806)                         |
[2023-01-31 02:40:23,902] [builder.py:1982]           [INFO]     | Comedy Central Collection | ? | Reno 911! (TVDB: 72336)                                            |
[2023-01-31 02:40:24,355] [builder.py:1982]           [INFO]     | Comedy Central Collection | ? | Tosh.0 (TVDB: 97731)                                               |
[2023-01-31 02:40:24,596] [builder.py:1982]           [INFO]     | Comedy Central Collection | ? | Ugly Americans (TVDB: 150051)                                      |
[2023-01-31 02:40:24,946] [builder.py:1982]           [INFO]     | Comedy Central Collection | ? | Workaholics (TVDB: 211751)                                         |
[2023-01-31 02:40:25,410] [builder.py:1982]           [INFO]     | Comedy Central Collection | ? | Drunk History (TVDB: 270550)                                       |
[2023-01-31 02:40:25,736] [builder.py:1982]           [INFO]     | Comedy Central Collection | ? | Chappelle's Show (TVDB: 71862)                                     |
[2023-01-31 02:40:26,007] [builder.py:1982]           [INFO]     | Comedy Central Collection | ? | Duckman (TVDB: 72056)                                              |
[2023-01-31 02:40:26,334] [builder.py:1982]           [INFO]     | Comedy Central Collection | ? | Key & Peele (TVDB: 255325)                                         |
[2023-01-31 02:40:26,735] [builder.py:1982]           [INFO]     | Comedy Central Collection | ? | Inside Amy Schumer (TVDB: 265374)                                  |
[2023-01-31 02:40:27,196] [builder.py:1982]           [INFO]     | Comedy Central Collection | ? | Comedy Central Presents (TVDB: 74337)                              |
[2023-01-31 02:40:27,586] [builder.py:1982]           [INFO]     | Comedy Central Collection | ? | Broad City (TVDB: 275557)                                          |
[2023-01-31 02:40:28,002] [builder.py:1982]           [INFO]     | Comedy Central Collection | ? | The Man Show (TVDB: 74447)                                         |
[2023-01-31 02:40:28,308] [builder.py:1982]           [INFO]     | Comedy Central Collection | ? | Another Period (TVDB: 284219)                                      |
[2023-01-31 02:40:28,548] [builder.py:1982]           [INFO]     | Comedy Central Collection | ? | Adam DeVine's House Party (TVDB: 274603)                           |
[2023-01-31 02:40:28,880] [builder.py:1982]           [INFO]     | Comedy Central Collection | ? | Nathan for You (TVDB: 267002)                                      |
[2023-01-31 02:40:29,162] [builder.py:1982]           [INFO]     | Comedy Central Collection | ? | The Tick (TVDB: 76992)                                             |
[2023-01-31 02:40:29,396] [builder.py:1982]           [INFO]     | Comedy Central Collection | ? | Clerks: The Animated Series (TVDB: 71745)                          |
[2023-01-31 02:40:29,615] [builder.py:1982]           [INFO]     | Comedy Central Collection | ? | Lights Out with David Spade (TVDB: 365717)                         |
[2023-01-31 02:40:29,916] [builder.py:1982]           [INFO]     | Comedy Central Collection | ? | The Sarah Silverman Program (TVDB: 79789)                          |
[2023-01-31 02:40:30,312] [builder.py:1982]           [INFO]     | Comedy Central Collection | ? | Dr. Katz, Professional Therapist (TVDB: 78244)                     |
[2023-01-31 02:40:30,592] [builder.py:1982]           [INFO]     | Comedy Central Collection | ? | Dilbert (TVDB: 78581)                                              |
[2023-01-31 02:40:30,879] [builder.py:1982]           [INFO]     | Comedy Central Collection | ? | Crank Yankers (TVDB: 79009)                                        |
[2023-01-31 02:40:31,130] [builder.py:1982]           [INFO]     | Comedy Central Collection | ? | Beat the Geeks (TVDB: 78110)                                       |
[2023-01-31 02:40:31,374] [builder.py:1982]           [INFO]     | Comedy Central Collection | ? | The Other Two (TVDB: 354628)                                       |
[2023-01-31 02:40:31,640] [builder.py:1982]           [INFO]     | Comedy Central Collection | ? | Review (TVDB: 276148)                                              |
[2023-01-31 02:40:31,966] [builder.py:1982]           [INFO]     | Comedy Central Collection | ? | Strangers with Candy (TVDB: 75341)                                 |
[2023-01-31 02:40:32,386] [builder.py:1982]           [INFO]     | Comedy Central Collection | ? | @midnight (TVDB: 274099)                                           |
[2023-01-31 02:40:32,634] [builder.py:1982]           [INFO]     | Comedy Central Collection | ? | Moonbeam City (TVDB: 284220)                                       |
[2023-01-31 02:40:32,839] [builder.py:1982]           [INFO]     | Comedy Central Collection | ? | The President Show (TVDB: 326425)                                  |
[2023-01-31 02:40:33,031] [builder.py:1982]           [INFO]     | Comedy Central Collection | ? | TripTank (TVDB: 273999)                                            |
[2023-01-31 02:40:33,353] [builder.py:1982]           [INFO]     | Comedy Central Collection | ? | BattleBots (TVDB: 71028)                                           |
[2023-01-31 02:40:33,700] [builder.py:1982]           [INFO]     | Comedy Central Collection | ? | Premium Blend (TVDB: 72979)                                        |
[2023-01-31 02:40:33,912] [builder.py:1982]           [INFO]     | Comedy Central Collection | ? | The Opposition with Jordan Klepper (TVDB: 332734)                  |
[2023-01-31 02:40:34,098] [builder.py:1982]           [INFO]     | Comedy Central Collection | ? | Too Late With Adam Carolla (TVDB: 79560)                           |
[2023-01-31 02:40:34,400] [builder.py:1982]           [INFO]     | Comedy Central Collection | ? | Corporate (TVDB: 339137)                                           |
[2023-01-31 02:40:34,644] [builder.py:1982]           [INFO]     | Comedy Central Collection | ? | The Jim Jefferies Show (TVDB: 328640)                              |
[2023-01-31 02:40:34,953] [builder.py:1982]           [INFO]     | Comedy Central Collection | ? | Tough Crowd (TVDB: 71817)                                          |
[2023-01-31 02:40:35,175] [builder.py:1982]           [INFO]     | Comedy Central Collection | ? | Mind of Mencia (TVDB: 78958)                                       |
[2023-01-31 02:40:35,374] [builder.py:1982]           [INFO]     | Comedy Central Collection | ? | Jeff & Some Aliens (TVDB: 320986)                                  |
[2023-01-31 02:40:35,654] [builder.py:1982]           [INFO]     | Comedy Central Collection | ? | The Nightly Show with Larry Wilmore (TVDB: 286373)                 |
[2023-01-31 02:40:35,899] [builder.py:1982]           [INFO]     | Comedy Central Collection | ? | New Kids (TVDB: 116491)                                            |
[2023-01-31 02:40:36,135] [builder.py:1982]           [INFO]     | Comedy Central Collection | ? | Kroll Show (TVDB: 265387)                                          |
[2023-01-31 02:40:36,343] [builder.py:1982]           [INFO]     | Comedy Central Collection | ? | Kröd Mändoon and the Flaming Sword of Fire (TVDB: 88631)           |
[2023-01-31 02:40:36,527] [builder.py:1982]           [INFO]     | Comedy Central Collection | ? | Hot Sluts (TVDB: 254955)                                           |
[2023-01-31 02:40:36,754] [builder.py:1982]           [INFO]     | Comedy Central Collection | ? | Important Things With Demetri Martin (TVDB: 85061)                 |
[2023-01-31 02:40:36,830] [builder.py:1977]           [ERROR]    | TVDb Error: Could not find a TVDb Series using TVDb Series ID: 258985                              |
[2023-01-31 02:40:37,018] [builder.py:1982]           [INFO]     | Comedy Central Collection | ? | Crossballs (TVDB: 74655)                                           |
[2023-01-31 02:40:37,242] [builder.py:1982]           [INFO]     | Comedy Central Collection | ? | Idiotsitter (TVDB: 305326)                                         |
[2023-01-31 02:40:37,424] [builder.py:1982]           [INFO]     | Comedy Central Collection | ? | The Jeselnik Offensive (TVDB: 266112)                              |
[2023-01-31 02:40:37,639] [builder.py:1982]           [INFO]     | Comedy Central Collection | ? | The Legend of Neil (TVDB: 91691)                                   |
[2023-01-31 02:40:37,896] [builder.py:1982]           [INFO]     | Comedy Central Collection | ? | South Side (TVDB: 364129)                                          |
[2023-01-31 02:40:38,088] [builder.py:1982]           [INFO]     | Comedy Central Collection | ? | Strip Mall (TVDB: 144261)                                          |
[2023-01-31 02:40:38,349] [builder.py:1982]           [INFO]     | Comedy Central Collection | ? | Lewis Black's Root of All Evil (TVDB: 81516)                       |
[2023-01-31 02:40:38,546] [builder.py:1982]           [INFO]     | Comedy Central Collection | ? | The Meltdown with Jonah and Kumail (TVDB: 283549)                  |
[2023-01-31 02:40:38,749] [builder.py:1982]           [INFO]     | Comedy Central Collection | ? | Live at Gotham (TVDB: 125171)                                      |
[2023-01-31 02:40:38,925] [builder.py:1982]           [INFO]     | Comedy Central Collection | ? | Gary & Mike (TVDB: 140891)                                         |
[2023-01-31 02:40:39,186] [builder.py:1982]           [INFO]     | Comedy Central Collection | ? | Big Time in Hollywood, FL (TVDB: 282403)                           |
[2023-01-31 02:40:39,450] [builder.py:1982]           [INFO]     | Comedy Central Collection | ? | Upright Citizens Brigade (TVDB: 76823)                             |
[2023-01-31 02:40:39,659] [builder.py:1982]           [INFO]     | Comedy Central Collection | ? | Exit 57 (TVDB: 77229)                                              |
[2023-01-31 02:40:39,850] [builder.py:1982]           [INFO]     | Comedy Central Collection | ? | That's My Bush! (TVDB: 73289)                                      |
[2023-01-31 02:40:40,020] [builder.py:1982]           [INFO]     | Comedy Central Collection | ? | The Gong Show with Dave Attell (TVDB: 82568)                       |
[2023-01-31 02:40:40,247] [builder.py:1982]           [INFO]     | Comedy Central Collection | ? | Detroiters (TVDB: 320196)                                          |
[2023-01-31 02:40:40,435] [builder.py:1982]           [INFO]     | Comedy Central Collection | ? | Time Traveling Bong (TVDB: 310000)                                 |
[2023-01-31 02:40:40,635] [builder.py:1982]           [INFO]     | Comedy Central Collection | ? | Not Safe with Nikki Glaser (TVDB: 305283)                          |
[2023-01-31 02:40:40,860] [builder.py:1982]           [INFO]     | Comedy Central Collection | ? | Stella (TVDB: 79649)                                               |
[2023-01-31 02:40:41,042] [builder.py:1982]           [INFO]     | Comedy Central Collection | ? | Jon Benjamin Has a Van (TVDB: 249373)                              |
[2023-01-31 02:40:41,221] [builder.py:1982]           [INFO]     | Comedy Central Collection | ? | The Gorburger Show (2017) (TVDB: 326701)                           |
[2023-01-31 02:40:41,546] [builder.py:1982]           [INFO]     | Comedy Central Collection | ? | Comedy Central Stand-Up Featuring... (TVDB: 358389)                |
[2023-01-31 02:40:41,762] [builder.py:1982]           [INFO]     | Comedy Central Collection | ? | Viva Variety (TVDB: 77889)                                         |
[2023-01-31 02:40:41,998] [builder.py:1982]           [INFO]     | Comedy Central Collection | ? | Hart of the City (TVDB: 317929)                                    |
[2023-01-31 02:40:42,223] [builder.py:1982]           [INFO]     | Comedy Central Collection | ? | Freak Show (TVDB: 79983)                                           |
[2023-01-31 02:40:42,476] [builder.py:1982]           [INFO]     | Comedy Central Collection | ? | Insomniac with Dave Attell (TVDB: 78168)                           |
[2023-01-31 02:40:42,733] [builder.py:1982]           [INFO]     | Comedy Central Collection | ? | Legends of Chamberlain Heights (TVDB: 316659)                      |
[2023-01-31 02:40:43,024] [builder.py:1982]           [INFO]     | Comedy Central Collection | ? | Primetime Glick (TVDB: 76280)                                      |
[2023-01-31 02:40:43,212] [builder.py:1982]           [INFO]     | Comedy Central Collection | ? | Michael and Michael Have Issues (TVDB: 105331)                     |
[2023-01-31 02:40:43,407] [builder.py:1982]           [INFO]     | Comedy Central Collection | ? | The Showbiz Show with David Spade (TVDB: 80027)                    |
[2023-01-31 02:40:43,635] [builder.py:1982]           [INFO]     | Comedy Central Collection | ? | The Famous Teddy Z (TVDB: 73408)                                   |
[2023-01-31 02:40:43,870] [builder.py:1982]           [INFO]     | Comedy Central Collection | ? | American Body Shop (TVDB: 80419)                                   |
[2023-01-31 02:40:44,057] [builder.py:1982]           [INFO]     | Comedy Central Collection | ? | Taskmaster (US) (TVDB: 344961)                                     |
[2023-01-31 02:40:44,238] [builder.py:1982]           [INFO]     | Comedy Central Collection | ? | Alternatino with Arturo Castro (TVDB: 320593)                      |
[2023-01-31 02:40:44,428] [builder.py:1982]           [INFO]     | Comedy Central Collection | ? | Popoz (TVDB: 274900)                                               |
[2023-01-31 02:40:44,621] [builder.py:1982]           [INFO]     | Comedy Central Collection | ? | Win Ben Stein's Money (TVDB: 71751)                                |
[2023-01-31 02:40:44,811] [builder.py:1982]           [INFO]     | Comedy Central Collection | ? | Good Talk with Anthony Jeselnik (TVDB: 365980)                     |
[2023-01-31 02:40:45,018] [builder.py:1982]           [INFO]     | Comedy Central Collection | ? | Everybody Still Hates Chris (TVDB: 423040)                         |
[2023-01-31 02:40:45,230] [builder.py:1982]           [INFO]     | Comedy Central Collection | ? | Jeff Ross Presents Roast Battle (TVDB: 314558)                     |
[2023-01-31 02:40:45,411] [builder.py:1982]           [INFO]     | Comedy Central Collection | ? | The Hollow Men (TVDB: 75887)                                       |
[2023-01-31 02:40:45,596] [builder.py:1982]           [INFO]     | Comedy Central Collection | ? | The Benson Interruption (TVDB: 201021)                             |
[2023-01-31 02:40:45,791] [builder.py:1982]           [INFO]     | Comedy Central Collection | ? | Brody Stevens: Enjoy It! (TVDB: 263077)                            |
[2023-01-31 02:40:45,960] [builder.py:1982]           [INFO]     | Comedy Central Collection | ? | Why? With Hannibal Buress (TVDB: 295988)                           |
[2023-01-31 02:40:46,141] [builder.py:1982]           [INFO]     | Comedy Central Collection | ? | Sports Show with Norm Macdonald (TVDB: 246451)                     |
[2023-01-31 02:40:46,324] [builder.py:1982]           [INFO]     | Comedy Central Collection | ? | Dog Bites Man (TVDB: 79555)                                        |
[2023-01-31 02:40:46,495] [builder.py:1982]           [INFO]     | Comedy Central Collection | ? | Secret Girlfriend (TVDB: 117731)                                   |
[2023-01-31 02:40:46,764] [builder.py:1982]           [INFO]     | Comedy Central Collection | ? | Night of Too Many Stars (TVDB: 81786)                              |
[2023-01-31 02:40:46,961] [builder.py:1982]           [INFO]     | Comedy Central Collection | ? | Halfway Home (TVDB: 80149)                                         |
[2023-01-31 02:40:47,153] [builder.py:1982]           [INFO]     | Comedy Central Collection | ? | Robbie (TVDB: 351605)                                              |
[2023-01-31 02:40:47,370] [builder.py:1982]           [INFO]     | Comedy Central Collection | ? | Lil' Bush (TVDB: 80246)                                            |
[2023-01-31 02:40:47,607] [builder.py:1982]           [INFO]     | Comedy Central Collection | ? | The Jeff Dunham Show (TVDB: 119761)                                |
[2023-01-31 02:40:47,809] [builder.py:1982]           [INFO]     | Comedy Central Collection | ? | Gabriel Iglesias Presents Stand-Up Revolution (TVDB: 252526)       |
[2023-01-31 02:40:48,427] [builder.py:1982]           [INFO]     | Comedy Central Collection | ? | MADtv (TVDB: 77897)                                                |
[2023-01-31 02:40:48,616] [builder.py:1982]           [INFO]     | Comedy Central Collection | ? | Hell of A Week with Charlamagne tha God (TVDB: 422420)             |
[2023-01-31 02:40:48,791] [builder.py:1982]           [INFO]     | Comedy Central Collection | ? | Bill Burr Presents: The Ringers (TVDB: 375049)                     |
[2023-01-31 02:40:48,964] [builder.py:1982]           [INFO]     | Comedy Central Collection | ? | Doing the Most with Phoebe Robinson (TVDB: 400553)                 |
[2023-01-31 02:40:49,139] [builder.py:1982]           [INFO]     | Comedy Central Collection | ? | Reality Bites Back (TVDB: 82576)                                   |
[2023-01-31 02:40:49,327] [builder.py:1982]           [INFO]     | Comedy Central Collection | ? | The Burn With Jeff Ross (TVDB: 261222)                             |
[2023-01-31 02:40:49,502] [builder.py:1982]           [INFO]     | Comedy Central Collection | ? | Onion SportsDome (TVDB: 209551)                                    |
[2023-01-31 02:40:49,679] [builder.py:1982]           [INFO]     | Comedy Central Collection | ? | Workaholics: The Other Cubicle (TVDB: 278989)                      |
[2023-01-31 02:40:49,859] [builder.py:1982]           [INFO]     | Comedy Central Collection | ? | The High Court (TVDB: 320985)                                      |
[2023-01-31 02:40:50,170] [builder.py:1982]           [INFO]     | Comedy Central Collection | ? | Comedy Central Stand-Up Presents… (TVDB: 259073)                   |
[2023-01-31 02:40:50,336] [builder.py:1982]           [INFO]     | Comedy Central Collection | ? | Comic Remix (TVDB: 71244)                                          |
[2023-01-31 02:40:50,546] [builder.py:1982]           [INFO]     | Comedy Central Collection | ? | Typical Rick (TVDB: 321817)                                        |
[2023-01-31 02:40:50,717] [builder.py:1982]           [INFO]     | Comedy Central Collection | ? | The Fake News with Ted Nelms (TVDB: 339235)                        |
[2023-01-31 02:40:50,922] [builder.py:1982]           [INFO]     | Comedy Central Collection | ? | I'm With Busey (TVDB: 72725)                                       |
[2023-01-31 02:40:51,088] [builder.py:1982]           [INFO]     | Comedy Central Collection | ? | Chocolate News (TVDB: 83449)                                       |
[2023-01-31 02:40:51,271] [builder.py:1982]           [INFO]     | Comedy Central Collection | ? | Kid Notorious (TVDB: 72827)                                        |
[2023-01-31 02:40:51,447] [builder.py:1982]           [INFO]     | Comedy Central Collection | ? | Klepper (TVDB: 359453)                                             |
[2023-01-31 02:40:51,657] [builder.py:1982]           [INFO]     | Comedy Central Collection | ? | Contest Searchlight (TVDB: 71234)                                  |
[2023-01-31 02:40:51,902] [builder.py:1982]           [INFO]     | Comedy Central Collection | ? | John Oliver's New York Stand-Up Show (TVDB: 136521)                |
[2023-01-31 02:40:52,080] [builder.py:1982]           [INFO]     | Comedy Central Collection | ? | Tha God's Honest Truth with Charlamagne Tha God (TVDB: 407292)     |
[2023-01-31 02:40:52,268] [builder.py:1982]           [INFO]     | Comedy Central Collection | ? | Nick Swardson's Pretend Time (TVDB: 194551)                        |
[2023-01-31 02:40:52,485] [builder.py:1982]           [INFO]     | Comedy Central Collection | ? | Homens? (TVDB: 360987)                                             |
[2023-01-31 02:40:52,651] [builder.py:1982]           [INFO]     | Comedy Central Collection | ? | Comic Groove (TVDB: 71287)                                         |
[2023-01-31 02:40:52,856] [builder.py:1982]           [INFO]     | Comedy Central Collection | ? | Ayo and Rachel are Single (TVDB: 385716)                           |
[2023-01-31 02:40:53,022] [builder.py:1982]           [INFO]     | Comedy Central Collection | ? | Hood Adjacent With James Davis (TVDB: 330626)                      |
[2023-01-31 02:40:53,187] [builder.py:1982]           [INFO]     | Comedy Central Collection | ? | Russell Simmons Presents The Ruckus (TVDB: 256295)                 |
[2023-01-31 02:40:53,376] [builder.py:1982]           [INFO]     | Comedy Central Collection | ? | Shorties Watchin' Shorties (TVDB: 81503)                           |
[2023-01-31 02:40:53,551] [builder.py:1982]           [INFO]     | Comedy Central Collection | ? | The Graham Norton Effect (TVDB: 271983)                            |
[2023-01-31 02:40:53,602] [builder.py:1977]           [ERROR]    | TVDb Error: Could not find a TVDb Series using TVDb Series ID: 195531                              |
[2023-01-31 02:40:53,793] [builder.py:1982]           [INFO]     | Comedy Central Collection | ? | Big Lake (TVDB: 168611)                                            |
[2023-01-31 02:40:53,999] [builder.py:1982]           [INFO]     | Comedy Central Collection | ? | Con (TVDB: 74909)                                                  |
[2023-01-31 02:40:54,171] [builder.py:1982]           [INFO]     | Comedy Central Collection | ? | Dirty, Sexy, Funny (TVDB: 203841)                                  |
[2023-01-31 02:40:54,342] [builder.py:1982]           [INFO]     | Comedy Central Collection | ? | The New Negroes (TVDB: 361392)                                     |
[2023-01-31 02:40:54,518] [builder.py:1982]           [INFO]     | Comedy Central Collection | ? | Reality Show (TVDB: 263449)                                        |
[2023-01-31 02:40:54,685] [builder.py:1982]           [INFO]     | Comedy Central Collection | ? | Nothing to Report (TVDB: 294922)                                   |
[2023-01-31 02:40:54,879] [builder.py:1982]           [INFO]     | Comedy Central Collection | ? | Fairview (TVDB: 411376)                                            |
[2023-01-31 02:40:55,041] [builder.py:1982]           [INFO]     | Comedy Central Collection | ? | Resolutions (TVDB: 408617)                                         |
[2023-01-31 02:40:55,245] [builder.py:1982]           [INFO]     | Comedy Central Collection | ? | T.V. Funhouse (TVDB: 75089)                                        |
[2023-01-31 02:40:55,431] [builder.py:1982]           [INFO]     | Comedy Central Collection | ? | Gerhard Reinke's Wanderlust (TVDB: 78983)                          |
[2023-01-31 02:40:55,610] [builder.py:1982]           [INFO]     | Comedy Central Collection | ? | The Comedy Jam (TVDB: 320984)                                      |
[2023-01-31 02:40:55,791] [builder.py:1982]           [INFO]     | Comedy Central Collection | ? | Hall of Flame: Top 100 Comedy Central Roast Moments (TVDB: 400200) |
[2023-01-31 02:40:55,962] [builder.py:1982]           [INFO]     | Comedy Central Collection | ? | Gnarnia (TVDB: 383319)                                             |
[2023-01-31 02:40:56,143] [builder.py:1982]           [INFO]     | Comedy Central Collection | ? | Balls of Steel Australia (TVDB: 248103)                            |
[2023-01-31 02:40:56,281] [builder.py:1982]           [INFO]     | Comedy Central Collection | ? | Destiny (TVDB: 337944)                                             |
[2023-01-31 02:40:56,490] [builder.py:1982]           [INFO]     | Comedy Central Collection | ? | Pulp Comics (TVDB: 350460)                                         |
[2023-01-31 02:40:56,684] [builder.py:1982]           [INFO]     | Comedy Central Collection | ? | Let's Bowl (TVDB: 71110)                                           |
[2023-01-31 02:40:56,969] [builder.py:1982]           [INFO]     | Comedy Central Collection | ? | VS (TVDB: 267623)                                                  |
[2023-01-31 02:40:56,970] [builder.py:1986]           [INFO]     |                                                                                                    |
[2023-01-31 02:40:56,970] [builder.py:1987]           [INFO]     | 148 Shows Missing                                                                                  |
[2023-01-31 02:40:57,281] [builder.py:2147]           [INFO]     |                                                                                                    |
[2023-01-31 02:40:57,282] [util.py:216]               [INFO]     |========================== Updating Details of Comedy Central Collection ===========================|
[2023-01-31 02:40:57,282] [builder.py:2149]           [INFO]     |                                                                                                    |
[2023-01-31 02:40:57,283] [builder.py:2258]           [DEBUG]    | 1 posters found:                                                                                   |
[2023-01-31 02:40:57,283] [builder.py:2260]           [DEBUG]    | Method: url_poster Poster: https://theposterdb.com/api/assets/193571                               |
[2023-01-31 02:40:57,283] [builder.py:2327]           [INFO]     | No background collection detail or asset folder found                                              |
[2023-01-31 02:40:57,284] [library.py:147]            [INFO]     | Detail: poster update not needed                                                                   |
[2023-01-31 02:40:57,357] [plex_meta_manager.py:880]  [INFO]     |                                                                                                    |
[2023-01-31 02:40:57,357] [util.py:209]               [INFO]     |====================================================================================================|
[2023-01-31 02:40:57,358] [util.py:216]               [INFO]     |                                 Finished Comedy Central Collection                                 |
[2023-01-31 02:40:57,358] [util.py:216]               [INFO]     |                                    Collection Run Time: 0:00:42                                    |
[2023-01-31 02:40:57,358] [util.py:220]               [INFO]     |====================================================================================================|
