[2023-01-31 01:01:37,280] [util.py:209]               [INFO]     |====================================================================================================|
[2023-01-31 01:01:37,280] [util.py:216]               [INFO]     |                                 Wayne's World Collection in Movies                                 |
[2023-01-31 01:01:37,281] [util.py:220]               [INFO]     |====================================================================================================|
[2023-01-31 01:01:37,281] [plex_meta_manager.py:750]  [INFO]     |                                                                                                    |
[2023-01-31 01:01:37,281] [util.py:216]               [INFO]     |=============================== Validating Wayne's World Attributes ================================|
[2023-01-31 01:01:37,282] [builder.py:265]            [DEBUG]    |                                                                                                    |
[2023-01-31 01:01:37,282] [builder.py:266]            [DEBUG]    | Validating Method: template                                                                        |
[2023-01-31 01:01:37,282] [meta.py:83]                [DEBUG]    | Value: ordereddict([('name', 'Movie'), ('collection', 8979), ('summary', 8979), ('poster', 'https://theposterdb.com/api/assets/68154')]) |
[2023-01-31 01:01:37,283] [builder.py:330]            [DEBUG]    |                                                                                                    |
[2023-01-31 01:01:37,283] [builder.py:331]            [DEBUG]    | Validating Method: sync_mode                                                                       |
[2023-01-31 01:01:37,283] [builder.py:335]            [DEBUG]    | Value: sync                                                                                        |
[2023-01-31 01:01:37,283] [builder.py:453]            [DEBUG]    |                                                                                                    |
[2023-01-31 01:01:37,283] [builder.py:454]            [DEBUG]    | Validating Method: collection_order                                                                |
[2023-01-31 01:01:37,284] [builder.py:455]            [DEBUG]    | Value: release                                                                                     |
[2023-01-31 01:01:37,284] [builder.py:472]            [DEBUG]    |                                                                                                    |
[2023-01-31 01:01:37,284] [builder.py:473]            [DEBUG]    | Validating Method: url_poster                                                                      |
[2023-01-31 01:01:37,284] [builder.py:474]            [DEBUG]    | Value: https://theposterdb.com/api/assets/68154                                                    |
[2023-01-31 01:01:37,284] [builder.py:472]            [DEBUG]    |                                                                                                    |
[2023-01-31 01:01:37,285] [builder.py:473]            [DEBUG]    | Validating Method: tmdb_collection                                                                 |
[2023-01-31 01:01:37,285] [builder.py:474]            [DEBUG]    | Value: 8979                                                                                        |
[2023-01-31 01:01:37,391] [builder.py:472]            [DEBUG]    |                                                                                                    |
[2023-01-31 01:01:37,391] [builder.py:473]            [DEBUG]    | Validating Method: tmdb_summary                                                                    |
[2023-01-31 01:01:37,392] [builder.py:474]            [DEBUG]    | Value: 8979                                                                                        |
[2023-01-31 01:01:37,392] [builder.py:472]            [DEBUG]    |                                                                                                    |
[2023-01-31 01:01:37,392] [builder.py:473]            [DEBUG]    | Validating Method: sort_title                                                                      |
[2023-01-31 01:01:37,392] [builder.py:474]            [DEBUG]    | Value: 00000f_Wayne's World                                                                        |
[2023-01-31 01:01:37,393] [builder.py:472]            [DEBUG]    |                                                                                                    |
[2023-01-31 01:01:37,393] [builder.py:473]            [DEBUG]    | Validating Method: radarr_add_missing                                                              |
[2023-01-31 01:01:37,393] [builder.py:474]            [DEBUG]    | Value: True                                                                                        |
[2023-01-31 01:01:37,571] [builder.py:619]            [INFO]     |                                                                                                    |
[2023-01-31 01:01:37,571] [builder.py:620]            [INFO]     | Validation Successful                                                                              |
[2023-01-31 01:01:37,572] [plex_meta_manager.py:758]  [INFO]     |                                                                                                    |
[2023-01-31 01:01:37,572] [util.py:216]               [INFO]     |================================= Running Wayne's World Collection =================================|
[2023-01-31 01:01:37,573] [plex_meta_manager.py:773]  [INFO]     |                                                                                                    |
[2023-01-31 01:01:37,573] [plex_meta_manager.py:774]  [INFO]     | Sync Mode: sync                                                                                    |
[2023-01-31 01:01:37,573] [builder.py:1275]           [DEBUG]    |                                                                                                    |
[2023-01-31 01:01:37,574] [builder.py:1276]           [DEBUG]    | Builder: tmdb_collection: 8979                                                                     |
[2023-01-31 01:01:37,574] [builder.py:1277]           [INFO]     |                                                                                                    |
[2023-01-31 01:01:37,574] [tmdb.py:323]               [INFO]     | Processing TMDb Collection: (8979) Wayne's World Collection (2 Items)                              |
[2023-01-31 01:01:37,575] [builder.py:1282]           [DEBUG]    |                                                                                                    |
[2023-01-31 01:01:37,575] [builder.py:1283]           [DEBUG]    | 2 IDs Found: [(8872, 'tmdb'), (8873, 'tmdb')]                                                      |
[2023-01-31 01:01:37,575] [builder.py:1284]           [DEBUG]    |                                                                                                    |
[2023-01-31 01:01:37,608] [builder.py:1697]           [INFO]     |                                                                                                    |
[2023-01-31 01:01:37,609] [util.py:216]               [INFO]     |================================ Adding to Wayne's World Collection ================================|
[2023-01-31 01:01:37,609] [builder.py:1699]           [INFO]     |                                                                                                    |
[2023-01-31 01:01:37,609] [builder.py:1709]           [INFO]     | 1/2 | Wayne's World Collection | = | Wayne's World (1992)                                          |
[2023-01-31 01:01:37,610] [builder.py:1709]           [INFO]     | 2/2 | Wayne's World Collection | = | Wayne's World 2 (1993)                                        |
[2023-01-31 01:01:37,611] [builder.py:1734]           [INFO]     |                                                                                                    |
[2023-01-31 01:01:37,611] [builder.py:1735]           [INFO]     | 2 Movies Processed                                                                                 |
[2023-01-31 01:01:37,615] [builder.py:2147]           [INFO]     |                                                                                                    |
[2023-01-31 01:01:37,615] [util.py:216]               [INFO]     |=========================== Updating Details of Wayne's World Collection ===========================|
[2023-01-31 01:01:37,615] [builder.py:2149]           [INFO]     |                                                                                                    |
[2023-01-31 01:01:37,616] [builder.py:2156]           [INFO]     | Detail: tmdb_summary updated Collection Summary                                                    |
[2023-01-31 01:01:37,616] [builder.py:2258]           [DEBUG]    | 1 posters found:                                                                                   |
[2023-01-31 01:01:37,617] [builder.py:2260]           [DEBUG]    | Method: url_poster Poster: https://theposterdb.com/api/assets/68154                                |
[2023-01-31 01:01:37,617] [builder.py:2327]           [INFO]     | No background collection detail or asset folder found                                              |
[2023-01-31 01:01:37,618] [library.py:147]            [INFO]     | Detail: poster update not needed                                                                   |
[2023-01-31 01:01:37,794] [plex_meta_manager.py:880]  [INFO]     |                                                                                                    |
[2023-01-31 01:01:37,794] [util.py:209]               [INFO]     |====================================================================================================|
[2023-01-31 01:01:37,795] [util.py:216]               [INFO]     |                                 Finished Wayne's World Collection                                  |
[2023-01-31 01:01:37,795] [util.py:216]               [INFO]     |                                    Collection Run Time: 0:00:00                                    |
[2023-01-31 01:01:37,796] [util.py:220]               [INFO]     |====================================================================================================|
