[2023-02-28 14:30:02,534] [util.py:209]               [INFO]     |====================================================================================================|
[2023-02-28 14:30:02,534] [util.py:216]               [INFO]     |                           Jack's Currently Watching Collection in Anime                            |
[2023-02-28 14:30:02,535] [util.py:220]               [INFO]     |====================================================================================================|
[2023-02-28 14:30:02,535] [plex_meta_manager.py:750]  [INFO]     |                                                                                                    |
[2023-02-28 14:30:02,535] [util.py:216]               [INFO]     |========================= Validating Jack's Currently Watching Attributes ==========================|
[2023-02-28 14:30:02,536] [builder.py:265]            [DEBUG]    |                                                                                                    |
[2023-02-28 14:30:02,536] [builder.py:266]            [DEBUG]    | Validating Method: template                                                                        |
[2023-02-28 14:30:02,536] [meta.py:83]                [DEBUG]    | Value: ordereddict([('name', 'MAL'), ('sort_title', 'Currently_Watching'), ('username', 'JCH0tsh0t'), ('status', 'watching'), ('sort', 'title'), ('limit', 1000)]) |
[2023-02-28 14:30:02,537] [builder.py:330]            [DEBUG]    |                                                                                                    |
[2023-02-28 14:30:02,537] [builder.py:331]            [DEBUG]    | Validating Method: sync_mode                                                                       |
[2023-02-28 14:30:02,537] [builder.py:335]            [DEBUG]    | Value: sync                                                                                        |
[2023-02-28 14:30:02,537] [builder.py:453]            [DEBUG]    |                                                                                                    |
[2023-02-28 14:30:02,537] [builder.py:454]            [DEBUG]    | Validating Method: collection_order                                                                |
[2023-02-28 14:30:02,538] [builder.py:455]            [DEBUG]    | Value: custom                                                                                      |
[2023-02-28 14:30:02,538] [builder.py:472]            [DEBUG]    |                                                                                                    |
[2023-02-28 14:30:02,538] [builder.py:473]            [DEBUG]    | Validating Method: sort_title                                                                      |
[2023-02-28 14:30:02,538] [builder.py:474]            [DEBUG]    | Value: ++++++_Currently_Watching                                                                   |
[2023-02-28 14:30:02,539] [builder.py:472]            [DEBUG]    |                                                                                                    |
[2023-02-28 14:30:02,539] [builder.py:473]            [DEBUG]    | Validating Method: mal_userlist                                                                    |
[2023-02-28 14:30:02,539] [builder.py:474]            [DEBUG]    | Value: {'username': 'JCH0tsh0t', 'status': 'watching', 'sort_by': 'title', 'limit': 1000}          |
[2023-02-28 14:30:02,539] [builder.py:472]            [DEBUG]    |                                                                                                    |
[2023-02-28 14:30:02,539] [builder.py:473]            [DEBUG]    | Validating Method: visible_home                                                                    |
[2023-02-28 14:30:02,540] [builder.py:474]            [DEBUG]    | Value: True                                                                                        |
[2023-02-28 14:30:02,540] [builder.py:472]            [DEBUG]    |                                                                                                    |
[2023-02-28 14:30:02,540] [builder.py:473]            [DEBUG]    | Validating Method: visible_library                                                                 |
[2023-02-28 14:30:02,540] [builder.py:474]            [DEBUG]    | Value: True                                                                                        |
[2023-02-28 14:30:02,541] [builder.py:472]            [DEBUG]    |                                                                                                    |
[2023-02-28 14:30:02,541] [builder.py:473]            [DEBUG]    | Validating Method: sonarr_add_existing                                                             |
[2023-02-28 14:30:02,541] [builder.py:474]            [DEBUG]    | Value: True                                                                                        |
[2023-02-28 14:30:02,541] [builder.py:472]            [DEBUG]    |                                                                                                    |
[2023-02-28 14:30:02,542] [builder.py:473]            [DEBUG]    | Validating Method: sonarr_add_missing                                                              |
[2023-02-28 14:30:02,542] [builder.py:474]            [DEBUG]    | Value: True                                                                                        |
[2023-02-28 14:30:02,565] [builder.py:619]            [INFO]     |                                                                                                    |
[2023-02-28 14:30:02,566] [builder.py:620]            [INFO]     | Validation Successful                                                                              |
[2023-02-28 14:30:02,566] [plex_meta_manager.py:758]  [INFO]     |                                                                                                    |
[2023-02-28 14:30:02,567] [util.py:216]               [INFO]     |=========================== Running Jack's Currently Watching Collection ===========================|
[2023-02-28 14:30:02,567] [plex_meta_manager.py:773]  [INFO]     |                                                                                                    |
[2023-02-28 14:30:02,567] [plex_meta_manager.py:774]  [INFO]     | Sync Mode: sync                                                                                    |
[2023-02-28 14:30:02,567] [builder.py:1275]           [DEBUG]    |                                                                                                    |
[2023-02-28 14:30:02,568] [builder.py:1276]           [DEBUG]    | Builder: mal_userlist: {'username': 'JCH0tsh0t', 'status': 'watching', 'sort_by': 'anime_title', 'limit': 1000} |
[2023-02-28 14:30:02,568] [builder.py:1277]           [INFO]     |                                                                                                    |
[2023-02-28 14:30:02,568] [mal.py:237]                [INFO]     | Processing MyAnimeList Userlist: 1000 Anime from JCH0tsh0t's Currently Watching list sorted by Title |
[2023-02-28 14:30:02,776] [mal.py:241]                [DEBUG]    |                                                                                                    |
[2023-02-28 14:30:02,777] [mal.py:242]                [DEBUG]    | 22 MyAnimeList IDs Found: [31646, 52193, 50248, 49596, 49918, 28121, 38680, 49220, 48316, 37999, 49470, 19815, 40834, 48414, 44074, 51252, 50602, 47194, 49891, 50710, 37521, 50175] |
[2023-02-28 14:30:02,777] [builder.py:1282]           [DEBUG]    |                                                                                                    |
[2023-02-28 14:30:02,777] [builder.py:1283]           [DEBUG]    | 22 IDs Found: [(306269, 'tvdb'), (118768, 'ratingKey'), (103863, 'ratingKey'), (408629, 'tvdb'), (305074, 'tvdb'), (289882, 'tvdb'), (357488, 'tvdb'), (102426, 'ratingKey'), (407520, 'tvdb'), (354198, 'tvdb'), (415240, 'tvdb'), (102693, 'ratingKey'), (104893, 'ratingKey'), (103746, 'ratingKey'), (103906, 'ratingKey'), (127551, 'ratingKey'), (102592, 'ratingKey'), (102575, 'ratingKey'), (118759, 'ratingKey'), (414096, 'tvdb'), (105563, 'ratingKey'), (411625, 'tvdb')] |
[2023-02-28 14:30:02,778] [builder.py:1284]           [DEBUG]    |                                                                                                    |
[2023-02-28 14:30:02,917] [builder.py:1697]           [INFO]     |                                                                                                    |
[2023-02-28 14:30:02,918] [util.py:216]               [INFO]     |========================== Adding to Jack's Currently Watching Collection ==========================|
[2023-02-28 14:30:02,918] [builder.py:1699]           [INFO]     |                                                                                                    |
[2023-02-28 14:30:02,919] [builder.py:1709]           [INFO]     |  1/19 | Jack's Currently Watching Collection | = | Sangatsu no Lion                                |
[2023-02-28 14:30:02,919] [builder.py:1709]           [INFO]     |  2/19 | Jack's Currently Watching Collection | = | Akiba Meido Sensou                              |
[2023-02-28 14:30:02,919] [builder.py:1709]           [INFO]     |  3/19 | Jack's Currently Watching Collection | = | Birdie Wing: Golf Girls' Story                  |
[2023-02-28 14:30:02,920] [builder.py:1709]           [INFO]     |  4/19 | Jack's Currently Watching Collection | = | Blue Lock                                       |
[2023-02-28 14:30:02,920] [builder.py:1709]           [INFO]     |  5/19 | Jack's Currently Watching Collection | = | Boku no Hero Academia                           |
[2023-02-28 14:30:02,920] [builder.py:1709]           [INFO]     |  6/19 | Jack's Currently Watching Collection | = | Dungeon ni Deai o Motomeru no wa Machigatte Iru Darouka: Familia Myth |
[2023-02-28 14:30:02,921] [builder.py:1709]           [INFO]     |  7/19 | Jack's Currently Watching Collection | = | Isekai Ojisan                                   |
[2023-02-28 14:30:02,921] [builder.py:1709]           [INFO]     |  8/19 | Jack's Currently Watching Collection | = | Kage no Jitsuryokusha ni Naritakute!            |
[2023-02-28 14:30:02,921] [builder.py:1709]           [INFO]     |  9/19 | Jack's Currently Watching Collection | = | Kaguya-sama wa Kokurasetai: Tensai-tachi no Ren'ai Zunousen |
[2023-02-28 14:30:02,922] [builder.py:1709]           [INFO]     | 10/19 | Jack's Currently Watching Collection | = | Mamahaha no Tsurego ga Motokano Datta           |
[2023-02-28 14:30:02,922] [builder.py:1709]           [INFO]     | 11/19 | Jack's Currently Watching Collection | = | No Game No Life                                 |
[2023-02-28 14:30:02,922] [builder.py:1709]           [INFO]     | 12/19 | Jack's Currently Watching Collection | = | Ousama Ranking                                  |
[2023-02-28 14:30:02,923] [builder.py:1709]           [INFO]     | 13/19 | Jack's Currently Watching Collection | = | Sabikui Bisco                                   |
[2023-02-28 14:30:02,923] [builder.py:1709]           [INFO]     | 14/19 | Jack's Currently Watching Collection | = | Shiguang Dailiren                               |
[2023-02-28 14:30:02,923] [builder.py:1709]           [INFO]     | 15/19 | Jack's Currently Watching Collection | = | Spy Kyoushitsu                                  |
[2023-02-28 14:30:02,924] [builder.py:1709]           [INFO]     | 16/19 | Jack's Currently Watching Collection | = | Spy x Family (2022)                             |
[2023-02-28 14:30:02,924] [builder.py:1709]           [INFO]     | 17/19 | Jack's Currently Watching Collection | = | Summer Time Render                              |
[2023-02-28 14:30:02,924] [builder.py:1709]           [INFO]     | 18/19 | Jack's Currently Watching Collection | = | Tensei Shitara Ken Deshita                      |
[2023-02-28 14:30:02,925] [builder.py:1709]           [INFO]     | 19/19 | Jack's Currently Watching Collection | = | Vinland Saga                                    |
[2023-02-28 14:30:02,925] [builder.py:1734]           [INFO]     |                                                                                                    |
[2023-02-28 14:30:02,925] [builder.py:1735]           [INFO]     | 19 Shows Processed                                                                                 |
[2023-02-28 14:30:02,925] [builder.py:1969]           [INFO]     |                                                                                                    |
[2023-02-28 14:30:02,926] [util.py:216]               [INFO]     |====================== Missing Shows from Library: Jack's Currently Watching =======================|
[2023-02-28 14:30:02,926] [builder.py:1971]           [INFO]     |                                                                                                    |
[2023-02-28 14:30:03,413] [builder.py:1982]           [INFO]     | Jack's Currently Watching Collection | ? | Fruits Basket (2019) (TVDB: 357488)                     |
[2023-02-28 14:30:04,282] [builder.py:1977]           [ERROR]    | TVDb Error: Could not find a TVDb Series using TVDb Series ID: 414096                              |
[2023-02-28 14:30:04,549] [builder.py:1982]           [INFO]     | Jack's Currently Watching Collection | ? | I'm Quitting Heroing (TVDB: 411625)                     |
[2023-02-28 14:30:04,549] [builder.py:1986]           [INFO]     |                                                                                                    |
[2023-02-28 14:30:04,550] [builder.py:1987]           [INFO]     | 2 Shows Missing                                                                                    |
[2023-02-28 14:30:04,551] [sonarr.py:69]              [INFO]     |                                                                                                    |
[2023-02-28 14:30:04,552] [util.py:216]               [INFO]     |===================================== Adding Missing to Sonarr =====================================|
[2023-02-28 14:30:04,552] [sonarr.py:71]              [DEBUG]    |                                                                                                    |
[2023-02-28 14:30:04,552] [sonarr.py:72]              [DEBUG]    | Sonarr Adds: [357488, 411625]                                                                      |
[2023-02-28 14:30:05,097] [sonarr.py:165]             [INFO]     |                                                                                                    |
[2023-02-28 14:30:05,098] [sonarr.py:173]             [INFO]     | Skipped: In Cache | 357488                                                                         |
[2023-02-28 14:30:05,098] [sonarr.py:173]             [INFO]     | Skipped: In Cache | 411625                                                                         |
[2023-02-28 14:30:05,098] [sonarr.py:174]             [INFO]     | 2 Series already exist in Sonarr                                                                   |
[2023-02-28 14:30:05,105] [builder.py:2147]           [INFO]     |                                                                                                    |
[2023-02-28 14:30:05,105] [util.py:216]               [INFO]     |===================== Updating Details of Jack's Currently Watching Collection =====================|
[2023-02-28 14:30:05,105] [builder.py:2149]           [INFO]     |                                                                                                    |
[2023-02-28 14:30:05,108] [builder.py:2294]           [INFO]     | No poster collection detail or asset folder found                                                  |
[2023-02-28 14:30:05,108] [builder.py:2327]           [INFO]     | No background collection detail or asset folder found                                              |
[2023-02-28 14:30:05,127] [builder.py:2023]           [INFO]     |                                                                                                    |
[2023-02-28 14:30:05,128] [util.py:216]               [INFO]     |============== Updating Details of the Items in Jack's Currently Watching Collection ===============|
[2023-02-28 14:30:05,128] [builder.py:2025]           [INFO]     |                                                                                                    |
[2023-02-28 14:30:08,593] [sonarr.py:69]              [INFO]     |                                                                                                    |
[2023-02-28 14:30:08,593] [util.py:216]               [INFO]     |==================================== Adding Existing to Sonarr =====================================|
[2023-02-28 14:30:08,593] [sonarr.py:71]              [DEBUG]    |                                                                                                    |
[2023-02-28 14:30:08,594] [sonarr.py:72]              [DEBUG]    | Sonarr Adds:                                                                                       |
[2023-02-28 14:30:08,594] [sonarr.py:74]              [DEBUG]    | (306269, 'F:\\Anime\\March Comes in Like a Lion (2016) [tvdb-306269]')                             |
[2023-02-28 14:30:08,594] [sonarr.py:74]              [DEBUG]    | (421676, 'F:\\Anime\\Akiba Maid War (2022) [tvdb-421676]')                                         |
[2023-02-28 14:30:08,594] [sonarr.py:74]              [DEBUG]    | (411914, "F:\\Anime\\Birdie Wing -Golf Girls' Story- (2022) [tvdb-411914]")                        |
[2023-02-28 14:30:08,595] [sonarr.py:74]              [DEBUG]    | (408629, 'F:\\Anime\\BLUELOCK (2022) [tvdb-408629]')                                               |
[2023-02-28 14:30:08,595] [sonarr.py:74]              [DEBUG]    | (305074, 'F:\\Anime\\My Hero Academia (2016) [tvdb-305074]')                                       |
[2023-02-28 14:30:08,595] [sonarr.py:74]              [DEBUG]    | (289882, 'F:\\Anime\\Is It Wrong to Try to Pick Up Girls in a Dungeon! (2015) [tvdb-289882]')      |
[2023-02-28 14:30:08,595] [sonarr.py:74]              [DEBUG]    | (405214, 'F:\\Anime\\Uncle From Another World (2022) [tvdb-405214]')                               |
[2023-02-28 14:30:08,596] [sonarr.py:74]              [DEBUG]    | (407520, 'F:\\Anime\\Eminence in Shadow, The (2022) [tvdb-407520]')                                |
[2023-02-28 14:30:08,596] [sonarr.py:74]              [DEBUG]    | (354198, 'F:\\Anime\\Kaguya-sama - Love Is War (2019) [tvdb-354198]')                              |
[2023-02-28 14:30:08,596] [sonarr.py:74]              [DEBUG]    | (415240, "F:\\Anime\\My Stepmom's Daughter Is My Ex (2022) [tvdb-415240]")                         |
[2023-02-28 14:30:08,596] [sonarr.py:74]              [DEBUG]    | (278155, 'F:\\Anime\\No Game, No Life (2014) [tvdb-278155]')                                       |
[2023-02-28 14:30:08,597] [sonarr.py:74]              [DEBUG]    | (391625, 'F:\\Anime\\Ranking of Kings (2021) [tvdb-391625]')                                       |
[2023-02-28 14:30:08,597] [sonarr.py:74]              [DEBUG]    | (398387, 'F:\\Anime\\Sabikui Bisco (2022) [tvdb-398387]')                                          |
[2023-02-28 14:30:08,597] [sonarr.py:74]              [DEBUG]    | (402033, 'F:\\Anime\\Link Click (2021) [tvdb-402033]')                                             |
[2023-02-28 14:30:08,597] [sonarr.py:74]              [DEBUG]    | (415821, 'F:\\Anime\\Spy Classroom (2023) [tvdb-415821]')                                          |
[2023-02-28 14:30:08,598] [sonarr.py:74]              [DEBUG]    | (405920, 'F:\\Anime\\SPY x FAMILY (2022) [tvdb-405920]')                                           |
[2023-02-28 14:30:08,598] [sonarr.py:74]              [DEBUG]    | (407306, 'F:\\Anime\\Summer Time Rendering (2022) [tvdb-407306]')                                  |
[2023-02-28 14:30:08,598] [sonarr.py:74]              [DEBUG]    | (410378, 'F:\\Anime\\Reincarnated as a Sword (2022) [tvdb-410378]')                                |
[2023-02-28 14:30:08,598] [sonarr.py:74]              [DEBUG]    | (359274, 'F:\\Anime\\Vinland Saga (2019) [tvdb-359274]')                                           |
[2023-02-28 14:30:09,831] [sonarr.py:165]             [INFO]     |                                                                                                    |
[2023-02-28 14:30:09,831] [sonarr.py:173]             [INFO]     | Skipped: In Cache | (306269, 'F:\\Anime\\March Comes in Like a Lion (2016) [tvdb-306269]')         |
[2023-02-28 14:30:09,831] [sonarr.py:173]             [INFO]     | Skipped: In Cache | (421676, 'F:\\Anime\\Akiba Maid War (2022) [tvdb-421676]')                     |
[2023-02-28 14:30:09,832] [sonarr.py:173]             [INFO]     | Skipped: In Cache | (411914, "F:\\Anime\\Birdie Wing -Golf Girls' Story- (2022) [tvdb-411914]")    |
[2023-02-28 14:30:09,832] [sonarr.py:173]             [INFO]     | Skipped: In Cache | (408629, 'F:\\Anime\\BLUELOCK (2022) [tvdb-408629]')                           |
[2023-02-28 14:30:09,832] [sonarr.py:173]             [INFO]     | Skipped: In Cache | (305074, 'F:\\Anime\\My Hero Academia (2016) [tvdb-305074]')                   |
[2023-02-28 14:30:09,833] [sonarr.py:173]             [INFO]     | Skipped: In Cache | (289882, 'F:\\Anime\\Is It Wrong to Try to Pick Up Girls in a Dungeon! (2015) [tvdb-289882]') |
[2023-02-28 14:30:09,833] [sonarr.py:173]             [INFO]     | Skipped: In Cache | (405214, 'F:\\Anime\\Uncle From Another World (2022) [tvdb-405214]')           |
[2023-02-28 14:30:09,833] [sonarr.py:173]             [INFO]     | Skipped: In Cache | (407520, 'F:\\Anime\\Eminence in Shadow, The (2022) [tvdb-407520]')            |
[2023-02-28 14:30:09,834] [sonarr.py:173]             [INFO]     | Skipped: In Cache | (354198, 'F:\\Anime\\Kaguya-sama - Love Is War (2019) [tvdb-354198]')          |
[2023-02-28 14:30:09,834] [sonarr.py:173]             [INFO]     | Skipped: In Cache | (415240, "F:\\Anime\\My Stepmom's Daughter Is My Ex (2022) [tvdb-415240]")     |
[2023-02-28 14:30:09,834] [sonarr.py:173]             [INFO]     | Skipped: In Cache | (278155, 'F:\\Anime\\No Game, No Life (2014) [tvdb-278155]')                   |
[2023-02-28 14:30:09,835] [sonarr.py:173]             [INFO]     | Skipped: In Cache | (391625, 'F:\\Anime\\Ranking of Kings (2021) [tvdb-391625]')                   |
[2023-02-28 14:30:09,835] [sonarr.py:173]             [INFO]     | Skipped: In Cache | (398387, 'F:\\Anime\\Sabikui Bisco (2022) [tvdb-398387]')                      |
[2023-02-28 14:30:09,835] [sonarr.py:173]             [INFO]     | Skipped: In Cache | (402033, 'F:\\Anime\\Link Click (2021) [tvdb-402033]')                         |
[2023-02-28 14:30:09,836] [sonarr.py:173]             [INFO]     | Skipped: In Cache | (415821, 'F:\\Anime\\Spy Classroom (2023) [tvdb-415821]')                      |
[2023-02-28 14:30:09,836] [sonarr.py:173]             [INFO]     | Skipped: In Cache | (405920, 'F:\\Anime\\SPY x FAMILY (2022) [tvdb-405920]')                       |
[2023-02-28 14:30:09,836] [sonarr.py:173]             [INFO]     | Skipped: In Cache | (407306, 'F:\\Anime\\Summer Time Rendering (2022) [tvdb-407306]')              |
[2023-02-28 14:30:09,836] [sonarr.py:173]             [INFO]     | Skipped: In Cache | (410378, 'F:\\Anime\\Reincarnated as a Sword (2022) [tvdb-410378]')            |
[2023-02-28 14:30:09,837] [sonarr.py:173]             [INFO]     | Skipped: In Cache | (359274, 'F:\\Anime\\Vinland Saga (2019) [tvdb-359274]')                       |
[2023-02-28 14:30:09,837] [sonarr.py:174]             [INFO]     | 19 Series already exist in Sonarr                                                                  |
[2023-02-28 14:30:09,840] [plex_meta_manager.py:880]  [INFO]     |                                                                                                    |
[2023-02-28 14:30:09,840] [util.py:209]               [INFO]     |====================================================================================================|
[2023-02-28 14:30:09,841] [util.py:216]               [INFO]     |                           Finished Jack's Currently Watching Collection                            |
[2023-02-28 14:30:09,841] [util.py:216]               [INFO]     |                                    Collection Run Time: 0:00:07                                    |
[2023-02-28 14:30:09,841] [util.py:220]               [INFO]     |====================================================================================================|
