[2023-01-31 01:01:35,233] [util.py:209]               [INFO]     |====================================================================================================|
[2023-01-31 01:01:35,233] [util.py:216]               [INFO]     |                                   Star Wars Collection in Movies                                   |
[2023-01-31 01:01:35,233] [util.py:220]               [INFO]     |====================================================================================================|
[2023-01-31 01:01:35,234] [plex_meta_manager.py:750]  [INFO]     |                                                                                                    |
[2023-01-31 01:01:35,234] [util.py:216]               [INFO]     |================================= Validating Star Wars Attributes ==================================|
[2023-01-31 01:01:35,234] [builder.py:265]            [DEBUG]    |                                                                                                    |
[2023-01-31 01:01:35,235] [builder.py:266]            [DEBUG]    | Validating Method: template                                                                        |
[2023-01-31 01:01:35,235] [meta.py:83]                [DEBUG]    | Value: ordereddict([('name', 'Movie'), ('collection', 10), ('summary', 10), ('movie', '348350, 330459'), ('poster', 'https://theposterdb.com/api/assets/4448')]) |
[2023-01-31 01:01:35,235] [builder.py:330]            [DEBUG]    |                                                                                                    |
[2023-01-31 01:01:35,235] [builder.py:331]            [DEBUG]    | Validating Method: sync_mode                                                                       |
[2023-01-31 01:01:35,236] [builder.py:335]            [DEBUG]    | Value: sync                                                                                        |
[2023-01-31 01:01:35,236] [builder.py:453]            [DEBUG]    |                                                                                                    |
[2023-01-31 01:01:35,236] [builder.py:454]            [DEBUG]    | Validating Method: collection_order                                                                |
[2023-01-31 01:01:35,237] [builder.py:455]            [DEBUG]    | Value: release                                                                                     |
[2023-01-31 01:01:35,237] [builder.py:472]            [DEBUG]    |                                                                                                    |
[2023-01-31 01:01:35,237] [builder.py:473]            [DEBUG]    | Validating Method: url_poster                                                                      |
[2023-01-31 01:01:35,237] [builder.py:474]            [DEBUG]    | Value: https://theposterdb.com/api/assets/4448                                                     |
[2023-01-31 01:01:35,238] [builder.py:472]            [DEBUG]    |                                                                                                    |
[2023-01-31 01:01:35,238] [builder.py:473]            [DEBUG]    | Validating Method: tmdb_collection                                                                 |
[2023-01-31 01:01:35,238] [builder.py:474]            [DEBUG]    | Value: 10                                                                                          |
[2023-01-31 01:01:35,340] [builder.py:472]            [DEBUG]    |                                                                                                    |
[2023-01-31 01:01:35,340] [builder.py:473]            [DEBUG]    | Validating Method: tmdb_summary                                                                    |
[2023-01-31 01:01:35,340] [builder.py:474]            [DEBUG]    | Value: 10                                                                                          |
[2023-01-31 01:01:35,341] [builder.py:472]            [DEBUG]    |                                                                                                    |
[2023-01-31 01:01:35,341] [builder.py:473]            [DEBUG]    | Validating Method: sort_title                                                                      |
[2023-01-31 01:01:35,341] [builder.py:474]            [DEBUG]    | Value: 00000f_Star Wars                                                                            |
[2023-01-31 01:01:35,341] [builder.py:472]            [DEBUG]    |                                                                                                    |
[2023-01-31 01:01:35,342] [builder.py:473]            [DEBUG]    | Validating Method: radarr_add_missing                                                              |
[2023-01-31 01:01:35,342] [builder.py:474]            [DEBUG]    | Value: True                                                                                        |
[2023-01-31 01:01:35,558] [builder.py:619]            [INFO]     |                                                                                                    |
[2023-01-31 01:01:35,559] [builder.py:620]            [INFO]     | Validation Successful                                                                              |
[2023-01-31 01:01:35,561] [plex_meta_manager.py:758]  [INFO]     |                                                                                                    |
[2023-01-31 01:01:35,561] [util.py:216]               [INFO]     |=================================== Running Star Wars Collection ===================================|
[2023-01-31 01:01:35,561] [plex_meta_manager.py:773]  [INFO]     |                                                                                                    |
[2023-01-31 01:01:35,562] [plex_meta_manager.py:774]  [INFO]     | Sync Mode: sync                                                                                    |
[2023-01-31 01:01:35,562] [builder.py:1275]           [DEBUG]    |                                                                                                    |
[2023-01-31 01:01:35,562] [builder.py:1276]           [DEBUG]    | Builder: tmdb_collection: 10                                                                       |
[2023-01-31 01:01:35,562] [builder.py:1277]           [INFO]     |                                                                                                    |
[2023-01-31 01:01:35,563] [tmdb.py:323]               [INFO]     | Processing TMDb Collection: (10) Star Wars Collection (9 Items)                                    |
[2023-01-31 01:01:35,563] [builder.py:1282]           [DEBUG]    |                                                                                                    |
[2023-01-31 01:01:35,563] [builder.py:1283]           [DEBUG]    | 9 IDs Found: [(11, 'tmdb'), (1891, 'tmdb'), (1892, 'tmdb'), (1893, 'tmdb'), (1894, 'tmdb'), (1895, 'tmdb'), (140607, 'tmdb'), (181812, 'tmdb'), (181808, 'tmdb')] |
[2023-01-31 01:01:35,564] [builder.py:1284]           [DEBUG]    |                                                                                                    |
[2023-01-31 01:01:35,891] [builder.py:1697]           [INFO]     |                                                                                                    |
[2023-01-31 01:01:35,891] [util.py:216]               [INFO]     |================================== Adding to Star Wars Collection ==================================|
[2023-01-31 01:01:35,892] [builder.py:1699]           [INFO]     |                                                                                                    |
[2023-01-31 01:01:35,892] [builder.py:1709]           [INFO]     | 1/9 | Star Wars Collection | = | Star Wars: Episode IV - A New Hope (1977)                         |
[2023-01-31 01:01:35,892] [builder.py:1709]           [INFO]     | 2/9 | Star Wars Collection | = | Star Wars: Episode V - The Empire Strikes Back (1980)             |
[2023-01-31 01:01:35,893] [builder.py:1709]           [INFO]     | 3/9 | Star Wars Collection | = | Star Wars: Episode VI - Return of the Jedi (1983)                 |
[2023-01-31 01:01:35,893] [builder.py:1709]           [INFO]     | 4/9 | Star Wars Collection | = | Star Wars: Episode I - The Phantom Menace (1999)                  |
[2023-01-31 01:01:35,894] [builder.py:1709]           [INFO]     | 5/9 | Star Wars Collection | = | Star Wars: Episode II - Attack of the Clones (2002)               |
[2023-01-31 01:01:35,894] [builder.py:1709]           [INFO]     | 6/9 | Star Wars Collection | = | Star Wars: Episode III - Revenge of the Sith (2005)               |
[2023-01-31 01:01:35,894] [builder.py:1709]           [INFO]     | 7/9 | Star Wars Collection | = | Star Wars: Episode VII - The Force Awakens (2015)                 |
[2023-01-31 01:01:35,895] [builder.py:1709]           [INFO]     | 8/9 | Star Wars Collection | = | Star Wars: Episode IX - The Rise of Skywalker (2019)              |
[2023-01-31 01:01:35,895] [builder.py:1709]           [INFO]     | 9/9 | Star Wars Collection | = | Star Wars: Episode VIII - The Last Jedi (2017)                    |
[2023-01-31 01:01:35,895] [builder.py:1734]           [INFO]     |                                                                                                    |
[2023-01-31 01:01:35,896] [builder.py:1735]           [INFO]     | 9 Movies Processed                                                                                 |
[2023-01-31 01:01:35,900] [builder.py:2147]           [INFO]     |                                                                                                    |
[2023-01-31 01:01:35,900] [util.py:216]               [INFO]     |============================= Updating Details of Star Wars Collection =============================|
[2023-01-31 01:01:35,900] [builder.py:2149]           [INFO]     |                                                                                                    |
[2023-01-31 01:01:35,901] [builder.py:2156]           [INFO]     | Detail: tmdb_summary updated Collection Summary                                                    |
[2023-01-31 01:01:35,901] [builder.py:2258]           [DEBUG]    | 1 posters found:                                                                                   |
[2023-01-31 01:01:35,901] [builder.py:2260]           [DEBUG]    | Method: url_poster Poster: https://theposterdb.com/api/assets/4448                                 |
[2023-01-31 01:01:35,902] [builder.py:2327]           [INFO]     | No background collection detail or asset folder found                                              |
[2023-01-31 01:01:35,902] [library.py:147]            [INFO]     | Detail: poster update not needed                                                                   |
[2023-01-31 01:01:36,121] [plex_meta_manager.py:880]  [INFO]     |                                                                                                    |
[2023-01-31 01:01:36,121] [util.py:209]               [INFO]     |====================================================================================================|
[2023-01-31 01:01:36,122] [util.py:216]               [INFO]     |                                   Finished Star Wars Collection                                    |
[2023-01-31 01:01:36,122] [util.py:216]               [INFO]     |                                    Collection Run Time: 0:00:00                                    |
[2023-01-31 01:01:36,123] [util.py:220]               [INFO]     |====================================================================================================|
