[2023-02-28 01:01:36,125] [util.py:209]               [INFO]     |====================================================================================================|
[2023-02-28 01:01:36,125] [util.py:216]               [INFO]     |                              Back to the Future Collection in Movies                               |
[2023-02-28 01:01:36,126] [util.py:220]               [INFO]     |====================================================================================================|
[2023-02-28 01:01:36,126] [plex_meta_manager.py:750]  [INFO]     |                                                                                                    |
[2023-02-28 01:01:36,134] [util.py:216]               [INFO]     |============================= Validating Back to the Future Attributes =============================|
[2023-02-28 01:01:36,134] [builder.py:265]            [DEBUG]    |                                                                                                    |
[2023-02-28 01:01:36,134] [builder.py:266]            [DEBUG]    | Validating Method: template                                                                        |
[2023-02-28 01:01:36,135] [meta.py:83]                [DEBUG]    | Value: ordereddict([('name', 'Collection'), ('collection', 264), ('poster', 'https://theposterdb.com/api/assets/108170')]) |
[2023-02-28 01:01:36,135] [builder.py:330]            [DEBUG]    |                                                                                                    |
[2023-02-28 01:01:36,135] [builder.py:331]            [DEBUG]    | Validating Method: sync_mode                                                                       |
[2023-02-28 01:01:36,136] [builder.py:335]            [DEBUG]    | Value: sync                                                                                        |
[2023-02-28 01:01:36,136] [builder.py:453]            [DEBUG]    |                                                                                                    |
[2023-02-28 01:01:36,136] [builder.py:454]            [DEBUG]    | Validating Method: collection_order                                                                |
[2023-02-28 01:01:36,136] [builder.py:455]            [DEBUG]    | Value: release                                                                                     |
[2023-02-28 01:01:36,136] [builder.py:472]            [DEBUG]    |                                                                                                    |
[2023-02-28 01:01:36,137] [builder.py:473]            [DEBUG]    | Validating Method: tmdb_collection_details                                                         |
[2023-02-28 01:01:36,137] [builder.py:474]            [DEBUG]    | Value: 264                                                                                         |
[2023-02-28 01:01:36,228] [builder.py:472]            [DEBUG]    |                                                                                                    |
[2023-02-28 01:01:36,228] [builder.py:473]            [DEBUG]    | Validating Method: sort_title                                                                      |
[2023-02-28 01:01:36,229] [builder.py:474]            [DEBUG]    | Value: 00000f_Back to the Future                                                                   |
[2023-02-28 01:01:36,229] [builder.py:472]            [DEBUG]    |                                                                                                    |
[2023-02-28 01:01:36,229] [builder.py:473]            [DEBUG]    | Validating Method: url_poster                                                                      |
[2023-02-28 01:01:36,229] [builder.py:474]            [DEBUG]    | Value: https://theposterdb.com/api/assets/108170                                                   |
[2023-02-28 01:01:36,420] [builder.py:619]            [INFO]     |                                                                                                    |
[2023-02-28 01:01:36,421] [builder.py:620]            [INFO]     | Validation Successful                                                                              |
[2023-02-28 01:01:36,421] [plex_meta_manager.py:758]  [INFO]     |                                                                                                    |
[2023-02-28 01:01:36,422] [util.py:216]               [INFO]     |============================== Running Back to the Future Collection ===============================|
[2023-02-28 01:01:36,422] [plex_meta_manager.py:773]  [INFO]     |                                                                                                    |
[2023-02-28 01:01:36,422] [plex_meta_manager.py:774]  [INFO]     | Sync Mode: sync                                                                                    |
[2023-02-28 01:01:36,423] [builder.py:1275]           [DEBUG]    |                                                                                                    |
[2023-02-28 01:01:36,423] [builder.py:1276]           [DEBUG]    | Builder: tmdb_collection: 264                                                                      |
[2023-02-28 01:01:36,423] [builder.py:1277]           [INFO]     |                                                                                                    |
[2023-02-28 01:01:36,424] [tmdb.py:323]               [INFO]     | Processing TMDb Collection: (264) Back to the Future Collection (3 Items)                          |
[2023-02-28 01:01:36,424] [builder.py:1282]           [DEBUG]    |                                                                                                    |
[2023-02-28 01:01:36,424] [builder.py:1283]           [DEBUG]    | 3 IDs Found: [(105, 'tmdb'), (165, 'tmdb'), (196, 'tmdb')]                                         |
[2023-02-28 01:01:36,425] [builder.py:1284]           [DEBUG]    |                                                                                                    |
[2023-02-28 01:01:36,507] [builder.py:1697]           [INFO]     |                                                                                                    |
[2023-02-28 01:01:36,507] [util.py:216]               [INFO]     |============================= Adding to Back to the Future Collection ==============================|
[2023-02-28 01:01:36,508] [builder.py:1699]           [INFO]     |                                                                                                    |
[2023-02-28 01:01:36,508] [builder.py:1709]           [INFO]     | 1/3 | Back to the Future Collection | = | Back to the Future (1985)                                |
[2023-02-28 01:01:36,508] [builder.py:1709]           [INFO]     | 2/3 | Back to the Future Collection | = | Back to the Future Part II (1989)                        |
[2023-02-28 01:01:36,509] [builder.py:1709]           [INFO]     | 3/3 | Back to the Future Collection | = | Back to the Future Part III (1990)                       |
[2023-02-28 01:01:36,509] [builder.py:1734]           [INFO]     |                                                                                                    |
[2023-02-28 01:01:36,509] [builder.py:1735]           [INFO]     | 3 Movies Processed                                                                                 |
[2023-02-28 01:01:36,514] [builder.py:2147]           [INFO]     |                                                                                                    |
[2023-02-28 01:01:36,514] [util.py:216]               [INFO]     |======================== Updating Details of Back to the Future Collection =========================|
[2023-02-28 01:01:36,515] [builder.py:2149]           [INFO]     |                                                                                                    |
[2023-02-28 01:01:36,515] [builder.py:2156]           [INFO]     | Detail: tmdb_collection_details updated Collection Summary                                         |
[2023-02-28 01:01:36,516] [builder.py:2258]           [DEBUG]    | 2 posters found:                                                                                   |
[2023-02-28 01:01:36,516] [builder.py:2260]           [DEBUG]    | Method: tmdb_collection_details Poster: https://image.tmdb.org/t/p/original/5Xsu2o5IsZRuuxCEVZ9nVve21FP.jpg |
[2023-02-28 01:01:36,516] [builder.py:2260]           [DEBUG]    | Method: url_poster Poster: https://theposterdb.com/api/assets/108170                               |
[2023-02-28 01:01:36,517] [builder.py:2298]           [DEBUG]    | 1 backgrounds found:                                                                               |
[2023-02-28 01:01:36,517] [builder.py:2300]           [DEBUG]    | Method: tmdb_collection_details Background: https://image.tmdb.org/t/p/original/AqQotqj7XOI6GjB28nhMMa8YzOT.jpg |
[2023-02-28 01:01:36,525] [library.py:147]            [INFO]     | Detail: poster update not needed                                                                   |
[2023-02-28 01:01:36,526] [library.py:197]            [INFO]     | Detail: background update not needed                                                               |
[2023-02-28 01:01:36,715] [plex_meta_manager.py:880]  [INFO]     |                                                                                                    |
[2023-02-28 01:01:36,716] [util.py:209]               [INFO]     |====================================================================================================|
[2023-02-28 01:01:36,717] [util.py:216]               [INFO]     |                               Finished Back to the Future Collection                               |
[2023-02-28 01:01:36,717] [util.py:216]               [INFO]     |                                    Collection Run Time: 0:00:00                                    |
[2023-02-28 01:01:36,717] [util.py:220]               [INFO]     |====================================================================================================|
