[2023-01-31 01:01:08,193] [util.py:209]               [INFO]     |====================================================================================================|
[2023-01-31 01:01:08,193] [util.py:216]               [INFO]     |                       The Lord of the Rings (Animated) Collection in Movies                        |
[2023-01-31 01:01:08,194] [util.py:220]               [INFO]     |====================================================================================================|
[2023-01-31 01:01:08,194] [plex_meta_manager.py:750]  [INFO]     |                                                                                                    |
[2023-01-31 01:01:08,195] [util.py:216]               [INFO]     |====================== Validating The Lord of the Rings (Animated) Attributes ======================|
[2023-01-31 01:01:08,195] [builder.py:265]            [DEBUG]    |                                                                                                    |
[2023-01-31 01:01:08,195] [builder.py:266]            [DEBUG]    | Validating Method: template                                                                        |
[2023-01-31 01:01:08,196] [meta.py:83]                [DEBUG]    | Value: ordereddict([('name', 'Movie'), ('collection', 141290), ('summary', 141290), ('poster', 'https://theposterdb.com/api/assets/201917')]) |
[2023-01-31 01:01:08,196] [builder.py:330]            [DEBUG]    |                                                                                                    |
[2023-01-31 01:01:08,196] [builder.py:331]            [DEBUG]    | Validating Method: sync_mode                                                                       |
[2023-01-31 01:01:08,196] [builder.py:335]            [DEBUG]    | Value: sync                                                                                        |
[2023-01-31 01:01:08,197] [builder.py:453]            [DEBUG]    |                                                                                                    |
[2023-01-31 01:01:08,197] [builder.py:454]            [DEBUG]    | Validating Method: collection_order                                                                |
[2023-01-31 01:01:08,197] [builder.py:455]            [DEBUG]    | Value: release                                                                                     |
[2023-01-31 01:01:08,197] [builder.py:472]            [DEBUG]    |                                                                                                    |
[2023-01-31 01:01:08,198] [builder.py:473]            [DEBUG]    | Validating Method: url_poster                                                                      |
[2023-01-31 01:01:08,198] [builder.py:474]            [DEBUG]    | Value: https://theposterdb.com/api/assets/201917                                                   |
[2023-01-31 01:01:08,198] [builder.py:472]            [DEBUG]    |                                                                                                    |
[2023-01-31 01:01:08,198] [builder.py:473]            [DEBUG]    | Validating Method: tmdb_collection                                                                 |
[2023-01-31 01:01:08,199] [builder.py:474]            [DEBUG]    | Value: 141290                                                                                      |
[2023-01-31 01:01:08,312] [builder.py:472]            [DEBUG]    |                                                                                                    |
[2023-01-31 01:01:08,313] [builder.py:473]            [DEBUG]    | Validating Method: tmdb_summary                                                                    |
[2023-01-31 01:01:08,313] [builder.py:474]            [DEBUG]    | Value: 141290                                                                                      |
[2023-01-31 01:01:08,313] [builder.py:472]            [DEBUG]    |                                                                                                    |
[2023-01-31 01:01:08,314] [builder.py:473]            [DEBUG]    | Validating Method: sort_title                                                                      |
[2023-01-31 01:01:08,314] [builder.py:474]            [DEBUG]    | Value: 00000f_The Lord of the Rings (Animated)                                                     |
[2023-01-31 01:01:08,314] [builder.py:472]            [DEBUG]    |                                                                                                    |
[2023-01-31 01:01:08,314] [builder.py:473]            [DEBUG]    | Validating Method: radarr_add_missing                                                              |
[2023-01-31 01:01:08,315] [builder.py:474]            [DEBUG]    | Value: True                                                                                        |
[2023-01-31 01:01:08,489] [builder.py:619]            [INFO]     |                                                                                                    |
[2023-01-31 01:01:08,489] [builder.py:620]            [INFO]     | Validation Successful                                                                              |
[2023-01-31 01:01:08,490] [plex_meta_manager.py:758]  [INFO]     |                                                                                                    |
[2023-01-31 01:01:08,490] [util.py:216]               [INFO]     |======================= Running The Lord of the Rings (Animated) Collection ========================|
[2023-01-31 01:01:08,491] [plex_meta_manager.py:773]  [INFO]     |                                                                                                    |
[2023-01-31 01:01:08,491] [plex_meta_manager.py:774]  [INFO]     | Sync Mode: sync                                                                                    |
[2023-01-31 01:01:08,491] [builder.py:1275]           [DEBUG]    |                                                                                                    |
[2023-01-31 01:01:08,492] [builder.py:1276]           [DEBUG]    | Builder: tmdb_collection: 141290                                                                   |
[2023-01-31 01:01:08,492] [builder.py:1277]           [INFO]     |                                                                                                    |
[2023-01-31 01:01:08,492] [tmdb.py:323]               [INFO]     | Processing TMDb Collection: (141290) The Lord of the Rings (Animated) Collection (2 Items)         |
[2023-01-31 01:01:08,493] [builder.py:1282]           [DEBUG]    |                                                                                                    |
[2023-01-31 01:01:08,493] [builder.py:1283]           [DEBUG]    | 2 IDs Found: [(1361, 'tmdb'), (1362, 'tmdb')]                                                      |
[2023-01-31 01:01:08,493] [builder.py:1284]           [DEBUG]    |                                                                                                    |
[2023-01-31 01:01:08,506] [builder.py:1697]           [INFO]     |                                                                                                    |
[2023-01-31 01:01:08,506] [util.py:216]               [INFO]     |====================== Adding to The Lord of the Rings (Animated) Collection =======================|
[2023-01-31 01:01:08,507] [builder.py:1699]           [INFO]     |                                                                                                    |
[2023-01-31 01:01:08,507] [builder.py:1709]           [INFO]     | 1/1 | The Lord of the Rings (Animated) Collection | = | The Hobbit (1977)                          |
[2023-01-31 01:01:08,507] [builder.py:1734]           [INFO]     |                                                                                                    |
[2023-01-31 01:01:08,508] [builder.py:1735]           [INFO]     | 1 Movie Processed                                                                                  |
[2023-01-31 01:01:08,508] [builder.py:1929]           [INFO]     |                                                                                                    |
[2023-01-31 01:01:08,508] [util.py:216]               [INFO]     |================== Missing Movies from Library: The Lord of the Rings (Animated) ===================|
[2023-01-31 01:01:08,509] [builder.py:1931]           [INFO]     |                                                                                                    |
[2023-01-31 01:01:08,626] [builder.py:1943]           [INFO]     | The Lord of the Rings (Animated) Collection | ? | The Return of the King (1980) (TMDb: 1361)       |
[2023-01-31 01:01:08,626] [builder.py:1947]           [INFO]     |                                                                                                    |
[2023-01-31 01:01:08,627] [builder.py:1948]           [INFO]     | 1 Movie Missing                                                                                    |
[2023-01-31 01:01:08,633] [radarr.py:46]              [INFO]     |                                                                                                    |
[2023-01-31 01:01:08,633] [util.py:216]               [INFO]     |===================================== Adding Missing to Radarr =====================================|
[2023-01-31 01:01:08,634] [radarr.py:48]              [DEBUG]    |                                                                                                    |
[2023-01-31 01:01:08,634] [radarr.py:49]              [DEBUG]    | Radarr Adds: [1361]                                                                                |
[2023-01-31 01:01:09,835] [radarr.py:138]             [INFO]     |                                                                                                    |
[2023-01-31 01:01:09,836] [radarr.py:146]             [INFO]     | Skipped: In Cache | 1361                                                                           |
[2023-01-31 01:01:09,836] [radarr.py:147]             [INFO]     | 1 Movie already exist in Radarr                                                                    |
[2023-01-31 01:01:09,856] [builder.py:2147]           [INFO]     |                                                                                                    |
[2023-01-31 01:01:09,856] [util.py:216]               [INFO]     |================= Updating Details of The Lord of the Rings (Animated) Collection ==================|
[2023-01-31 01:01:09,856] [builder.py:2149]           [INFO]     |                                                                                                    |
[2023-01-31 01:01:09,857] [builder.py:2156]           [INFO]     | Detail: tmdb_summary updated Collection Summary                                                    |
[2023-01-31 01:01:09,858] [builder.py:2258]           [DEBUG]    | 1 posters found:                                                                                   |
[2023-01-31 01:01:09,858] [builder.py:2260]           [DEBUG]    | Method: url_poster Poster: https://theposterdb.com/api/assets/201917                               |
[2023-01-31 01:01:09,858] [builder.py:2327]           [INFO]     | No background collection detail or asset folder found                                              |
[2023-01-31 01:01:09,859] [library.py:147]            [INFO]     | Detail: poster update not needed                                                                   |
[2023-01-31 01:01:10,031] [plex_meta_manager.py:880]  [INFO]     |                                                                                                    |
[2023-01-31 01:01:10,031] [util.py:209]               [INFO]     |====================================================================================================|
[2023-01-31 01:01:10,032] [util.py:216]               [INFO]     |                        Finished The Lord of the Rings (Animated) Collection                        |
[2023-01-31 01:01:10,032] [util.py:216]               [INFO]     |                                    Collection Run Time: 0:00:01                                    |
[2023-01-31 01:01:10,033] [util.py:220]               [INFO]     |====================================================================================================|
