[2023-01-31 01:13:25,819] [util.py:209]               [INFO]     |====================================================================================================|
[2023-01-31 01:13:25,820] [util.py:216]               [INFO]     |                                     Crime Collection in Movies                                     |
[2023-01-31 01:13:25,820] [util.py:220]               [INFO]     |====================================================================================================|
[2023-01-31 01:13:25,821] [plex_meta_manager.py:750]  [INFO]     |                                                                                                    |
[2023-01-31 01:13:25,821] [util.py:216]               [INFO]     |=================================== Validating Crime Attributes ====================================|
[2023-01-31 01:13:25,821] [builder.py:265]            [DEBUG]    |                                                                                                    |
[2023-01-31 01:13:25,822] [builder.py:266]            [DEBUG]    | Validating Method: template                                                                        |
[2023-01-31 01:13:25,822] [meta.py:83]                [DEBUG]    | Value: ordereddict([('name', 'Genre'), ('genre', 'Crime'), ('poster', 'https://theposterdb.com/api/assets/53057')]) |
[2023-01-31 01:13:25,822] [builder.py:453]            [DEBUG]    |                                                                                                    |
[2023-01-31 01:13:25,822] [builder.py:454]            [DEBUG]    | Validating Method: collection_order                                                                |
[2023-01-31 01:13:25,823] [builder.py:455]            [DEBUG]    | Value: alpha                                                                                       |
[2023-01-31 01:13:25,823] [builder.py:472]            [DEBUG]    |                                                                                                    |
[2023-01-31 01:13:25,823] [builder.py:473]            [DEBUG]    | Validating Method: summary                                                                         |
[2023-01-31 01:13:25,823] [builder.py:474]            [DEBUG]    | Value: Crime film is a genre that revolves around the action of a criminal mastermind. A Crime film will often revolve around the criminal himself, chronicling his rise and fall. Some Crime films will have a storyline that follows the criminal's victim, yet others follow the person in pursuit of the criminal. This genre tends to be fast paced with an air of mystery – this mystery can come from the plot or from the characters themselves. |
[2023-01-31 01:13:25,824] [builder.py:472]            [DEBUG]    |                                                                                                    |
[2023-01-31 01:13:25,824] [builder.py:473]            [DEBUG]    | Validating Method: plex_search                                                                     |
[2023-01-31 01:13:25,824] [builder.py:474]            [DEBUG]    | Value: {'genre': 'Crime'}                                                                          |
[2023-01-31 01:13:25,882] [builder.py:472]            [DEBUG]    |                                                                                                    |
[2023-01-31 01:13:25,882] [builder.py:473]            [DEBUG]    | Validating Method: url_poster                                                                      |
[2023-01-31 01:13:25,882] [builder.py:474]            [DEBUG]    | Value: https://theposterdb.com/api/assets/53057                                                    |
[2023-01-31 01:13:25,882] [builder.py:472]            [DEBUG]    |                                                                                                    |
[2023-01-31 01:13:25,883] [builder.py:473]            [DEBUG]    | Validating Method: sort_title                                                                      |
[2023-01-31 01:13:25,883] [builder.py:474]            [DEBUG]    | Value: 00000d_Crime                                                                                |
[2023-01-31 01:13:26,729] [builder.py:619]            [INFO]     |                                                                                                    |
[2023-01-31 01:13:26,730] [builder.py:620]            [INFO]     | Validation Successful                                                                              |
[2023-01-31 01:13:26,773] [plex_meta_manager.py:758]  [INFO]     |                                                                                                    |
[2023-01-31 01:13:26,774] [util.py:216]               [INFO]     |===================================== Running Crime Collection =====================================|
[2023-01-31 01:13:26,774] [plex_meta_manager.py:773]  [INFO]     |                                                                                                    |
[2023-01-31 01:13:26,774] [plex_meta_manager.py:774]  [INFO]     | Sync Mode: append                                                                                  |
[2023-01-31 01:13:26,775] [builder.py:1275]           [DEBUG]    |                                                                                                    |
[2023-01-31 01:13:26,775] [builder.py:1276]           [DEBUG]    | Builder: plex_search: (1, 'Plex Movie Search\nSort By: title.asc\nFilter:\n  Match all of the following:\n    Match any of the following:\n      Genre is Crime', '?type=1&sort=titleSort&push=1&genre=6&pop=1') |
[2023-01-31 01:13:26,775] [builder.py:1277]           [INFO]     |                                                                                                    |
[2023-01-31 01:13:26,775] [util.py:161]               [INFO]     | Plex Movie Search                                                                                  |
[2023-01-31 01:13:26,776] [util.py:161]               [INFO]     | Sort By: title.asc                                                                                 |
[2023-01-31 01:13:26,776] [util.py:161]               [INFO]     | Filter:                                                                                            |
[2023-01-31 01:13:26,776] [util.py:161]               [INFO]     |   Match all of the following:                                                                      |
[2023-01-31 01:13:26,777] [util.py:161]               [INFO]     |     Match any of the following:                                                                    |
[2023-01-31 01:13:26,777] [util.py:161]               [INFO]     |       Genre is Crime                                                                               |
[2023-01-31 01:13:27,300] [plex.py:748]               [DEBUG]    |                                                                                                    |
[2023-01-31 01:13:27,301] [plex.py:749]               [DEBUG]    | 234 Keys Found: [(126124, 'ratingKey'), (126650, 'ratingKey'), (125873, 'ratingKey'), (124533, 'ratingKey'), (99111, 'ratingKey'), (99266, 'ratingKey'), (129064, 'ratingKey'), (118376, 'ratingKey'), (99173, 'ratingKey'), (118169, 'ratingKey'), (118150, 'ratingKey'), (99282, 'ratingKey'), (99225, 'ratingKey'), (122257, 'ratingKey'), (121331, 'ratingKey'), (124672, 'ratingKey'), (126804, 'ratingKey'), (99270, 'ratingKey'), (122866, 'ratingKey'), (99283, 'ratingKey'), (98643, 'ratingKey'), (98637, 'ratingKey'), (98640, 'ratingKey'), (98261, 'ratingKey'), (99290, 'ratingKey'), (99291, 'ratingKey'), (117921, 'ratingKey'), (121368, 'ratingKey'), (99295, 'ratingKey'), (118080, 'ratingKey'), (118084, 'ratingKey'), (117995, 'ratingKey'), (127427, 'ratingKey'), (126970, 'ratingKey'), (117316, 'ratingKey'), (99495, 'ratingKey'), (118845, 'ratingKey'), (99378, 'ratingKey'), (113115, 'ratingKey'), (126920, 'ratingKey'), (127687, 'ratingKey'), (100153, 'ratingKey'), (104835, 'ratingKey'), (99400, 'ratingKey'), (99401, 'ratingKey'), (119499, 'ratingKey'), (104185, 'ratingKey'), (100138, 'ratingKey'), (127690, 'ratingKey'), (99444, 'ratingKey'), (122382, 'ratingKey'), (126828, 'ratingKey'), (99471, 'ratingKey'), (126830, 'ratingKey'), (99653, 'ratingKey'), (99634, 'ratingKey'), (127472, 'ratingKey'), (123742, 'ratingKey'), (123632, 'ratingKey'), (99025, 'ratingKey'), (116655, 'ratingKey'), (99636, 'ratingKey'), (108589, 'ratingKey'), (127797, 'ratingKey'), (104218, 'ratingKey'), (104290, 'ratingKey'), (117635, 'ratingKey'), (99668, 'ratingKey'), (99719, 'ratingKey'), (96863, 'ratingKey'), (126685, 'ratingKey'), (117588, 'ratingKey'), (125788, 'ratingKey'), (104313, 'ratingKey'), (122368, 'ratingKey'), (99774, 'ratingKey'), (127401, 'ratingKey'), (125953, 'ratingKey'), (118422, 'ratingKey'), (126450, 'ratingKey'), (119558, 'ratingKey'), (100007, 'ratingKey'), (116979, 'ratingKey'), (99842, 'ratingKey'), (104491, 'ratingKey'), (127575, 'ratingKey'), (127678, 'ratingKey'), (126083, 'ratingKey'), (126152, 'ratingKey'), (126009, 'ratingKey'), (99915, 'ratingKey'), (99921, 'ratingKey'), (128531, 'ratingKey'), (115765, 'ratingKey'), (116648, 'ratingKey'), (100172, 'ratingKey'), (102132, 'ratingKey'), (125611, 'ratingKey'), (113293, 'ratingKey'), (115728, 'ratingKey'), (114145, 'ratingKey'), (115714, 'ratingKey'), (104347, 'ratingKey'), (125636, 'ratingKey'), (115713, 'ratingKey'), (101040, 'ratingKey'), (112820, 'ratingKey'), (115503, 'ratingKey'), (125968, 'ratingKey'), (127242, 'ratingKey'), (116289, 'ratingKey'), (127240, 'ratingKey'), (104365, 'ratingKey'), (115541, 'ratingKey'), (123900, 'ratingKey'), (123901, 'ratingKey'), (115529, 'ratingKey'), (115498, 'ratingKey'), (127956, 'ratingKey'), (102210, 'ratingKey'), (100464, 'ratingKey'), (128285, 'ratingKey'), (129001, 'ratingKey'), (100632, 'ratingKey'), (115365, 'ratingKey'), (101091, 'ratingKey'), (104408, 'ratingKey'), (100444, 'ratingKey'), (114912, 'ratingKey'), (127198, 'ratingKey'), (115190, 'ratingKey'), (115045, 'ratingKey'), (112499, 'ratingKey'), (104414, 'ratingKey'), (102229, 'ratingKey'), (113190, 'ratingKey'), (116489, 'ratingKey'), (100595, 'ratingKey'), (114119, 'ratingKey'), (114732, 'ratingKey'), (127689, 'ratingKey'), (102327, 'ratingKey'), (125316, 'ratingKey'), (100236, 'ratingKey'), (100355, 'ratingKey'), (126190, 'ratingKey'), (114591, 'ratingKey'), (101451, 'ratingKey'), (121771, 'ratingKey'), (100459, 'ratingKey'), (101453, 'ratingKey'), (100576, 'ratingKey'), (101458, 'ratingKey'), (101462, 'ratingKey'), (104511, 'ratingKey'), (105166, 'ratingKey'), (100669, 'ratingKey'), (100525, 'ratingKey'), (127637, 'ratingKey'), (104453, 'ratingKey'), (102268, 'ratingKey'), (112429, 'ratingKey'), (128916, 'ratingKey'), (116439, 'ratingKey'), (114186, 'ratingKey'), (100974, 'ratingKey'), (101619, 'ratingKey'), (101605, 'ratingKey'), (100376, 'ratingKey'), (126228, 'ratingKey'), (101649, 'ratingKey'), (100394, 'ratingKey'), (127946, 'ratingKey'), (41118, 'ratingKey'), (127951, 'ratingKey'), (100593, 'ratingKey'), (101699, 'ratingKey'), (122309, 'ratingKey'), (3733, 'ratingKey'), (101732, 'ratingKey'), (37756, 'ratingKey'), (101753, 'ratingKey'), (78501, 'ratingKey'), (101758, 'ratingKey'), (75747, 'ratingKey'), (101767, 'ratingKey'), (104271, 'ratingKey'), (102223, 'ratingKey'), (126188, 'ratingKey'), (108122, 'ratingKey'), (105097, 'ratingKey'), (39706, 'ratingKey'), (101855, 'ratingKey'), (105950, 'ratingKey'), (39981, 'ratingKey'), (76198, 'ratingKey'), (76995, 'ratingKey'), (108133, 'ratingKey'), (125896, 'ratingKey'), (39712, 'ratingKey'), (101911, 'ratingKey'), (100688, 'ratingKey'), (100894, 'ratingKey'), (112156, 'ratingKey'), (122345, 'ratingKey'), (124069, 'ratingKey'), (121572, 'ratingKey'), (116047, 'ratingKey'), (101960, 'ratingKey'), (114113, 'ratingKey'), (100866, 'ratingKey'), (101971, 'ratingKey'), (112155, 'ratingKey'), (105103, 'ratingKey'), (124213, 'ratingKey'), (127116, 'ratingKey'), (113746, 'ratingKey'), (102070, 'ratingKey'), (112226, 'ratingKey'), (96894, 'ratingKey'), (100887, 'ratingKey'), (125617, 'ratingKey'), (102076, 'ratingKey'), (102090, 'ratingKey'), (127013, 'ratingKey'), (112157, 'ratingKey'), (122421, 'ratingKey'), (105207, 'ratingKey'), (115829, 'ratingKey'), (112165, 'ratingKey'), (100929, 'ratingKey'), (100962, 'ratingKey'), (102109, 'ratingKey'), (126544, 'ratingKey')] |
[2023-01-31 01:13:27,303] [builder.py:1282]           [DEBUG]    |                                                                                                    |
[2023-01-31 01:13:27,303] [builder.py:1283]           [DEBUG]    | 234 IDs Found: [(126124, 'ratingKey'), (126650, 'ratingKey'), (125873, 'ratingKey'), (124533, 'ratingKey'), (99111, 'ratingKey'), (99266, 'ratingKey'), (129064, 'ratingKey'), (118376, 'ratingKey'), (99173, 'ratingKey'), (118169, 'ratingKey'), (118150, 'ratingKey'), (99282, 'ratingKey'), (99225, 'ratingKey'), (122257, 'ratingKey'), (121331, 'ratingKey'), (124672, 'ratingKey'), (126804, 'ratingKey'), (99270, 'ratingKey'), (122866, 'ratingKey'), (99283, 'ratingKey'), (98643, 'ratingKey'), (98637, 'ratingKey'), (98640, 'ratingKey'), (98261, 'ratingKey'), (99290, 'ratingKey'), (99291, 'ratingKey'), (117921, 'ratingKey'), (121368, 'ratingKey'), (99295, 'ratingKey'), (118080, 'ratingKey'), (118084, 'ratingKey'), (117995, 'ratingKey'), (127427, 'ratingKey'), (126970, 'ratingKey'), (117316, 'ratingKey'), (99495, 'ratingKey'), (118845, 'ratingKey'), (99378, 'ratingKey'), (113115, 'ratingKey'), (126920, 'ratingKey'), (127687, 'ratingKey'), (100153, 'ratingKey'), (104835, 'ratingKey'), (99400, 'ratingKey'), (99401, 'ratingKey'), (119499, 'ratingKey'), (104185, 'ratingKey'), (100138, 'ratingKey'), (127690, 'ratingKey'), (99444, 'ratingKey'), (122382, 'ratingKey'), (126828, 'ratingKey'), (99471, 'ratingKey'), (126830, 'ratingKey'), (99653, 'ratingKey'), (99634, 'ratingKey'), (127472, 'ratingKey'), (123742, 'ratingKey'), (123632, 'ratingKey'), (99025, 'ratingKey'), (116655, 'ratingKey'), (99636, 'ratingKey'), (108589, 'ratingKey'), (127797, 'ratingKey'), (104218, 'ratingKey'), (104290, 'ratingKey'), (117635, 'ratingKey'), (99668, 'ratingKey'), (99719, 'ratingKey'), (96863, 'ratingKey'), (126685, 'ratingKey'), (117588, 'ratingKey'), (125788, 'ratingKey'), (104313, 'ratingKey'), (122368, 'ratingKey'), (99774, 'ratingKey'), (127401, 'ratingKey'), (125953, 'ratingKey'), (118422, 'ratingKey'), (126450, 'ratingKey'), (119558, 'ratingKey'), (100007, 'ratingKey'), (116979, 'ratingKey'), (99842, 'ratingKey'), (104491, 'ratingKey'), (127575, 'ratingKey'), (127678, 'ratingKey'), (126083, 'ratingKey'), (126152, 'ratingKey'), (126009, 'ratingKey'), (99915, 'ratingKey'), (99921, 'ratingKey'), (128531, 'ratingKey'), (115765, 'ratingKey'), (116648, 'ratingKey'), (100172, 'ratingKey'), (102132, 'ratingKey'), (125611, 'ratingKey'), (113293, 'ratingKey'), (115728, 'ratingKey'), (114145, 'ratingKey'), (115714, 'ratingKey'), (104347, 'ratingKey'), (125636, 'ratingKey'), (115713, 'ratingKey'), (101040, 'ratingKey'), (112820, 'ratingKey'), (115503, 'ratingKey'), (125968, 'ratingKey'), (127242, 'ratingKey'), (116289, 'ratingKey'), (127240, 'ratingKey'), (104365, 'ratingKey'), (115541, 'ratingKey'), (123900, 'ratingKey'), (123901, 'ratingKey'), (115529, 'ratingKey'), (115498, 'ratingKey'), (127956, 'ratingKey'), (102210, 'ratingKey'), (100464, 'ratingKey'), (128285, 'ratingKey'), (129001, 'ratingKey'), (100632, 'ratingKey'), (115365, 'ratingKey'), (101091, 'ratingKey'), (104408, 'ratingKey'), (100444, 'ratingKey'), (114912, 'ratingKey'), (127198, 'ratingKey'), (115190, 'ratingKey'), (115045, 'ratingKey'), (112499, 'ratingKey'), (104414, 'ratingKey'), (102229, 'ratingKey'), (113190, 'ratingKey'), (116489, 'ratingKey'), (100595, 'ratingKey'), (114119, 'ratingKey'), (114732, 'ratingKey'), (127689, 'ratingKey'), (102327, 'ratingKey'), (125316, 'ratingKey'), (100236, 'ratingKey'), (100355, 'ratingKey'), (126190, 'ratingKey'), (114591, 'ratingKey'), (101451, 'ratingKey'), (121771, 'ratingKey'), (100459, 'ratingKey'), (101453, 'ratingKey'), (100576, 'ratingKey'), (101458, 'ratingKey'), (101462, 'ratingKey'), (104511, 'ratingKey'), (105166, 'ratingKey'), (100669, 'ratingKey'), (100525, 'ratingKey'), (127637, 'ratingKey'), (104453, 'ratingKey'), (102268, 'ratingKey'), (112429, 'ratingKey'), (128916, 'ratingKey'), (116439, 'ratingKey'), (114186, 'ratingKey'), (100974, 'ratingKey'), (101619, 'ratingKey'), (101605, 'ratingKey'), (100376, 'ratingKey'), (126228, 'ratingKey'), (101649, 'ratingKey'), (100394, 'ratingKey'), (127946, 'ratingKey'), (41118, 'ratingKey'), (127951, 'ratingKey'), (100593, 'ratingKey'), (101699, 'ratingKey'), (122309, 'ratingKey'), (3733, 'ratingKey'), (101732, 'ratingKey'), (37756, 'ratingKey'), (101753, 'ratingKey'), (78501, 'ratingKey'), (101758, 'ratingKey'), (75747, 'ratingKey'), (101767, 'ratingKey'), (104271, 'ratingKey'), (102223, 'ratingKey'), (126188, 'ratingKey'), (108122, 'ratingKey'), (105097, 'ratingKey'), (39706, 'ratingKey'), (101855, 'ratingKey'), (105950, 'ratingKey'), (39981, 'ratingKey'), (76198, 'ratingKey'), (76995, 'ratingKey'), (108133, 'ratingKey'), (125896, 'ratingKey'), (39712, 'ratingKey'), (101911, 'ratingKey'), (100688, 'ratingKey'), (100894, 'ratingKey'), (112156, 'ratingKey'), (122345, 'ratingKey'), (124069, 'ratingKey'), (121572, 'ratingKey'), (116047, 'ratingKey'), (101960, 'ratingKey'), (114113, 'ratingKey'), (100866, 'ratingKey'), (101971, 'ratingKey'), (112155, 'ratingKey'), (105103, 'ratingKey'), (124213, 'ratingKey'), (127116, 'ratingKey'), (113746, 'ratingKey'), (102070, 'ratingKey'), (112226, 'ratingKey'), (96894, 'ratingKey'), (100887, 'ratingKey'), (125617, 'ratingKey'), (102076, 'ratingKey'), (102090, 'ratingKey'), (127013, 'ratingKey'), (112157, 'ratingKey'), (122421, 'ratingKey'), (105207, 'ratingKey'), (115829, 'ratingKey'), (112165, 'ratingKey'), (100929, 'ratingKey'), (100962, 'ratingKey'), (102109, 'ratingKey'), (126544, 'ratingKey')] |
[2023-01-31 01:13:27,303] [builder.py:1284]           [DEBUG]    |                                                                                                    |
[2023-01-31 01:13:31,590] [builder.py:1697]           [INFO]     |                                                                                                    |
[2023-01-31 01:13:31,590] [util.py:216]               [INFO]     |==================================== Adding to Crime Collection ====================================|
[2023-01-31 01:13:31,591] [builder.py:1699]           [INFO]     |                                                                                                    |
[2023-01-31 01:13:31,591] [builder.py:1709]           [INFO]     |   1/234 | Crime Collection | = | 2 Fast 2 Furious (2003)                                           |
[2023-01-31 01:13:31,591] [builder.py:1709]           [INFO]     |   2/234 | Crime Collection | = | 3 from Hell (2019)                                                |
[2023-01-31 01:13:31,592] [builder.py:1709]           [INFO]     |   3/234 | Crime Collection | = | 3-Iron (2004)                                                     |
[2023-01-31 01:13:31,592] [builder.py:1709]           [INFO]     |   4/234 | Crime Collection | = | 8 Women (2002)                                                    |
[2023-01-31 01:13:31,592] [builder.py:1709]           [INFO]     |   5/234 | Crime Collection | = | 12 Angry Men (1957)                                               |
[2023-01-31 01:13:31,593] [builder.py:1709]           [INFO]     |   6/234 | Crime Collection | = | 12 Hour Shift (2020)                                              |
[2023-01-31 01:13:31,593] [builder.py:1709]           [INFO]     |   7/234 | Crime Collection | = | 1922 (2017)                                                       |
[2023-01-31 01:13:31,594] [builder.py:1709]           [INFO]     |   8/234 | Crime Collection | = | Accident Man: Hitman's Holiday (2022)                             |
[2023-01-31 01:13:31,594] [builder.py:1709]           [INFO]     |   9/234 | Crime Collection | = | Ace Ventura: When Nature Calls (1995)                             |
[2023-01-31 01:13:31,594] [builder.py:1709]           [INFO]     |  10/234 | Crime Collection | = | Ambulance (2022)                                                  |
[2023-01-31 01:13:31,595] [builder.py:1709]           [INFO]     |  11/234 | Crime Collection | = | American Gangster (2007)                                          |
[2023-01-31 01:13:31,595] [builder.py:1709]           [INFO]     |  12/234 | Crime Collection | = | American History X (1998)                                         |
[2023-01-31 01:13:31,595] [builder.py:1709]           [INFO]     |  13/234 | Crime Collection | = | American Hustle (2013)                                            |
[2023-01-31 01:13:31,596] [builder.py:1709]           [INFO]     |  14/234 | Crime Collection | = | American Psycho (2000)                                            |
[2023-01-31 01:13:31,596] [builder.py:1709]           [INFO]     |  15/234 | Crime Collection | = | Amsterdam (2022)                                                  |
[2023-01-31 01:13:31,596] [builder.py:1709]           [INFO]     |  16/234 | Crime Collection | = | Argentina, 1985 (2022)                                            |
[2023-01-31 01:13:31,597] [builder.py:1709]           [INFO]     |  17/234 | Crime Collection | = | Army of the Dead (2021)                                           |
[2023-01-31 01:13:31,597] [builder.py:1709]           [INFO]     |  18/234 | Crime Collection | = | The Assassination of Jesse James by the Coward Robert Ford (2007) |
[2023-01-31 01:13:31,597] [builder.py:1709]           [INFO]     |  19/234 | Crime Collection | = | Athena (2022)                                                     |
[2023-01-31 01:13:31,598] [builder.py:1709]           [INFO]     |  20/234 | Crime Collection | = | Athlete A (2020)                                                  |
[2023-01-31 01:13:31,598] [builder.py:1709]           [INFO]     |  21/234 | Crime Collection | = | Austin Powers in Goldmember (2002)                                |
[2023-01-31 01:13:31,598] [builder.py:1709]           [INFO]     |  22/234 | Crime Collection | = | Austin Powers: International Man of Mystery (1997)                |
[2023-01-31 01:13:31,599] [builder.py:1709]           [INFO]     |  23/234 | Crime Collection | = | Austin Powers: The Spy Who Shagged Me (1999)                      |
[2023-01-31 01:13:31,599] [builder.py:1709]           [INFO]     |  24/234 | Crime Collection | = | Baby Driver (2017)                                                |
[2023-01-31 01:13:31,600] [builder.py:1709]           [INFO]     |  25/234 | Crime Collection | = | Bacurau (2019)                                                    |
[2023-01-31 01:13:31,600] [builder.py:1709]           [INFO]     |  26/234 | Crime Collection | = | Bad Genius (2017)                                                 |
[2023-01-31 01:13:31,600] [builder.py:1709]           [INFO]     |  27/234 | Crime Collection | = | The Bad Guys (2022)                                               |
[2023-01-31 01:13:31,600] [builder.py:1709]           [INFO]     |  28/234 | Crime Collection | = | Bandit (2022)                                                     |
[2023-01-31 01:13:31,601] [builder.py:1709]           [INFO]     |  29/234 | Crime Collection | = | Barking Dogs Never Bite (2000)                                    |
[2023-01-31 01:13:31,601] [builder.py:1709]           [INFO]     |  30/234 | Crime Collection | = | Batman (1989)                                                     |
[2023-01-31 01:13:31,601] [builder.py:1709]           [INFO]     |  31/234 | Crime Collection | = | The Batman (2022)                                                 |
[2023-01-31 01:13:31,602] [builder.py:1709]           [INFO]     |  32/234 | Crime Collection | = | Batman Begins (2005)                                              |
[2023-01-31 01:13:31,602] [builder.py:1709]           [INFO]     |  33/234 | Crime Collection | = | Batman Forever (1995)                                             |
[2023-01-31 01:13:31,603] [builder.py:1709]           [INFO]     |  34/234 | Crime Collection | = | Batman Returns (1992)                                             |
[2023-01-31 01:13:31,603] [builder.py:1709]           [INFO]     |  35/234 | Crime Collection | = | Batman vs Teenage Mutant Ninja Turtles (2019)                     |
[2023-01-31 01:13:31,603] [builder.py:1709]           [INFO]     |  36/234 | Crime Collection | = | Becky (2020)                                                      |
[2023-01-31 01:13:31,604] [builder.py:1709]           [INFO]     |  37/234 | Crime Collection | = | The Big Lebowski (1998)                                           |
[2023-01-31 01:13:31,604] [builder.py:1709]           [INFO]     |  38/234 | Crime Collection | = | Birds of Passage (2018)                                           |
[2023-01-31 01:13:31,604] [builder.py:1709]           [INFO]     |  39/234 | Crime Collection | = | Birds of Prey (2020)                                              |
[2023-01-31 01:13:31,605] [builder.py:1709]           [INFO]     |  40/234 | Crime Collection | = | BlacKkKlansman (2018)                                             |
[2023-01-31 01:13:31,605] [builder.py:1709]           [INFO]     |  41/234 | Crime Collection | = | The Bob's Burgers Movie (2022)                                    |
[2023-01-31 01:13:31,605] [builder.py:1709]           [INFO]     |  42/234 | Crime Collection | = | The Boondock Saints (1999)                                        |
[2023-01-31 01:13:31,606] [builder.py:1709]           [INFO]     |  43/234 | Crime Collection | = | The Boondock Saints II: All Saints Day (2009)                     |
[2023-01-31 01:13:31,606] [builder.py:1709]           [INFO]     |  44/234 | Crime Collection | = | Border (2018)                                                     |
[2023-01-31 01:13:31,607] [builder.py:1709]           [INFO]     |  45/234 | Crime Collection | = | Bottle Rocket (1996)                                              |
[2023-01-31 01:13:31,607] [builder.py:1709]           [INFO]     |  46/234 | Crime Collection | = | Breaking (2022)                                                   |
[2023-01-31 01:13:31,607] [builder.py:1709]           [INFO]     |  47/234 | Crime Collection | = | Broadcast Signal Intrusion (2021)                                 |
[2023-01-31 01:13:31,608] [builder.py:1709]           [INFO]     |  48/234 | Crime Collection | = | Butt Boy (2020)                                                   |
[2023-01-31 01:13:31,608] [builder.py:1709]           [INFO]     |  49/234 | Crime Collection | = | The Cabinet of Dr. Caligari (1920)                                |
[2023-01-31 01:13:31,608] [builder.py:1709]           [INFO]     |  50/234 | Crime Collection | = | Calvary (2014)                                                    |
[2023-01-31 01:13:31,609] [builder.py:1709]           [INFO]     |  51/234 | Crime Collection | = | El Camino: A Breaking Bad Movie (2019)                            |
[2023-01-31 01:13:31,609] [builder.py:1709]           [INFO]     |  52/234 | Crime Collection | = | Casino (1995)                                                     |
[2023-01-31 01:13:31,610] [builder.py:1709]           [INFO]     |  53/234 | Crime Collection | = | Catch Me If You Can (2002)                                        |
[2023-01-31 01:13:31,610] [builder.py:1709]           [INFO]     |  54/234 | Crime Collection | = | Catch the Fair One (2022)                                         |
[2023-01-31 01:13:31,610] [builder.py:1709]           [INFO]     |  55/234 | Crime Collection | = | Changeling (2008)                                                 |
[2023-01-31 01:13:31,611] [builder.py:1709]           [INFO]     |  56/234 | Crime Collection | = | The Chaser (2008)                                                 |
[2023-01-31 01:13:31,611] [builder.py:1709]           [INFO]     |  57/234 | Crime Collection | = | Chinatown (1974)                                                  |
[2023-01-31 01:13:31,612] [builder.py:1709]           [INFO]     |  58/234 | Crime Collection | = | Christmas Holiday (1944)                                          |
[2023-01-31 01:13:31,612] [builder.py:1709]           [INFO]     |  59/234 | Crime Collection | = | A Christmas Mystery (2014)                                        |
[2023-01-31 01:13:31,614] [builder.py:1709]           [INFO]     |  60/234 | Crime Collection | = | City of God (2002)                                                |
[2023-01-31 01:13:31,615] [builder.py:1709]           [INFO]     |  61/234 | Crime Collection | = | A Clockwork Orange (1972)                                         |
[2023-01-31 01:13:31,615] [builder.py:1709]           [INFO]     |  62/234 | Crime Collection | = | A Close Shave (1995)                                              |
[2023-01-31 01:13:31,616] [builder.py:1709]           [INFO]     |  63/234 | Crime Collection | = | The Clovehitch Killer (2018)                                      |
[2023-01-31 01:13:31,616] [builder.py:1709]           [INFO]     |  64/234 | Crime Collection | = | Confess, Fletch (2022)                                            |
[2023-01-31 01:13:31,617] [builder.py:1709]           [INFO]     |  65/234 | Crime Collection | = | The Conversation (1974)                                           |
[2023-01-31 01:13:31,617] [builder.py:1709]           [INFO]     |  66/234 | Crime Collection | = | Cowboy Bebop: The Movie (2001)                                    |
[2023-01-31 01:13:31,617] [builder.py:1709]           [INFO]     |  67/234 | Crime Collection | = | Cruella (2021)                                                    |
[2023-01-31 01:13:31,618] [builder.py:1709]           [INFO]     |  68/234 | Crime Collection | = | The Crying Game (1992)                                            |
[2023-01-31 01:13:31,618] [builder.py:1709]           [INFO]     |  69/234 | Crime Collection | = | Daniel Isn't Real (2019)                                          |
[2023-01-31 01:13:31,619] [builder.py:1709]           [INFO]     |  70/234 | Crime Collection | = | The Dark Knight (2008)                                            |
[2023-01-31 01:13:31,619] [builder.py:1709]           [INFO]     |  71/234 | Crime Collection | = | The Dark Knight Rises (2012)                                      |
[2023-01-31 01:13:31,620] [builder.py:1709]           [INFO]     |  72/234 | Crime Collection | = | Death on the Nile (2022)                                          |
[2023-01-31 01:13:31,620] [builder.py:1709]           [INFO]     |  73/234 | Crime Collection | = | Decision to Leave (2022)                                          |
[2023-01-31 01:13:31,621] [builder.py:1709]           [INFO]     |  74/234 | Crime Collection | = | The Departed (2006)                                               |
[2023-01-31 01:13:31,621] [builder.py:1709]           [INFO]     |  75/234 | Crime Collection | = | Diabolique (1955)                                                 |
[2023-01-31 01:13:31,622] [builder.py:1709]           [INFO]     |  76/234 | Crime Collection | = | Don't Breathe (2016)                                              |
[2023-01-31 01:13:31,622] [builder.py:1709]           [INFO]     |  77/234 | Crime Collection | = | Don't Breathe 2 (2021)                                            |
[2023-01-31 01:13:31,622] [builder.py:1709]           [INFO]     |  78/234 | Crime Collection | = | Don't Worry Darling (2022)                                        |
[2023-01-31 01:13:31,623] [builder.py:1709]           [INFO]     |  79/234 | Crime Collection | = | Emily the Criminal (2022)                                         |
[2023-01-31 01:13:31,623] [builder.py:1709]           [INFO]     |  80/234 | Crime Collection | = | Enola Holmes (2020)                                               |
[2023-01-31 01:13:31,624] [builder.py:1709]           [INFO]     |  81/234 | Crime Collection | = | Enola Holmes 2 (2022)                                             |
[2023-01-31 01:13:31,624] [builder.py:1709]           [INFO]     |  82/234 | Crime Collection | = | Enter the Dragon (1973)                                           |
[2023-01-31 01:13:31,624] [builder.py:1709]           [INFO]     |  83/234 | Crime Collection | = | F9: The Fast Saga (2021)                                          |
[2023-01-31 01:13:31,625] [builder.py:1709]           [INFO]     |  84/234 | Crime Collection | = | Face/Off (1997)                                                   |
[2023-01-31 01:13:31,625] [builder.py:1709]           [INFO]     |  85/234 | Crime Collection | = | Fantastic Mr. Fox (2009)                                          |
[2023-01-31 01:13:31,626] [builder.py:1709]           [INFO]     |  86/234 | Crime Collection | = | Fast & Furious 6 (2013)                                           |
[2023-01-31 01:13:31,626] [builder.py:1709]           [INFO]     |  87/234 | Crime Collection | = | The Fast and the Furious (2001)                                   |
[2023-01-31 01:13:31,627] [builder.py:1709]           [INFO]     |  88/234 | Crime Collection | = | The Fast and the Furious: Tokyo Drift (2006)                      |
[2023-01-31 01:13:31,627] [builder.py:1709]           [INFO]     |  89/234 | Crime Collection | = | Fast Five (2011)                                                  |
[2023-01-31 01:13:31,628] [builder.py:1709]           [INFO]     |  90/234 | Crime Collection | = | The Fate of the Furious (2017)                                    |
[2023-01-31 01:13:31,629] [builder.py:1709]           [INFO]     |  91/234 | Crime Collection | = | Following (1999)                                                  |
[2023-01-31 01:13:31,630] [builder.py:1709]           [INFO]     |  92/234 | Crime Collection | = | From Dusk Till Dawn (1996)                                        |
[2023-01-31 01:13:31,630] [builder.py:1709]           [INFO]     |  93/234 | Crime Collection | = | Funny Games (1997)                                                |
[2023-01-31 01:13:31,631] [builder.py:1709]           [INFO]     |  94/234 | Crime Collection | = | Game Night (2018)                                                 |
[2023-01-31 01:13:31,631] [builder.py:1709]           [INFO]     |  95/234 | Crime Collection | = | Ghost in the Shell (1995)                                         |
[2023-01-31 01:13:31,632] [builder.py:1709]           [INFO]     |  96/234 | Crime Collection | = | Ghost in the Shell 2.0 (2008)                                     |
[2023-01-31 01:13:31,632] [builder.py:1709]           [INFO]     |  97/234 | Crime Collection | = | Girl in the Picture (2022)                                        |
[2023-01-31 01:13:31,633] [builder.py:1709]           [INFO]     |  98/234 | Crime Collection | = | Glass Onion (2022)                                                |
[2023-01-31 01:13:31,633] [builder.py:1709]           [INFO]     |  99/234 | Crime Collection | = | The Godfather (1972)                                              |
[2023-01-31 01:13:31,634] [builder.py:1709]           [INFO]     | 100/234 | Crime Collection | = | The Godfather Part II (1974)                                      |
[2023-01-31 01:13:31,634] [builder.py:1709]           [INFO]     | 101/234 | Crime Collection | = | The Godfather Part III (1990)                                     |
[2023-01-31 01:13:31,635] [builder.py:1709]           [INFO]     | 102/234 | Crime Collection | = | Gone Girl (2014)                                                  |
[2023-01-31 01:13:31,635] [builder.py:1709]           [INFO]     | 103/234 | Crime Collection | = | Gone in 60 Seconds (2000)                                         |
[2023-01-31 01:13:31,636] [builder.py:1709]           [INFO]     | 104/234 | Crime Collection | = | The Good Nurse (2022)                                             |
[2023-01-31 01:13:31,636] [builder.py:1709]           [INFO]     | 105/234 | Crime Collection | = | Goodfellas (1990)                                                 |
[2023-01-31 01:13:31,637] [builder.py:1709]           [INFO]     | 106/234 | Crime Collection | = | The Grand Budapest Hotel (2014)                                   |
[2023-01-31 01:13:31,637] [builder.py:1709]           [INFO]     | 107/234 | Crime Collection | = | The Green Mile (1999)                                             |
[2023-01-31 01:13:31,638] [builder.py:1709]           [INFO]     | 108/234 | Crime Collection | = | Green Room (2016)                                                 |
[2023-01-31 01:13:31,638] [builder.py:1709]           [INFO]     | 109/234 | Crime Collection | = | Halloween (2018)                                                  |
[2023-01-31 01:13:31,639] [builder.py:1709]           [INFO]     | 110/234 | Crime Collection | = | The Hangover Part III (2013)                                      |
[2023-01-31 01:13:31,639] [builder.py:1709]           [INFO]     | 111/234 | Crime Collection | = | The Hateful Eight (2015)                                          |
[2023-01-31 01:13:31,640] [builder.py:1709]           [INFO]     | 112/234 | Crime Collection | = | Hell or High Water (2016)                                         |
[2023-01-31 01:13:31,640] [builder.py:1709]           [INFO]     | 113/234 | Crime Collection | = | High and Low (1963)                                               |
[2023-01-31 01:13:31,640] [builder.py:1709]           [INFO]     | 114/234 | Crime Collection | = | Home Alone 2: Lost in New York (1992)                             |
[2023-01-31 01:13:31,641] [builder.py:1709]           [INFO]     | 115/234 | Crime Collection | = | Home Alone 3 (1997)                                               |
[2023-01-31 01:13:31,642] [builder.py:1709]           [INFO]     | 116/234 | Crime Collection | = | Home Alone 4 (2002)                                               |
[2023-01-31 01:13:31,642] [builder.py:1709]           [INFO]     | 117/234 | Crime Collection | = | House of Gucci (2021)                                             |
[2023-01-31 01:13:31,643] [builder.py:1709]           [INFO]     | 118/234 | Crime Collection | = | The Hustle (2019)                                                 |
[2023-01-31 01:13:31,643] [builder.py:1709]           [INFO]     | 119/234 | Crime Collection | = | I Care a Lot (2021)                                               |
[2023-01-31 01:13:31,645] [builder.py:1709]           [INFO]     | 120/234 | Crime Collection | = | I Saw the Devil (2010)                                            |
[2023-01-31 01:13:31,645] [builder.py:1709]           [INFO]     | 121/234 | Crime Collection | = | I See You (2019)                                                  |
[2023-01-31 01:13:31,646] [builder.py:1709]           [INFO]     | 122/234 | Crime Collection | = | In Bruges (2008)                                                  |
[2023-01-31 01:13:31,646] [builder.py:1709]           [INFO]     | 123/234 | Crime Collection | = | Initiation (2021)                                                 |
[2023-01-31 01:13:31,647] [builder.py:1709]           [INFO]     | 124/234 | Crime Collection | = | Insomnia (2002)                                                   |
[2023-01-31 01:13:31,647] [builder.py:1709]           [INFO]     | 125/234 | Crime Collection | = | The Irishman (2019)                                               |
[2023-01-31 01:13:31,648] [builder.py:1709]           [INFO]     | 126/234 | Crime Collection | = | Iron Monkey (1993)                                                |
[2023-01-31 01:13:31,648] [builder.py:1709]           [INFO]     | 127/234 | Crime Collection | = | The Italian Job (2003)                                            |
[2023-01-31 01:13:31,649] [builder.py:1709]           [INFO]     | 128/234 | Crime Collection | = | Jackie Brown (1997)                                               |
[2023-01-31 01:13:31,649] [builder.py:1709]           [INFO]     | 129/234 | Crime Collection | = | John Wick (2014)                                                  |
[2023-01-31 01:13:31,649] [builder.py:1709]           [INFO]     | 130/234 | Crime Collection | = | John Wick: Chapter 2 (2017)                                       |
[2023-01-31 01:13:31,650] [builder.py:1709]           [INFO]     | 131/234 | Crime Collection | = | John Wick: Chapter 3 - Parabellum (2019)                          |
[2023-01-31 01:13:31,651] [builder.py:1709]           [INFO]     | 132/234 | Crime Collection | = | Joker (2019)                                                      |
[2023-01-31 01:13:31,651] [builder.py:1709]           [INFO]     | 133/234 | Crime Collection | = | Kill Bill: Vol. 1 (2003)                                          |
[2023-01-31 01:13:31,652] [builder.py:1709]           [INFO]     | 134/234 | Crime Collection | = | Kill Bill: Vol. 2 (2004)                                          |
[2023-01-31 01:13:31,652] [builder.py:1709]           [INFO]     | 135/234 | Crime Collection | = | The Killing (1956)                                                |
[2023-01-31 01:13:31,653] [builder.py:1709]           [INFO]     | 136/234 | Crime Collection | = | Kimi (2022)                                                       |
[2023-01-31 01:13:31,654] [builder.py:1709]           [INFO]     | 137/234 | Crime Collection | = | Knives Out (2019)                                                 |
[2023-01-31 01:13:31,654] [builder.py:1709]           [INFO]     | 138/234 | Crime Collection | = | Kung Fu Hustle (2004)                                             |
[2023-01-31 01:13:31,655] [builder.py:1709]           [INFO]     | 139/234 | Crime Collection | = | Lady Vengeance (2005)                                             |
[2023-01-31 01:13:31,655] [builder.py:1709]           [INFO]     | 140/234 | Crime Collection | = | Léon: The Professional (1994)                                     |
[2023-01-31 01:13:31,656] [builder.py:1709]           [INFO]     | 141/234 | Crime Collection | = | Live Free or Die Hard (2007)                                      |
[2023-01-31 01:13:31,656] [builder.py:1709]           [INFO]     | 142/234 | Crime Collection | = | Lolita (1962)                                                     |
[2023-01-31 01:13:31,657] [builder.py:1709]           [INFO]     | 143/234 | Crime Collection | = | Lost Bullet (2020)                                                |
[2023-01-31 01:13:31,657] [builder.py:1709]           [INFO]     | 144/234 | Crime Collection | = | Lupin III: The First (2019)                                       |
[2023-01-31 01:13:31,658] [builder.py:1709]           [INFO]     | 145/234 | Crime Collection | = | Lupin the Third: The Castle of Cagliostro (1979)                  |
[2023-01-31 01:13:31,659] [builder.py:1709]           [INFO]     | 146/234 | Crime Collection | = | M (1931)                                                          |
[2023-01-31 01:13:31,660] [builder.py:1709]           [INFO]     | 147/234 | Crime Collection | = | Malignant (2021)                                                  |
[2023-01-31 01:13:31,661] [builder.py:1709]           [INFO]     | 148/234 | Crime Collection | = | The Man from Nowhere (2010)                                       |
[2023-01-31 01:13:31,661] [builder.py:1709]           [INFO]     | 149/234 | Crime Collection | = | Marvel One-Shot: Item 47 (2012)                                   |
[2023-01-31 01:13:31,662] [builder.py:1709]           [INFO]     | 150/234 | Crime Collection | = | The Mask (1994)                                                   |
[2023-01-31 01:13:31,663] [builder.py:1709]           [INFO]     | 151/234 | Crime Collection | = | Matchstick Men (2003)                                             |
[2023-01-31 01:13:31,663] [builder.py:1709]           [INFO]     | 152/234 | Crime Collection | = | A Matter of Loaf and Death (2008)                                 |
[2023-01-31 01:13:31,664] [builder.py:1709]           [INFO]     | 153/234 | Crime Collection | = | Mean Streets (1973)                                               |
[2023-01-31 01:13:31,664] [builder.py:1709]           [INFO]     | 154/234 | Crime Collection | = | Memories of Murder (2003)                                         |
[2023-01-31 01:13:31,665] [builder.py:1709]           [INFO]     | 155/234 | Crime Collection | = | Memory (2022)                                                     |
[2023-01-31 01:13:31,666] [builder.py:1709]           [INFO]     | 156/234 | Crime Collection | = | Minions: The Rise of Gru (2022)                                   |
[2023-01-31 01:13:31,666] [builder.py:1709]           [INFO]     | 157/234 | Crime Collection | = | Mother (2009)                                                     |
[2023-01-31 01:13:31,667] [builder.py:1709]           [INFO]     | 158/234 | Crime Collection | = | Mr. Nice Guy (1997)                                               |
[2023-01-31 01:13:31,667] [builder.py:1709]           [INFO]     | 159/234 | Crime Collection | = | The Nice Guys (2016)                                              |
[2023-01-31 01:13:31,668] [builder.py:1709]           [INFO]     | 160/234 | Crime Collection | = | The Night of the Hunter (1955)                                    |
[2023-01-31 01:13:31,668] [builder.py:1709]           [INFO]     | 161/234 | Crime Collection | = | Nightcrawler (2014)                                               |
[2023-01-31 01:13:31,669] [builder.py:1709]           [INFO]     | 162/234 | Crime Collection | = | Nightmare Alley (2021)                                            |
[2023-01-31 01:13:31,669] [builder.py:1709]           [INFO]     | 163/234 | Crime Collection | = | No Country for Old Men (2007)                                     |
[2023-01-31 01:13:31,670] [builder.py:1709]           [INFO]     | 164/234 | Crime Collection | = | No Exit (2022)                                                    |
[2023-01-31 01:13:31,670] [builder.py:1709]           [INFO]     | 165/234 | Crime Collection | = | Nobody (2021)                                                     |
[2023-01-31 01:13:31,671] [builder.py:1709]           [INFO]     | 166/234 | Crime Collection | = | Ocean's Eleven (2001)                                             |
[2023-01-31 01:13:31,672] [builder.py:1709]           [INFO]     | 167/234 | Crime Collection | = | Ocean's Twelve (2004)                                             |
[2023-01-31 01:13:31,672] [builder.py:1709]           [INFO]     | 168/234 | Crime Collection | = | Ocean's Thirteen (2007)                                           |
[2023-01-31 01:13:31,673] [builder.py:1709]           [INFO]     | 169/234 | Crime Collection | = | On the Count of Three (2022)                                      |
[2023-01-31 01:13:31,673] [builder.py:1709]           [INFO]     | 170/234 | Crime Collection | = | On the Waterfront (1954)                                          |
[2023-01-31 01:13:31,674] [builder.py:1709]           [INFO]     | 171/234 | Crime Collection | = | Once Upon a Time in America (1984)                                |
[2023-01-31 01:13:31,676] [builder.py:1709]           [INFO]     | 172/234 | Crime Collection | = | Once Upon a Time in Anatolia (2011)                               |
[2023-01-31 01:13:31,676] [builder.py:1709]           [INFO]     | 173/234 | Crime Collection | = | Orphan: First Kill (2022)                                         |
[2023-01-31 01:13:31,677] [builder.py:1709]           [INFO]     | 174/234 | Crime Collection | = | The Outfit (2022)                                                 |
[2023-01-31 01:13:31,678] [builder.py:1709]           [INFO]     | 175/234 | Crime Collection | = | Paradise Highway (2022)                                           |
[2023-01-31 01:13:31,678] [builder.py:1709]           [INFO]     | 176/234 | Crime Collection | = | Perfect Blue (1998)                                               |
[2023-01-31 01:13:31,679] [builder.py:1709]           [INFO]     | 177/234 | Crime Collection | = | Perfume: The Story of a Murderer (2006)                           |
[2023-01-31 01:13:31,679] [builder.py:1709]           [INFO]     | 178/234 | Crime Collection | = | Prisoners (2013)                                                  |
[2023-01-31 01:13:31,680] [builder.py:1709]           [INFO]     | 179/234 | Crime Collection | = | Promising Young Woman (2020)                                      |
[2023-01-31 01:13:31,681] [builder.py:1709]           [INFO]     | 180/234 | Crime Collection | = | Pulp Fiction (1994)                                               |
[2023-01-31 01:13:31,681] [builder.py:1709]           [INFO]     | 181/234 | Crime Collection | = | Quantum of Solace (2008)                                          |
[2023-01-31 01:13:31,682] [builder.py:1709]           [INFO]     | 182/234 | Crime Collection | = | The Rainmaker (1997)                                              |
[2023-01-31 01:13:31,683] [builder.py:1709]           [INFO]     | 183/234 | Crime Collection | = | Red Notice (2021)                                                 |
[2023-01-31 01:13:31,684] [builder.py:1709]           [INFO]     | 184/234 | Crime Collection | = | Red Rock West (1993)                                              |
[2023-01-31 01:13:31,684] [builder.py:1709]           [INFO]     | 185/234 | Crime Collection | = | Requiem for a Dream (2000)                                        |
[2023-01-31 01:13:31,685] [builder.py:1709]           [INFO]     | 186/234 | Crime Collection | = | The Rescuers Down Under (1990)                                    |
[2023-01-31 01:13:31,685] [builder.py:1709]           [INFO]     | 187/234 | Crime Collection | = | Reservoir Dogs (1992)                                             |
[2023-01-31 01:13:31,686] [builder.py:1709]           [INFO]     | 188/234 | Crime Collection | = | Rider (2018)                                                      |
[2023-01-31 01:13:31,687] [builder.py:1709]           [INFO]     | 189/234 | Crime Collection | = | Rope (1948)                                                       |
[2023-01-31 01:13:31,687] [builder.py:1709]           [INFO]     | 190/234 | Crime Collection | = | The Roundup (2022)                                                |
[2023-01-31 01:13:31,688] [builder.py:1709]           [INFO]     | 191/234 | Crime Collection | = | Rumble in the Bronx (1995)                                        |
[2023-01-31 01:13:31,688] [builder.py:1709]           [INFO]     | 192/234 | Crime Collection | = | Scream (1996)                                                     |
[2023-01-31 01:13:31,689] [builder.py:1709]           [INFO]     | 193/234 | Crime Collection | = | Se7en (1995)                                                      |
[2023-01-31 01:13:31,689] [builder.py:1709]           [INFO]     | 194/234 | Crime Collection | = | See for Me (2022)                                                 |
[2023-01-31 01:13:31,690] [builder.py:1709]           [INFO]     | 195/234 | Crime Collection | = | The Shawshank Redemption (1994)                                   |
[2023-01-31 01:13:31,691] [builder.py:1709]           [INFO]     | 196/234 | Crime Collection | = | Sherlock Holmes (2009)                                            |
[2023-01-31 01:13:31,692] [builder.py:1709]           [INFO]     | 197/234 | Crime Collection | = | Shooter (2007)                                                    |
[2023-01-31 01:13:31,692] [builder.py:1709]           [INFO]     | 198/234 | Crime Collection | = | Shoplifters (2018)                                                |
[2023-01-31 01:13:31,693] [builder.py:1709]           [INFO]     | 199/234 | Crime Collection | = | Sicario (2015)                                                    |
[2023-01-31 01:13:31,694] [builder.py:1709]           [INFO]     | 200/234 | Crime Collection | = | The Silence of the Lambs (1991)                                   |
[2023-01-31 01:13:31,694] [builder.py:1709]           [INFO]     | 201/234 | Crime Collection | = | Slumdog Millionaire (2008)                                        |
[2023-01-31 01:13:31,695] [builder.py:1709]           [INFO]     | 202/234 | Crime Collection | = | Soylent Green (1973)                                              |
[2023-01-31 01:13:31,696] [builder.py:1709]           [INFO]     | 203/234 | Crime Collection | = | Spotlight (2015)                                                  |
[2023-01-31 01:13:31,696] [builder.py:1709]           [INFO]     | 204/234 | Crime Collection | = | Spree (2020)                                                      |
[2023-01-31 01:13:31,697] [builder.py:1709]           [INFO]     | 205/234 | Crime Collection | = | Stand by Me (1986)                                                |
[2023-01-31 01:13:31,698] [builder.py:1709]           [INFO]     | 206/234 | Crime Collection | = | Stealing Christmas (2003)                                         |
[2023-01-31 01:13:31,698] [builder.py:1709]           [INFO]     | 207/234 | Crime Collection | = | Suicide Squad (2016)                                              |
[2023-01-31 01:13:31,699] [builder.py:1709]           [INFO]     | 208/234 | Crime Collection | = | Sympathy for Mr. Vengeance (2002)                                 |
[2023-01-31 01:13:31,700] [builder.py:1709]           [INFO]     | 209/234 | Crime Collection | = | Synchronic (2020)                                                 |
[2023-01-31 01:13:31,700] [builder.py:1709]           [INFO]     | 210/234 | Crime Collection | = | Taxi Driver (1976)                                                |
[2023-01-31 01:13:31,701] [builder.py:1709]           [INFO]     | 211/234 | Crime Collection | = | Tekkonkinkreet (2006)                                             |
[2023-01-31 01:13:31,702] [builder.py:1709]           [INFO]     | 212/234 | Crime Collection | = | Thelma & Louise (1991)                                            |
[2023-01-31 01:13:31,702] [builder.py:1709]           [INFO]     | 213/234 | Crime Collection | = | Three Billboards Outside Ebbing, Missouri (2017)                  |
[2023-01-31 01:13:31,703] [builder.py:1709]           [INFO]     | 214/234 | Crime Collection | = | Tower (2017)                                                      |
[2023-01-31 01:13:31,704] [builder.py:1709]           [INFO]     | 215/234 | Crime Collection | = | Trapped in Paradise (1994)                                        |
[2023-01-31 01:13:31,704] [builder.py:1709]           [INFO]     | 216/234 | Crime Collection | = | The Unbearable Weight of Massive Talent (2022)                    |
[2023-01-31 01:13:31,705] [builder.py:1709]           [INFO]     | 217/234 | Crime Collection | = | Uncut Gems (2019)                                                 |
[2023-01-31 01:13:31,706] [builder.py:1709]           [INFO]     | 218/234 | Crime Collection | = | The Usual Suspects (1995)                                         |
[2023-01-31 01:13:31,707] [builder.py:1709]           [INFO]     | 219/234 | Crime Collection | = | VFW (2020)                                                        |
[2023-01-31 01:13:31,707] [builder.py:1709]           [INFO]     | 220/234 | Crime Collection | = | Vikram (2022)                                                     |
[2023-01-31 01:13:31,708] [builder.py:1709]           [INFO]     | 221/234 | Crime Collection | = | Villains (2019)                                                   |
[2023-01-31 01:13:31,709] [builder.py:1709]           [INFO]     | 222/234 | Crime Collection | = | Violent Night (2022)                                              |
[2023-01-31 01:13:31,709] [builder.py:1709]           [INFO]     | 223/234 | Crime Collection | = | Wait Until Dark (1967)                                            |
[2023-01-31 01:13:31,710] [builder.py:1709]           [INFO]     | 224/234 | Crime Collection | = | The Way of the Dragon (1972)                                      |
[2023-01-31 01:13:31,711] [builder.py:1709]           [INFO]     | 225/234 | Crime Collection | = | West Side Story (1961)                                            |
[2023-01-31 01:13:31,711] [builder.py:1709]           [INFO]     | 226/234 | Crime Collection | = | West Side Story (2021)                                            |
[2023-01-31 01:13:31,712] [builder.py:1709]           [INFO]     | 227/234 | Crime Collection | = | Who Framed Roger Rabbit (1988)                                    |
[2023-01-31 01:13:31,713] [builder.py:1709]           [INFO]     | 228/234 | Crime Collection | = | Witness for the Prosecution (1958)                                |
[2023-01-31 01:13:31,714] [builder.py:1709]           [INFO]     | 229/234 | Crime Collection | = | The Wolf of Wall Street (2013)                                    |
[2023-01-31 01:13:31,714] [builder.py:1709]           [INFO]     | 230/234 | Crime Collection | = | Wrath of Man (2021)                                               |
[2023-01-31 01:13:31,715] [builder.py:1709]           [INFO]     | 231/234 | Crime Collection | = | The Wrong Trousers (1993)                                         |
[2023-01-31 01:13:31,716] [builder.py:1709]           [INFO]     | 232/234 | Crime Collection | = | The Young Offenders (2016)                                        |
[2023-01-31 01:13:31,717] [builder.py:1709]           [INFO]     | 233/234 | Crime Collection | = | Zodiac (2007)                                                     |
[2023-01-31 01:13:31,717] [builder.py:1709]           [INFO]     | 234/234 | Crime Collection | = | Zootopia (2016)                                                   |
[2023-01-31 01:13:31,718] [builder.py:1734]           [INFO]     |                                                                                                    |
[2023-01-31 01:13:31,718] [builder.py:1735]           [INFO]     | 234 Movies Processed                                                                               |
[2023-01-31 01:13:31,724] [builder.py:2147]           [INFO]     |                                                                                                    |
[2023-01-31 01:13:31,724] [util.py:216]               [INFO]     |=============================== Updating Details of Crime Collection ===============================|
[2023-01-31 01:13:31,725] [builder.py:2149]           [INFO]     |                                                                                                    |
[2023-01-31 01:13:31,725] [builder.py:2156]           [INFO]     | Detail: summary updated Collection Summary                                                         |
[2023-01-31 01:13:31,726] [builder.py:2258]           [DEBUG]    | 1 posters found:                                                                                   |
[2023-01-31 01:13:31,726] [builder.py:2260]           [DEBUG]    | Method: url_poster Poster: https://theposterdb.com/api/assets/53057                                |
[2023-01-31 01:13:31,726] [builder.py:2327]           [INFO]     | No background collection detail or asset folder found                                              |
[2023-01-31 01:13:31,727] [library.py:147]            [INFO]     | Detail: poster update not needed                                                                   |
[2023-01-31 01:13:32,561] [plex_meta_manager.py:880]  [INFO]     |                                                                                                    |
[2023-01-31 01:13:32,562] [util.py:209]               [INFO]     |====================================================================================================|
[2023-01-31 01:13:32,562] [util.py:216]               [INFO]     |                                     Finished Crime Collection                                      |
[2023-01-31 01:13:32,563] [util.py:216]               [INFO]     |                                    Collection Run Time: 0:00:06                                    |
[2023-01-31 01:13:32,563] [util.py:220]               [INFO]     |====================================================================================================|
