[2023-02-25 03:14:48,005] [util.py:209]               [INFO]     |====================================================================================================|
[2023-02-25 03:14:48,006] [util.py:216]               [INFO]     |                                    Syfy Collection in TV Shows                                     |
[2023-02-25 03:14:48,006] [util.py:220]               [INFO]     |====================================================================================================|
[2023-02-25 03:14:48,007] [plex_meta_manager.py:750]  [INFO]     |                                                                                                    |
[2023-02-25 03:14:48,007] [util.py:216]               [INFO]     |==================================== Validating Syfy Attributes ====================================|
[2023-02-25 03:14:48,007] [builder.py:265]            [DEBUG]    |                                                                                                    |
[2023-02-25 03:14:48,008] [builder.py:266]            [DEBUG]    | Validating Method: template                                                                        |
[2023-02-25 03:14:48,008] [meta.py:83]                [DEBUG]    | Value: ordereddict([('name', 'network'), ('network', '77, 3701'), ('poster', 'https://theposterdb.com/api/assets/193549')]) |
[2023-02-25 03:14:48,008] [builder.py:330]            [DEBUG]    |                                                                                                    |
[2023-02-25 03:14:48,009] [builder.py:331]            [DEBUG]    | Validating Method: sync_mode                                                                       |
[2023-02-25 03:14:48,009] [builder.py:335]            [DEBUG]    | Value: sync                                                                                        |
[2023-02-25 03:14:48,009] [builder.py:453]            [DEBUG]    |                                                                                                    |
[2023-02-25 03:14:48,009] [builder.py:454]            [DEBUG]    | Validating Method: collection_order                                                                |
[2023-02-25 03:14:48,009] [builder.py:455]            [DEBUG]    | Value: alpha                                                                                       |
[2023-02-25 03:14:48,010] [builder.py:472]            [DEBUG]    |                                                                                                    |
[2023-02-25 03:14:48,010] [builder.py:473]            [DEBUG]    | Validating Method: tmdb_network                                                                    |
[2023-02-25 03:14:48,010] [builder.py:474]            [DEBUG]    | Value: 77, 3701                                                                                    |
[2023-02-25 03:14:48,240] [builder.py:472]            [DEBUG]    |                                                                                                    |
[2023-02-25 03:14:48,241] [builder.py:473]            [DEBUG]    | Validating Method: url_poster                                                                      |
[2023-02-25 03:14:48,241] [builder.py:474]            [DEBUG]    | Value: https://theposterdb.com/api/assets/193549                                                   |
[2023-02-25 03:14:48,241] [builder.py:472]            [DEBUG]    |                                                                                                    |
[2023-02-25 03:14:48,241] [builder.py:473]            [DEBUG]    | Validating Method: sort_title                                                                      |
[2023-02-25 03:14:48,242] [builder.py:474]            [DEBUG]    | Value: +4_Syfy                                                                                     |
[2023-02-25 03:14:48,321] [builder.py:619]            [INFO]     |                                                                                                    |
[2023-02-25 03:14:48,321] [builder.py:620]            [INFO]     | Validation Successful                                                                              |
[2023-02-25 03:14:48,322] [plex_meta_manager.py:758]  [INFO]     |                                                                                                    |
[2023-02-25 03:14:48,322] [util.py:216]               [INFO]     |===================================== Running Syfy Collection ======================================|
[2023-02-25 03:14:48,322] [plex_meta_manager.py:773]  [INFO]     |                                                                                                    |
[2023-02-25 03:14:48,323] [plex_meta_manager.py:774]  [INFO]     | Sync Mode: sync                                                                                    |
[2023-02-25 03:14:48,323] [builder.py:1275]           [DEBUG]    |                                                                                                    |
[2023-02-25 03:14:48,323] [builder.py:1276]           [DEBUG]    | Builder: tmdb_network: 77                                                                          |
[2023-02-25 03:14:48,323] [builder.py:1277]           [INFO]     |                                                                                                    |
[2023-02-25 03:14:49,316] [tmdb.py:282]               [INFO]     | Processing TMDb Network: (77) Syfy (154 Shows)                                                     |
[2023-02-25 03:14:49,316] [builder.py:1282]           [DEBUG]    |                                                                                                    |
[2023-02-25 03:14:49,317] [builder.py:1283]           [DEBUG]    | 154 IDs Found: [(90462, 'tmdb_show'), (4629, 'tmdb_show'), (2290, 'tmdb_show'), (65820, 'tmdb_show'), (63639, 'tmdb_show'), (1972, 'tmdb_show'), (61345, 'tmdb_show'), (4271, 'tmdb_show'), (64432, 'tmdb_show'), (1649, 'tmdb_show'), (15819, 'tmdb_show'), (4620, 'tmdb_show'), (60948, 'tmdb_show'), (47663, 'tmdb_show'), (31991, 'tmdb_show'), (96580, 'tmdb_show'), (75663, 'tmdb_show'), (33001, 'tmdb_show'), (65988, 'tmdb_show'), (1952, 'tmdb_show'), (33852, 'tmdb_show'), (21561, 'tmdb_show'), (5148, 'tmdb_show'), (129897, 'tmdb_show'), (1549, 'tmdb_show'), (62425, 'tmdb_show'), (1310, 'tmdb_show'), (71340, 'tmdb_show'), (60685, 'tmdb_show'), (2203, 'tmdb_show'), (51704, 'tmdb_show'), (2188, 'tmdb_show'), (62413, 'tmdb_show'), (60556, 'tmdb_show'), (71365, 'tmdb_show'), (39362, 'tmdb_show'), (58811, 'tmdb_show'), (9026, 'tmdb_show'), (877, 'tmdb_show'), (72339, 'tmdb_show'), (32022, 'tmdb_show'), (63647, 'tmdb_show'), (72752, 'tmdb_show'), (12584, 'tmdb_show'), (9156, 'tmdb_show'), (35370, 'tmdb_show'), (60741, 'tmdb_show'), (19566, 'tmdb_show'), (4735, 'tmdb_show'), (67752, 'tmdb_show'), (43720, 'tmdb_show'), (67439, 'tmdb_show'), (1225, 'tmdb_show'), (3868, 'tmdb_show'), (67684, 'tmdb_show'), (13278, 'tmdb_show'), (78183, 'tmdb_show'), (6279, 'tmdb_show'), (155437, 'tmdb_show'), (443, 'tmdb_show'), (4793, 'tmdb_show'), (2118, 'tmdb_show'), (4955, 'tmdb_show'), (71693, 'tmdb_show'), (6323, 'tmdb_show'), (4585, 'tmdb_show'), (2432, 'tmdb_show'), (74104, 'tmdb_show'), (40919, 'tmdb_show'), (4131, 'tmdb_show'), (43069, 'tmdb_show'), (351, 'tmdb_show'), (1890, 'tmdb_show'), (41327, 'tmdb_show'), (4372, 'tmdb_show'), (2762, 'tmdb_show'), (65551, 'tmdb_show'), (62229, 'tmdb_show'), (1259, 'tmdb_show'), (3574, 'tmdb_show'), (4531, 'tmdb_show'), (37939, 'tmdb_show'), (99412, 'tmdb_show'), (31768, 'tmdb_show'), (80558, 'tmdb_show'), (315, 'tmdb_show'), (15741, 'tmdb_show'), (153269, 'tmdb_show'), (33168, 'tmdb_show'), (14058, 'tmdb_show'), (12881, 'tmdb_show'), (3894, 'tmdb_show'), (4706, 'tmdb_show'), (233, 'tmdb_show'), (2137, 'tmdb_show'), (60964, 'tmdb_show'), (44818, 'tmdb_show'), (73381, 'tmdb_show'), (14909, 'tmdb_show'), (18005, 'tmdb_show'), (31254, 'tmdb_show'), (86269, 'tmdb_show'), (46613, 'tmdb_show'), (13843, 'tmdb_show'), (113673, 'tmdb_show'), (10236, 'tmdb_show'), (60604, 'tmdb_show'), (63002, 'tmdb_show'), (64984, 'tmdb_show'), (38924, 'tmdb_show'), (34484, 'tmdb_show'), (33940, 'tmdb_show'), (31193, 'tmdb_show'), (8206, 'tmdb_show'), (104215, 'tmdb_show'), (43162, 'tmdb_show'), (61176, 'tmdb_show'), (38132, 'tmdb_show'), (21921, 'tmdb_show'), (43070, 'tmdb_show'), (581, 'tmdb_show'), (10229, 'tmdb_show'), (44674, 'tmdb_show'), (61569, 'tmdb_show'), (98620, 'tmdb_show'), (72751, 'tmdb_show'), (40056, 'tmdb_show'), (61570, 'tmdb_show'), (46200, 'tmdb_show'), (97019, 'tmdb_show'), (59251, 'tmdb_show'), (37132, 'tmdb_show'), (70835, 'tmdb_show'), (197998, 'tmdb_show'), (158172, 'tmdb_show'), (101902, 'tmdb_show'), (71911, 'tmdb_show'), (65999, 'tmdb_show'), (58961, 'tmdb_show'), (58767, 'tmdb_show'), (50005, 'tmdb_show'), (46971, 'tmdb_show'), (42164, 'tmdb_show'), (42120, 'tmdb_show'), (42113, 'tmdb_show'), (39404, 'tmdb_show'), (26142, 'tmdb_show'), (21623, 'tmdb_show'), (21620, 'tmdb_show'), (21479, 'tmdb_show'), (21474, 'tmdb_show'), (15889, 'tmdb_show'), (8280, 'tmdb_show'), (5816, 'tmdb_show')] |
[2023-02-25 03:14:49,317] [builder.py:1284]           [DEBUG]    |                                                                                                    |
[2023-02-25 03:14:49,578] [builder.py:1361]           [ERROR]    | Convert Error: No TVDb ID Found for TMDb ID: 71365                                                 |
[2023-02-25 03:14:49,835] [builder.py:1361]           [ERROR]    | Convert Error: No TVDb ID Found for TMDb ID: 64984                                                 |
[2023-02-25 03:14:49,959] [builder.py:1361]           [ERROR]    | Convert Error: No TVDb ID Found for TMDb ID: 61176                                                 |
[2023-02-25 03:14:50,057] [builder.py:1361]           [ERROR]    | Convert Error: No TVDb ID Found for TMDb ID: 72751                                                 |
[2023-02-25 03:14:50,159] [builder.py:1361]           [ERROR]    | Convert Error: No TVDb ID Found for TMDb ID: 61570                                                 |
[2023-02-25 03:14:50,268] [builder.py:1361]           [ERROR]    | Convert Error: No TVDb ID Found for TMDb ID: 158172                                                |
[2023-02-25 03:14:50,369] [builder.py:1361]           [ERROR]    | Convert Error: No TVDb ID Found for TMDb ID: 71911                                                 |
[2023-02-25 03:14:50,473] [builder.py:1361]           [ERROR]    | Convert Error: No TVDb ID Found for TMDb ID: 58961                                                 |
[2023-02-25 03:14:50,579] [builder.py:1361]           [ERROR]    | Convert Error: No TVDb ID Found for TMDb ID: 46971                                                 |
[2023-02-25 03:14:50,687] [builder.py:1361]           [ERROR]    | Convert Error: No TVDb ID Found for TMDb ID: 42164                                                 |
[2023-02-25 03:14:50,794] [builder.py:1361]           [ERROR]    | Convert Error: No TVDb ID Found for TMDb ID: 42120                                                 |
[2023-02-25 03:14:50,895] [builder.py:1361]           [ERROR]    | Convert Error: No TVDb ID Found for TMDb ID: 42113                                                 |
[2023-02-25 03:14:51,005] [builder.py:1361]           [ERROR]    | Convert Error: No TVDb ID Found for TMDb ID: 21623                                                 |
[2023-02-25 03:14:51,123] [builder.py:1361]           [ERROR]    | Convert Error: No TVDb ID Found for TMDb ID: 21620                                                 |
[2023-02-25 03:14:51,232] [builder.py:1361]           [ERROR]    | Convert Error: No TVDb ID Found for TMDb ID: 21479                                                 |
[2023-02-25 03:14:51,335] [builder.py:1361]           [ERROR]    | Convert Error: No TVDb ID Found for TMDb ID: 21474                                                 |
[2023-02-25 03:14:51,439] [builder.py:1361]           [ERROR]    | Convert Error: No TVDb ID Found for TMDb ID: 15889                                                 |
[2023-02-25 03:14:51,448] [builder.py:1275]           [DEBUG]    |                                                                                                    |
[2023-02-25 03:14:51,448] [builder.py:1276]           [DEBUG]    | Builder: tmdb_network: 3701                                                                        |
[2023-02-25 03:14:51,448] [builder.py:1277]           [INFO]     |                                                                                                    |
[2023-02-25 03:14:51,647] [tmdb.py:282]               [INFO]     | Processing TMDb Network: (3701) Syfy (2 Shows)                                                     |
[2023-02-25 03:14:51,648] [builder.py:1282]           [DEBUG]    |                                                                                                    |
[2023-02-25 03:14:51,648] [builder.py:1283]           [DEBUG]    | 2 IDs Found: [(97724, 'tmdb_show'), (85944, 'tmdb_show')]                                          |
[2023-02-25 03:14:51,648] [builder.py:1284]           [DEBUG]    |                                                                                                    |
[2023-02-25 03:14:51,649] [builder.py:1697]           [INFO]     |                                                                                                    |
[2023-02-25 03:14:51,649] [util.py:216]               [INFO]     |==================================== Adding to Syfy Collection =====================================|
[2023-02-25 03:14:51,650] [builder.py:1699]           [INFO]     |                                                                                                    |
[2023-02-25 03:14:51,650] [builder.py:1709]           [INFO]     | 1/2 | Syfy Collection | = | The Expanse                                                            |
[2023-02-25 03:14:51,650] [builder.py:1709]           [INFO]     | 2/2 | Syfy Collection | = | Channel Zero                                                           |
[2023-02-25 03:14:51,651] [builder.py:1734]           [INFO]     |                                                                                                    |
[2023-02-25 03:14:51,651] [builder.py:1735]           [INFO]     | 2 Shows Processed                                                                                  |
[2023-02-25 03:14:51,651] [builder.py:1969]           [INFO]     |                                                                                                    |
[2023-02-25 03:14:51,652] [util.py:216]               [INFO]     |================================= Missing Shows from Library: Syfy =================================|
[2023-02-25 03:14:51,652] [builder.py:1971]           [INFO]     |                                                                                                    |
[2023-02-25 03:14:52,081] [builder.py:1982]           [INFO]     | Syfy Collection | ? | Chucky (TVDB: 349415)                                                        |
[2023-02-25 03:14:53,196] [builder.py:1982]           [INFO]     | Syfy Collection | ? | Stargate SG-1 (TVDB: 72449)                                                  |
[2023-02-25 03:14:53,912] [builder.py:1982]           [INFO]     | Syfy Collection | ? | Stargate Atlantis (TVDB: 70851)                                              |
[2023-02-25 03:14:54,511] [builder.py:1982]           [INFO]     | Syfy Collection | ? | Van Helsing (TVDB: 308772)                                                   |
[2023-02-25 03:14:55,318] [builder.py:1982]           [INFO]     | Syfy Collection | ? | Battlestar Galactica (2003) (TVDB: 73545)                                    |
[2023-02-25 03:14:55,886] [builder.py:1982]           [INFO]     | Syfy Collection | ? | Z Nation (TVDB: 280494)                                                      |
[2023-02-25 03:14:56,460] [builder.py:1982]           [INFO]     | Syfy Collection | ? | Farscape (TVDB: 70522)                                                       |
[2023-02-25 03:14:57,057] [builder.py:1982]           [INFO]     | Syfy Collection | ? | The Magicians (TVDB: 299139)                                                 |
[2023-02-25 03:14:57,557] [builder.py:1982]           [INFO]     | Syfy Collection | ? | Sliders (TVDB: 76557)                                                        |
[2023-02-25 03:14:58,093] [builder.py:1982]           [INFO]     | Syfy Collection | ? | Warehouse 13 (TVDB: 84676)                                                   |
[2023-02-25 03:14:58,647] [builder.py:1982]           [INFO]     | Syfy Collection | ? | Eureka (TVDB: 79334)                                                         |
[2023-02-25 03:14:59,223] [builder.py:1982]           [INFO]     | Syfy Collection | ? | 12 Monkeys (TVDB: 272644)                                                    |
[2023-02-25 03:14:59,539] [builder.py:1982]           [INFO]     | Syfy Collection | ? | The Ark (TVDB: 415089)                                                       |
[2023-02-25 03:15:01,000] [builder.py:1982]           [INFO]     | Syfy Collection | ? | WWE NXT (TVDB: 144541)                                                       |
[2023-02-25 03:15:01,373] [builder.py:1982]           [INFO]     | Syfy Collection | ? | Resident Alien (TVDB: 368166)                                                |
[2023-02-25 03:15:01,723] [builder.py:1982]           [INFO]     | Syfy Collection | ? | Deadly Class (TVDB: 353717)                                                  |
[2023-02-25 03:15:02,206] [builder.py:1982]           [INFO]     | Syfy Collection | ? | Haven (TVDB: 158661)                                                         |
[2023-02-25 03:15:02,679] [builder.py:1982]           [INFO]     | Syfy Collection | ? | Wynonna Earp (TVDB: 305582)                                                  |
[2023-02-25 03:15:03,659] [builder.py:1982]           [INFO]     | Syfy Collection | ? | Mystery Science Theater 3000 (TVDB: 74806)                                   |
[2023-02-25 03:15:04,071] [builder.py:1982]           [INFO]     | Syfy Collection | ? | Lost Girl (TVDB: 182061)                                                     |
[2023-02-25 03:15:04,503] [builder.py:1982]           [INFO]     | Syfy Collection | ? | The Outer Limits (1995) (TVDB: 72224)                                        |
[2023-02-25 03:15:05,004] [builder.py:1982]           [INFO]     | Syfy Collection | ? | Stargate Universe (TVDB: 83237)                                              |
[2023-02-25 03:15:05,245] [builder.py:1982]           [INFO]     | Syfy Collection | ? | Day of the Dead (TVDB: 377836)                                               |
[2023-02-25 03:15:06,782] [builder.py:1982]           [INFO]     | Syfy Collection | ? | WWE SmackDown (TVDB: 75640)                                                  |
[2023-02-25 03:15:07,200] [builder.py:1982]           [INFO]     | Syfy Collection | ? | Dark Matter (TVDB: 292174)                                                   |
[2023-02-25 03:15:07,709] [builder.py:1982]           [INFO]     | Syfy Collection | ? | Sanctuary (TVDB: 80159)                                                      |
[2023-02-25 03:15:08,080] [builder.py:1982]           [INFO]     | Syfy Collection | ? | Krypton (TVDB: 328599)                                                       |
[2023-02-25 03:15:08,451] [builder.py:1982]           [INFO]     | Syfy Collection | ? | Dominion (TVDB: 277462)                                                      |
[2023-02-25 03:15:08,723] [builder.py:1982]           [INFO]     | Syfy Collection | ? | First Wave (TVDB: 74476)                                                     |
[2023-02-25 03:15:09,163] [builder.py:1982]           [INFO]     | Syfy Collection | ? | Defiance (TVDB: 255326)                                                      |
[2023-02-25 03:15:09,436] [builder.py:1982]           [INFO]     | Syfy Collection | ? | Tru Calling (TVDB: 72233)                                                    |
[2023-02-25 03:15:09,926] [builder.py:1982]           [INFO]     | Syfy Collection | ? | Killjoys (TVDB: 281534)                                                      |
[2023-02-25 03:15:10,408] [builder.py:1982]           [INFO]     | Syfy Collection | ? | Bitten (TVDB: 269550)                                                        |
[2023-02-25 03:15:10,823] [builder.py:1982]           [INFO]     | Syfy Collection | ? | Alphas (TVDB: 210841)                                                        |
[2023-02-25 03:15:11,178] [builder.py:1982]           [INFO]     | Syfy Collection | ? | Helix (TVDB: 265912)                                                         |
[2023-02-25 03:15:11,427] [builder.py:1982]           [INFO]     | Syfy Collection | ? | The Triangle (TVDB: 75599)                                                   |
[2023-02-25 03:15:11,840] [builder.py:1982]           [INFO]     | Syfy Collection | ? | Caprica (TVDB: 85040)                                                        |
[2023-02-25 03:15:12,217] [builder.py:1982]           [INFO]     | Syfy Collection | ? | Happy! (TVDB: 328361)                                                        |
[2023-02-25 03:15:12,597] [builder.py:1982]           [INFO]     | Syfy Collection | ? | Being Human (US) (TVDB: 196921)                                              |
[2023-02-25 03:15:12,913] [builder.py:1982]           [INFO]     | Syfy Collection | ? | Childhood's End (TVDB: 296065)                                               |
[2023-02-25 03:15:13,202] [builder.py:1982]           [INFO]     | Syfy Collection | ? | Ghost Wars (TVDB: 329096)                                                    |
[2023-02-25 03:15:13,478] [builder.py:1982]           [INFO]     | Syfy Collection | ? | Tin Man (TVDB: 80913)                                                        |
[2023-02-25 03:15:13,817] [builder.py:1982]           [INFO]     | Syfy Collection | ? | Children of Dune (TVDB: 79552)                                               |
[2023-02-25 03:15:14,465] [builder.py:1982]           [INFO]     | Syfy Collection | ? | Face Off (TVDB: 214831)                                                      |
[2023-02-25 03:15:14,793] [builder.py:1982]           [INFO]     | Syfy Collection | ? | Ascension (TVDB: 279553)                                                     |
[2023-02-25 03:15:15,088] [builder.py:1982]           [INFO]     | Syfy Collection | ? | Dune (TVDB: 79551)                                                           |
[2023-02-25 03:15:15,418] [builder.py:1982]           [INFO]     | Syfy Collection | ? | The Invisible Man (TVDB: 74460)                                              |
[2023-02-25 03:15:15,701] [builder.py:1982]           [INFO]     | Syfy Collection | ? | Neverland (TVDB: 249004)                                                     |
[2023-02-25 03:15:15,997] [builder.py:1982]           [INFO]     | Syfy Collection | ? | Aftermath (2016) (TVDB: 315179)                                              |
[2023-02-25 03:15:16,319] [builder.py:1982]           [INFO]     | Syfy Collection | ? | Flash Gordon (TVDB: 80441)                                                   |
[2023-02-25 03:15:16,588] [builder.py:1982]           [INFO]     | Syfy Collection | ? | The Lost Room (TVDB: 79637)                                                  |
[2023-02-25 03:15:16,841] [builder.py:1982]           [INFO]     | Syfy Collection | ? | Incorporated (TVDB: 315177)                                                  |
[2023-02-25 03:15:17,045] [builder.py:1982]           [INFO]     | Syfy Collection | ? | Legend of Earthsea (TVDB: 78984)                                             |
[2023-02-25 03:15:17,311] [builder.py:1982]           [INFO]     | Syfy Collection | ? | Nightflyers (TVDB: 347648)                                                   |
[2023-02-25 03:15:17,594] [builder.py:1982]           [INFO]     | Syfy Collection | ? | Mummies Alive! (1997) (TVDB: 73721)                                          |
[2023-02-25 03:15:17,870] [builder.py:1982]           [INFO]     | Syfy Collection | ? | Reginald the Vampire (TVDB: 408210)                                          |
[2023-02-25 03:15:18,418] [builder.py:1982]           [INFO]     | Syfy Collection | ? | Ghost Hunters (TVDB: 77949)                                                  |
[2023-02-25 03:15:18,725] [builder.py:1982]           [INFO]     | Syfy Collection | ? | Extreme Ghostbusters (TVDB: 76552)                                           |
[2023-02-25 03:15:19,063] [builder.py:1982]           [INFO]     | Syfy Collection | ? | Jumanji (TVDB: 76272)                                                        |
[2023-02-25 03:15:19,338] [builder.py:1982]           [INFO]     | Syfy Collection | ? | The Dresden Files (TVDB: 79759)                                              |
[2023-02-25 03:15:19,707] [builder.py:1982]           [INFO]     | Syfy Collection | ? | Blood Drive (TVDB: 314189)                                                   |
[2023-02-25 03:15:20,013] [builder.py:1982]           [INFO]     | Syfy Collection | ? | Monsters (TVDB: 76241)                                                       |
[2023-02-25 03:15:20,359] [builder.py:1982]           [INFO]     | Syfy Collection | ? | Tripping the Rift (TVDB: 72285)                                              |
[2023-02-25 03:15:20,769] [builder.py:1982]           [INFO]     | Syfy Collection | ? | Taken (TVDB: 78224)                                                          |
[2023-02-25 03:15:21,067] [builder.py:1982]           [INFO]     | Syfy Collection | ? | Superstition (TVDB: 334003)                                                  |
[2023-02-25 03:15:21,392] [builder.py:1982]           [INFO]     | Syfy Collection | ? | Paranormal Witness (TVDB: 251207)                                            |
[2023-02-25 03:15:21,641] [builder.py:1982]           [INFO]     | Syfy Collection | ? | Captain Simian & The Space Monkeys (TVDB: 73960)                             |
[2023-02-25 03:15:21,875] [builder.py:1982]           [INFO]     | Syfy Collection | ? | The Witches of Oz (TVDB: 248760)                                             |
[2023-02-25 03:15:22,163] [builder.py:1982]           [INFO]     | Syfy Collection | ? | Scare Tactics (TVDB: 79263)                                                  |
[2023-02-25 03:15:22,588] [builder.py:1982]           [INFO]     | Syfy Collection | ? | Roughnecks: The Starship Troopers Chronicles (TVDB: 78067)                   |
[2023-02-25 03:15:22,802] [builder.py:1982]           [INFO]     | Syfy Collection | ? | Firestarter - Rekindled (TVDB: 345648)                                       |
[2023-02-25 03:15:23,102] [builder.py:1982]           [INFO]     | Syfy Collection | ? | Tremors (TVDB: 71262)                                                        |
[2023-02-25 03:15:23,387] [builder.py:1982]           [INFO]     | Syfy Collection | ? | Rambo: The Force of Freedom (TVDB: 76275)                                    |
[2023-02-25 03:15:23,661] [builder.py:1982]           [INFO]     | Syfy Collection | ? | Hunters (2016) (TVDB: 304962)                                                |
[2023-02-25 03:15:23,935] [builder.py:1982]           [INFO]     | Syfy Collection | ? | Olympus (TVDB: 280495)                                                       |
[2023-02-25 03:15:24,183] [builder.py:1982]           [INFO]     | Syfy Collection | ? | Black Scorpion (TVDB: 74764)                                                 |
[2023-02-25 03:15:24,525] [builder.py:1982]           [INFO]     | Syfy Collection | ? | In Search of... (TVDB: 71309)                                                |
[2023-02-25 03:15:24,750] [builder.py:1982]           [INFO]     | Syfy Collection | ? | Night Visions (TVDB: 94731)                                                  |
[2023-02-25 03:15:25,031] [builder.py:1982]           [INFO]     | Syfy Collection | ? | The Phantom (TVDB: 158881)                                                   |
[2023-02-25 03:15:25,264] [builder.py:1982]           [INFO]     | Syfy Collection | ? | Vagrant Queen (TVDB: 367823)                                                 |
[2023-02-25 03:15:25,487] [builder.py:1982]           [INFO]     | Syfy Collection | ? | Knights of Bloodsteel (TVDB: 140561)                                         |
[2023-02-25 03:15:25,717] [builder.py:1982]           [INFO]     | Syfy Collection | ? | We Were Tomorrow (TVDB: 339369)                                              |
[2023-02-25 03:15:25,985] [builder.py:1982]           [INFO]     | Syfy Collection | ? | Sightings (TVDB: 76228)                                                      |
[2023-02-25 03:15:26,229] [builder.py:1982]           [INFO]     | Syfy Collection | ? | 5ive Days to Midnight (TVDB: 79546)                                          |
[2023-02-25 03:15:26,452] [builder.py:1982]           [INFO]     | Syfy Collection | ? | Astrid & Lilly Save the World (TVDB: 409454)                                 |
[2023-02-25 03:15:26,732] [builder.py:1982]           [INFO]     | Syfy Collection | ? | Fact or Faked: Paranormal Files (TVDB: 175861)                               |
[2023-02-25 03:15:27,015] [builder.py:1982]           [INFO]     | Syfy Collection | ? | Ghost Hunters International (TVDB: 81120)                                    |
[2023-02-25 03:15:27,238] [builder.py:1982]           [INFO]     | Syfy Collection | ? | Level 9 (TVDB: 74520)                                                        |
[2023-02-25 03:15:27,617] [builder.py:1982]           [INFO]     | Syfy Collection | ? | ECW on Sci Fi (TVDB: 79859)                                                  |
[2023-02-25 03:15:27,939] [builder.py:1982]           [INFO]     | Syfy Collection | ? | Destination Truth (TVDB: 80251)                                              |
[2023-02-25 03:15:28,149] [builder.py:1982]           [INFO]     | Syfy Collection | ? | Who Wants to Be a Superhero? (TVDB: 79399)                                   |
[2023-02-25 03:15:28,423] [builder.py:1982]           [INFO]     | Syfy Collection | ? | The Chronicle (TVDB: 76036)                                                  |
[2023-02-25 03:15:28,676] [builder.py:1982]           [INFO]     | Syfy Collection | ? | The Wil Wheaton Project (TVDB: 280318)                                       |
[2023-02-25 03:15:28,931] [builder.py:1982]           [INFO]     | Syfy Collection | ? | Total Blackout (US) (TVDB: 258154)                                           |
[2023-02-25 03:15:29,150] [builder.py:1982]           [INFO]     | Syfy Collection | ? | Face Off: Game Face (TVDB: 333831)                                           |
[2023-02-25 03:15:29,398] [builder.py:1982]           [INFO]     | Syfy Collection | ? | Deepwater Black (TVDB: 71840)                                                |
[2023-02-25 03:15:29,666] [builder.py:1982]           [INFO]     | Syfy Collection | ? | WCG Ultimate Gamer (TVDB: 85556)                                             |
[2023-02-25 03:15:29,933] [builder.py:1982]           [INFO]     | Syfy Collection | ? | Riese: Kingdom Falling (TVDB: 122411)                                        |
[2023-02-25 03:15:30,202] [builder.py:1982]           [INFO]     | Syfy Collection | ? | Alien News Desk (TVDB: 359610)                                               |
[2023-02-25 03:15:30,434] [builder.py:1982]           [INFO]     | Syfy Collection | ? | Ghost Mine (TVDB: 265729)                                                    |
[2023-02-25 03:15:30,658] [builder.py:1982]           [INFO]     | Syfy Collection | ? | Welcome To Paradox (TVDB: 78633)                                             |
[2023-02-25 03:15:30,871] [builder.py:1982]           [INFO]     | Syfy Collection | ? | The Movie Show (2020) (TVDB: 392629)                                         |
[2023-02-25 03:15:31,095] [builder.py:1982]           [INFO]     | Syfy Collection | ? | Mad Mad House (TVDB: 73708)                                                  |
[2023-02-25 03:15:31,285] [builder.py:1982]           [INFO]     | Syfy Collection | ? | Stranded (2013) (TVDB: 266977)                                               |
[2023-02-25 03:15:31,526] [builder.py:1982]           [INFO]     | Syfy Collection | ? | Geeks Who Drink (TVDB: 295112)                                               |
[2023-02-25 03:15:31,729] [builder.py:1982]           [INFO]     | Syfy Collection | ? | Marcel's Quantum Kitchen (TVDB: 232691)                                      |
[2023-02-25 03:15:32,039] [builder.py:1982]           [INFO]     | Syfy Collection | ? | Hollywood Treasure (TVDB: 201611)                                            |
[2023-02-25 03:15:32,320] [builder.py:1982]           [INFO]     | Syfy Collection | ? | Beast Legends (TVDB: 187161)                                                 |
[2023-02-25 03:15:32,539] [builder.py:1982]           [INFO]     | Syfy Collection | ? | Ghost Hunters Academy (TVDB: 124011)                                         |
[2023-02-25 03:15:32,745] [builder.py:1982]           [INFO]     | Syfy Collection | ? | cha$e (TVDB: 83747)                                                          |
[2023-02-25 03:15:32,973] [builder.py:1982]           [INFO]     | Syfy Collection | ? | The Great Debate (TVDB: 381962)                                              |
[2023-02-25 03:15:33,184] [builder.py:1982]           [INFO]     | Syfy Collection | ? | School Spirits (TVDB: 259817)                                                |
[2023-02-25 03:15:33,237] [builder.py:1977]           [ERROR]    | TVDb Error: Could not find a TVDb Series using TVDb Series ID: 254643                              |
[2023-02-25 03:15:33,441] [builder.py:1982]           [INFO]     | Syfy Collection | ? | Derren Brown: Mind Control (TVDB: 80501)                                     |
[2023-02-25 03:15:33,504] [builder.py:1977]           [ERROR]    | TVDb Error: Could not find a TVDb Series using TVDb Series ID: 148821                              |
[2023-02-25 03:15:33,734] [builder.py:1982]           [INFO]     | Syfy Collection | ? | Proof Positive (TVDB: 75185)                                                 |
[2023-02-25 03:15:33,957] [builder.py:1982]           [INFO]     | Syfy Collection | ? | Exposure (TVDB: 71055)                                                       |
[2023-02-25 03:15:34,170] [builder.py:1982]           [INFO]     | Syfy Collection | ? | Haunted Highway (TVDB: 260443)                                               |
[2023-02-25 03:15:34,368] [builder.py:1982]           [INFO]     | Syfy Collection | ? | Jim Henson's Creature Shop Challenge (TVDB: 277366)                          |
[2023-02-25 03:15:34,583] [builder.py:1982]           [INFO]     | Syfy Collection | ? | Don't Feed the Humans (TVDB: 304854)                                         |
[2023-02-25 03:15:34,792] [builder.py:1982]           [INFO]     | Syfy Collection | ? | Legend Quest (TVDB: 249750)                                                  |
[2023-02-25 03:15:34,977] [builder.py:1982]           [INFO]     | Syfy Collection | ? | Monster Man (TVDB: 256575)                                                   |
[2023-02-25 03:15:35,168] [builder.py:1982]           [INFO]     | Syfy Collection | ? | Looking For Leia (TVDB: 374193)                                              |
[2023-02-25 03:15:35,386] [builder.py:1982]           [INFO]     | Syfy Collection | ? | Hot Set (TVDB: 261701)                                                       |
[2023-02-25 03:15:35,601] [builder.py:1982]           [INFO]     | Syfy Collection | ? | Mary Knows Best (TVDB: 180211)                                               |
[2023-02-25 03:15:35,836] [builder.py:1982]           [INFO]     | Syfy Collection | ? | Cosplay Melee (TVDB: 324613)                                                 |
[2023-02-25 03:15:36,019] [builder.py:1982]           [INFO]     | Syfy Collection | ? | Dr. Havoc's Diary (TVDB: 382170)                                             |
[2023-02-25 03:15:36,195] [builder.py:1982]           [INFO]     | Syfy Collection | ? | Mysteries of the Unexplained (TVDB: 380241)                                  |
[2023-02-25 03:15:36,423] [builder.py:1982]           [INFO]     | Syfy Collection | ? | The Internet Ruined My Life (TVDB: 308243)                                   |
[2023-02-25 03:15:36,617] [builder.py:1982]           [INFO]     | Syfy Collection | ? | Killer Contact (TVDB: 275307)                                                |
[2023-02-25 03:15:36,832] [builder.py:1982]           [INFO]     | Syfy Collection | ? | Exit (2013) (TVDB: 270155)                                                   |
[2023-02-25 03:15:37,084] [builder.py:1982]           [INFO]     | Syfy Collection | ? | Haunted Collector (TVDB: 248838)                                             |
[2023-02-25 03:15:37,284] [builder.py:1982]           [INFO]     | Syfy Collection | ? | Outer Space Astronauts (TVDB: 127591)                                        |
[2023-02-25 03:15:37,500] [builder.py:1982]           [INFO]     | Syfy Collection | ? | Estate of Panic (TVDB: 83730)                                                |
[2023-02-25 03:15:37,701] [builder.py:1982]           [INFO]     | Syfy Collection | ? | Sci-fi Investigates (TVDB: 81541)                                            |
[2023-02-25 03:15:37,963] [builder.py:1982]           [INFO]     | Syfy Collection | ? | Spides (TVDB: 375489)                                                        |
[2023-02-25 03:15:38,163] [builder.py:1982]           [INFO]     | Syfy Collection | ? | Sci Xpert - Leschs Universum (TVDB: 250486)                                  |
[2023-02-25 03:15:38,164] [builder.py:1986]           [INFO]     |                                                                                                    |
[2023-02-25 03:15:38,164] [builder.py:1987]           [INFO]     | 135 Shows Missing                                                                                  |
[2023-02-25 03:15:38,812] [builder.py:2147]           [INFO]     |                                                                                                    |
[2023-02-25 03:15:38,812] [util.py:216]               [INFO]     |=============================== Updating Details of Syfy Collection ================================|
[2023-02-25 03:15:38,813] [builder.py:2149]           [INFO]     |                                                                                                    |
[2023-02-25 03:15:38,815] [builder.py:2258]           [DEBUG]    | 1 posters found:                                                                                   |
[2023-02-25 03:15:38,815] [builder.py:2260]           [DEBUG]    | Method: url_poster Poster: https://theposterdb.com/api/assets/193549                               |
[2023-02-25 03:15:38,815] [builder.py:2327]           [INFO]     | No background collection detail or asset folder found                                              |
[2023-02-25 03:15:38,817] [library.py:147]            [INFO]     | Detail: poster update not needed                                                                   |
[2023-02-25 03:15:38,890] [plex_meta_manager.py:880]  [INFO]     |                                                                                                    |
[2023-02-25 03:15:38,891] [util.py:209]               [INFO]     |====================================================================================================|
[2023-02-25 03:15:38,891] [util.py:216]               [INFO]     |                                      Finished Syfy Collection                                      |
[2023-02-25 03:15:38,891] [util.py:216]               [INFO]     |                                    Collection Run Time: 0:00:50                                    |
[2023-02-25 03:15:38,892] [util.py:220]               [INFO]     |====================================================================================================|
