[2023-02-28 14:20:56,933] [util.py:209]               [INFO]     |====================================================================================================|
[2023-02-28 14:20:56,933] [util.py:216]               [INFO]     |                                     Short Collection in Movies                                     |
[2023-02-28 14:20:56,934] [util.py:220]               [INFO]     |====================================================================================================|
[2023-02-28 14:20:56,934] [plex_meta_manager.py:750]  [INFO]     |                                                                                                    |
[2023-02-28 14:20:56,934] [util.py:216]               [INFO]     |=================================== Validating Short Attributes ====================================|
[2023-02-28 14:20:56,935] [builder.py:265]            [DEBUG]    |                                                                                                    |
[2023-02-28 14:20:56,935] [builder.py:266]            [DEBUG]    | Validating Method: template                                                                        |
[2023-02-28 14:20:56,935] [meta.py:83]                [DEBUG]    | Value: ordereddict([('name', 'Genre'), ('genre', 'Short'), ('poster', 'https://theposterdb.com/api/assets/53063')]) |
[2023-02-28 14:20:56,936] [builder.py:453]            [DEBUG]    |                                                                                                    |
[2023-02-28 14:20:56,936] [builder.py:454]            [DEBUG]    | Validating Method: collection_order                                                                |
[2023-02-28 14:20:56,936] [builder.py:455]            [DEBUG]    | Value: alpha                                                                                       |
[2023-02-28 14:20:56,936] [builder.py:472]            [DEBUG]    |                                                                                                    |
[2023-02-28 14:20:56,937] [builder.py:473]            [DEBUG]    | Validating Method: summary                                                                         |
[2023-02-28 14:20:56,937] [builder.py:474]            [DEBUG]    | Value: A collection of Short movies                                                                |
[2023-02-28 14:20:56,937] [builder.py:472]            [DEBUG]    |                                                                                                    |
[2023-02-28 14:20:56,938] [builder.py:473]            [DEBUG]    | Validating Method: plex_search                                                                     |
[2023-02-28 14:20:56,938] [builder.py:474]            [DEBUG]    | Value: {'genre': 'Short'}                                                                          |
[2023-02-28 14:20:56,993] [builder.py:472]            [DEBUG]    |                                                                                                    |
[2023-02-28 14:20:56,993] [builder.py:473]            [DEBUG]    | Validating Method: url_poster                                                                      |
[2023-02-28 14:20:56,994] [builder.py:474]            [DEBUG]    | Value: https://theposterdb.com/api/assets/53063                                                    |
[2023-02-28 14:20:56,994] [builder.py:472]            [DEBUG]    |                                                                                                    |
[2023-02-28 14:20:56,994] [builder.py:473]            [DEBUG]    | Validating Method: sort_title                                                                      |
[2023-02-28 14:20:56,994] [builder.py:474]            [DEBUG]    | Value: 00000d_Short                                                                                |
[2023-02-28 14:20:57,339] [builder.py:619]            [INFO]     |                                                                                                    |
[2023-02-28 14:20:57,340] [builder.py:620]            [INFO]     | Validation Successful                                                                              |
[2023-02-28 14:20:57,363] [plex_meta_manager.py:758]  [INFO]     |                                                                                                    |
[2023-02-28 14:20:57,363] [util.py:216]               [INFO]     |===================================== Running Short Collection =====================================|
[2023-02-28 14:20:57,364] [plex_meta_manager.py:773]  [INFO]     |                                                                                                    |
[2023-02-28 14:20:57,364] [plex_meta_manager.py:774]  [INFO]     | Sync Mode: append                                                                                  |
[2023-02-28 14:20:57,364] [builder.py:1275]           [DEBUG]    |                                                                                                    |
[2023-02-28 14:20:57,364] [builder.py:1276]           [DEBUG]    | Builder: plex_search: (1, 'Plex Movie Search\nSort By: title.asc\nFilter:\n  Match all of the following:\n    Match any of the following:\n      Genre is Short', '?type=1&sort=titleSort&push=1&genre=582&pop=1') |
[2023-02-28 14:20:57,365] [builder.py:1277]           [INFO]     |                                                                                                    |
[2023-02-28 14:20:57,365] [util.py:161]               [INFO]     | Plex Movie Search                                                                                  |
[2023-02-28 14:20:57,365] [util.py:161]               [INFO]     | Sort By: title.asc                                                                                 |
[2023-02-28 14:20:57,365] [util.py:161]               [INFO]     | Filter:                                                                                            |
[2023-02-28 14:20:57,366] [util.py:161]               [INFO]     |   Match all of the following:                                                                      |
[2023-02-28 14:20:57,366] [util.py:161]               [INFO]     |     Match any of the following:                                                                    |
[2023-02-28 14:20:57,366] [util.py:161]               [INFO]     |       Genre is Short                                                                               |
[2023-02-28 14:20:57,471] [plex.py:748]               [DEBUG]    |                                                                                                    |
[2023-02-28 14:20:57,471] [plex.py:749]               [DEBUG]    | 59 Keys Found: [(126237, 'ratingKey'), (99288, 'ratingKey'), (121770, 'ratingKey'), (121766, 'ratingKey'), (121668, 'ratingKey'), (121768, 'ratingKey'), (121773, 'ratingKey'), (123605, 'ratingKey'), (123606, 'ratingKey'), (123771, 'ratingKey'), (121610, 'ratingKey'), (99636, 'ratingKey'), (121912, 'ratingKey'), (123810, 'ratingKey'), (126258, 'ratingKey'), (100216, 'ratingKey'), (100435, 'ratingKey'), (121706, 'ratingKey'), (121913, 'ratingKey'), (126240, 'ratingKey'), (121701, 'ratingKey'), (121709, 'ratingKey'), (121705, 'ratingKey'), (124137, 'ratingKey'), (121646, 'ratingKey'), (121612, 'ratingKey'), (121609, 'ratingKey'), (121771, 'ratingKey'), (121647, 'ratingKey'), (100576, 'ratingKey'), (123963, 'ratingKey'), (121919, 'ratingKey'), (101549, 'ratingKey'), (125916, 'ratingKey'), (125329, 'ratingKey'), (121708, 'ratingKey'), (121909, 'ratingKey'), (100579, 'ratingKey'), (104595, 'ratingKey'), (124017, 'ratingKey'), (124027, 'ratingKey'), (124026, 'ratingKey'), (128029, 'ratingKey'), (102223, 'ratingKey'), (121665, 'ratingKey'), (100422, 'ratingKey'), (121711, 'ratingKey'), (124058, 'ratingKey'), (124187, 'ratingKey'), (128939, 'ratingKey'), (101946, 'ratingKey'), (127858, 'ratingKey'), (121772, 'ratingKey'), (100877, 'ratingKey'), (125915, 'ratingKey'), (100926, 'ratingKey'), (100929, 'ratingKey'), (121707, 'ratingKey'), (121763, 'ratingKey')] |
[2023-02-28 14:20:57,472] [builder.py:1282]           [DEBUG]    |                                                                                                    |
[2023-02-28 14:20:57,472] [builder.py:1283]           [DEBUG]    | 59 IDs Found: [(126237, 'ratingKey'), (99288, 'ratingKey'), (121770, 'ratingKey'), (121766, 'ratingKey'), (121668, 'ratingKey'), (121768, 'ratingKey'), (121773, 'ratingKey'), (123605, 'ratingKey'), (123606, 'ratingKey'), (123771, 'ratingKey'), (121610, 'ratingKey'), (99636, 'ratingKey'), (121912, 'ratingKey'), (123810, 'ratingKey'), (126258, 'ratingKey'), (100216, 'ratingKey'), (100435, 'ratingKey'), (121706, 'ratingKey'), (121913, 'ratingKey'), (126240, 'ratingKey'), (121701, 'ratingKey'), (121709, 'ratingKey'), (121705, 'ratingKey'), (124137, 'ratingKey'), (121646, 'ratingKey'), (121612, 'ratingKey'), (121609, 'ratingKey'), (121771, 'ratingKey'), (121647, 'ratingKey'), (100576, 'ratingKey'), (123963, 'ratingKey'), (121919, 'ratingKey'), (101549, 'ratingKey'), (125916, 'ratingKey'), (125329, 'ratingKey'), (121708, 'ratingKey'), (121909, 'ratingKey'), (100579, 'ratingKey'), (104595, 'ratingKey'), (124017, 'ratingKey'), (124027, 'ratingKey'), (124026, 'ratingKey'), (128029, 'ratingKey'), (102223, 'ratingKey'), (121665, 'ratingKey'), (100422, 'ratingKey'), (121711, 'ratingKey'), (124058, 'ratingKey'), (124187, 'ratingKey'), (128939, 'ratingKey'), (101946, 'ratingKey'), (127858, 'ratingKey'), (121772, 'ratingKey'), (100877, 'ratingKey'), (125915, 'ratingKey'), (100926, 'ratingKey'), (100929, 'ratingKey'), (121707, 'ratingKey'), (121763, 'ratingKey')] |
[2023-02-28 14:20:57,473] [builder.py:1284]           [DEBUG]    |                                                                                                    |
[2023-02-28 14:20:58,169] [builder.py:1697]           [INFO]     |                                                                                                    |
[2023-02-28 14:20:58,169] [util.py:216]               [INFO]     |==================================== Adding to Short Collection ====================================|
[2023-02-28 14:20:58,169] [builder.py:1699]           [INFO]     |                                                                                                    |
[2023-02-28 14:20:58,169] [builder.py:1709]           [INFO]     |  1/59 | Short Collection | = | 22 vs. Earth (2021)                                                 |
[2023-02-28 14:20:58,170] [builder.py:1709]           [INFO]     |  2/59 | Short Collection | = | Audible (2021)                                                      |
[2023-02-28 14:20:58,170] [builder.py:1709]           [INFO]     |  3/59 | Short Collection | = | Auntie Edna (2018)                                                  |
[2023-02-28 14:20:58,170] [builder.py:1709]           [INFO]     |  4/59 | Short Collection | = | Bao (2018)                                                          |
[2023-02-28 14:20:58,171] [builder.py:1709]           [INFO]     |  5/59 | Short Collection | = | Beyond Infinity: Buzz and the Journey to Lightyear (2022)           |
[2023-02-28 14:20:58,171] [builder.py:1709]           [INFO]     |  6/59 | Short Collection | = | The Blue Umbrella (2013)                                            |
[2023-02-28 14:20:58,171] [builder.py:1709]           [INFO]     |  7/59 | Short Collection | = | Burn-E (2008)                                                       |
[2023-02-28 14:20:58,172] [builder.py:1709]           [INFO]     |  8/59 | Short Collection | = | A Chipmunk Christmas (1981)                                         |
[2023-02-28 14:20:58,172] [builder.py:1709]           [INFO]     |  9/59 | Short Collection | = | A Christmas Carol (1910)                                            |
[2023-02-28 14:20:58,172] [builder.py:1709]           [INFO]     | 10/59 | Short Collection | = | Christmas Song (2013)                                               |
[2023-02-28 14:20:58,173] [builder.py:1709]           [INFO]     | 11/59 | Short Collection | = | Ciao Alberto (2021)                                                 |
[2023-02-28 14:20:58,173] [builder.py:1709]           [INFO]     | 12/59 | Short Collection | = | A Close Shave (1995)                                                |
[2023-02-28 14:20:58,173] [builder.py:1709]           [INFO]     | 13/59 | Short Collection | = | Dante's Lunch (2017)                                                |
[2023-02-28 14:20:58,174] [builder.py:1709]           [INFO]     | 14/59 | Short Collection | = | Elf: Buddy's Musical Christmas (2013)                               |
[2023-02-28 14:20:58,174] [builder.py:1709]           [INFO]     | 15/59 | Short Collection | = | Frosty the Snowman (1969)                                           |
[2023-02-28 14:20:58,174] [builder.py:1709]           [INFO]     | 16/59 | Short Collection | = | A Grand Day Out (1990)                                              |
[2023-02-28 14:20:58,174] [builder.py:1709]           [INFO]     | 17/59 | Short Collection | = | If Anything Happens I Love You (2020)                               |
[2023-02-28 14:20:58,175] [builder.py:1709]           [INFO]     | 18/59 | Short Collection | = | Kitbull (2019)                                                      |
[2023-02-28 14:20:58,175] [builder.py:1709]           [INFO]     | 19/59 | Short Collection | = | Knick Knack (1992)                                                  |
[2023-02-28 14:20:58,176] [builder.py:1709]           [INFO]     | 20/59 | Short Collection | = | Lamp Life (2020)                                                    |
[2023-02-28 14:20:58,176] [builder.py:1709]           [INFO]     | 21/59 | Short Collection | = | Lava (2015)                                                         |
[2023-02-28 14:20:58,176] [builder.py:1709]           [INFO]     | 22/59 | Short Collection | = | Lou (2017)                                                          |
[2023-02-28 14:20:58,177] [builder.py:1709]           [INFO]     | 23/59 | Short Collection | = | La Luna (2012)                                                      |
[2023-02-28 14:20:58,177] [builder.py:1709]           [INFO]     | 24/59 | Short Collection | = | The Madagascar Penguins in a Christmas Caper (2005)                 |
[2023-02-28 14:20:58,177] [builder.py:1709]           [INFO]     | 25/59 | Short Collection | = | Marvel One-Shot: A Funny Thing Happened on the Way to Thor's Hammer (2011) |
[2023-02-28 14:20:58,178] [builder.py:1709]           [INFO]     | 26/59 | Short Collection | = | Marvel One-Shot: Agent Carter (2013)                                |
[2023-02-28 14:20:58,178] [builder.py:1709]           [INFO]     | 27/59 | Short Collection | = | Marvel One-Shot: All Hail the King (2014)                           |
[2023-02-28 14:20:58,179] [builder.py:1709]           [INFO]     | 28/59 | Short Collection | = | Marvel One-Shot: Item 47 (2012)                                     |
[2023-02-28 14:20:58,179] [builder.py:1709]           [INFO]     | 29/59 | Short Collection | = | Marvel One-Shot: The Consultant (2011)                              |
[2023-02-28 14:20:58,179] [builder.py:1709]           [INFO]     | 30/59 | Short Collection | = | A Matter of Loaf and Death (2008)                                   |
[2023-02-28 14:20:58,180] [builder.py:1709]           [INFO]     | 31/59 | Short Collection | = | Mickey's Christmas Carol (1983)                                     |
[2023-02-28 14:20:58,180] [builder.py:1709]           [INFO]     | 32/59 | Short Collection | = | Miss Fritter's Racing Skoool (2017)                                 |
[2023-02-28 14:20:58,181] [builder.py:1709]           [INFO]     | 33/59 | Short Collection | = | The Night (2022)                                                    |
[2023-02-28 14:20:58,181] [builder.py:1709]           [INFO]     | 34/59 | Short Collection | = | Nona (2021)                                                         |
[2023-02-28 14:20:58,181] [builder.py:1709]           [INFO]     | 35/59 | Short Collection | = | Once Upon a Snowman (2020)                                          |
[2023-02-28 14:20:58,182] [builder.py:1709]           [INFO]     | 36/59 | Short Collection | = | One Man Band (2006)                                                 |
[2023-02-28 14:20:58,182] [builder.py:1709]           [INFO]     | 37/59 | Short Collection | = | Party Central (2014)                                                |
[2023-02-28 14:20:58,183] [builder.py:1709]           [INFO]     | 38/59 | Short Collection | = | Piper (2016)                                                        |
[2023-02-28 14:20:58,183] [builder.py:1709]           [INFO]     | 39/59 | Short Collection | = | Pleasure (2021)                                                     |
[2023-02-28 14:20:58,183] [builder.py:1709]           [INFO]     | 40/59 | Short Collection | = | Pluto's Christmas Tree (1952)                                       |
[2023-02-28 14:20:58,184] [builder.py:1709]           [INFO]     | 41/59 | Short Collection | = | Prep & Landing (2009)                                               |
[2023-02-28 14:20:58,184] [builder.py:1709]           [INFO]     | 42/59 | Short Collection | = | Prep & Landing Stocking Stuffer: Operation: Secret Santa (2010)     |
[2023-02-28 14:20:58,185] [builder.py:1709]           [INFO]     | 43/59 | Short Collection | = | Puss in Boots: The Three Diablos (2012)                             |
[2023-02-28 14:20:58,185] [builder.py:1709]           [INFO]     | 44/59 | Short Collection | = | Rider (2018)                                                        |
[2023-02-28 14:20:58,185] [builder.py:1709]           [INFO]     | 45/59 | Short Collection | = | Riley's First Date? (2015)                                          |
[2023-02-28 14:20:58,186] [builder.py:1709]           [INFO]     | 46/59 | Short Collection | = | Robin Robin (2021)                                                  |
[2023-02-28 14:20:58,186] [builder.py:1709]           [INFO]     | 47/59 | Short Collection | = | Sanjay's Super Team (2015)                                          |
[2023-02-28 14:20:58,187] [builder.py:1709]           [INFO]     | 48/59 | Short Collection | = | Shrek the Halls (2007)                                              |
[2023-02-28 14:20:58,187] [builder.py:1709]           [INFO]     | 49/59 | Short Collection | = | The Small One (1978)                                                |
[2023-02-28 14:20:58,188] [builder.py:1709]           [INFO]     | 50/59 | Short Collection | = | Snoopy Presents: For Auld Lang Syne (2021)                          |
[2023-02-28 14:20:58,188] [builder.py:1709]           [INFO]     | 51/59 | Short Collection | = | Swallow (2020)                                                      |
[2023-02-28 14:20:58,188] [builder.py:1709]           [INFO]     | 52/59 | Short Collection | = | Tom Sweep (1992)                                                    |
[2023-02-28 14:20:58,189] [builder.py:1709]           [INFO]     | 53/59 | Short Collection | = | Toy Story Toons: Partysaurus Rex (2012)                             |
[2023-02-28 14:20:58,189] [builder.py:1709]           [INFO]     | 54/59 | Short Collection | = | A Trip to the Moon (1902)                                           |
[2023-02-28 14:20:58,190] [builder.py:1709]           [INFO]     | 55/59 | Short Collection | = | Twenty Something (2021)                                             |
[2023-02-28 14:20:58,190] [builder.py:1709]           [INFO]     | 56/59 | Short Collection | = | World of Tomorrow (2015)                                            |
[2023-02-28 14:20:58,190] [builder.py:1709]           [INFO]     | 57/59 | Short Collection | = | The Wrong Trousers (1993)                                           |
[2023-02-28 14:20:58,191] [builder.py:1709]           [INFO]     | 58/59 | Short Collection | = | Your Friend the Rat (2007)                                          |
[2023-02-28 14:20:58,191] [builder.py:1709]           [INFO]     | 59/59 | Short Collection | = | Zen - Grogu and Dust Bunnies (2022)                                 |
[2023-02-28 14:20:58,192] [builder.py:1734]           [INFO]     |                                                                                                    |
[2023-02-28 14:20:58,192] [builder.py:1735]           [INFO]     | 59 Movies Processed                                                                                |
[2023-02-28 14:20:58,198] [builder.py:2147]           [INFO]     |                                                                                                    |
[2023-02-28 14:20:58,198] [util.py:216]               [INFO]     |=============================== Updating Details of Short Collection ===============================|
[2023-02-28 14:20:58,198] [builder.py:2149]           [INFO]     |                                                                                                    |
[2023-02-28 14:20:58,199] [builder.py:2156]           [INFO]     | Detail: summary updated Collection Summary                                                         |
[2023-02-28 14:20:58,199] [builder.py:2258]           [DEBUG]    | 1 posters found:                                                                                   |
[2023-02-28 14:20:58,199] [builder.py:2260]           [DEBUG]    | Method: url_poster Poster: https://theposterdb.com/api/assets/53063                                |
[2023-02-28 14:20:58,200] [builder.py:2327]           [INFO]     | No background collection detail or asset folder found                                              |
[2023-02-28 14:20:58,201] [library.py:147]            [INFO]     | Detail: poster update not needed                                                                   |
[2023-02-28 14:20:58,538] [plex_meta_manager.py:880]  [INFO]     |                                                                                                    |
[2023-02-28 14:20:58,539] [util.py:209]               [INFO]     |====================================================================================================|
[2023-02-28 14:20:58,539] [util.py:216]               [INFO]     |                                     Finished Short Collection                                      |
[2023-02-28 14:20:58,539] [util.py:216]               [INFO]     |                                    Collection Run Time: 0:00:01                                    |
[2023-02-28 14:20:58,539] [util.py:220]               [INFO]     |====================================================================================================|
