[2023-01-31 01:01:30,389] [util.py:209]               [INFO]     |====================================================================================================|
[2023-01-31 01:01:30,390] [util.py:216]               [INFO]     |                                 Percy Jackson Collection in Movies                                 |
[2023-01-31 01:01:30,390] [util.py:220]               [INFO]     |====================================================================================================|
[2023-01-31 01:01:30,390] [plex_meta_manager.py:750]  [INFO]     |                                                                                                    |
[2023-01-31 01:01:30,391] [util.py:216]               [INFO]     |=============================== Validating Percy Jackson Attributes ================================|
[2023-01-31 01:01:30,391] [builder.py:265]            [DEBUG]    |                                                                                                    |
[2023-01-31 01:01:30,391] [builder.py:266]            [DEBUG]    | Validating Method: template                                                                        |
[2023-01-31 01:01:30,392] [meta.py:83]                [DEBUG]    | Value: ordereddict([('name', 'Movie'), ('collection', 179919), ('summary', 179919), ('poster', 'https://theposterdb.com/api/assets/52875')]) |
[2023-01-31 01:01:30,392] [builder.py:330]            [DEBUG]    |                                                                                                    |
[2023-01-31 01:01:30,392] [builder.py:331]            [DEBUG]    | Validating Method: sync_mode                                                                       |
[2023-01-31 01:01:30,393] [builder.py:335]            [DEBUG]    | Value: sync                                                                                        |
[2023-01-31 01:01:30,393] [builder.py:453]            [DEBUG]    |                                                                                                    |
[2023-01-31 01:01:30,393] [builder.py:454]            [DEBUG]    | Validating Method: collection_order                                                                |
[2023-01-31 01:01:30,393] [builder.py:455]            [DEBUG]    | Value: release                                                                                     |
[2023-01-31 01:01:30,394] [builder.py:472]            [DEBUG]    |                                                                                                    |
[2023-01-31 01:01:30,394] [builder.py:473]            [DEBUG]    | Validating Method: url_poster                                                                      |
[2023-01-31 01:01:30,394] [builder.py:474]            [DEBUG]    | Value: https://theposterdb.com/api/assets/52875                                                    |
[2023-01-31 01:01:30,394] [builder.py:472]            [DEBUG]    |                                                                                                    |
[2023-01-31 01:01:30,395] [builder.py:473]            [DEBUG]    | Validating Method: tmdb_collection                                                                 |
[2023-01-31 01:01:30,395] [builder.py:474]            [DEBUG]    | Value: 179919                                                                                      |
[2023-01-31 01:01:30,494] [builder.py:472]            [DEBUG]    |                                                                                                    |
[2023-01-31 01:01:30,494] [builder.py:473]            [DEBUG]    | Validating Method: tmdb_summary                                                                    |
[2023-01-31 01:01:30,494] [builder.py:474]            [DEBUG]    | Value: 179919                                                                                      |
[2023-01-31 01:01:30,495] [builder.py:472]            [DEBUG]    |                                                                                                    |
[2023-01-31 01:01:30,495] [builder.py:473]            [DEBUG]    | Validating Method: sort_title                                                                      |
[2023-01-31 01:01:30,495] [builder.py:474]            [DEBUG]    | Value: 00000f_Percy Jackson                                                                        |
[2023-01-31 01:01:30,495] [builder.py:472]            [DEBUG]    |                                                                                                    |
[2023-01-31 01:01:30,496] [builder.py:473]            [DEBUG]    | Validating Method: radarr_add_missing                                                              |
[2023-01-31 01:01:30,496] [builder.py:474]            [DEBUG]    | Value: True                                                                                        |
[2023-01-31 01:01:30,676] [builder.py:619]            [INFO]     |                                                                                                    |
[2023-01-31 01:01:30,677] [builder.py:620]            [INFO]     | Validation Successful                                                                              |
[2023-01-31 01:01:30,678] [plex_meta_manager.py:758]  [INFO]     |                                                                                                    |
[2023-01-31 01:01:30,679] [util.py:216]               [INFO]     |================================= Running Percy Jackson Collection =================================|
[2023-01-31 01:01:30,679] [plex_meta_manager.py:773]  [INFO]     |                                                                                                    |
[2023-01-31 01:01:30,679] [plex_meta_manager.py:774]  [INFO]     | Sync Mode: sync                                                                                    |
[2023-01-31 01:01:30,680] [builder.py:1275]           [DEBUG]    |                                                                                                    |
[2023-01-31 01:01:30,680] [builder.py:1276]           [DEBUG]    | Builder: tmdb_collection: 179919                                                                   |
[2023-01-31 01:01:30,680] [builder.py:1277]           [INFO]     |                                                                                                    |
[2023-01-31 01:01:30,681] [tmdb.py:323]               [INFO]     | Processing TMDb Collection: (179919) Percy Jackson Collection (2 Items)                            |
[2023-01-31 01:01:30,681] [builder.py:1282]           [DEBUG]    |                                                                                                    |
[2023-01-31 01:01:30,681] [builder.py:1283]           [DEBUG]    | 2 IDs Found: [(32657, 'tmdb'), (76285, 'tmdb')]                                                    |
[2023-01-31 01:01:30,681] [builder.py:1284]           [DEBUG]    |                                                                                                    |
[2023-01-31 01:01:30,722] [builder.py:1697]           [INFO]     |                                                                                                    |
[2023-01-31 01:01:30,723] [util.py:216]               [INFO]     |================================ Adding to Percy Jackson Collection ================================|
[2023-01-31 01:01:30,723] [builder.py:1699]           [INFO]     |                                                                                                    |
[2023-01-31 01:01:30,724] [builder.py:1709]           [INFO]     | 1/2 | Percy Jackson Collection | = | Percy Jackson & the Olympians: The Lightning Thief (2010)     |
[2023-01-31 01:01:30,724] [builder.py:1709]           [INFO]     | 2/2 | Percy Jackson Collection | = | Percy Jackson: Sea of Monsters (2013)                         |
[2023-01-31 01:01:30,725] [builder.py:1734]           [INFO]     |                                                                                                    |
[2023-01-31 01:01:30,725] [builder.py:1735]           [INFO]     | 2 Movies Processed                                                                                 |
[2023-01-31 01:01:30,729] [builder.py:2147]           [INFO]     |                                                                                                    |
[2023-01-31 01:01:30,729] [util.py:216]               [INFO]     |=========================== Updating Details of Percy Jackson Collection ===========================|
[2023-01-31 01:01:30,729] [builder.py:2149]           [INFO]     |                                                                                                    |
[2023-01-31 01:01:30,730] [builder.py:2156]           [INFO]     | Detail: tmdb_summary updated Collection Summary                                                    |
[2023-01-31 01:01:30,731] [builder.py:2258]           [DEBUG]    | 1 posters found:                                                                                   |
[2023-01-31 01:01:30,731] [builder.py:2260]           [DEBUG]    | Method: url_poster Poster: https://theposterdb.com/api/assets/52875                                |
[2023-01-31 01:01:30,731] [builder.py:2327]           [INFO]     | No background collection detail or asset folder found                                              |
[2023-01-31 01:01:30,732] [library.py:147]            [INFO]     | Detail: poster update not needed                                                                   |
[2023-01-31 01:01:30,906] [plex_meta_manager.py:880]  [INFO]     |                                                                                                    |
[2023-01-31 01:01:30,907] [util.py:209]               [INFO]     |====================================================================================================|
[2023-01-31 01:01:30,907] [util.py:216]               [INFO]     |                                 Finished Percy Jackson Collection                                  |
[2023-01-31 01:01:30,908] [util.py:216]               [INFO]     |                                    Collection Run Time: 0:00:00                                    |
[2023-01-31 01:01:30,908] [util.py:220]               [INFO]     |====================================================================================================|
