[2023-02-02 01:02:29,340] [util.py:209]               [INFO]     |====================================================================================================|
[2023-02-02 01:02:29,341] [util.py:216]               [INFO]     |                                     Comedy Collection in Anime                                     |
[2023-02-02 01:02:29,342] [util.py:220]               [INFO]     |====================================================================================================|
[2023-02-02 01:02:29,342] [plex_meta_manager.py:750]  [INFO]     |                                                                                                    |
[2023-02-02 01:02:29,343] [util.py:216]               [INFO]     |=================================== Validating Comedy Attributes ===================================|
[2023-02-02 01:02:29,343] [builder.py:265]            [DEBUG]    |                                                                                                    |
[2023-02-02 01:02:29,343] [builder.py:266]            [DEBUG]    | Validating Method: template                                                                        |
[2023-02-02 01:02:29,344] [meta.py:83]                [DEBUG]    | Value: ordereddict([('name', 'Anime'), ('mal_id', 4), ('poster', 'https://theposterdb.com/api/assets/213629')]) |
[2023-02-02 01:02:29,344] [builder.py:330]            [DEBUG]    |                                                                                                    |
[2023-02-02 01:02:29,344] [builder.py:331]            [DEBUG]    | Validating Method: sync_mode                                                                       |
[2023-02-02 01:02:29,344] [builder.py:335]            [DEBUG]    | Value: sync                                                                                        |
[2023-02-02 01:02:29,345] [builder.py:453]            [DEBUG]    |                                                                                                    |
[2023-02-02 01:02:29,345] [builder.py:454]            [DEBUG]    | Validating Method: collection_order                                                                |
[2023-02-02 01:02:29,345] [builder.py:455]            [DEBUG]    | Value: alpha                                                                                       |
[2023-02-02 01:02:29,345] [builder.py:472]            [DEBUG]    |                                                                                                    |
[2023-02-02 01:02:29,346] [builder.py:473]            [DEBUG]    | Validating Method: mal_search                                                                      |
[2023-02-02 01:02:29,346] [builder.py:474]            [DEBUG]    | Value: {'genre': 4, 'limit': 0}                                                                    |
[2023-02-02 01:02:29,346] [util.py:162]               [DEBUG]    | Traceback (most recent call last):                                                                 |
[2023-02-02 01:02:29,347] [util.py:162]               [DEBUG]    |   File "C:\Plex-Stack\Plex-Meta-Manager\plex_meta_manager.py", line 757, in run_collection         |
[2023-02-02 01:02:29,347] [util.py:162]               [DEBUG]    |     builder = CollectionBuilder(config, library, metadata, mapping_name, no_missing, collection_attrs) |
[2023-02-02 01:02:29,347] [util.py:162]               [DEBUG]    |   File "C:\Plex-Stack\Plex-Meta-Manager\modules\builder.py", line 557, in __init__                 |
[2023-02-02 01:02:29,347] [util.py:162]               [DEBUG]    |     raise Failed(f"{self.Type} Error: {method_final} attribute not supported")                     |
[2023-02-02 01:02:29,347] [util.py:162]               [DEBUG]    | modules.util.Failed: Collection Error: mal_search attribute not supported                          |
[2023-02-02 01:02:29,348] [util.py:162]               [DEBUG]    |                                                                                                    |
[2023-02-02 01:02:29,348] [util.py:159]               [ERROR]    | Collection Error: mal_search attribute not supported                                               |
[2023-02-02 01:02:29,348] [plex_meta_manager.py:880]  [INFO]     |                                                                                                    |
[2023-02-02 01:02:29,349] [util.py:209]               [INFO]     |====================================================================================================|
[2023-02-02 01:02:29,349] [util.py:216]               [INFO]     |                                     Finished Comedy Collection                                     |
[2023-02-02 01:02:29,349] [util.py:216]               [INFO]     |                                    Collection Run Time: 0:00:00                                    |
[2023-02-02 01:02:29,350] [util.py:220]               [INFO]     |====================================================================================================|
