[2023-02-28 15:19:43,952] [util.py:209]               [INFO]     |====================================================================================================|
[2023-02-28 15:19:43,953] [util.py:216]               [INFO]     |                                    HGTV Collection in TV Shows                                     |
[2023-02-28 15:19:43,953] [util.py:220]               [INFO]     |====================================================================================================|
[2023-02-28 15:19:43,953] [plex_meta_manager.py:750]  [INFO]     |                                                                                                    |
[2023-02-28 15:19:43,954] [util.py:216]               [INFO]     |==================================== Validating HGTV Attributes ====================================|
[2023-02-28 15:19:43,954] [builder.py:265]            [DEBUG]    |                                                                                                    |
[2023-02-28 15:19:43,955] [builder.py:266]            [DEBUG]    | Validating Method: template                                                                        |
[2023-02-28 15:19:43,955] [meta.py:83]                [DEBUG]    | Value: ordereddict([('name', 'network'), ('network', 210), ('poster', 'https://theposterdb.com/api/assets/98967')]) |
[2023-02-28 15:19:43,955] [builder.py:330]            [DEBUG]    |                                                                                                    |
[2023-02-28 15:19:43,955] [builder.py:331]            [DEBUG]    | Validating Method: sync_mode                                                                       |
[2023-02-28 15:19:43,956] [builder.py:335]            [DEBUG]    | Value: sync                                                                                        |
[2023-02-28 15:19:43,956] [builder.py:453]            [DEBUG]    |                                                                                                    |
[2023-02-28 15:19:43,956] [builder.py:454]            [DEBUG]    | Validating Method: collection_order                                                                |
[2023-02-28 15:19:43,956] [builder.py:455]            [DEBUG]    | Value: alpha                                                                                       |
[2023-02-28 15:19:43,957] [builder.py:472]            [DEBUG]    |                                                                                                    |
[2023-02-28 15:19:43,957] [builder.py:473]            [DEBUG]    | Validating Method: tmdb_network                                                                    |
[2023-02-28 15:19:43,957] [builder.py:474]            [DEBUG]    | Value: 210                                                                                         |
[2023-02-28 15:19:44,086] [builder.py:472]            [DEBUG]    |                                                                                                    |
[2023-02-28 15:19:44,086] [builder.py:473]            [DEBUG]    | Validating Method: url_poster                                                                      |
[2023-02-28 15:19:44,087] [builder.py:474]            [DEBUG]    | Value: https://theposterdb.com/api/assets/98967                                                    |
[2023-02-28 15:19:44,087] [builder.py:472]            [DEBUG]    |                                                                                                    |
[2023-02-28 15:19:44,087] [builder.py:473]            [DEBUG]    | Validating Method: sort_title                                                                      |
[2023-02-28 15:19:44,088] [builder.py:474]            [DEBUG]    | Value: +4_HGTV                                                                                     |
[2023-02-28 15:19:44,091] [plex.py:687]               [DEBUG]    | Looking for: HGTV                                                                                  |
[2023-02-28 15:19:44,091] [builder.py:619]            [INFO]     |                                                                                                    |
[2023-02-28 15:19:44,092] [builder.py:620]            [INFO]     | Validation Successful                                                                              |
[2023-02-28 15:19:44,093] [plex_meta_manager.py:758]  [INFO]     |                                                                                                    |
[2023-02-28 15:19:44,094] [util.py:216]               [INFO]     |===================================== Running HGTV Collection ======================================|
[2023-02-28 15:19:44,094] [plex_meta_manager.py:773]  [INFO]     |                                                                                                    |
[2023-02-28 15:19:44,094] [plex_meta_manager.py:774]  [INFO]     | Sync Mode: sync                                                                                    |
[2023-02-28 15:19:44,094] [builder.py:1275]           [DEBUG]    |                                                                                                    |
[2023-02-28 15:19:44,095] [builder.py:1276]           [DEBUG]    | Builder: tmdb_network: 210                                                                         |
[2023-02-28 15:19:44,095] [builder.py:1277]           [INFO]     |                                                                                                    |
[2023-02-28 15:19:45,495] [tmdb.py:282]               [INFO]     | Processing TMDb Network: (210) HGTV (208 Shows)                                                    |
[2023-02-28 15:19:45,496] [builder.py:1282]           [DEBUG]    |                                                                                                    |
[2023-02-28 15:19:45,496] [builder.py:1283]           [DEBUG]    | 208 IDs Found: [(6480, 'tmdb_show'), (29173, 'tmdb_show'), (89724, 'tmdb_show'), (71359, 'tmdb_show'), (77684, 'tmdb_show'), (35058, 'tmdb_show'), (62618, 'tmdb_show'), (19358, 'tmdb_show'), (135921, 'tmdb_show'), (71956, 'tmdb_show'), (60911, 'tmdb_show'), (100347, 'tmdb_show'), (33927, 'tmdb_show'), (219239, 'tmdb_show'), (59772, 'tmdb_show'), (67392, 'tmdb_show'), (123773, 'tmdb_show'), (13502, 'tmdb_show'), (155024, 'tmdb_show'), (57758, 'tmdb_show'), (94521, 'tmdb_show'), (69950, 'tmdb_show'), (218262, 'tmdb_show'), (154775, 'tmdb_show'), (10619, 'tmdb_show'), (72775, 'tmdb_show'), (77685, 'tmdb_show'), (89866, 'tmdb_show'), (105692, 'tmdb_show'), (76632, 'tmdb_show'), (92609, 'tmdb_show'), (13512, 'tmdb_show'), (88962, 'tmdb_show'), (217441, 'tmdb_show'), (13319, 'tmdb_show'), (79895, 'tmdb_show'), (88286, 'tmdb_show'), (79260, 'tmdb_show'), (44182, 'tmdb_show'), (18049, 'tmdb_show'), (209650, 'tmdb_show'), (133191, 'tmdb_show'), (74413, 'tmdb_show'), (31134, 'tmdb_show'), (101735, 'tmdb_show'), (11575, 'tmdb_show'), (12261, 'tmdb_show'), (71856, 'tmdb_show'), (128984, 'tmdb_show'), (25458, 'tmdb_show'), (83466, 'tmdb_show'), (20457, 'tmdb_show'), (121930, 'tmdb_show'), (127133, 'tmdb_show'), (92231, 'tmdb_show'), (120298, 'tmdb_show'), (154033, 'tmdb_show'), (100892, 'tmdb_show'), (24347, 'tmdb_show'), (37135, 'tmdb_show'), (88736, 'tmdb_show'), (132942, 'tmdb_show'), (106748, 'tmdb_show'), (16687, 'tmdb_show'), (71934, 'tmdb_show'), (109611, 'tmdb_show'), (91103, 'tmdb_show'), (116089, 'tmdb_show'), (94702, 'tmdb_show'), (119332, 'tmdb_show'), (73446, 'tmdb_show'), (215589, 'tmdb_show'), (152316, 'tmdb_show'), (134693, 'tmdb_show'), (128514, 'tmdb_show'), (125947, 'tmdb_show'), (125870, 'tmdb_show'), (125187, 'tmdb_show'), (117080, 'tmdb_show'), (115064, 'tmdb_show'), (101470, 'tmdb_show'), (72988, 'tmdb_show'), (49969, 'tmdb_show'), (43533, 'tmdb_show'), (27082, 'tmdb_show'), (27079, 'tmdb_show'), (21923, 'tmdb_show'), (80076, 'tmdb_show'), (125136, 'tmdb_show'), (118092, 'tmdb_show'), (82285, 'tmdb_show'), (77167, 'tmdb_show'), (108390, 'tmdb_show'), (25168, 'tmdb_show'), (69058, 'tmdb_show'), (67044, 'tmdb_show'), (117004, 'tmdb_show'), (14709, 'tmdb_show'), (37364, 'tmdb_show'), (135202, 'tmdb_show'), (4691, 'tmdb_show'), (124386, 'tmdb_show'), (29967, 'tmdb_show'), (21120, 'tmdb_show'), (204042, 'tmdb_show'), (61261, 'tmdb_show'), (26058, 'tmdb_show'), (202377, 'tmdb_show'), (85067, 'tmdb_show'), (124300, 'tmdb_show'), (30139, 'tmdb_show'), (75087, 'tmdb_show'), (75637, 'tmdb_show'), (206019, 'tmdb_show'), (211976, 'tmdb_show'), (24303, 'tmdb_show'), (104304, 'tmdb_show'), (62220, 'tmdb_show'), (46765, 'tmdb_show'), (33075, 'tmdb_show'), (216115, 'tmdb_show'), (197403, 'tmdb_show'), (152557, 'tmdb_show'), (73083, 'tmdb_show'), (65821, 'tmdb_show'), (55493, 'tmdb_show'), (22328, 'tmdb_show'), (24937, 'tmdb_show'), (207504, 'tmdb_show'), (68191, 'tmdb_show'), (201248, 'tmdb_show'), (86385, 'tmdb_show'), (60636, 'tmdb_show'), (122200, 'tmdb_show'), (121266, 'tmdb_show'), (92608, 'tmdb_show'), (18803, 'tmdb_show'), (196674, 'tmdb_show'), (81110, 'tmdb_show'), (25136, 'tmdb_show'), (119839, 'tmdb_show'), (106186, 'tmdb_show'), (219032, 'tmdb_show'), (210035, 'tmdb_show'), (209974, 'tmdb_show'), (209965, 'tmdb_show'), (209899, 'tmdb_show'), (209116, 'tmdb_show'), (208962, 'tmdb_show'), (208824, 'tmdb_show'), (208815, 'tmdb_show'), (208756, 'tmdb_show'), (206097, 'tmdb_show'), (201134, 'tmdb_show'), (197140, 'tmdb_show'), (158777, 'tmdb_show'), (155935, 'tmdb_show'), (155185, 'tmdb_show'), (154006, 'tmdb_show'), (135593, 'tmdb_show'), (125919, 'tmdb_show'), (123075, 'tmdb_show'), (122362, 'tmdb_show'), (120523, 'tmdb_show'), (117365, 'tmdb_show'), (116720, 'tmdb_show'), (116367, 'tmdb_show'), (114637, 'tmdb_show'), (104791, 'tmdb_show'), (93450, 'tmdb_show'), (92411, 'tmdb_show'), (92040, 'tmdb_show'), (90764, 'tmdb_show'), (90559, 'tmdb_show'), (90453, 'tmdb_show'), (75842, 'tmdb_show'), (75840, 'tmdb_show'), (66343, 'tmdb_show'), (63363, 'tmdb_show'), (60997, 'tmdb_show'), (44776, 'tmdb_show'), (43912, 'tmdb_show'), (43709, 'tmdb_show'), (42281, 'tmdb_show'), (40062, 'tmdb_show'), (40055, 'tmdb_show'), (37483, 'tmdb_show'), (32319, 'tmdb_show'), (31918, 'tmdb_show'), (31671, 'tmdb_show'), (30840, 'tmdb_show'), (29869, 'tmdb_show'), (29101, 'tmdb_show'), (27569, 'tmdb_show'), (27363, 'tmdb_show'), (24188, 'tmdb_show'), (23057, 'tmdb_show'), (22735, 'tmdb_show'), (22643, 'tmdb_show'), (20701, 'tmdb_show'), (17405, 'tmdb_show'), (16600, 'tmdb_show'), (15323, 'tmdb_show'), (14353, 'tmdb_show'), (14220, 'tmdb_show'), (13741, 'tmdb_show'), (13240, 'tmdb_show'), (13009, 'tmdb_show')] |
[2023-02-28 15:19:45,496] [builder.py:1284]           [DEBUG]    |                                                                                                    |
[2023-02-28 15:19:45,636] [builder.py:1361]           [ERROR]    | Convert Error: No TVDb ID Found for TMDb ID: 77685                                                 |
[2023-02-28 15:19:45,748] [builder.py:1361]           [ERROR]    | Convert Error: No TVDb ID Found for TMDb ID: 79260                                                 |
[2023-02-28 15:19:45,853] [builder.py:1361]           [ERROR]    | Convert Error: No TVDb ID Found for TMDb ID: 25458                                                 |
[2023-02-28 15:19:45,959] [builder.py:1361]           [ERROR]    | Convert Error: No TVDb ID Found for TMDb ID: 20457                                                 |
[2023-02-28 15:19:46,066] [builder.py:1361]           [ERROR]    | Convert Error: No TVDb ID Found for TMDb ID: 100892                                                |
[2023-02-28 15:19:46,173] [builder.py:1361]           [ERROR]    | Convert Error: No TVDb ID Found for TMDb ID: 116089                                                |
[2023-02-28 15:19:46,281] [builder.py:1361]           [ERROR]    | Convert Error: No TVDb ID Found for TMDb ID: 215589                                                |
[2023-02-28 15:19:46,386] [builder.py:1361]           [ERROR]    | Convert Error: No TVDb ID Found for TMDb ID: 152316                                                |
[2023-02-28 15:19:46,620] [builder.py:1361]           [ERROR]    | Convert Error: No TVDb ID Found for TMDb ID: 4691                                                  |
[2023-02-28 15:19:46,724] [builder.py:1361]           [ERROR]    | Convert Error: No TVDb ID Found for TMDb ID: 21120                                                 |
[2023-02-28 15:19:46,829] [builder.py:1361]           [ERROR]    | Convert Error: No TVDb ID Found for TMDb ID: 85067                                                 |
[2023-02-28 15:19:46,935] [builder.py:1361]           [ERROR]    | Convert Error: No TVDb ID Found for TMDb ID: 206019                                                |
[2023-02-28 15:19:47,048] [builder.py:1361]           [ERROR]    | Convert Error: No TVDb ID Found for TMDb ID: 216115                                                |
[2023-02-28 15:19:47,154] [builder.py:1361]           [ERROR]    | Convert Error: No TVDb ID Found for TMDb ID: 73083                                                 |
[2023-02-28 15:19:47,266] [builder.py:1361]           [ERROR]    | Convert Error: No TVDb ID Found for TMDb ID: 92608                                                 |
[2023-02-28 15:19:47,366] [builder.py:1361]           [ERROR]    | Convert Error: No TVDb ID Found for TMDb ID: 18803                                                 |
[2023-02-28 15:19:47,469] [builder.py:1361]           [ERROR]    | Convert Error: No TVDb ID Found for TMDb ID: 81110                                                 |
[2023-02-28 15:19:47,581] [builder.py:1361]           [ERROR]    | Convert Error: No TVDb ID Found for TMDb ID: 119839                                                |
[2023-02-28 15:19:47,686] [builder.py:1361]           [ERROR]    | Convert Error: No TVDb ID Found for TMDb ID: 206097                                                |
[2023-02-28 15:19:47,798] [builder.py:1361]           [ERROR]    | Convert Error: No TVDb ID Found for TMDb ID: 155185                                                |
[2023-02-28 15:19:47,930] [builder.py:1361]           [ERROR]    | Convert Error: No TVDb ID Found for TMDb ID: 154006                                                |
[2023-02-28 15:19:48,039] [builder.py:1361]           [ERROR]    | Convert Error: No TVDb ID Found for TMDb ID: 135593                                                |
[2023-02-28 15:19:48,142] [builder.py:1361]           [ERROR]    | Convert Error: No TVDb ID Found for TMDb ID: 125919                                                |
[2023-02-28 15:19:48,251] [builder.py:1361]           [ERROR]    | Convert Error: No TVDb ID Found for TMDb ID: 122362                                                |
[2023-02-28 15:19:48,356] [builder.py:1361]           [ERROR]    | Convert Error: No TVDb ID Found for TMDb ID: 120523                                                |
[2023-02-28 15:19:48,461] [builder.py:1361]           [ERROR]    | Convert Error: No TVDb ID Found for TMDb ID: 92411                                                 |
[2023-02-28 15:19:48,574] [builder.py:1361]           [ERROR]    | Convert Error: No TVDb ID Found for TMDb ID: 44776                                                 |
[2023-02-28 15:19:48,680] [builder.py:1361]           [ERROR]    | Convert Error: No TVDb ID Found for TMDb ID: 43709                                                 |
[2023-02-28 15:19:48,783] [builder.py:1361]           [ERROR]    | Convert Error: No TVDb ID Found for TMDb ID: 42281                                                 |
[2023-02-28 15:19:48,891] [builder.py:1361]           [ERROR]    | Convert Error: No TVDb ID Found for TMDb ID: 40062                                                 |
[2023-02-28 15:19:48,993] [builder.py:1361]           [ERROR]    | Convert Error: No TVDb ID Found for TMDb ID: 40055                                                 |
[2023-02-28 15:19:49,089] [builder.py:1361]           [ERROR]    | Convert Error: No TVDb ID Found for TMDb ID: 31918                                                 |
[2023-02-28 15:19:49,191] [builder.py:1361]           [ERROR]    | Convert Error: No TVDb ID Found for TMDb ID: 31671                                                 |
[2023-02-28 15:19:49,291] [builder.py:1361]           [ERROR]    | Convert Error: No TVDb ID Found for TMDb ID: 30840                                                 |
[2023-02-28 15:19:49,390] [builder.py:1361]           [ERROR]    | Convert Error: No TVDb ID Found for TMDb ID: 29869                                                 |
[2023-02-28 15:19:49,504] [builder.py:1361]           [ERROR]    | Convert Error: No TVDb ID Found for TMDb ID: 27363                                                 |
[2023-02-28 15:19:49,605] [builder.py:1361]           [ERROR]    | Convert Error: No TVDb ID Found for TMDb ID: 23057                                                 |
[2023-02-28 15:19:49,715] [builder.py:1361]           [ERROR]    | Convert Error: No TVDb ID Found for TMDb ID: 20701                                                 |
[2023-02-28 15:19:49,825] [builder.py:1361]           [ERROR]    | Convert Error: No TVDb ID Found for TMDb ID: 15323                                                 |
[2023-02-28 15:19:49,930] [builder.py:1361]           [ERROR]    | Convert Error: No TVDb ID Found for TMDb ID: 14353                                                 |
[2023-02-28 15:19:50,039] [builder.py:1361]           [ERROR]    | Convert Error: No TVDb ID Found for TMDb ID: 14220                                                 |
[2023-02-28 15:19:50,144] [builder.py:1361]           [ERROR]    | Convert Error: No TVDb ID Found for TMDb ID: 13741                                                 |
[2023-02-28 15:19:50,253] [builder.py:1361]           [ERROR]    | Convert Error: No TVDb ID Found for TMDb ID: 13240                                                 |
[2023-02-28 15:19:50,254] [plex_meta_manager.py:797]  [INFO]     |                                                                                                    |
[2023-02-28 15:19:50,254] [plex_meta_manager.py:798]  [INFO]     | Collection Minimum: 1 not met for HGTV Collection                                                  |
[2023-02-28 15:19:50,254] [builder.py:1969]           [INFO]     |                                                                                                    |
[2023-02-28 15:19:50,254] [util.py:216]               [INFO]     |================================= Missing Shows from Library: HGTV =================================|
[2023-02-28 15:19:50,255] [builder.py:1971]           [INFO]     |                                                                                                    |
[2023-02-28 15:19:54,012] [builder.py:1982]           [INFO]     | HGTV Collection | ? | House Hunters (TVDB: 73182)                                                  |
[2023-02-28 15:19:57,168] [builder.py:1982]           [INFO]     | HGTV Collection | ? | House Hunters International (TVDB: 183411)                                   |
[2023-02-28 15:19:57,623] [builder.py:1982]           [INFO]     | HGTV Collection | ? | Property Brothers: Forever Home (TVDB: 360123)                               |
[2023-02-28 15:19:57,986] [builder.py:1982]           [INFO]     | HGTV Collection | ? | Home Town (TVDB: 325186)                                                     |
[2023-02-28 15:19:58,471] [builder.py:1982]           [INFO]     | HGTV Collection | ? | My Lottery Dream Home (TVDB: 322630)                                         |
[2023-02-28 15:19:59,018] [builder.py:1982]           [INFO]     | HGTV Collection | ? | Property Brothers (TVDB: 254292)                                             |
[2023-02-28 15:19:59,484] [builder.py:1982]           [INFO]     | HGTV Collection | ? | Flip or Flop (TVDB: 276812)                                                  |
[2023-02-28 15:19:59,750] [builder.py:1982]           [INFO]     | HGTV Collection | ? | The Carol Duvall Show (TVDB: 256363)                                         |
[2023-02-28 15:20:00,026] [builder.py:1982]           [INFO]     | HGTV Collection | ? | The Nate and Jeremiah Home Project (TVDB: 411030)                            |
[2023-02-28 15:20:00,372] [builder.py:1982]           [INFO]     | HGTV Collection | ? | Good Bones (TVDB: 309057)                                                    |
[2023-02-28 15:20:00,788] [builder.py:1982]           [INFO]     | HGTV Collection | ? | Fixer Upper (TVDB: 281053)                                                   |
[2023-02-28 15:20:01,069] [builder.py:1982]           [INFO]     | HGTV Collection | ? | Celebrity IOU (TVDB: 378550)                                                 |
[2023-02-28 15:20:01,701] [builder.py:1982]           [INFO]     | HGTV Collection | ? | Love It or List It (TVDB: 262419)                                            |
[2023-02-28 15:20:01,961] [builder.py:1982]           [INFO]     | HGTV Collection | ? | Rico to the Rescue (TVDB: 428725)                                            |
[2023-02-28 15:20:02,484] [builder.py:1982]           [INFO]     | HGTV Collection | ? | Flea Market Flip (TVDB: 262644)                                              |
[2023-02-28 15:20:02,828] [builder.py:1982]           [INFO]     | HGTV Collection | ? | Property Brothers: Buying and Selling (TVDB: 261623)                         |
[2023-02-28 15:20:03,087] [builder.py:1982]           [INFO]     | HGTV Collection | ? | Curb Appeal: The Block (TVDB: 365990)                                        |
[2023-02-28 15:20:03,357] [builder.py:1982]           [INFO]     | HGTV Collection | ? | Divine Design (TVDB: 78977)                                                  |
[2023-02-28 15:20:03,588] [builder.py:1982]           [INFO]     | HGTV Collection | ? | Married to Real Estate (TVDB: 414522)                                        |
[2023-02-28 15:20:03,951] [builder.py:1982]           [INFO]     | HGTV Collection | ? | Brother vs. Brother (TVDB: 271857)                                           |
[2023-02-28 15:20:04,242] [builder.py:1982]           [INFO]     | HGTV Collection | ? | Fixer to Fabulous (TVDB: 370883)                                             |
[2023-02-28 15:20:04,806] [builder.py:1982]           [INFO]     | HGTV Collection | ? | Caribbean Life (TVDB: 280394)                                                |
[2023-02-28 15:20:05,029] [builder.py:1982]           [INFO]     | HGTV Collection | ? | Down Home Fab (TVDB: 416599)                                                 |
[2023-02-28 15:20:05,301] [builder.py:1982]           [INFO]     | HGTV Collection | ? | Ugliest House in America (TVDB: 414194)                                      |
[2023-02-28 15:20:05,658] [builder.py:1982]           [INFO]     | HGTV Collection | ? | Designed to Sell (TVDB: 275678)                                              |
[2023-02-28 15:20:06,036] [builder.py:1982]           [INFO]     | HGTV Collection | ? | Beachfront Bargain Hunt: Renovation (TVDB: 315689)                           |
[2023-02-28 15:20:06,349] [builder.py:1982]           [INFO]     | HGTV Collection | ? | Christina on the Coast (TVDB: 361948)                                        |
[2023-02-28 15:20:06,592] [builder.py:1982]           [INFO]     | HGTV Collection | ? | Flipping Across America (TVDB: 384926)                                       |
[2023-02-28 15:20:07,304] [builder.py:1982]           [INFO]     | HGTV Collection | ? | Beachfront Bargain Hunt (TVDB: 275886)                                       |
[2023-02-28 15:20:07,555] [builder.py:1982]           [INFO]     | HGTV Collection | ? | Supermarket Stakeout (TVDB: 367769)                                          |
[2023-02-28 15:20:07,831] [builder.py:1982]           [INFO]     | HGTV Collection | ? | Designing For The Sexes (TVDB: 71540)                                        |
[2023-02-28 15:20:08,162] [builder.py:1982]           [INFO]     | HGTV Collection | ? | Mexico Life (TVDB: 329514)                                                   |
[2023-02-28 15:20:08,389] [builder.py:1982]           [INFO]     | HGTV Collection | ? | Christina in the Country (TVDB: 428623)                                      |
[2023-02-28 15:20:08,778] [builder.py:1982]           [INFO]     | HGTV Collection | ? | Design on a Dime (TVDB: 72804)                                               |
[2023-02-28 15:20:09,128] [builder.py:1982]           [INFO]     | HGTV Collection | ? | Beach Hunters (TVDB: 331581)                                                 |
[2023-02-28 15:20:09,333] [builder.py:1982]           [INFO]     | HGTV Collection | ? | Mediterranean Life (TVDB: 380500)                                            |
[2023-02-28 15:20:09,665] [builder.py:1982]           [INFO]     | HGTV Collection | ? | Leave it to Bryan (TVDB: 267612)                                             |
[2023-02-28 15:20:10,178] [builder.py:1982]           [INFO]     | HGTV Collection | ? | Property Virgins (TVDB: 93351)                                               |
[2023-02-28 15:20:10,382] [builder.py:1982]           [INFO]     | HGTV Collection | ? | Good Bones: Risky Business (TVDB: 424210)                                    |
[2023-02-28 15:20:10,599] [builder.py:1982]           [INFO]     | HGTV Collection | ? | Curb Appeal Xtreme (TVDB: 409778)                                            |
[2023-02-28 15:20:11,101] [builder.py:1982]           [INFO]     | HGTV Collection | ? | Island Life (TVDB: 290645)                                                   |
[2023-02-28 15:20:11,358] [builder.py:1982]           [INFO]     | HGTV Collection | ? | Holmes Inspection (TVDB: 117701)                                             |
[2023-02-28 15:20:11,599] [builder.py:1982]           [INFO]     | HGTV Collection | ? | Selling the Big Easy (TVDB: 379916)                                          |
[2023-02-28 15:20:11,989] [builder.py:1982]           [INFO]     | HGTV Collection | ? | HGTV Star (TVDB: 106691)                                                     |
[2023-02-28 15:20:12,448] [builder.py:1982]           [INFO]     | HGTV Collection | ? | Holmes on Homes (TVDB: 80258)                                                |
[2023-02-28 15:20:12,699] [builder.py:1982]           [INFO]     | HGTV Collection | ? | Flip or Flop Vegas (TVDB: 326607)                                            |
[2023-02-28 15:20:12,968] [builder.py:1982]           [INFO]     | HGTV Collection | ? | Battle on the Beach (TVDB: 405307)                                           |
[2023-02-28 15:20:13,244] [builder.py:1982]           [INFO]     | HGTV Collection | ? | Bahamas Life (TVDB: 346347)                                                  |
[2023-02-28 15:20:13,473] [builder.py:1982]           [INFO]     | HGTV Collection | ? | No Demo Reno (TVDB: 397827)                                                  |
[2023-02-28 15:20:13,699] [builder.py:1982]           [INFO]     | HGTV Collection | ? | Beach Around the World (TVDB: 385053)                                        |
[2023-02-28 15:20:13,938] [builder.py:1982]           [INFO]     | HGTV Collection | ? | Mountain Mamas (TVDB: 367941)                                                |
[2023-02-28 15:20:14,207] [builder.py:1982]           [INFO]     | HGTV Collection | ? | Unsellable Houses (TVDB: 376538)                                             |
[2023-02-28 15:20:14,413] [builder.py:1982]           [INFO]     | HGTV Collection | ? | Tough Love With Hilary Farr (TVDB: 413700)                                   |
[2023-02-28 15:20:14,584] [builder.py:1982]           [INFO]     | HGTV Collection | ? | Weekend Warriors (TVDB: 423813)                                              |
[2023-02-28 15:20:15,020] [builder.py:1982]           [INFO]     | HGTV Collection | ? | Yard Crashers (TVDB: 111281)                                                 |
[2023-02-28 15:20:15,240] [builder.py:1982]           [INFO]     | HGTV Collection | ? | One of a Kind (TVDB: 361078)                                                 |
[2023-02-28 15:20:15,456] [builder.py:1982]           [INFO]     | HGTV Collection | ? | House Hunters Family (TVDB: 332934)                                          |
[2023-02-28 15:20:15,717] [builder.py:1982]           [INFO]     | HGTV Collection | ? | Martha Knows Best (TVDB: 386115)                                             |
[2023-02-28 15:20:16,166] [builder.py:1982]           [INFO]     | HGTV Collection | ? | Color Splash (TVDB: 131921)                                                  |
[2023-02-28 15:20:16,359] [builder.py:1982]           [INFO]     | HGTV Collection | ? | Ultimate Pools (TVDB: 343210)                                                |
[2023-02-28 15:20:16,677] [builder.py:1982]           [INFO]     | HGTV Collection | ? | Help! I Wrecked My House (TVDB: 387269)                                      |
[2023-02-28 15:20:16,873] [builder.py:1982]           [INFO]     | HGTV Collection | ? | Supersize My Pool (TVDB: 366311)                                             |
[2023-02-28 15:20:17,158] [builder.py:1982]           [INFO]     | HGTV Collection | ? | Rock the Block (TVDB: 369775)                                                |
[2023-02-28 15:20:17,383] [builder.py:1982]           [INFO]     | HGTV Collection | ? | Farmhouse Fixer (TVDB: 396299)                                               |
[2023-02-28 15:20:17,626] [builder.py:1982]           [INFO]     | HGTV Collection | ? | Desert Flippers (TVDB: 316312)                                               |
[2023-02-28 15:20:17,820] [builder.py:1982]           [INFO]     | HGTV Collection | ? | Outgrown (TVDB: 410140)                                                      |
[2023-02-28 15:20:18,055] [builder.py:1982]           [INFO]     | HGTV Collection | ? | Two Steps Home (TVDB: 402477)                                                |
[2023-02-28 15:20:18,277] [builder.py:1982]           [INFO]     | HGTV Collection | ? | Best House on the Block (TVDB: 355283)                                       |
[2023-02-28 15:20:18,517] [builder.py:1982]           [INFO]     | HGTV Collection | ? | Inside Out (TVDB: 401073)                                                    |
[2023-02-28 15:20:18,734] [builder.py:1982]           [INFO]     | HGTV Collection | ? | $50K Three Ways (TVDB: 401818)                                               |
[2023-02-28 15:20:18,957] [builder.py:1982]           [INFO]     | HGTV Collection | ? | Ty Breaker (TVDB: 390061)                                                    |
[2023-02-28 15:20:19,180] [builder.py:1982]           [INFO]     | HGTV Collection | ? | 100 Day Dream Home (TVDB: 374810)                                            |
[2023-02-28 15:20:19,435] [builder.py:1982]           [INFO]     | HGTV Collection | ? | Lakefront Bargain Hunt Renovation (TVDB: 327147)                             |
[2023-02-28 15:20:19,678] [builder.py:1982]           [INFO]     | HGTV Collection | ? | Tiny Paradise (TVDB: 331140)                                                 |
[2023-02-28 15:20:19,903] [builder.py:1982]           [INFO]     | HGTV Collection | ? | Million Dollar Rooms (TVDB: 258527)                                          |
[2023-02-28 15:20:20,119] [builder.py:1982]           [INFO]     | HGTV Collection | ? | Consumed (TVDB: 251918)                                                      |
[2023-02-28 15:20:20,303] [builder.py:1982]           [INFO]     | HGTV Collection | ? | Carter Can (TVDB: 164071)                                                    |
[2023-02-28 15:20:20,561] [builder.py:1982]           [INFO]     | HGTV Collection | ? | Color Correction (TVDB: 404301)                                              |
[2023-02-28 15:20:20,802] [builder.py:1982]           [INFO]     | HGTV Collection | ? | World's Most Extreme Homes (TVDB: 83208)                                     |
[2023-02-28 15:20:21,029] [builder.py:1982]           [INFO]     | HGTV Collection | ? | Hidden Potential (2018) (TVDB: 347686)                                       |
[2023-02-28 15:20:21,224] [builder.py:1982]           [INFO]     | HGTV Collection | ? | Happily Wherever (TVDB: 402385)                                              |
[2023-02-28 15:20:21,430] [builder.py:1982]           [INFO]     | HGTV Collection | ? | Rehab Addict Rescue (TVDB: 393517)                                           |
[2023-02-28 15:20:21,608] [builder.py:1982]           [INFO]     | HGTV Collection | ? | Aloha Builds (TVDB: 352562)                                                  |
[2023-02-28 15:20:21,843] [builder.py:1982]           [INFO]     | HGTV Collection | ? | Flip or Flop Nashville (TVDB: 335992)                                        |
[2023-02-28 15:20:22,087] [builder.py:1982]           [INFO]     | HGTV Collection | ? | Renovation, Inc (TVDB: 387692)                                               |
[2023-02-28 15:20:22,312] [builder.py:1982]           [INFO]     | HGTV Collection | ? | Dear Genevieve (TVDB: 255731)                                                |
[2023-02-28 15:20:22,508] [builder.py:1982]           [INFO]     | HGTV Collection | ? | Brothers Take New Orleans (TVDB: 319660)                                     |
[2023-02-28 15:20:22,734] [builder.py:1982]           [INFO]     | HGTV Collection | ? | Tiny Luxury (TVDB: 314102)                                                   |
[2023-02-28 15:20:22,977] [builder.py:1982]           [INFO]     | HGTV Collection | ? | Flipping 101 with Tarek El Moussa (TVDB: 369974)                             |
[2023-02-28 15:20:23,233] [builder.py:1982]           [INFO]     | HGTV Collection | ? | Living With Ed (TVDB: 83624)                                                 |
[2023-02-28 15:20:23,752] [builder.py:1982]           [INFO]     | HGTV Collection | ? | HGTV Dream Home (TVDB: 342096)                                               |
[2023-02-28 15:20:23,981] [builder.py:1982]           [INFO]     | HGTV Collection | ? | Houses with History (TVDB: 410764)                                           |
[2023-02-28 15:20:24,231] [builder.py:1982]           [INFO]     | HGTV Collection | ? | Bargain Block (TVDB: 398973)                                                 |
[2023-02-28 15:20:24,442] [builder.py:1982]           [INFO]     | HGTV Collection | ? | Urban Outsiders (TVDB: 131351)                                               |
[2023-02-28 15:20:24,694] [builder.py:1982]           [INFO]     | HGTV Collection | ? | The Great Giveback with Melissa and Jenna (TVDB: 421819)                     |
[2023-02-28 15:20:24,876] [builder.py:1982]           [INFO]     | HGTV Collection | ? | Flip It to Win It (TVDB: 279624)                                             |
[2023-02-28 15:20:24,936] [builder.py:1977]           [ERROR]    | TVDb Error: Could not find a TVDb Series using TVDb Series ID: 165721                              |
[2023-02-28 15:20:25,136] [builder.py:1982]           [INFO]     | HGTV Collection | ? | Buy It or Build It (TVDB: 420797)                                            |
[2023-02-28 15:20:25,357] [builder.py:1982]           [INFO]     | HGTV Collection | ? | Home Town Takeover (TVDB: 392433)                                            |
[2023-02-28 15:20:25,521] [builder.py:1982]           [INFO]     | HGTV Collection | ? | Landscapers' Challenge (TVDB: 423840)                                        |
[2023-02-28 15:20:25,868] [builder.py:1982]           [INFO]     | HGTV Collection | ? | Tiny House, Big Living (TVDB: 289431)                                        |
[2023-02-28 15:20:26,137] [builder.py:1982]           [INFO]     | HGTV Collection | ? | House Hunters: Where Are They Now? (TVDB: 329819)                            |
[2023-02-28 15:20:26,338] [builder.py:1982]           [INFO]     | HGTV Collection | ? | Saving the Manor (TVDB: 425255)                                              |
[2023-02-28 15:20:26,664] [builder.py:1982]           [INFO]     | HGTV Collection | ? | Bang for your Buck (TVDB: 274977)                                            |
[2023-02-28 15:20:26,872] [builder.py:1982]           [INFO]     | HGTV Collection | ? | Selling London (TVDB: 259568)                                                |
[2023-02-28 15:20:27,090] [builder.py:1982]           [INFO]     | HGTV Collection | ? | Donna Decorates Dallas (TVDB: 292986)                                        |
[2023-02-28 15:20:27,325] [builder.py:1982]           [INFO]     | HGTV Collection | ? | Canada's Handyman Challenge (TVDB: 255105)                                   |
[2023-02-28 15:20:27,627] [builder.py:1982]           [INFO]     | HGTV Collection | ? | Selling New York (TVDB: 215131)                                              |
[2023-02-28 15:20:27,841] [builder.py:1982]           [INFO]     | HGTV Collection | ? | Building Roots (TVDB: 418879)                                                |
[2023-02-28 15:20:28,053] [builder.py:1982]           [INFO]     | HGTV Collection | ? | Going Yard (TVDB: 285103)                                                    |
[2023-02-28 15:20:28,273] [builder.py:1982]           [INFO]     | HGTV Collection | ? | Ellen's Design Challenge (TVDB: 291272)                                      |
[2023-02-28 15:20:28,725] [builder.py:1982]           [INFO]     | HGTV Collection | ? | House Hunters Renovation (TVDB: 262643)                                      |
[2023-02-28 15:20:28,903] [builder.py:1982]           [INFO]     | HGTV Collection | ? | Homes Across America (TVDB: 423841)                                          |
[2023-02-28 15:20:29,095] [builder.py:1982]           [INFO]     | HGTV Collection | ? | Takeover My Makeover (TVDB: 423886)                                          |
[2023-02-28 15:20:29,312] [builder.py:1982]           [INFO]     | HGTV Collection | ? | Flip to a Million (TVDB: 423097)                                             |
[2023-02-28 15:20:29,833] [builder.py:1982]           [INFO]     | HGTV Collection | ? | Hawaii Life (TVDB: 273131)                                                   |
[2023-02-28 15:20:30,037] [builder.py:1982]           [INFO]     | HGTV Collection | ? | Lil Jon Wants to Do What? (TVDB: 420027)                                     |
[2023-02-28 15:20:30,310] [builder.py:1982]           [INFO]     | HGTV Collection | ? | Windy City Rehab (TVDB: 356798)                                              |
[2023-02-28 15:20:30,600] [builder.py:1982]           [INFO]     | HGTV Collection | ? | Timber Kings (TVDB: 276963)                                                  |
[2023-02-28 15:20:30,900] [builder.py:1982]           [INFO]     | HGTV Collection | ? | Tiny House Hunters (TVDB: 289428)                                            |
[2023-02-28 15:20:31,090] [builder.py:1982]           [INFO]     | HGTV Collection | ? | Everything But the House (TVDB: 397881)                                      |
[2023-02-28 15:20:31,281] [builder.py:1982]           [INFO]     | HGTV Collection | ? | Fix My Flip (TVDB: 417745)                                                   |
[2023-02-28 15:20:31,526] [builder.py:1982]           [INFO]     | HGTV Collection | ? | Kidspace (TVDB: 248454)                                                      |
[2023-02-28 15:20:31,721] [builder.py:1982]           [INFO]     | HGTV Collection | ? | Build Me Up (TVDB: 385784)                                                   |
[2023-02-28 15:20:31,944] [builder.py:1982]           [INFO]     | HGTV Collection | ? | Lawn & Order (TVDB: 326719)                                                  |
[2023-02-28 15:20:32,139] [builder.py:1982]           [INFO]     | HGTV Collection | ? | The Perfect Place (TVDB: 424652)                                             |
[2023-02-28 15:20:32,452] [builder.py:1982]           [INFO]     | HGTV Collection | ? | Welcome Back Potter (TVDB: 318405)                                           |
[2023-02-28 15:20:32,669] [builder.py:1982]           [INFO]     | HGTV Collection | ? | Selling LA (TVDB: 256025)                                                    |
[2023-02-28 15:20:32,862] [builder.py:1982]           [INFO]     | HGTV Collection | ? | Move and Improve (TVDB: 375496)                                              |
[2023-02-28 15:20:33,051] [builder.py:1982]           [INFO]     | HGTV Collection | ? | Bargain Block: Bargain Buys (TVDB: 423129)                                   |
[2023-02-28 15:20:33,262] [builder.py:1982]           [INFO]     | HGTV Collection | ? | Genevieve's Renovation (TVDB: 288421)                                        |
[2023-02-28 15:20:33,456] [builder.py:1982]           [INFO]     | HGTV Collection | ? | Hunting Vintage (TVDB: 314364)                                               |
[2023-02-28 15:20:33,661] [builder.py:1982]           [INFO]     | HGTV Collection | ? | Rustic Rehab (TVDB: 351686)                                                  |
[2023-02-28 15:20:33,873] [builder.py:1982]           [INFO]     | HGTV Collection | ? | Flip or Flop Follow-Up (TVDB: 404165)                                        |
[2023-02-28 15:20:34,050] [builder.py:1982]           [INFO]     | HGTV Collection | ? | I Bought A Dump... Now What? (TVDB: 424600)                                  |
[2023-02-28 15:20:34,271] [builder.py:1982]           [INFO]     | HGTV Collection | ? | Why the Heck Did I Buy This House? (TVDB: 418661)                            |
[2023-02-28 15:20:34,514] [builder.py:1982]           [INFO]     | HGTV Collection | ? | Beach Flip (TVDB: 297159)                                                    |
[2023-02-28 15:20:34,716] [builder.py:1982]           [INFO]     | HGTV Collection | ? | Home Inspector Joe (TVDB: 414848)                                            |
[2023-02-28 15:20:34,925] [builder.py:1982]           [INFO]     | HGTV Collection | ? | My Lottery Dream Home International (TVDB: 379557)                           |
[2023-02-28 15:20:35,131] [builder.py:1982]           [INFO]     | HGTV Collection | ? | Hot Properties: San Diego (TVDB: 371687)                                     |
[2023-02-28 15:20:35,340] [builder.py:1982]           [INFO]     | HGTV Collection | ? | Self Made Mansions (TVDB: 374486)                                            |
[2023-02-28 15:20:35,541] [builder.py:1982]           [INFO]     | HGTV Collection | ? | House Hunters: Comedians on Couches (TVDB: 383132)                           |
[2023-02-28 15:20:35,722] [builder.py:1982]           [INFO]     | HGTV Collection | ? | Container Homes (TVDB: 343414)                                               |
[2023-02-28 15:20:35,928] [builder.py:1982]           [INFO]     | HGTV Collection | ? | Design At Your Door (TVDB: 383807)                                           |
[2023-02-28 15:20:36,205] [builder.py:1982]           [INFO]     | HGTV Collection | ? | A Very Brady Renovation (TVDB: 355474)                                       |
[2023-02-28 15:20:36,416] [builder.py:1982]           [INFO]     | HGTV Collection | ? | Flipping Virgins (TVDB: 322976)                                              |
[2023-02-28 15:20:36,629] [builder.py:1982]           [INFO]     | HGTV Collection | ? | Pool Hunters (TVDB: 366124)                                                  |
[2023-02-28 15:20:36,816] [builder.py:1982]           [INFO]     | HGTV Collection | ? | City vs. Burbs (TVDB: 365800)                                                |
[2023-02-28 15:20:36,998] [builder.py:1982]           [INFO]     | HGTV Collection | ? | Say Yes to the Nest (TVDB: 357743)                                           |
[2023-02-28 15:20:37,204] [builder.py:1982]           [INFO]     | HGTV Collection | ? | House Hunters: Outside the Box (TVDB: 339231)                                |
[2023-02-28 15:20:37,437] [builder.py:1982]           [INFO]     | HGTV Collection | ? | Flip or Flop Fort Worth (TVDB: 330189)                                       |
[2023-02-28 15:20:37,649] [builder.py:1982]           [INFO]     | HGTV Collection | ? | Listed Sisters (TVDB: 309338)                                                |
[2023-02-28 15:20:38,007] [builder.py:1982]           [INFO]     | HGTV Collection | ? | Love It or List It, Too (TVDB: 274555)                                       |
[2023-02-28 15:20:38,234] [builder.py:1982]           [INFO]     | HGTV Collection | ? | Cousins Undercover (TVDB: 274409)                                            |
[2023-02-28 15:20:38,519] [builder.py:1982]           [INFO]     | HGTV Collection | ? | Decked Out (TVDB: 267095)                                                    |
[2023-02-28 15:20:38,701] [builder.py:1982]           [INFO]     | HGTV Collection | ? | Design School (TVDB: 166271)                                                 |
[2023-02-28 15:20:38,940] [builder.py:1982]           [INFO]     | HGTV Collection | ? | The Antonio Treatment (TVDB: 189601)                                         |
[2023-02-28 15:20:39,416] [builder.py:1982]           [INFO]     | HGTV Collection | ? | Renovation Realities (TVDB: 104191)                                          |
[2023-02-28 15:20:39,630] [builder.py:1982]           [INFO]     | HGTV Collection | ? | My House Is Worth What? (TVDB: 423809)                                       |
[2023-02-28 15:20:39,791] [builder.py:1982]           [INFO]     | HGTV Collection | ? | Good Buy, Bad Buy? (TVDB: 423846)                                            |
[2023-02-28 15:20:39,968] [builder.py:1982]           [INFO]     | HGTV Collection | ? | National Open House (TVDB: 423811)                                           |
[2023-02-28 15:20:40,163] [builder.py:1982]           [INFO]     | HGTV Collection | ? | reDesign (TVDB: 423843)                                                      |
[2023-02-28 15:20:40,608] [builder.py:1982]           [INFO]     | HGTV Collection | ? | Income Property (TVDB: 233341)                                               |
[2023-02-28 15:20:40,781] [builder.py:1982]           [INFO]     | HGTV Collection | ? | 24 Hour Design (TVDB: 423884)                                                |
[2023-02-28 15:20:41,071] [builder.py:1982]           [INFO]     | HGTV Collection | ? | Buy Me (TVDB: 80492)                                                         |
[2023-02-28 15:20:41,071] [builder.py:1986]           [INFO]     |                                                                                                    |
[2023-02-28 15:20:41,072] [builder.py:1987]           [INFO]     | 164 Shows Missing                                                                                  |
[2023-02-28 15:20:41,513] [plex_meta_manager.py:880]  [INFO]     |                                                                                                    |
[2023-02-28 15:20:41,513] [util.py:209]               [INFO]     |====================================================================================================|
[2023-02-28 15:20:41,513] [util.py:216]               [INFO]     |                                      Finished HGTV Collection                                      |
[2023-02-28 15:20:41,514] [util.py:216]               [INFO]     |                                    Collection Run Time: 0:00:57                                    |
[2023-02-28 15:20:41,514] [util.py:220]               [INFO]     |====================================================================================================|
